[2025-05-04T23:19:01.125+0000][0.029s][info][gc] Using G1
[2025-05-04T23:19:01.126+0000][0.031s][info][gc,init] Version: 17.0.13+11-Debian-2deb12u1 (release)
[2025-05-04T23:19:01.127+0000][0.031s][info][gc,init] CPUs: 8 total, 8 available
[2025-05-04T23:19:01.127+0000][0.032s][info][gc,init] Memory: 11928M
[2025-05-04T23:19:01.127+0000][0.032s][info][gc,init] Large Page Support: Disabled
[2025-05-04T23:19:01.127+0000][0.032s][info][gc,init] NUMA Support: Disabled
[2025-05-04T23:19:01.127+0000][0.032s][info][gc,init] Compressed Oops: Enabled (Zero based)
[2025-05-04T23:19:01.127+0000][0.032s][info][gc,init] Heap Region Size: 2M
[2025-05-04T23:19:01.128+0000][0.033s][info][gc,init] Heap Min Capacity: 8M
[2025-05-04T23:19:01.128+0000][0.033s][info][gc,init] Heap Initial Capacity: 188M
[2025-05-04T23:19:01.128+0000][0.033s][info][gc,init] Heap Max Capacity: 2984M
[2025-05-04T23:19:01.128+0000][0.033s][info][gc,init] Pre-touch: Disabled
[2025-05-04T23:19:01.129+0000][0.033s][info][gc,init] Parallel Workers: 8
[2025-05-04T23:19:01.129+0000][0.033s][info][gc,init] Concurrent Workers: 2
[2025-05-04T23:19:01.129+0000][0.034s][info][gc,init] Concurrent Refinement Workers: 8
[2025-05-04T23:19:01.129+0000][0.034s][info][gc,init] Periodic GC: Disabled
[2025-05-04T23:19:01.134+0000][0.038s][info][gc,metaspace] CDS archive(s) mapped at: [0x00007f2aef000000-0x00007f2aefbc9000-0x00007f2aefbc9000), size 12357632, SharedBaseAddress: 0x00007f2aef000000, ArchiveRelocationMode: 1.
[2025-05-04T23:19:01.134+0000][0.039s][info][gc,metaspace] Compressed class space mapped at: 0x00007f2af0000000-0x00007f2b30000000, reserved size: 1073741824
[2025-05-04T23:19:01.134+0000][0.039s][info][gc,metaspace] Narrow klass base: 0x00007f2aef000000, Narrow klass shift: 0, Narrow klass range: 0x100000000
[2025-05-04T23:19:01.139+0000][0.044s][info][cds,heap    ] initialize_from_archived_subgraph java.lang.Module$ArchivedData 0x00007f2aef183388 (early)
[2025-05-04T23:19:01.140+0000][0.044s][info][cds,heap    ] initialize_from_archived_subgraph java.util.ImmutableCollections 0x00007f2aef070cd8 (early)
[2025-05-04T23:19:01.142+0000][0.047s][info][cds,heap    ] initialize_from_archived_subgraph java.lang.Integer$IntegerCache 0x00007f2aef036060 (early)
[2025-05-04T23:19:01.145+0000][0.050s][info][cds,heap    ] initialize_from_archived_subgraph java.lang.module.Configuration 0x00007f2aef171308 (early)
[2025-05-04T23:19:01.145+0000][0.050s][info][cds,heap    ] initialize_from_archived_subgraph java.lang.ModuleLayer 0x00007f2aef145c58 (early)
[2025-05-04T23:19:01.146+0000][0.051s][info][cds,heap    ] initialize_from_archived_subgraph jdk.internal.loader.ArchivedClassLoaders 0x00007f2aef1a79f0 (early)
[2025-05-04T23:19:01.146+0000][0.051s][info][cds,heap    ] initialize_from_archived_subgraph jdk.internal.module.ArchivedBootLayer 0x00007f2aef177f48 (early)
[2025-05-04T23:19:01.148+0000][0.053s][info][cds,heap    ] initialize_from_archived_subgraph sun.util.locale.BaseLocale 0x00007f2aef26bb10
[2025-05-04T23:19:01.155+0000][0.060s][info][cds,heap    ] initialize_from_archived_subgraph java.util.jar.Attributes$Name 0x00007f2aef199468
[2025-05-04T23:19:01.180+0000][0.084s][info][cds,heap    ] initialize_from_archived_subgraph java.lang.Long$LongCache 0x00007f2aef01f998
[2025-05-04T23:19:01.260+0000][0.165s][info][cds,heap    ] initialize_from_archived_subgraph java.lang.Character$CharacterCache 0x00007f2aef0393e8
[2025-05-04T23:19:01.560+0000][0.464s][debug][safepoint   ] Safepoint synchronization initiated using futex wait barrier. (14 threads)
[2025-05-04T23:19:01.560+0000][0.465s][info ][safepoint   ] Safepoint "ICBufferFull", Time since last: 421403080 ns, Reaching safepoint: 245415 ns, Cleanup: 148408 ns, At safepoint: 6900 ns, Total: 400723 ns
[2025-05-04T23:19:01.683+0000][0.588s][debug][safepoint   ] Safepoint synchronization initiated using futex wait barrier. (14 threads)
[2025-05-04T23:19:01.684+0000][0.588s][info ][gc,start    ] GC(0) Pause Young (Normal) (G1 Evacuation Pause)
[2025-05-04T23:19:01.684+0000][0.589s][info ][gc,task     ] GC(0) Using 4 workers of 8 for evacuation
[2025-05-04T23:19:01.692+0000][0.596s][info ][gc,phases   ] GC(0)   Pre Evacuate Collection Set: 0.1ms
[2025-05-04T23:19:01.692+0000][0.596s][info ][gc,phases   ] GC(0)   Merge Heap Roots: 0.1ms
[2025-05-04T23:19:01.692+0000][0.597s][info ][gc,phases   ] GC(0)   Evacuate Collection Set: 5.9ms
[2025-05-04T23:19:01.692+0000][0.597s][info ][gc,phases   ] GC(0)   Post Evacuate Collection Set: 1.0ms
[2025-05-04T23:19:01.692+0000][0.597s][info ][gc,phases   ] GC(0)   Other: 0.8ms
[2025-05-04T23:19:01.692+0000][0.597s][info ][gc,heap     ] GC(0) Eden regions: 31->0(44)
[2025-05-04T23:19:01.692+0000][0.597s][info ][gc,heap     ] GC(0) Survivor regions: 0->4(4)
[2025-05-04T23:19:01.692+0000][0.597s][info ][gc,heap     ] GC(0) Old regions: 0->1
[2025-05-04T23:19:01.693+0000][0.597s][info ][gc,heap     ] GC(0) Archive regions: 2->2
[2025-05-04T23:19:01.693+0000][0.597s][info ][gc,heap     ] GC(0) Humongous regions: 0->0
[2025-05-04T23:19:01.693+0000][0.597s][info ][gc,metaspace] GC(0) Metaspace: 2493K(2688K)->2493K(2688K) NonClass: 2256K(2368K)->2256K(2368K) Class: 236K(320K)->236K(320K)
[2025-05-04T23:19:01.693+0000][0.597s][info ][gc          ] GC(0) Pause Young (Normal) (G1 Evacuation Pause) 63M->10M(192M) 8.984ms
[2025-05-04T23:19:01.693+0000][0.598s][info ][gc,cpu      ] GC(0) User=0.04s Sys=0.01s Real=0.01s
[2025-05-04T23:19:01.693+0000][0.598s][info ][safepoint   ] Safepoint "G1CollectForAllocation", Time since last: 123280804 ns, Reaching safepoint: 312918 ns, Cleanup: 41202 ns, At safepoint: 9260934 ns, Total: 9615054 ns
[2025-05-04T23:19:02.693+0000][1.598s][debug][safepoint   ] Safepoint synchronization initiated using futex wait barrier. (15 threads)
[2025-05-04T23:19:02.694+0000][1.599s][info ][safepoint   ] Safepoint "Cleanup", Time since last: 1000221630 ns, Reaching safepoint: 375922 ns, Cleanup: 209212 ns, At safepoint: 63204 ns, Total: 648338 ns
[2025-05-04T23:19:02.739+0000][1.643s][debug][safepoint   ] Safepoint synchronization initiated using futex wait barrier. (15 threads)
[2025-05-04T23:19:02.739+0000][1.644s][info ][gc,start    ] GC(1) Pause Young (Normal) (G1 Evacuation Pause)
[2025-05-04T23:19:02.739+0000][1.644s][info ][gc,task     ] GC(1) Using 4 workers of 8 for evacuation
[2025-05-04T23:19:02.748+0000][1.653s][info ][gc,phases   ] GC(1)   Pre Evacuate Collection Set: 0.1ms
[2025-05-04T23:19:02.748+0000][1.653s][info ][gc,phases   ] GC(1)   Merge Heap Roots: 0.1ms
[2025-05-04T23:19:02.748+0000][1.653s][info ][gc,phases   ] GC(1)   Evacuate Collection Set: 7.3ms
[2025-05-04T23:19:02.749+0000][1.653s][info ][gc,phases   ] GC(1)   Post Evacuate Collection Set: 1.2ms
[2025-05-04T23:19:02.749+0000][1.653s][info ][gc,phases   ] GC(1)   Other: 0.4ms
[2025-05-04T23:19:02.749+0000][1.653s][info ][gc,heap     ] GC(1) Eden regions: 44->0(54)
[2025-05-04T23:19:02.749+0000][1.654s][info ][gc,heap     ] GC(1) Survivor regions: 4->2(6)
[2025-05-04T23:19:02.749+0000][1.654s][info ][gc,heap     ] GC(1) Old regions: 1->5
[2025-05-04T23:19:02.749+0000][1.654s][info ][gc,heap     ] GC(1) Archive regions: 2->2
[2025-05-04T23:19:02.749+0000][1.654s][info ][gc,heap     ] GC(1) Humongous regions: 0->0
[2025-05-04T23:19:02.749+0000][1.654s][info ][gc,metaspace] GC(1) Metaspace: 6225K(6592K)->6225K(6592K) NonClass: 5463K(5632K)->5463K(5632K) Class: 761K(960K)->761K(960K)
[2025-05-04T23:19:02.750+0000][1.654s][info ][gc          ] GC(1) Pause Young (Normal) (G1 Evacuation Pause) 98M->13M(192M) 10.610ms
[2025-05-04T23:19:02.750+0000][1.654s][info ][gc,cpu      ] GC(1) User=0.04s Sys=0.01s Real=0.01s
[2025-05-04T23:19:02.750+0000][1.655s][info ][safepoint   ] Safepoint "G1CollectForAllocation", Time since last: 44850984 ns, Reaching safepoint: 237914 ns, Cleanup: 18601 ns, At safepoint: 10939430 ns, Total: 11195945 ns
[2025-05-04T23:19:03.417+0000][2.321s][debug][safepoint   ] Safepoint synchronization initiated using futex wait barrier. (15 threads)
[2025-05-04T23:19:03.417+0000][2.322s][info ][gc,start    ] GC(2) Pause Young (Normal) (G1 Evacuation Pause)
[2025-05-04T23:19:03.417+0000][2.322s][info ][gc,task     ] GC(2) Using 4 workers of 8 for evacuation
[2025-05-04T23:19:03.422+0000][2.326s][info ][gc,phases   ] GC(2)   Pre Evacuate Collection Set: 0.1ms
[2025-05-04T23:19:03.422+0000][2.326s][info ][gc,phases   ] GC(2)   Merge Heap Roots: 0.1ms
[2025-05-04T23:19:03.422+0000][2.327s][info ][gc,phases   ] GC(2)   Evacuate Collection Set: 3.4ms
[2025-05-04T23:19:03.422+0000][2.327s][info ][gc,phases   ] GC(2)   Post Evacuate Collection Set: 0.7ms
[2025-05-04T23:19:03.422+0000][2.327s][info ][gc,phases   ] GC(2)   Other: 0.5ms
[2025-05-04T23:19:03.422+0000][2.327s][info ][gc,heap     ] GC(2) Eden regions: 54->0(54)
[2025-05-04T23:19:03.422+0000][2.327s][info ][gc,heap     ] GC(2) Survivor regions: 2->2(7)
[2025-05-04T23:19:03.422+0000][2.327s][info ][gc,heap     ] GC(2) Old regions: 5->5
[2025-05-04T23:19:03.423+0000][2.327s][info ][gc,heap     ] GC(2) Archive regions: 2->2
[2025-05-04T23:19:03.423+0000][2.327s][info ][gc,heap     ] GC(2) Humongous regions: 0->0
[2025-05-04T23:19:03.423+0000][2.327s][info ][gc,metaspace] GC(2) Metaspace: 10988K(11264K)->10988K(11264K) NonClass: 9552K(9664K)->9552K(9664K) Class: 1435K(1600K)->1435K(1600K)
[2025-05-04T23:19:03.423+0000][2.328s][info ][gc          ] GC(2) Pause Young (Normal) (G1 Evacuation Pause) 121M->14M(192M) 5.995ms
[2025-05-04T23:19:03.423+0000][2.328s][info ][gc,cpu      ] GC(2) User=0.02s Sys=0.00s Real=0.01s
[2025-05-04T23:19:03.423+0000][2.328s][info ][safepoint   ] Safepoint "G1CollectForAllocation", Time since last: 666584507 ns, Reaching safepoint: 315119 ns, Cleanup: 87005 ns, At safepoint: 6407669 ns, Total: 6809793 ns
[2025-05-04T23:19:03.567+0000][2.472s][debug][safepoint   ] Safepoint synchronization initiated using futex wait barrier. (15 threads)
[2025-05-04T23:19:03.567+0000][2.472s][info ][safepoint   ] Safepoint "ICBufferFull", Time since last: 143549171 ns, Reaching safepoint: 248814 ns, Cleanup: 72204 ns, At safepoint: 18901 ns, Total: 339919 ns
[2025-05-04T23:19:03.914+0000][2.818s][debug][safepoint   ] Safepoint synchronization initiated using futex wait barrier. (16 threads)
[2025-05-04T23:19:03.914+0000][2.819s][debug][safepoint   ] ... found polling page loop exception at pc = 0x00007f2b550e364b, stub =0x00007f2b54af5400
[2025-05-04T23:19:03.914+0000][2.819s][info ][safepoint   ] Safepoint "ICBufferFull", Time since last: 346472863 ns, Reaching safepoint: 532931 ns, Cleanup: 94106 ns, At safepoint: 38102 ns, Total: 665139 ns
[2025-05-04T23:19:03.926+0000][2.830s][debug][safepoint   ] Safepoint synchronization initiated using futex wait barrier. (16 threads)
[2025-05-04T23:19:03.926+0000][2.831s][info ][gc,start    ] GC(3) Pause Young (Normal) (G1 Evacuation Pause)
[2025-05-04T23:19:03.926+0000][2.831s][info ][gc,task     ] GC(3) Using 4 workers of 8 for evacuation
[2025-05-04T23:19:03.933+0000][2.838s][info ][gc,phases   ] GC(3)   Pre Evacuate Collection Set: 0.1ms
[2025-05-04T23:19:03.933+0000][2.838s][info ][gc,phases   ] GC(3)   Merge Heap Roots: 0.1ms
[2025-05-04T23:19:03.933+0000][2.838s][info ][gc,phases   ] GC(3)   Evacuate Collection Set: 5.5ms
[2025-05-04T23:19:03.934+0000][2.838s][info ][gc,phases   ] GC(3)   Post Evacuate Collection Set: 0.9ms
[2025-05-04T23:19:03.934+0000][2.838s][info ][gc,phases   ] GC(3)   Other: 0.3ms
[2025-05-04T23:19:03.934+0000][2.838s][info ][gc,heap     ] GC(3) Eden regions: 54->0(52)
[2025-05-04T23:19:03.934+0000][2.838s][info ][gc,heap     ] GC(3) Survivor regions: 2->4(7)
[2025-05-04T23:19:03.934+0000][2.839s][info ][gc,heap     ] GC(3) Old regions: 5->5
[2025-05-04T23:19:03.934+0000][2.839s][info ][gc,heap     ] GC(3) Archive regions: 2->2
[2025-05-04T23:19:03.934+0000][2.839s][info ][gc,heap     ] GC(3) Humongous regions: 0->0
[2025-05-04T23:19:03.934+0000][2.839s][info ][gc,metaspace] GC(3) Metaspace: 14558K(14848K)->14558K(14848K) NonClass: 12674K(12800K)->12674K(12800K) Class: 1883K(2048K)->1883K(2048K)
[2025-05-04T23:19:03.934+0000][2.839s][info ][gc          ] GC(3) Pause Young (Normal) (G1 Evacuation Pause) 122M->17M(192M) 8.236ms
[2025-05-04T23:19:03.934+0000][2.839s][info ][gc,cpu      ] GC(3) User=0.04s Sys=0.01s Real=0.01s
[2025-05-04T23:19:03.935+0000][2.839s][info ][safepoint   ] Safepoint "G1CollectForAllocation", Time since last: 11238847 ns, Reaching safepoint: 397223 ns, Cleanup: 12101 ns, At safepoint: 8510490 ns, Total: 8919814 ns
[2025-05-04T23:19:04.086+0000][2.991s][info ][cds,heap    ] initialize_from_archived_subgraph java.lang.Byte$ByteCache 0x00007f2aef0395f8
[2025-05-04T23:19:04.087+0000][2.991s][info ][cds,heap    ] initialize_from_archived_subgraph java.lang.Short$ShortCache 0x00007f2aef03fce8
[2025-05-04T23:19:04.241+0000][3.146s][debug][safepoint   ] Safepoint synchronization initiated using futex wait barrier. (16 threads)
[2025-05-04T23:19:04.242+0000][3.147s][info ][gc,start    ] GC(4) Pause Young (Normal) (G1 Evacuation Pause)
[2025-05-04T23:19:04.242+0000][3.147s][info ][gc,task     ] GC(4) Using 4 workers of 8 for evacuation
[2025-05-04T23:19:04.251+0000][3.156s][info ][gc,phases   ] GC(4)   Pre Evacuate Collection Set: 0.1ms
[2025-05-04T23:19:04.252+0000][3.156s][info ][gc,phases   ] GC(4)   Merge Heap Roots: 0.1ms
[2025-05-04T23:19:04.252+0000][3.157s][info ][gc,phases   ] GC(4)   Evacuate Collection Set: 7.1ms
[2025-05-04T23:19:04.252+0000][3.157s][info ][gc,phases   ] GC(4)   Post Evacuate Collection Set: 1.3ms
[2025-05-04T23:19:04.253+0000][3.157s][info ][gc,phases   ] GC(4)   Other: 0.4ms
[2025-05-04T23:19:04.253+0000][3.157s][info ][gc,heap     ] GC(4) Eden regions: 52->0(51)
[2025-05-04T23:19:04.253+0000][3.158s][info ][gc,heap     ] GC(4) Survivor regions: 4->5(7)
[2025-05-04T23:19:04.253+0000][3.158s][info ][gc,heap     ] GC(4) Old regions: 5->5
[2025-05-04T23:19:04.253+0000][3.158s][info ][gc,heap     ] GC(4) Archive regions: 2->2
[2025-05-04T23:19:04.253+0000][3.158s][info ][gc,heap     ] GC(4) Humongous regions: 0->0
[2025-05-04T23:19:04.253+0000][3.158s][info ][gc,metaspace] GC(4) Metaspace: 17102K(17408K)->17102K(17408K) NonClass: 14776K(14976K)->14776K(14976K) Class: 2326K(2432K)->2326K(2432K)
[2025-05-04T23:19:04.254+0000][3.158s][info ][gc          ] GC(4) Pause Young (Normal) (G1 Evacuation Pause) 121M->19M(192M) 11.504ms
[2025-05-04T23:19:04.254+0000][3.158s][info ][gc,cpu      ] GC(4) User=0.07s Sys=0.00s Real=0.02s
[2025-05-04T23:19:04.254+0000][3.159s][info ][safepoint   ] Safepoint "G1CollectForAllocation", Time since last: 306932885 ns, Reaching safepoint: 462027 ns, Cleanup: 97105 ns, At safepoint: 11832782 ns, Total: 12391914 ns
[2025-05-04T23:19:04.661+0000][3.566s][debug][safepoint   ] Safepoint synchronization initiated using futex wait barrier. (16 threads)
[2025-05-04T23:19:04.662+0000][3.566s][info ][gc,start    ] GC(5) Pause Young (Concurrent Start) (Metadata GC Threshold)
[2025-05-04T23:19:04.662+0000][3.566s][info ][gc,task     ] GC(5) Using 4 workers of 8 for evacuation
[2025-05-04T23:19:04.671+0000][3.575s][info ][gc,phases   ] GC(5)   Pre Evacuate Collection Set: 0.1ms
[2025-05-04T23:19:04.671+0000][3.576s][info ][gc,phases   ] GC(5)   Merge Heap Roots: 0.2ms
[2025-05-04T23:19:04.671+0000][3.576s][info ][gc,phases   ] GC(5)   Evacuate Collection Set: 7.4ms
[2025-05-04T23:19:04.671+0000][3.576s][info ][gc,phases   ] GC(5)   Post Evacuate Collection Set: 0.8ms
[2025-05-04T23:19:04.671+0000][3.576s][info ][gc,phases   ] GC(5)   Other: 0.7ms
[2025-05-04T23:19:04.671+0000][3.576s][info ][gc,heap     ] GC(5) Eden regions: 38->0(51)
[2025-05-04T23:19:04.671+0000][3.576s][info ][gc,heap     ] GC(5) Survivor regions: 5->5(7)
[2025-05-04T23:19:04.672+0000][3.576s][info ][gc,heap     ] GC(5) Old regions: 5->6
[2025-05-04T23:19:04.672+0000][3.576s][info ][gc,heap     ] GC(5) Archive regions: 2->2
[2025-05-04T23:19:04.672+0000][3.576s][info ][gc,heap     ] GC(5) Humongous regions: 0->0
[2025-05-04T23:19:04.672+0000][3.577s][info ][gc,metaspace] GC(5) Metaspace: 21162K(21504K)->21162K(21504K) NonClass: 18405K(18560K)->18405K(18560K) Class: 2757K(2944K)->2757K(2944K)
[2025-05-04T23:19:04.672+0000][3.577s][info ][gc          ] GC(5) Pause Young (Concurrent Start) (Metadata GC Threshold) 95M->21M(192M) 10.573ms
[2025-05-04T23:19:04.672+0000][3.577s][info ][gc,cpu      ] GC(5) User=0.07s Sys=0.00s Real=0.01s
[2025-05-04T23:19:04.672+0000][3.577s][info ][gc          ] GC(6) Concurrent Mark Cycle
[2025-05-04T23:19:04.673+0000][3.577s][info ][gc,marking  ] GC(6) Concurrent Clear Claimed Marks
[2025-05-04T23:19:04.672+0000][3.577s][info ][safepoint   ] Safepoint "CollectForMetadataAllocation", Time since last: 407229364 ns, Reaching safepoint: 316918 ns, Cleanup: 65204 ns, At safepoint: 11013034 ns, Total: 11395156 ns
[2025-05-04T23:19:04.673+0000][3.577s][info ][gc,marking  ] GC(6) Concurrent Clear Claimed Marks 0.207ms
[2025-05-04T23:19:04.674+0000][3.579s][info ][gc,marking  ] GC(6) Concurrent Scan Root Regions
[2025-05-04T23:19:04.683+0000][3.588s][info ][gc,marking  ] GC(6) Concurrent Scan Root Regions 8.756ms
[2025-05-04T23:19:04.683+0000][3.588s][info ][gc,marking  ] GC(6) Concurrent Mark
[2025-05-04T23:19:04.684+0000][3.588s][info ][gc,marking  ] GC(6) Concurrent Mark From Roots
[2025-05-04T23:19:04.684+0000][3.589s][info ][gc,task     ] GC(6) Using 2 workers of 2 for marking
[2025-05-04T23:19:04.693+0000][3.597s][info ][gc,marking  ] GC(6) Concurrent Mark From Roots 8.982ms
[2025-05-04T23:19:04.693+0000][3.598s][info ][gc,marking  ] GC(6) Concurrent Preclean
[2025-05-04T23:19:04.693+0000][3.598s][info ][gc,marking  ] GC(6) Concurrent Preclean 0.449ms
[2025-05-04T23:19:04.694+0000][3.598s][debug][safepoint   ] Safepoint synchronization initiated using futex wait barrier. (16 threads)
[2025-05-04T23:19:04.695+0000][3.599s][info ][gc,start    ] GC(6) Pause Remark
[2025-05-04T23:19:04.698+0000][3.603s][info ][gc          ] GC(6) Pause Remark 24M->24M(100M) 3.743ms
[2025-05-04T23:19:04.699+0000][3.603s][info ][gc,cpu      ] GC(6) User=0.01s Sys=0.00s Real=0.00s
[2025-05-04T23:19:04.699+0000][3.604s][info ][safepoint   ] Safepoint "G1PauseRemark", Time since last: 21304028 ns, Reaching safepoint: 737843 ns, Cleanup: 143208 ns, At safepoint: 4246044 ns, Total: 5127095 ns
[2025-05-04T23:19:04.700+0000][3.604s][info ][gc,marking  ] GC(6) Concurrent Mark 16.264ms
[2025-05-04T23:19:04.700+0000][3.604s][info ][gc,marking  ] GC(6) Concurrent Rebuild Remembered Sets
[2025-05-04T23:19:04.705+0000][3.610s][info ][gc,marking  ] GC(6) Concurrent Rebuild Remembered Sets 5.480ms
[2025-05-04T23:19:04.706+0000][3.611s][debug][safepoint   ] Safepoint synchronization initiated using futex wait barrier. (16 threads)
[2025-05-04T23:19:04.706+0000][3.611s][info ][gc,start    ] GC(6) Pause Cleanup
[2025-05-04T23:19:04.707+0000][3.611s][info ][gc          ] GC(6) Pause Cleanup 26M->26M(100M) 0.315ms
[2025-05-04T23:19:04.707+0000][3.611s][info ][gc,cpu      ] GC(6) User=0.00s Sys=0.00s Real=0.00s
[2025-05-04T23:19:04.707+0000][3.612s][info ][safepoint   ] Safepoint "G1PauseCleanup", Time since last: 6906498 ns, Reaching safepoint: 343720 ns, Cleanup: 12101 ns, At safepoint: 677239 ns, Total: 1033060 ns
[2025-05-04T23:19:04.707+0000][3.612s][info ][gc,marking  ] GC(6) Concurrent Cleanup for Next Mark
[2025-05-04T23:19:04.708+0000][3.612s][info ][gc,marking  ] GC(6) Concurrent Cleanup for Next Mark 0.728ms
[2025-05-04T23:19:04.708+0000][3.613s][info ][gc          ] GC(6) Concurrent Mark Cycle 35.878ms
[2025-05-04T23:19:04.950+0000][3.854s][debug][safepoint   ] Safepoint synchronization initiated using futex wait barrier. (16 threads)
[2025-05-04T23:19:04.950+0000][3.855s][info ][gc,start    ] GC(7) Pause Young (Prepare Mixed) (G1 Preventive Collection)
[2025-05-04T23:19:04.950+0000][3.855s][info ][gc,task     ] GC(7) Using 4 workers of 8 for evacuation
[2025-05-04T23:19:04.959+0000][3.864s][info ][gc,phases   ] GC(7)   Pre Evacuate Collection Set: 0.1ms
[2025-05-04T23:19:04.959+0000][3.864s][info ][gc,phases   ] GC(7)   Merge Heap Roots: 0.1ms
[2025-05-04T23:19:04.959+0000][3.864s][info ][gc,phases   ] GC(7)   Evacuate Collection Set: 7.1ms
[2025-05-04T23:19:04.959+0000][3.864s][info ][gc,phases   ] GC(7)   Post Evacuate Collection Set: 1.1ms
[2025-05-04T23:19:04.960+0000][3.864s][info ][gc,phases   ] GC(7)   Other: 0.5ms
[2025-05-04T23:19:04.960+0000][3.864s][info ][gc,heap     ] GC(7) Eden regions: 30->0(1)
[2025-05-04T23:19:04.960+0000][3.864s][info ][gc,heap     ] GC(7) Survivor regions: 5->4(7)
[2025-05-04T23:19:04.960+0000][3.865s][info ][gc,heap     ] GC(7) Old regions: 6->8
[2025-05-04T23:19:04.960+0000][3.865s][info ][gc,heap     ] GC(7) Archive regions: 2->2
[2025-05-04T23:19:04.960+0000][3.865s][info ][gc,heap     ] GC(7) Humongous regions: 0->0
[2025-05-04T23:19:04.960+0000][3.865s][info ][gc,metaspace] GC(7) Metaspace: 23220K(23552K)->23220K(23552K) NonClass: 20179K(20352K)->20179K(20352K) Class: 3040K(3200K)->3040K(3200K)
[2025-05-04T23:19:04.960+0000][3.865s][info ][gc          ] GC(7) Pause Young (Prepare Mixed) (G1 Preventive Collection) 81M->24M(120M) 10.386ms
[2025-05-04T23:19:04.961+0000][3.865s][info ][gc,cpu      ] GC(7) User=0.06s Sys=0.00s Real=0.01s
[2025-05-04T23:19:04.961+0000][3.865s][info ][safepoint   ] Safepoint "G1CollectForAllocation", Time since last: 242763487 ns, Reaching safepoint: 271416 ns, Cleanup: 72204 ns, At safepoint: 10740719 ns, Total: 11084339 ns
[2025-05-04T23:19:04.967+0000][3.871s][debug][safepoint   ] Safepoint synchronization initiated using futex wait barrier. (16 threads)
[2025-05-04T23:19:04.967+0000][3.872s][info ][gc,start    ] GC(8) Pause Young (Mixed) (G1 Evacuation Pause)
[2025-05-04T23:19:04.967+0000][3.872s][info ][gc,task     ] GC(8) Using 4 workers of 8 for evacuation
[2025-05-04T23:19:04.972+0000][3.877s][info ][gc,phases   ] GC(8)   Pre Evacuate Collection Set: 0.1ms
[2025-05-04T23:19:04.973+0000][3.877s][info ][gc,phases   ] GC(8)   Merge Heap Roots: 0.1ms
[2025-05-04T23:19:04.973+0000][3.877s][info ][gc,phases   ] GC(8)   Evacuate Collection Set: 4.0ms
[2025-05-04T23:19:04.973+0000][3.877s][info ][gc,phases   ] GC(8)   Post Evacuate Collection Set: 0.8ms
[2025-05-04T23:19:04.973+0000][3.878s][info ][gc,phases   ] GC(8)   Other: 0.3ms
[2025-05-04T23:19:04.973+0000][3.878s][info ][gc,heap     ] GC(8) Eden regions: 1->0(34)
[2025-05-04T23:19:04.973+0000][3.878s][info ][gc,heap     ] GC(8) Survivor regions: 4->1(1)
[2025-05-04T23:19:04.973+0000][3.878s][info ][gc,heap     ] GC(8) Old regions: 8->11
[2025-05-04T23:19:04.973+0000][3.878s][info ][gc,heap     ] GC(8) Archive regions: 2->2
[2025-05-04T23:19:04.973+0000][3.878s][info ][gc,heap     ] GC(8) Humongous regions: 0->0
[2025-05-04T23:19:04.974+0000][3.878s][info ][gc,metaspace] GC(8) Metaspace: 23243K(23552K)->23243K(23552K) NonClass: 20198K(20352K)->20198K(20352K) Class: 3045K(3200K)->3045K(3200K)
[2025-05-04T23:19:04.974+0000][3.878s][info ][gc          ] GC(8) Pause Young (Mixed) (G1 Evacuation Pause) 26M->25M(120M) 6.739ms
[2025-05-04T23:19:04.974+0000][3.878s][info ][gc,cpu      ] GC(8) User=0.04s Sys=0.00s Real=0.01s
[2025-05-04T23:19:04.974+0000][3.879s][info ][safepoint   ] Safepoint "G1CollectForAllocation", Time since last: 5863338 ns, Reaching safepoint: 323019 ns, Cleanup: 10300 ns, At safepoint: 7049906 ns, Total: 7383225 ns
[2025-05-04T23:19:05.149+0000][4.053s][debug][safepoint   ] ... found polling page loop exception at pc = 0x00007f2b4d9d227a, stub =0x00007f2b54af5400
[2025-05-04T23:19:05.272+0000][4.177s][debug][safepoint   ] Safepoint synchronization initiated using futex wait barrier. (15 threads)
[2025-05-04T23:19:05.272+0000][4.177s][info ][gc,start    ] GC(9) Pause Young (Normal) (G1 Evacuation Pause)
[2025-05-04T23:19:05.273+0000][4.177s][info ][gc,task     ] GC(9) Using 3 workers of 8 for evacuation
[2025-05-04T23:19:05.280+0000][4.184s][info ][gc,phases   ] GC(9)   Pre Evacuate Collection Set: 0.1ms
[2025-05-04T23:19:05.280+0000][4.185s][info ][gc,phases   ] GC(9)   Merge Heap Roots: 0.1ms
[2025-05-04T23:19:05.280+0000][4.185s][info ][gc,phases   ] GC(9)   Evacuate Collection Set: 6.0ms
[2025-05-04T23:19:05.280+0000][4.185s][info ][gc,phases   ] GC(9)   Post Evacuate Collection Set: 0.7ms
[2025-05-04T23:19:05.280+0000][4.185s][info ][gc,phases   ] GC(9)   Other: 0.4ms
[2025-05-04T23:19:05.281+0000][4.185s][info ][gc,heap     ] GC(9) Eden regions: 34->0(31)
[2025-05-04T23:19:05.281+0000][4.185s][info ][gc,heap     ] GC(9) Survivor regions: 1->4(5)
[2025-05-04T23:19:05.281+0000][4.185s][info ][gc,heap     ] GC(9) Old regions: 11->11
[2025-05-04T23:19:05.281+0000][4.185s][info ][gc,heap     ] GC(9) Archive regions: 2->2
[2025-05-04T23:19:05.281+0000][4.186s][info ][gc,heap     ] GC(9) Humongous regions: 0->0
[2025-05-04T23:19:05.281+0000][4.186s][info ][gc,metaspace] GC(9) Metaspace: 24526K(24960K)->24526K(24960K) NonClass: 21331K(21568K)->21331K(21568K) Class: 3194K(3392K)->3194K(3392K)
[2025-05-04T23:19:05.281+0000][4.186s][info ][gc          ] GC(9) Pause Young (Normal) (G1 Evacuation Pause) 93M->30M(120M) 8.851ms
[2025-05-04T23:19:05.281+0000][4.186s][info ][gc,cpu      ] GC(9) User=0.05s Sys=0.00s Real=0.01s
[2025-05-04T23:19:05.282+0000][4.186s][info ][safepoint   ] Safepoint "G1CollectForAllocation", Time since last: 298143879 ns, Reaching safepoint: 298317 ns, Cleanup: 41602 ns, At safepoint: 9198830 ns, Total: 9538749 ns
[2025-05-04T23:19:05.409+0000][4.314s][debug][safepoint   ] Safepoint synchronization initiated using futex wait barrier. (15 threads)
[2025-05-04T23:19:05.410+0000][4.314s][info ][gc,start    ] GC(10) Pause Young (Normal) (G1 Evacuation Pause)
[2025-05-04T23:19:05.410+0000][4.315s][info ][gc,task     ] GC(10) Using 2 workers of 8 for evacuation
[2025-05-04T23:19:05.424+0000][4.329s][info ][gc,phases   ] GC(10)   Pre Evacuate Collection Set: 0.1ms
[2025-05-04T23:19:05.424+0000][4.329s][info ][gc,phases   ] GC(10)   Merge Heap Roots: 0.1ms
[2025-05-04T23:19:05.424+0000][4.329s][info ][gc,phases   ] GC(10)   Evacuate Collection Set: 12.2ms
[2025-05-04T23:19:05.425+0000][4.329s][info ][gc,phases   ] GC(10)   Post Evacuate Collection Set: 1.1ms
[2025-05-04T23:19:05.425+0000][4.329s][info ][gc,phases   ] GC(10)   Other: 0.6ms
[2025-05-04T23:19:05.425+0000][4.330s][info ][gc,heap     ] GC(10) Eden regions: 31->0(27)
[2025-05-04T23:19:05.425+0000][4.330s][info ][gc,heap     ] GC(10) Survivor regions: 4->4(5)
[2025-05-04T23:19:05.425+0000][4.330s][info ][gc,heap     ] GC(10) Old regions: 11->14
[2025-05-04T23:19:05.426+0000][4.330s][info ][gc,heap     ] GC(10) Archive regions: 2->2
[2025-05-04T23:19:05.426+0000][4.331s][info ][gc,heap     ] GC(10) Humongous regions: 0->0
[2025-05-04T23:19:05.426+0000][4.331s][info ][gc,metaspace] GC(10) Metaspace: 24564K(24960K)->24564K(24960K) NonClass: 21366K(21568K)->21366K(21568K) Class: 3198K(3392K)->3198K(3392K)
[2025-05-04T23:19:05.426+0000][4.331s][info ][gc          ] GC(10) Pause Young (Normal) (G1 Evacuation Pause) 92M->37M(120M) 16.542ms
[2025-05-04T23:19:05.426+0000][4.331s][info ][gc,cpu      ] GC(10) User=0.06s Sys=0.00s Real=0.02s
[2025-05-04T23:19:05.427+0000][4.331s][info ][safepoint   ] Safepoint "G1CollectForAllocation", Time since last: 127650355 ns, Reaching safepoint: 450526 ns, Cleanup: 30002 ns, At safepoint: 16910274 ns, Total: 17390802 ns
[2025-05-04T23:19:05.655+0000][4.560s][debug][safepoint   ] Safepoint synchronization initiated using futex wait barrier. (15 threads)
[2025-05-04T23:19:05.656+0000][4.560s][info ][gc,start    ] GC(11) Pause Young (Normal) (G1 Evacuation Pause)
[2025-05-04T23:19:05.656+0000][4.561s][info ][gc,task     ] GC(11) Using 2 workers of 8 for evacuation
[2025-05-04T23:19:05.675+0000][4.579s][info ][gc,phases   ] GC(11)   Pre Evacuate Collection Set: 0.1ms
[2025-05-04T23:19:05.675+0000][4.580s][info ][gc,phases   ] GC(11)   Merge Heap Roots: 0.1ms
[2025-05-04T23:19:05.675+0000][4.580s][info ][gc,phases   ] GC(11)   Evacuate Collection Set: 16.3ms
[2025-05-04T23:19:05.676+0000][4.580s][info ][gc,phases   ] GC(11)   Post Evacuate Collection Set: 2.1ms
[2025-05-04T23:19:05.676+0000][4.580s][info ][gc,phases   ] GC(11)   Other: 0.4ms
[2025-05-04T23:19:05.676+0000][4.580s][info ][gc,heap     ] GC(11) Eden regions: 27->0(70)
[2025-05-04T23:19:05.676+0000][4.581s][info ][gc,heap     ] GC(11) Survivor regions: 4->3(4)
[2025-05-04T23:19:05.676+0000][4.581s][info ][gc,heap     ] GC(11) Old regions: 14->19
[2025-05-04T23:19:05.676+0000][4.581s][info ][gc,heap     ] GC(11) Archive regions: 2->2
[2025-05-04T23:19:05.676+0000][4.581s][info ][gc,heap     ] GC(11) Humongous regions: 0->0
[2025-05-04T23:19:05.676+0000][4.581s][info ][gc,metaspace] GC(11) Metaspace: 24752K(25088K)->24752K(25088K) NonClass: 21522K(21696K)->21522K(21696K) Class: 3229K(3392K)->3229K(3392K)
[2025-05-04T23:19:05.677+0000][4.581s][info ][gc          ] GC(11) Pause Young (Normal) (G1 Evacuation Pause) 91M->43M(246M) 20.891ms
[2025-05-04T23:19:05.677+0000][4.581s][info ][gc,cpu      ] GC(11) User=0.10s Sys=0.00s Real=0.02s
[2025-05-04T23:19:05.677+0000][4.582s][info ][safepoint   ] Safepoint "G1CollectForAllocation", Time since last: 228792140 ns, Reaching safepoint: 267215 ns, Cleanup: 26001 ns, At safepoint: 21269798 ns, Total: 21563014 ns
[2025-05-04T23:19:06.129+0000][5.034s][debug][safepoint   ] Safepoint synchronization initiated using futex wait barrier. (15 threads)
[2025-05-04T23:19:06.130+0000][5.034s][info ][safepoint   ] Safepoint "ICBufferFull", Time since last: 452087151 ns, Reaching safepoint: 299216 ns, Cleanup: 112707 ns, At safepoint: 19601 ns, Total: 431524 ns
[2025-05-04T23:19:06.492+0000][5.397s][debug][safepoint   ] Safepoint synchronization initiated using futex wait barrier. (15 threads)
[2025-05-04T23:19:06.492+0000][5.397s][info ][safepoint   ] Safepoint "ICBufferFull", Time since last: 362326198 ns, Reaching safepoint: 415323 ns, Cleanup: 101706 ns, At safepoint: 26401 ns, Total: 543430 ns
[2025-05-04T23:19:06.528+0000][5.433s][debug][safepoint   ] Safepoint synchronization initiated using futex wait barrier. (15 threads)
[2025-05-04T23:19:06.529+0000][5.433s][info ][gc,start    ] GC(12) Pause Young (Normal) (G1 Evacuation Pause)
[2025-05-04T23:19:06.529+0000][5.434s][info ][gc,task     ] GC(12) Using 5 workers of 8 for evacuation
[2025-05-04T23:19:06.538+0000][5.443s][info ][gc,phases   ] GC(12)   Pre Evacuate Collection Set: 0.2ms
[2025-05-04T23:19:06.538+0000][5.443s][info ][gc,phases   ] GC(12)   Merge Heap Roots: 0.1ms
[2025-05-04T23:19:06.538+0000][5.443s][info ][gc,phases   ] GC(12)   Evacuate Collection Set: 7.7ms
[2025-05-04T23:19:06.539+0000][5.443s][info ][gc,phases   ] GC(12)   Post Evacuate Collection Set: 0.9ms
[2025-05-04T23:19:06.539+0000][5.443s][info ][gc,phases   ] GC(12)   Other: 0.5ms
[2025-05-04T23:19:06.539+0000][5.443s][info ][gc,heap     ] GC(12) Eden regions: 70->0(65)
[2025-05-04T23:19:06.539+0000][5.444s][info ][gc,heap     ] GC(12) Survivor regions: 3->7(10)
[2025-05-04T23:19:06.539+0000][5.444s][info ][gc,heap     ] GC(12) Old regions: 19->19
[2025-05-04T23:19:06.539+0000][5.444s][info ][gc,heap     ] GC(12) Archive regions: 2->2
[2025-05-04T23:19:06.539+0000][5.444s][info ][gc,heap     ] GC(12) Humongous regions: 0->0
[2025-05-04T23:19:06.539+0000][5.444s][info ][gc,metaspace] GC(12) Metaspace: 25169K(25536K)->25169K(25536K) NonClass: 21902K(22080K)->21902K(22080K) Class: 3266K(3456K)->3266K(3456K)
[2025-05-04T23:19:06.540+0000][5.444s][info ][gc          ] GC(12) Pause Young (Normal) (G1 Evacuation Pause) 183M->52M(246M) 10.815ms
[2025-05-04T23:19:06.540+0000][5.444s][info ][gc,cpu      ] GC(12) User=0.08s Sys=0.00s Real=0.01s
[2025-05-04T23:19:06.540+0000][5.445s][info ][safepoint   ] Safepoint "G1CollectForAllocation", Time since last: 35857119 ns, Reaching safepoint: 345919 ns, Cleanup: 33702 ns, At safepoint: 11217332 ns, Total: 11596953 ns
[2025-05-04T23:19:06.959+0000][5.864s][debug][safepoint   ] Safepoint synchronization initiated using futex wait barrier. (15 threads)
[2025-05-04T23:19:06.960+0000][5.864s][info ][safepoint   ] Safepoint "ICBufferFull", Time since last: 419585421 ns, Reaching safepoint: 229313 ns, Cleanup: 95405 ns, At safepoint: 15401 ns, Total: 340119 ns
[2025-05-04T23:19:07.039+0000][5.944s][debug][safepoint   ] Safepoint synchronization initiated using futex wait barrier. (16 threads)
[2025-05-04T23:19:07.040+0000][5.944s][info ][gc,start    ] GC(13) Pause Young (Normal) (G1 Evacuation Pause)
[2025-05-04T23:19:07.040+0000][5.944s][info ][gc,task     ] GC(13) Using 5 workers of 8 for evacuation
[2025-05-04T23:19:07.047+0000][5.951s][info ][gc,phases   ] GC(13)   Pre Evacuate Collection Set: 0.1ms
[2025-05-04T23:19:07.047+0000][5.952s][info ][gc,phases   ] GC(13)   Merge Heap Roots: 0.1ms
[2025-05-04T23:19:07.047+0000][5.952s][info ][gc,phases   ] GC(13)   Evacuate Collection Set: 5.9ms
[2025-05-04T23:19:07.047+0000][5.952s][info ][gc,phases   ] GC(13)   Post Evacuate Collection Set: 0.9ms
[2025-05-04T23:19:07.047+0000][5.952s][info ][gc,phases   ] GC(13)   Other: 0.4ms
[2025-05-04T23:19:07.048+0000][5.952s][info ][gc,heap     ] GC(13) Eden regions: 65->0(66)
[2025-05-04T23:19:07.048+0000][5.952s][info ][gc,heap     ] GC(13) Survivor regions: 7->7(9)
[2025-05-04T23:19:07.048+0000][5.953s][info ][gc,heap     ] GC(13) Old regions: 19->21
[2025-05-04T23:19:07.048+0000][5.953s][info ][gc,heap     ] GC(13) Archive regions: 2->2
[2025-05-04T23:19:07.048+0000][5.953s][info ][gc,heap     ] GC(13) Humongous regions: 0->0
[2025-05-04T23:19:07.048+0000][5.953s][info ][gc,metaspace] GC(13) Metaspace: 26144K(26496K)->26144K(26496K) NonClass: 22808K(22976K)->22808K(22976K) Class: 3336K(3520K)->3336K(3520K)
[2025-05-04T23:19:07.048+0000][5.953s][info ][gc          ] GC(13) Pause Young (Normal) (G1 Evacuation Pause) 182M->56M(246M) 8.849ms
[2025-05-04T23:19:07.049+0000][5.953s][info ][gc,cpu      ] GC(13) User=0.04s Sys=0.00s Real=0.01s
[2025-05-04T23:19:07.049+0000][5.953s][info ][safepoint   ] Safepoint "G1CollectForAllocation", Time since last: 79453973 ns, Reaching safepoint: 234613 ns, Cleanup: 29402 ns, At safepoint: 9155715 ns, Total: 9419730 ns
[2025-05-04T23:19:07.429+0000][6.334s][debug][safepoint   ] Safepoint synchronization initiated using futex wait barrier. (15 threads)
[2025-05-04T23:19:07.430+0000][6.334s][info ][gc,start    ] GC(14) Pause Young (Normal) (G1 Evacuation Pause)
[2025-05-04T23:19:07.430+0000][6.335s][info ][gc,task     ] GC(14) Using 5 workers of 8 for evacuation
[2025-05-04T23:19:07.439+0000][6.343s][info ][gc,phases   ] GC(14)   Pre Evacuate Collection Set: 0.1ms
[2025-05-04T23:19:07.439+0000][6.344s][info ][gc,phases   ] GC(14)   Merge Heap Roots: 0.1ms
[2025-05-04T23:19:07.439+0000][6.344s][info ][gc,phases   ] GC(14)   Evacuate Collection Set: 7.0ms
[2025-05-04T23:19:07.439+0000][6.344s][info ][gc,phases   ] GC(14)   Post Evacuate Collection Set: 1.3ms
[2025-05-04T23:19:07.439+0000][6.344s][info ][gc,phases   ] GC(14)   Other: 0.5ms
[2025-05-04T23:19:07.439+0000][6.344s][info ][gc,heap     ] GC(14) Eden regions: 66->0(68)
[2025-05-04T23:19:07.440+0000][6.344s][info ][gc,heap     ] GC(14) Survivor regions: 7->3(10)
[2025-05-04T23:19:07.440+0000][6.344s][info ][gc,heap     ] GC(14) Old regions: 21->26
[2025-05-04T23:19:07.440+0000][6.344s][info ][gc,heap     ] GC(14) Archive regions: 2->2
[2025-05-04T23:19:07.440+0000][6.345s][info ][gc,heap     ] GC(14) Humongous regions: 0->0
[2025-05-04T23:19:07.440+0000][6.345s][info ][gc,metaspace] GC(14) Metaspace: 27009K(27328K)->27009K(27328K) NonClass: 23589K(23744K)->23589K(23744K) Class: 3420K(3584K)->3420K(3584K)
[2025-05-04T23:19:07.440+0000][6.345s][info ][gc          ] GC(14) Pause Young (Normal) (G1 Evacuation Pause) 188M->58M(246M) 10.400ms
[2025-05-04T23:19:07.440+0000][6.345s][info ][gc,cpu      ] GC(14) User=0.06s Sys=0.00s Real=0.01s
[2025-05-04T23:19:07.441+0000][6.345s][info ][safepoint   ] Safepoint "G1CollectForAllocation", Time since last: 380612927 ns, Reaching safepoint: 411024 ns, Cleanup: 47402 ns, At safepoint: 10822110 ns, Total: 11280536 ns
[2025-05-04T23:19:08.259+0000][7.164s][debug][safepoint   ] Safepoint synchronization initiated using futex wait barrier. (15 threads)
[2025-05-04T23:19:08.260+0000][7.164s][info ][gc,start    ] GC(15) Pause Young (Normal) (G1 Evacuation Pause)
[2025-05-04T23:19:08.260+0000][7.164s][info ][gc,task     ] GC(15) Using 5 workers of 8 for evacuation
[2025-05-04T23:19:08.266+0000][7.170s][info ][gc,phases   ] GC(15)   Pre Evacuate Collection Set: 0.1ms
[2025-05-04T23:19:08.266+0000][7.171s][info ][gc,phases   ] GC(15)   Merge Heap Roots: 0.1ms
[2025-05-04T23:19:08.266+0000][7.171s][info ][gc,phases   ] GC(15)   Evacuate Collection Set: 4.4ms
[2025-05-04T23:19:08.266+0000][7.171s][info ][gc,phases   ] GC(15)   Post Evacuate Collection Set: 1.1ms
[2025-05-04T23:19:08.266+0000][7.171s][info ][gc,phases   ] GC(15)   Other: 0.4ms
[2025-05-04T23:19:08.266+0000][7.171s][info ][gc,heap     ] GC(15) Eden regions: 68->0(69)
[2025-05-04T23:19:08.267+0000][7.171s][info ][gc,heap     ] GC(15) Survivor regions: 3->4(9)
[2025-05-04T23:19:08.267+0000][7.171s][info ][gc,heap     ] GC(15) Old regions: 26->26
[2025-05-04T23:19:08.267+0000][7.171s][info ][gc,heap     ] GC(15) Archive regions: 2->2
[2025-05-04T23:19:08.267+0000][7.172s][info ][gc,heap     ] GC(15) Humongous regions: 0->0
[2025-05-04T23:19:08.267+0000][7.172s][info ][gc,metaspace] GC(15) Metaspace: 33823K(34176K)->33823K(34176K) NonClass: 29639K(29824K)->29639K(29824K) Class: 4184K(4352K)->4184K(4352K)
[2025-05-04T23:19:08.267+0000][7.172s][info ][gc          ] GC(15) Pause Young (Normal) (G1 Evacuation Pause) 194M->59M(246M) 7.545ms
[2025-05-04T23:19:08.267+0000][7.172s][info ][gc,cpu      ] GC(15) User=0.06s Sys=0.00s Real=0.01s
[2025-05-04T23:19:08.267+0000][7.172s][info ][safepoint   ] Safepoint "G1CollectForAllocation", Time since last: 818485077 ns, Reaching safepoint: 331619 ns, Cleanup: 143408 ns, At safepoint: 7851142 ns, Total: 8326169 ns
[2025-05-04T23:19:08.738+0000][7.643s][debug][safepoint   ] Safepoint synchronization initiated using futex wait barrier. (15 threads)
[2025-05-04T23:19:08.738+0000][7.643s][info ][safepoint   ] Safepoint "ICBufferFull", Time since last: 470525789 ns, Reaching safepoint: 300317 ns, Cleanup: 101606 ns, At safepoint: 4400 ns, Total: 406323 ns
[2025-05-04T23:19:08.876+0000][7.781s][debug][safepoint   ] Safepoint synchronization initiated using futex wait barrier. (15 threads)
[2025-05-04T23:19:08.877+0000][7.781s][info ][gc,start    ] GC(16) Pause Young (Normal) (G1 Evacuation Pause)
[2025-05-04T23:19:08.877+0000][7.782s][info ][gc,task     ] GC(16) Using 5 workers of 8 for evacuation
[2025-05-04T23:19:08.883+0000][7.787s][info ][gc,phases   ] GC(16)   Pre Evacuate Collection Set: 0.1ms
[2025-05-04T23:19:08.883+0000][7.788s][info ][gc,phases   ] GC(16)   Merge Heap Roots: 0.1ms
[2025-05-04T23:19:08.883+0000][7.788s][info ][gc,phases   ] GC(16)   Evacuate Collection Set: 4.0ms
[2025-05-04T23:19:08.883+0000][7.788s][info ][gc,phases   ] GC(16)   Post Evacuate Collection Set: 1.1ms
[2025-05-04T23:19:08.883+0000][7.788s][info ][gc,phases   ] GC(16)   Other: 0.5ms
[2025-05-04T23:19:08.884+0000][7.788s][info ][gc,heap     ] GC(16) Eden regions: 69->0(68)
[2025-05-04T23:19:08.884+0000][7.788s][info ][gc,heap     ] GC(16) Survivor regions: 4->5(10)
[2025-05-04T23:19:08.884+0000][7.788s][info ][gc,heap     ] GC(16) Old regions: 26->26
[2025-05-04T23:19:08.884+0000][7.788s][info ][gc,heap     ] GC(16) Archive regions: 2->2
[2025-05-04T23:19:08.884+0000][7.789s][info ][gc,heap     ] GC(16) Humongous regions: 0->0
[2025-05-04T23:19:08.884+0000][7.789s][info ][gc,metaspace] GC(16) Metaspace: 35330K(35776K)->35330K(35776K) NonClass: 30932K(31168K)->30932K(31168K) Class: 4397K(4608K)->4397K(4608K)
[2025-05-04T23:19:08.884+0000][7.789s][info ][gc          ] GC(16) Pause Young (Normal) (G1 Evacuation Pause) 197M->60M(246M) 7.459ms
[2025-05-04T23:19:08.884+0000][7.789s][info ][gc,cpu      ] GC(16) User=0.03s Sys=0.00s Real=0.01s
[2025-05-04T23:19:08.884+0000][7.789s][info ][safepoint   ] Safepoint "G1CollectForAllocation", Time since last: 137970367 ns, Reaching safepoint: 291517 ns, Cleanup: 111906 ns, At safepoint: 7748236 ns, Total: 8151659 ns
[2025-05-04T23:19:08.965+0000][7.870s][debug][safepoint   ] Safepoint synchronization initiated using futex wait barrier. (15 threads)
[2025-05-04T23:19:08.966+0000][7.870s][info ][gc,start    ] GC(17) Pause Young (Concurrent Start) (Metadata GC Threshold)
[2025-05-04T23:19:08.966+0000][7.870s][info ][gc,task     ] GC(17) Using 5 workers of 8 for evacuation
[2025-05-04T23:19:08.972+0000][7.876s][info ][gc,phases   ] GC(17)   Pre Evacuate Collection Set: 0.2ms
[2025-05-04T23:19:08.972+0000][7.877s][info ][gc,phases   ] GC(17)   Merge Heap Roots: 0.1ms
[2025-05-04T23:19:08.972+0000][7.877s][info ][gc,phases   ] GC(17)   Evacuate Collection Set: 4.3ms
[2025-05-04T23:19:08.973+0000][7.877s][info ][gc,phases   ] GC(17)   Post Evacuate Collection Set: 1.1ms
[2025-05-04T23:19:08.973+0000][7.877s][info ][gc,phases   ] GC(17)   Other: 0.5ms
[2025-05-04T23:19:08.973+0000][7.878s][info ][gc,heap     ] GC(17) Eden regions: 9->0(69)
[2025-05-04T23:19:08.973+0000][7.878s][info ][gc,heap     ] GC(17) Survivor regions: 5->4(10)
[2025-05-04T23:19:08.973+0000][7.878s][info ][gc,heap     ] GC(17) Old regions: 26->26
[2025-05-04T23:19:08.973+0000][7.878s][info ][gc,heap     ] GC(17) Archive regions: 2->2
[2025-05-04T23:19:08.973+0000][7.878s][info ][gc,heap     ] GC(17) Humongous regions: 0->0
[2025-05-04T23:19:08.974+0000][7.878s][info ][gc,metaspace] GC(17) Metaspace: 35748K(36160K)->35748K(36160K) NonClass: 31309K(31488K)->31309K(31488K) Class: 4438K(4672K)->4438K(4672K)
[2025-05-04T23:19:08.974+0000][7.878s][info ][gc          ] GC(17) Pause Young (Concurrent Start) (Metadata GC Threshold) 78M->59M(246M) 8.217ms
[2025-05-04T23:19:08.974+0000][7.879s][info ][gc,cpu      ] GC(17) User=0.05s Sys=0.00s Real=0.01s
[2025-05-04T23:19:08.974+0000][7.879s][info ][gc          ] GC(18) Concurrent Mark Cycle
[2025-05-04T23:19:08.974+0000][7.879s][info ][safepoint   ] Safepoint "CollectForMetadataAllocation", Time since last: 80730645 ns, Reaching safepoint: 310017 ns, Cleanup: 33702 ns, At safepoint: 8624786 ns, Total: 8968505 ns
[2025-05-04T23:19:08.974+0000][7.879s][info ][gc,marking  ] GC(18) Concurrent Clear Claimed Marks
[2025-05-04T23:19:08.975+0000][7.879s][info ][gc,marking  ] GC(18) Concurrent Clear Claimed Marks 0.538ms
[2025-05-04T23:19:08.975+0000][7.880s][info ][gc,marking  ] GC(18) Concurrent Scan Root Regions
[2025-05-04T23:19:08.980+0000][7.884s][info ][gc,marking  ] GC(18) Concurrent Scan Root Regions 4.560ms
[2025-05-04T23:19:08.980+0000][7.885s][info ][gc,marking  ] GC(18) Concurrent Mark
[2025-05-04T23:19:08.981+0000][7.885s][info ][gc,marking  ] GC(18) Concurrent Mark From Roots
[2025-05-04T23:19:08.981+0000][7.886s][info ][gc,task     ] GC(18) Using 2 workers of 2 for marking
[2025-05-04T23:19:09.023+0000][7.927s][info ][gc,marking  ] GC(18) Concurrent Mark From Roots 42.002ms
[2025-05-04T23:19:09.023+0000][7.928s][info ][gc,marking  ] GC(18) Concurrent Preclean
[2025-05-04T23:19:09.023+0000][7.928s][info ][gc,marking  ] GC(18) Concurrent Preclean 0.317ms
[2025-05-04T23:19:09.024+0000][7.928s][debug][safepoint   ] Safepoint synchronization initiated using futex wait barrier. (15 threads)
[2025-05-04T23:19:09.024+0000][7.928s][debug][safepoint   ] ... found polling page loop exception at pc = 0x00007f2b552388d0, stub =0x00007f2b54af5400
[2025-05-04T23:19:09.024+0000][7.929s][info ][gc,start    ] GC(18) Pause Remark
[2025-05-04T23:19:09.028+0000][7.932s][info ][gc          ] GC(18) Pause Remark 65M->65M(234M) 3.694ms
[2025-05-04T23:19:09.028+0000][7.933s][info ][gc,cpu      ] GC(18) User=0.01s Sys=0.00s Real=0.00s
[2025-05-04T23:19:09.028+0000][7.933s][info ][safepoint   ] Safepoint "G1PauseRemark", Time since last: 49437983 ns, Reaching safepoint: 458226 ns, Cleanup: 21301 ns, At safepoint: 4241239 ns, Total: 4720766 ns
[2025-05-04T23:19:09.029+0000][7.933s][info ][gc,marking  ] GC(18) Concurrent Mark 48.601ms
[2025-05-04T23:19:09.029+0000][7.934s][info ][gc,marking  ] GC(18) Concurrent Rebuild Remembered Sets
[2025-05-04T23:19:09.046+0000][7.951s][info ][gc,marking  ] GC(18) Concurrent Rebuild Remembered Sets 16.873ms
[2025-05-04T23:19:09.046+0000][7.951s][debug][safepoint   ] Safepoint synchronization initiated using futex wait barrier. (15 threads)
[2025-05-04T23:19:09.046+0000][7.951s][info ][gc,start    ] GC(18) Pause Cleanup
[2025-05-04T23:19:09.047+0000][7.951s][info ][gc          ] GC(18) Pause Cleanup 67M->67M(234M) 0.274ms
[2025-05-04T23:19:09.047+0000][7.951s][info ][gc,cpu      ] GC(18) User=0.00s Sys=0.00s Real=0.00s
[2025-05-04T23:19:09.047+0000][7.952s][info ][safepoint   ] Safepoint "G1PauseCleanup", Time since last: 17857305 ns, Reaching safepoint: 244414 ns, Cleanup: 11701 ns, At safepoint: 539430 ns, Total: 795545 ns
[2025-05-04T23:19:09.047+0000][7.952s][info ][gc,marking  ] GC(18) Concurrent Cleanup for Next Mark
[2025-05-04T23:19:09.049+0000][7.954s][info ][gc,marking  ] GC(18) Concurrent Cleanup for Next Mark 1.855ms
[2025-05-04T23:19:09.049+0000][7.954s][info ][gc          ] GC(18) Concurrent Mark Cycle 75.120ms
[2025-05-04T23:19:09.692+0000][8.597s][debug][safepoint   ] Safepoint synchronization initiated using futex wait barrier. (15 threads)
[2025-05-04T23:19:09.692+0000][8.597s][info ][gc,start    ] GC(19) Pause Young (Prepare Mixed) (G1 Evacuation Pause)
[2025-05-04T23:19:09.693+0000][8.597s][info ][gc,task     ] GC(19) Using 5 workers of 8 for evacuation
[2025-05-04T23:19:09.699+0000][8.604s][info ][gc,phases   ] GC(19)   Pre Evacuate Collection Set: 0.1ms
[2025-05-04T23:19:09.699+0000][8.604s][info ][gc,phases   ] GC(19)   Merge Heap Roots: 0.1ms
[2025-05-04T23:19:09.699+0000][8.604s][info ][gc,phases   ] GC(19)   Evacuate Collection Set: 5.0ms
[2025-05-04T23:19:09.699+0000][8.604s][info ][gc,phases   ] GC(19)   Post Evacuate Collection Set: 1.0ms
[2025-05-04T23:19:09.699+0000][8.604s][info ][gc,phases   ] GC(19)   Other: 0.4ms
[2025-05-04T23:19:09.700+0000][8.604s][info ][gc,heap     ] GC(19) Eden regions: 66->0(1)
[2025-05-04T23:19:09.700+0000][8.604s][info ][gc,heap     ] GC(19) Survivor regions: 4->5(9)
[2025-05-04T23:19:09.700+0000][8.605s][info ][gc,heap     ] GC(19) Old regions: 26->26
[2025-05-04T23:19:09.700+0000][8.605s][info ][gc,heap     ] GC(19) Archive regions: 2->2
[2025-05-04T23:19:09.700+0000][8.605s][info ][gc,heap     ] GC(19) Humongous regions: 0->0
[2025-05-04T23:19:09.700+0000][8.605s][info ][gc,metaspace] GC(19) Metaspace: 38986K(39424K)->38986K(39424K) NonClass: 34074K(34304K)->34074K(34304K) Class: 4911K(5120K)->4911K(5120K)
[2025-05-04T23:19:09.700+0000][8.605s][info ][gc          ] GC(19) Pause Young (Prepare Mixed) (G1 Evacuation Pause) 191M->60M(234M) 7.943ms
[2025-05-04T23:19:09.700+0000][8.605s][info ][gc,cpu      ] GC(19) User=0.04s Sys=0.00s Real=0.01s
[2025-05-04T23:19:09.701+0000][8.605s][info ][safepoint   ] Safepoint "G1CollectForAllocation", Time since last: 645104517 ns, Reaching safepoint: 223613 ns, Cleanup: 79504 ns, At safepoint: 8223163 ns, Total: 8526280 ns
[2025-05-04T23:19:09.706+0000][8.611s][debug][safepoint   ] Safepoint synchronization initiated using futex wait barrier. (15 threads)
[2025-05-04T23:19:09.707+0000][8.611s][info ][gc,start    ] GC(20) Pause Young (Mixed) (G1 Evacuation Pause)
[2025-05-04T23:19:09.707+0000][8.611s][info ][gc,task     ] GC(20) Using 5 workers of 8 for evacuation
[2025-05-04T23:19:09.714+0000][8.618s][info ][gc,phases   ] GC(20)   Pre Evacuate Collection Set: 0.2ms
[2025-05-04T23:19:09.714+0000][8.619s][info ][gc,phases   ] GC(20)   Merge Heap Roots: 0.1ms
[2025-05-04T23:19:09.714+0000][8.619s][info ][gc,phases   ] GC(20)   Evacuate Collection Set: 5.8ms
[2025-05-04T23:19:09.714+0000][8.619s][info ][gc,phases   ] GC(20)   Post Evacuate Collection Set: 0.8ms
[2025-05-04T23:19:09.714+0000][8.619s][info ][gc,phases   ] GC(20)   Other: 0.4ms
[2025-05-04T23:19:09.715+0000][8.619s][info ][gc,heap     ] GC(20) Eden regions: 1->0(66)
[2025-05-04T23:19:09.715+0000][8.619s][info ][gc,heap     ] GC(20) Survivor regions: 5->1(1)
[2025-05-04T23:19:09.715+0000][8.619s][info ][gc,heap     ] GC(20) Old regions: 26->30
[2025-05-04T23:19:09.715+0000][8.620s][info ][gc,heap     ] GC(20) Archive regions: 2->2
[2025-05-04T23:19:09.715+0000][8.620s][info ][gc,heap     ] GC(20) Humongous regions: 0->0
[2025-05-04T23:19:09.715+0000][8.620s][info ][gc,metaspace] GC(20) Metaspace: 38990K(39424K)->38990K(39424K) NonClass: 34078K(34304K)->34078K(34304K) Class: 4911K(5120K)->4911K(5120K)
[2025-05-04T23:19:09.715+0000][8.620s][info ][gc          ] GC(20) Pause Young (Mixed) (G1 Evacuation Pause) 62M->61M(234M) 8.834ms
[2025-05-04T23:19:09.716+0000][8.620s][info ][gc,cpu      ] GC(20) User=0.03s Sys=0.01s Real=0.01s
[2025-05-04T23:19:09.716+0000][8.620s][info ][safepoint   ] Safepoint "G1CollectForAllocation", Time since last: 5699721 ns, Reaching safepoint: 259315 ns, Cleanup: 4600 ns, At safepoint: 9188917 ns, Total: 9452832 ns
[2025-05-04T23:19:10.558+0000][9.465s][debug][safepoint   ] Safepoint synchronization initiated using futex wait barrier. (15 threads)
[2025-05-04T23:19:10.559+0000][9.465s][info ][safepoint   ] Safepoint "ICBufferFull", Time since last: 844226227 ns, Reaching safepoint: 241914 ns, Cleanup: 115706 ns, At safepoint: 15601 ns, Total: 373221 ns
[2025-05-04T23:19:10.559+0000][9.465s][debug][safepoint   ] Safepoint synchronization initiated using futex wait barrier. (15 threads)
[2025-05-04T23:19:10.559+0000][9.465s][info ][safepoint   ] Safepoint "ICBufferFull", Time since last: 223913 ns, Reaching safepoint: 197011 ns, Cleanup: 6200 ns, At safepoint: 18401 ns, Total: 221612 ns
[2025-05-04T23:19:10.609+0000][9.515s][debug][safepoint   ] Safepoint synchronization initiated using futex wait barrier. (15 threads)
[2025-05-04T23:19:10.609+0000][9.515s][info ][gc,start    ] GC(21) Pause Young (Normal) (G1 Evacuation Pause)
[2025-05-04T23:19:10.609+0000][9.516s][info ][gc,task     ] GC(21) Using 5 workers of 8 for evacuation
[2025-05-04T23:19:10.613+0000][9.520s][info ][gc,phases   ] GC(21)   Pre Evacuate Collection Set: 0.1ms
[2025-05-04T23:19:10.614+0000][9.520s][info ][gc,phases   ] GC(21)   Merge Heap Roots: 0.1ms
[2025-05-04T23:19:10.614+0000][9.520s][info ][gc,phases   ] GC(21)   Evacuate Collection Set: 2.2ms
[2025-05-04T23:19:10.614+0000][9.520s][info ][gc,phases   ] GC(21)   Post Evacuate Collection Set: 1.5ms
[2025-05-04T23:19:10.614+0000][9.520s][info ][gc,phases   ] GC(21)   Other: 0.4ms
[2025-05-04T23:19:10.614+0000][9.521s][info ][gc,heap     ] GC(21) Eden regions: 66->0(146)
[2025-05-04T23:19:10.614+0000][9.521s][info ][gc,heap     ] GC(21) Survivor regions: 1->2(9)
[2025-05-04T23:19:10.614+0000][9.521s][info ][gc,heap     ] GC(21) Old regions: 30->30
[2025-05-04T23:19:10.615+0000][9.521s][info ][gc,heap     ] GC(21) Archive regions: 2->2
[2025-05-04T23:19:10.615+0000][9.521s][info ][gc,heap     ] GC(21) Humongous regions: 0->0
[2025-05-04T23:19:10.615+0000][9.521s][info ][gc,metaspace] GC(21) Metaspace: 41530K(41920K)->41530K(41920K) NonClass: 36269K(36480K)->36269K(36480K) Class: 5260K(5440K)->5260K(5440K)
[2025-05-04T23:19:10.615+0000][9.521s][info ][gc          ] GC(21) Pause Young (Normal) (G1 Evacuation Pause) 193M->62M(494M) 5.719ms
[2025-05-04T23:19:10.615+0000][9.521s][info ][gc,cpu      ] GC(21) User=0.04s Sys=0.00s Real=0.01s
[2025-05-04T23:19:10.615+0000][9.521s][info ][safepoint   ] Safepoint "G1CollectForAllocation", Time since last: 49765902 ns, Reaching safepoint: 239113 ns, Cleanup: 36202 ns, At safepoint: 6003538 ns, Total: 6278853 ns
[2025-05-04T23:19:11.522+0000][10.428s][debug][safepoint   ] Safepoint synchronization initiated using futex wait barrier. (15 threads)
[2025-05-04T23:19:11.522+0000][10.429s][info ][safepoint   ] Safepoint "ICBufferFull", Time since last: 906946358 ns, Reaching safepoint: 252914 ns, Cleanup: 114207 ns, At safepoint: 18301 ns, Total: 385422 ns
[2025-05-04T23:19:12.576+0000][11.482s][debug][safepoint   ] Safepoint synchronization initiated using futex wait barrier. (15 threads)
[2025-05-04T23:19:12.577+0000][11.483s][info ][safepoint   ] Safepoint "ICBufferFull", Time since last: 1053689519 ns, Reaching safepoint: 292816 ns, Cleanup: 167710 ns, At safepoint: 7100 ns, Total: 467626 ns
[2025-05-04T23:19:12.869+0000][11.776s][debug][safepoint   ] Safepoint synchronization initiated using futex wait barrier. (15 threads)
[2025-05-04T23:19:12.870+0000][11.776s][info ][gc,start    ] GC(22) Pause Young (Normal) (G1 Evacuation Pause)
[2025-05-04T23:19:12.870+0000][11.776s][info ][gc,task     ] GC(22) Using 8 workers of 8 for evacuation
[2025-05-04T23:19:12.877+0000][11.783s][info ][gc,phases   ] GC(22)   Pre Evacuate Collection Set: 0.1ms
[2025-05-04T23:19:12.877+0000][11.783s][info ][gc,phases   ] GC(22)   Merge Heap Roots: 0.1ms
[2025-05-04T23:19:12.877+0000][11.784s][info ][gc,phases   ] GC(22)   Evacuate Collection Set: 5.3ms
[2025-05-04T23:19:12.877+0000][11.784s][info ][gc,phases   ] GC(22)   Post Evacuate Collection Set: 1.1ms
[2025-05-04T23:19:12.877+0000][11.784s][info ][gc,phases   ] GC(22)   Other: 0.4ms
[2025-05-04T23:19:12.878+0000][11.784s][info ][gc,heap     ] GC(22) Eden regions: 146->0(144)
[2025-05-04T23:19:12.878+0000][11.784s][info ][gc,heap     ] GC(22) Survivor regions: 2->4(19)
[2025-05-04T23:19:12.878+0000][11.784s][info ][gc,heap     ] GC(22) Old regions: 30->30
[2025-05-04T23:19:12.878+0000][11.784s][info ][gc,heap     ] GC(22) Archive regions: 2->2
[2025-05-04T23:19:12.878+0000][11.784s][info ][gc,heap     ] GC(22) Humongous regions: 0->0
[2025-05-04T23:19:12.878+0000][11.785s][info ][gc,metaspace] GC(22) Metaspace: 51198K(51648K)->51198K(51648K) NonClass: 44678K(44928K)->44678K(44928K) Class: 6519K(6720K)->6519K(6720K)
[2025-05-04T23:19:12.878+0000][11.785s][info ][gc          ] GC(22) Pause Young (Normal) (G1 Evacuation Pause) 354M->67M(494M) 8.624ms
[2025-05-04T23:19:12.879+0000][11.785s][info ][gc,cpu      ] GC(22) User=0.06s Sys=0.00s Real=0.01s
[2025-05-04T23:19:12.879+0000][11.785s][info ][safepoint   ] Safepoint "G1CollectForAllocation", Time since last: 292855887 ns, Reaching safepoint: 249714 ns, Cleanup: 84905 ns, At safepoint: 8925602 ns, Total: 9260221 ns
[2025-05-04T23:19:14.117+0000][13.024s][debug][safepoint   ] Safepoint synchronization initiated using futex wait barrier. (18 threads)
[2025-05-04T23:19:14.118+0000][13.024s][info ][safepoint   ] Safepoint "Cleanup", Time since last: 1238641436 ns, Reaching safepoint: 214514 ns, Cleanup: 44804 ns, At safepoint: 3600 ns, Total: 262918 ns
[2025-05-04T23:19:14.757+0000][13.664s][debug][safepoint   ] Safepoint synchronization initiated using futex wait barrier. (18 threads)
[2025-05-04T23:19:14.763+0000][13.669s][info ][safepoint   ] Safepoint "ICBufferFull", Time since last: 639805932 ns, Reaching safepoint: 5208358 ns, Cleanup: 193713 ns, At safepoint: 37103 ns, Total: 5439174 ns
[2025-05-04T23:19:15.789+0000][14.695s][debug][safepoint   ] Safepoint synchronization initiated using futex wait barrier. (18 threads)
[2025-05-04T23:19:15.789+0000][14.696s][info ][safepoint   ] Safepoint "Cleanup", Time since last: 1026011711 ns, Reaching safepoint: 454831 ns, Cleanup: 38103 ns, At safepoint: 15601 ns, Total: 508535 ns
[2025-05-04T23:19:15.880+0000][14.786s][debug][safepoint   ] Safepoint synchronization initiated using futex wait barrier. (19 threads)
[2025-05-04T23:19:15.880+0000][14.786s][info ][gc,start    ] GC(23) Pause Young (Concurrent Start) (Metadata GC Threshold)
[2025-05-04T23:19:15.880+0000][14.786s][info ][gc,task     ] GC(23) Using 8 workers of 8 for evacuation
[2025-05-04T23:19:15.888+0000][14.794s][info ][gc,phases   ] GC(23)   Pre Evacuate Collection Set: 0.2ms
[2025-05-04T23:19:15.888+0000][14.794s][info ][gc,phases   ] GC(23)   Merge Heap Roots: 0.1ms
[2025-05-04T23:19:15.888+0000][14.794s][info ][gc,phases   ] GC(23)   Evacuate Collection Set: 5.4ms
[2025-05-04T23:19:15.888+0000][14.795s][info ][gc,phases   ] GC(23)   Post Evacuate Collection Set: 1.3ms
[2025-05-04T23:19:15.889+0000][14.795s][info ][gc,phases   ] GC(23)   Other: 0.6ms
[2025-05-04T23:19:15.889+0000][14.795s][info ][gc,heap     ] GC(23) Eden regions: 121->0(142)
[2025-05-04T23:19:15.889+0000][14.795s][info ][gc,heap     ] GC(23) Survivor regions: 4->6(19)
[2025-05-04T23:19:15.889+0000][14.796s][info ][gc,heap     ] GC(23) Old regions: 30->30
[2025-05-04T23:19:15.889+0000][14.796s][info ][gc,heap     ] GC(23) Archive regions: 2->2
[2025-05-04T23:19:15.890+0000][14.796s][info ][gc,heap     ] GC(23) Humongous regions: 0->0
[2025-05-04T23:19:15.890+0000][14.796s][info ][gc,metaspace] GC(23) Metaspace: 60265K(60736K)->60265K(60736K) NonClass: 52573K(52800K)->52573K(52800K) Class: 7692K(7936K)->7692K(7936K)
[2025-05-04T23:19:15.890+0000][14.796s][info ][gc          ] GC(23) Pause Young (Concurrent Start) (Metadata GC Threshold) 308M->71M(494M) 10.039ms
[2025-05-04T23:19:15.890+0000][14.796s][info ][gc,cpu      ] GC(23) User=0.04s Sys=0.00s Real=0.01s
[2025-05-04T23:19:15.890+0000][14.797s][info ][gc          ] GC(24) Concurrent Mark Cycle
[2025-05-04T23:19:15.890+0000][14.797s][info ][gc,marking  ] GC(24) Concurrent Clear Claimed Marks
[2025-05-04T23:19:15.890+0000][14.797s][info ][safepoint   ] Safepoint "CollectForMetadataAllocation", Time since last: 90160904 ns, Reaching safepoint: 296221 ns, Cleanup: 16601 ns, At safepoint: 10393015 ns, Total: 10705837 ns
[2025-05-04T23:19:15.891+0000][14.797s][info ][gc,marking  ] GC(24) Concurrent Clear Claimed Marks 0.273ms
[2025-05-04T23:19:15.891+0000][14.797s][info ][gc,marking  ] GC(24) Concurrent Scan Root Regions
[2025-05-04T23:19:15.897+0000][14.803s][info ][gc,marking  ] GC(24) Concurrent Scan Root Regions 6.136ms
[2025-05-04T23:19:15.897+0000][14.804s][info ][gc,marking  ] GC(24) Concurrent Mark
[2025-05-04T23:19:15.897+0000][14.804s][info ][gc,marking  ] GC(24) Concurrent Mark From Roots
[2025-05-04T23:19:15.898+0000][14.804s][info ][gc,task     ] GC(24) Using 2 workers of 2 for marking
[2025-05-04T23:19:15.919+0000][14.826s][debug][safepoint   ] Safepoint synchronization initiated using futex wait barrier. (20 threads)
[2025-05-04T23:19:15.920+0000][14.826s][info ][safepoint   ] Safepoint "CollectForMetadataAllocation", Time since last: 29082302 ns, Reaching safepoint: 286419 ns, Cleanup: 8301 ns, At safepoint: 51904 ns, Total: 346624 ns
[2025-05-04T23:19:15.938+0000][14.844s][info ][gc,marking  ] GC(24) Concurrent Mark From Roots 40.155ms
[2025-05-04T23:19:15.938+0000][14.844s][info ][gc,marking  ] GC(24) Concurrent Preclean
[2025-05-04T23:19:15.938+0000][14.845s][info ][gc,marking  ] GC(24) Concurrent Preclean 0.423ms
[2025-05-04T23:19:15.939+0000][14.845s][debug][safepoint   ] Safepoint synchronization initiated using futex wait barrier. (20 threads)
[2025-05-04T23:19:15.939+0000][14.845s][info ][gc,start    ] GC(24) Pause Remark
[2025-05-04T23:19:15.942+0000][14.849s][info ][gc          ] GC(24) Pause Remark 79M->79M(280M) 3.463ms
[2025-05-04T23:19:15.943+0000][14.849s][info ][gc,cpu      ] GC(24) User=0.00s Sys=0.01s Real=0.01s
[2025-05-04T23:19:15.943+0000][14.849s][info ][safepoint   ] Safepoint "G1PauseRemark", Time since last: 18986106 ns, Reaching safepoint: 284020 ns, Cleanup: 5200 ns, At safepoint: 3863866 ns, Total: 4153086 ns
[2025-05-04T23:19:15.943+0000][14.849s][info ][gc,marking  ] GC(24) Concurrent Mark 45.691ms
[2025-05-04T23:19:15.943+0000][14.850s][info ][gc,marking  ] GC(24) Concurrent Rebuild Remembered Sets
[2025-05-04T23:19:15.963+0000][14.869s][info ][gc,marking  ] GC(24) Concurrent Rebuild Remembered Sets 19.923ms
[2025-05-04T23:19:15.963+0000][14.870s][debug][safepoint   ] Safepoint synchronization initiated using futex wait barrier. (20 threads)
[2025-05-04T23:19:15.964+0000][14.870s][debug][safepoint   ] ... found polling page loop exception at pc = 0x00007f2b5515b95a, stub =0x00007f2b54af5400
[2025-05-04T23:19:15.964+0000][14.870s][info ][gc,start    ] GC(24) Pause Cleanup
[2025-05-04T23:19:15.964+0000][14.871s][info ][gc          ] GC(24) Pause Cleanup 83M->83M(280M) 0.509ms
[2025-05-04T23:19:15.965+0000][14.871s][info ][gc,cpu      ] GC(24) User=0.00s Sys=0.00s Real=0.00s
[2025-05-04T23:19:15.965+0000][14.871s][info ][safepoint   ] Safepoint "G1PauseCleanup", Time since last: 20559015 ns, Reaching safepoint: 423829 ns, Cleanup: 7001 ns, At safepoint: 992968 ns, Total: 1423798 ns
[2025-05-04T23:19:15.965+0000][14.871s][info ][gc,marking  ] GC(24) Concurrent Cleanup for Next Mark
[2025-05-04T23:19:15.966+0000][14.873s][info ][gc,marking  ] GC(24) Concurrent Cleanup for Next Mark 1.338ms
[2025-05-04T23:19:15.967+0000][14.873s][info ][gc          ] GC(24) Concurrent Mark Cycle 76.508ms
[2025-05-04T23:19:16.813+0000][15.719s][debug][safepoint   ] Safepoint synchronization initiated using futex wait barrier. (21 threads)
[2025-05-04T23:19:16.815+0000][15.721s][info ][safepoint   ] Safepoint "ICBufferFull", Time since last: 848268478 ns, Reaching safepoint: 303521 ns, Cleanup: 1304590 ns, At safepoint: 27502 ns, Total: 1635613 ns
[2025-05-04T23:19:16.911+0000][15.817s][debug][safepoint   ] Safepoint synchronization initiated using futex wait barrier. (21 threads)
[2025-05-04T23:19:16.911+0000][15.817s][info ][gc,start    ] GC(25) Pause Young (Prepare Mixed) (G1 Evacuation Pause)
[2025-05-04T23:19:16.911+0000][15.818s][info ][gc,task     ] GC(25) Using 7 workers of 8 for evacuation
[2025-05-04T23:19:16.918+0000][15.825s][info ][gc,phases   ] GC(25)   Pre Evacuate Collection Set: 0.1ms
[2025-05-04T23:19:16.918+0000][15.825s][info ][gc,phases   ] GC(25)   Merge Heap Roots: 0.1ms
[2025-05-04T23:19:16.919+0000][15.825s][info ][gc,phases   ] GC(25)   Evacuate Collection Set: 5.3ms
[2025-05-04T23:19:16.919+0000][15.825s][info ][gc,phases   ] GC(25)   Post Evacuate Collection Set: 1.2ms
[2025-05-04T23:19:16.919+0000][15.825s][info ][gc,phases   ] GC(25)   Other: 0.3ms
[2025-05-04T23:19:16.919+0000][15.825s][info ][gc,heap     ] GC(25) Eden regions: 78->0(1)
[2025-05-04T23:19:16.919+0000][15.825s][info ][gc,heap     ] GC(25) Survivor regions: 6->7(11)
[2025-05-04T23:19:16.919+0000][15.825s][info ][gc,heap     ] GC(25) Old regions: 30->30
[2025-05-04T23:19:16.919+0000][15.826s][info ][gc,heap     ] GC(25) Archive regions: 2->2
[2025-05-04T23:19:16.919+0000][15.826s][info ][gc,heap     ] GC(25) Humongous regions: 0->0
[2025-05-04T23:19:16.920+0000][15.826s][info ][gc,metaspace] GC(25) Metaspace: 63783K(64256K)->63783K(64256K) NonClass: 55634K(55872K)->55634K(55872K) Class: 8148K(8384K)->8148K(8384K)
[2025-05-04T23:19:16.920+0000][15.826s][info ][gc          ] GC(25) Pause Young (Prepare Mixed) (G1 Evacuation Pause) 227M->72M(280M) 8.589ms
[2025-05-04T23:19:16.920+0000][15.826s][info ][gc,cpu      ] GC(25) User=0.04s Sys=0.00s Real=0.00s
[2025-05-04T23:19:16.920+0000][15.826s][info ][safepoint   ] Safepoint "G1CollectForAllocation", Time since last: 96149117 ns, Reaching safepoint: 208014 ns, Cleanup: 21102 ns, At safepoint: 8932314 ns, Total: 9161430 ns
[2025-05-04T23:19:16.926+0000][15.832s][debug][safepoint   ] Safepoint synchronization initiated using futex wait barrier. (20 threads)
[2025-05-04T23:19:16.926+0000][15.833s][info ][gc,start    ] GC(26) Pause Young (Mixed) (G1 Evacuation Pause)
[2025-05-04T23:19:16.927+0000][15.833s][info ][gc,task     ] GC(26) Using 6 workers of 8 for evacuation
[2025-05-04T23:19:16.934+0000][15.841s][info ][gc,phases   ] GC(26)   Pre Evacuate Collection Set: 0.1ms
[2025-05-04T23:19:16.935+0000][15.841s][info ][gc,phases   ] GC(26)   Merge Heap Roots: 0.1ms
[2025-05-04T23:19:16.935+0000][15.841s][info ][gc,phases   ] GC(26)   Evacuate Collection Set: 5.9ms
[2025-05-04T23:19:16.935+0000][15.841s][info ][gc,phases   ] GC(26)   Post Evacuate Collection Set: 1.3ms
[2025-05-04T23:19:16.935+0000][15.842s][info ][gc,phases   ] GC(26)   Other: 0.4ms
[2025-05-04T23:19:16.935+0000][15.842s][info ][gc,heap     ] GC(26) Eden regions: 1->0(82)
[2025-05-04T23:19:16.936+0000][15.842s][info ][gc,heap     ] GC(26) Survivor regions: 7->1(1)
[2025-05-04T23:19:16.936+0000][15.842s][info ][gc,heap     ] GC(26) Old regions: 30->35
[2025-05-04T23:19:16.936+0000][15.842s][info ][gc,heap     ] GC(26) Archive regions: 2->2
[2025-05-04T23:19:16.936+0000][15.843s][info ][gc,heap     ] GC(26) Humongous regions: 0->0
[2025-05-04T23:19:16.936+0000][15.843s][info ][gc,metaspace] GC(26) Metaspace: 63805K(64320K)->63805K(64320K) NonClass: 55652K(55936K)->55652K(55936K) Class: 8152K(8384K)->8152K(8384K)
[2025-05-04T23:19:16.936+0000][15.843s][info ][gc          ] GC(26) Pause Young (Mixed) (G1 Evacuation Pause) 74M->73M(280M) 10.033ms
[2025-05-04T23:19:16.937+0000][15.843s][info ][gc,cpu      ] GC(26) User=0.04s Sys=0.00s Real=0.01s
[2025-05-04T23:19:16.937+0000][15.843s][info ][safepoint   ] Safepoint "G1CollectForAllocation", Time since last: 6119821 ns, Reaching safepoint: 232416 ns, Cleanup: 3701 ns, At safepoint: 10619631 ns, Total: 10855748 ns
[2025-05-04T23:19:17.517+0000][16.423s][debug][safepoint   ] Safepoint synchronization initiated using futex wait barrier. (20 threads)
[2025-05-04T23:19:17.517+0000][16.423s][info ][safepoint   ] Safepoint "ICBufferFull", Time since last: 579574186 ns, Reaching safepoint: 225216 ns, Cleanup: 95406 ns, At safepoint: 33103 ns, Total: 353725 ns
[2025-05-04T23:19:17.685+0000][16.592s][debug][safepoint   ] Safepoint synchronization initiated using futex wait barrier. (20 threads)
[2025-05-04T23:19:17.686+0000][16.592s][info ][gc,start    ] GC(27) Pause Young (Concurrent Start) (G1 Evacuation Pause)
[2025-05-04T23:19:17.686+0000][16.592s][info ][gc,task     ] GC(27) Using 6 workers of 8 for evacuation
[2025-05-04T23:19:17.690+0000][16.596s][info ][gc,phases   ] GC(27)   Pre Evacuate Collection Set: 0.2ms
[2025-05-04T23:19:17.690+0000][16.597s][info ][gc,phases   ] GC(27)   Merge Heap Roots: 0.1ms
[2025-05-04T23:19:17.690+0000][16.597s][info ][gc,phases   ] GC(27)   Evacuate Collection Set: 2.6ms
[2025-05-04T23:19:17.691+0000][16.597s][info ][gc,phases   ] GC(27)   Post Evacuate Collection Set: 0.8ms
[2025-05-04T23:19:17.691+0000][16.597s][info ][gc,phases   ] GC(27)   Other: 0.6ms
[2025-05-04T23:19:17.691+0000][16.597s][info ][gc,heap     ] GC(27) Eden regions: 82->0(82)
[2025-05-04T23:19:17.691+0000][16.597s][info ][gc,heap     ] GC(27) Survivor regions: 1->2(11)
[2025-05-04T23:19:17.691+0000][16.597s][info ][gc,heap     ] GC(27) Old regions: 35->35
[2025-05-04T23:19:17.691+0000][16.598s][info ][gc,heap     ] GC(27) Archive regions: 2->2
[2025-05-04T23:19:17.691+0000][16.598s][info ][gc,heap     ] GC(27) Humongous regions: 0->0
[2025-05-04T23:19:17.691+0000][16.598s][info ][gc,metaspace] GC(27) Metaspace: 68085K(68480K)->68085K(68480K) NonClass: 59338K(59520K)->59338K(59520K) Class: 8747K(8960K)->8747K(8960K)
[2025-05-04T23:19:17.692+0000][16.598s][info ][gc          ] GC(27) Pause Young (Concurrent Start) (G1 Evacuation Pause) 237M->74M(280M) 6.062ms
[2025-05-04T23:19:17.692+0000][16.598s][info ][gc,cpu      ] GC(27) User=0.03s Sys=0.00s Real=0.01s
[2025-05-04T23:19:17.692+0000][16.598s][info ][gc          ] GC(28) Concurrent Mark Cycle
[2025-05-04T23:19:17.692+0000][16.598s][info ][gc,marking  ] GC(28) Concurrent Clear Claimed Marks
[2025-05-04T23:19:17.692+0000][16.598s][info ][safepoint   ] Safepoint "G1CollectForAllocation", Time since last: 168253079 ns, Reaching safepoint: 321022 ns, Cleanup: 61204 ns, At safepoint: 6434843 ns, Total: 6817069 ns
[2025-05-04T23:19:17.692+0000][16.599s][info ][gc,marking  ] GC(28) Concurrent Clear Claimed Marks 0.181ms
[2025-05-04T23:19:17.693+0000][16.599s][info ][gc,marking  ] GC(28) Concurrent Scan Root Regions
[2025-05-04T23:19:17.694+0000][16.601s][info ][gc,marking  ] GC(28) Concurrent Scan Root Regions 1.682ms
[2025-05-04T23:19:17.695+0000][16.601s][info ][gc,marking  ] GC(28) Concurrent Mark
[2025-05-04T23:19:17.695+0000][16.602s][info ][gc,marking  ] GC(28) Concurrent Mark From Roots
[2025-05-04T23:19:17.695+0000][16.602s][info ][gc,task     ] GC(28) Using 2 workers of 2 for marking
[2025-05-04T23:19:17.753+0000][16.660s][info ][gc,marking  ] GC(28) Concurrent Mark From Roots 58.087ms
[2025-05-04T23:19:17.754+0000][16.660s][info ][gc,marking  ] GC(28) Concurrent Preclean
[2025-05-04T23:19:17.754+0000][16.660s][info ][gc,marking  ] GC(28) Concurrent Preclean 0.465ms
[2025-05-04T23:19:17.754+0000][16.661s][debug][safepoint   ] Safepoint synchronization initiated using futex wait barrier. (20 threads)
[2025-05-04T23:19:17.755+0000][16.661s][info ][gc,start    ] GC(28) Pause Remark
[2025-05-04T23:19:17.758+0000][16.665s][info ][gc          ] GC(28) Pause Remark 84M->84M(280M) 3.673ms
[2025-05-04T23:19:17.758+0000][16.665s][info ][gc,cpu      ] GC(28) User=0.02s Sys=0.00s Real=0.00s
[2025-05-04T23:19:17.759+0000][16.665s][info ][safepoint   ] Safepoint "G1PauseRemark", Time since last: 62365692 ns, Reaching safepoint: 186313 ns, Cleanup: 23701 ns, At safepoint: 4068280 ns, Total: 4278294 ns
[2025-05-04T23:19:17.759+0000][16.665s][info ][gc,marking  ] GC(28) Concurrent Mark 63.778ms
[2025-05-04T23:19:17.759+0000][16.665s][info ][gc,marking  ] GC(28) Concurrent Rebuild Remembered Sets
[2025-05-04T23:19:17.787+0000][16.693s][info ][gc,marking  ] GC(28) Concurrent Rebuild Remembered Sets 27.928ms
[2025-05-04T23:19:17.787+0000][16.693s][debug][safepoint   ] Safepoint synchronization initiated using futex wait barrier. (20 threads)
[2025-05-04T23:19:17.787+0000][16.694s][info ][gc,start    ] GC(28) Pause Cleanup
[2025-05-04T23:19:17.788+0000][16.694s][info ][gc          ] GC(28) Pause Cleanup 88M->88M(280M) 0.257ms
[2025-05-04T23:19:17.788+0000][16.694s][info ][gc,cpu      ] GC(28) User=0.00s Sys=0.00s Real=0.00s
[2025-05-04T23:19:17.788+0000][16.694s][info ][safepoint   ] Safepoint "G1PauseCleanup", Time since last: 28482661 ns, Reaching safepoint: 159011 ns, Cleanup: 9900 ns, At safepoint: 525236 ns, Total: 694147 ns
[2025-05-04T23:19:17.788+0000][16.694s][info ][gc,marking  ] GC(28) Concurrent Cleanup for Next Mark
[2025-05-04T23:19:17.788+0000][16.695s][info ][gc,marking  ] GC(28) Concurrent Cleanup for Next Mark 0.401ms
[2025-05-04T23:19:17.789+0000][16.695s][info ][gc          ] GC(28) Concurrent Mark Cycle 96.643ms
[2025-05-04T23:19:18.450+0000][17.357s][debug][safepoint   ] Safepoint synchronization initiated using futex wait barrier. (19 threads)
[2025-05-04T23:19:18.451+0000][17.357s][info ][safepoint   ] Safepoint "ICBufferFull", Time since last: 662632003 ns, Reaching safepoint: 341324 ns, Cleanup: 101707 ns, At safepoint: 5000 ns, Total: 448031 ns
[2025-05-04T23:19:18.653+0000][17.559s][debug][safepoint   ] Safepoint synchronization initiated using futex wait barrier. (21 threads)
[2025-05-04T23:19:18.654+0000][17.560s][info ][safepoint   ] Safepoint "ICBufferFull", Time since last: 202151412 ns, Reaching safepoint: 370626 ns, Cleanup: 123408 ns, At safepoint: 28202 ns, Total: 522236 ns
[2025-05-04T23:19:18.711+0000][17.617s][debug][safepoint   ] Safepoint synchronization initiated using futex wait barrier. (21 threads)
[2025-05-04T23:19:18.711+0000][17.618s][info ][gc,start    ] GC(29) Pause Young (Prepare Mixed) (G1 Evacuation Pause)
[2025-05-04T23:19:18.712+0000][17.618s][info ][gc,task     ] GC(29) Using 6 workers of 8 for evacuation
[2025-05-04T23:19:18.719+0000][17.625s][info ][gc,phases   ] GC(29)   Pre Evacuate Collection Set: 0.1ms
[2025-05-04T23:19:18.719+0000][17.626s][info ][gc,phases   ] GC(29)   Merge Heap Roots: 0.1ms
[2025-05-04T23:19:18.719+0000][17.626s][info ][gc,phases   ] GC(29)   Evacuate Collection Set: 6.1ms
[2025-05-04T23:19:18.720+0000][17.626s][info ][gc,phases   ] GC(29)   Post Evacuate Collection Set: 0.9ms
[2025-05-04T23:19:18.720+0000][17.626s][info ][gc,phases   ] GC(29)   Other: 0.5ms
[2025-05-04T23:19:18.720+0000][17.626s][info ][gc,heap     ] GC(29) Eden regions: 82->0(4)
[2025-05-04T23:19:18.720+0000][17.626s][info ][gc,heap     ] GC(29) Survivor regions: 2->3(11)
[2025-05-04T23:19:18.720+0000][17.626s][info ][gc,heap     ] GC(29) Old regions: 35->35
[2025-05-04T23:19:18.720+0000][17.626s][info ][gc,heap     ] GC(29) Archive regions: 2->2
[2025-05-04T23:19:18.720+0000][17.627s][info ][gc,heap     ] GC(29) Humongous regions: 0->0
[2025-05-04T23:19:18.720+0000][17.627s][info ][gc,metaspace] GC(29) Metaspace: 72212K(72704K)->72212K(72704K) NonClass: 62980K(63232K)->62980K(63232K) Class: 9231K(9472K)->9231K(9472K)
[2025-05-04T23:19:18.720+0000][17.627s][info ][gc          ] GC(29) Pause Young (Prepare Mixed) (G1 Evacuation Pause) 238M->77M(280M) 9.058ms
[2025-05-04T23:19:18.721+0000][17.627s][info ][gc,cpu      ] GC(29) User=0.04s Sys=0.00s Real=0.00s
[2025-05-04T23:19:18.721+0000][17.627s][info ][safepoint   ] Safepoint "G1CollectForAllocation", Time since last: 57382849 ns, Reaching safepoint: 305021 ns, Cleanup: 21602 ns, At safepoint: 9629862 ns, Total: 9956485 ns
[2025-05-04T23:19:18.766+0000][17.672s][debug][safepoint   ] Safepoint synchronization initiated using futex wait barrier. (21 threads)
[2025-05-04T23:19:18.767+0000][17.673s][info ][gc,start    ] GC(30) Pause Young (Mixed) (G1 Evacuation Pause)
[2025-05-04T23:19:18.767+0000][17.673s][info ][gc,task     ] GC(30) Using 6 workers of 8 for evacuation
[2025-05-04T23:19:18.774+0000][17.681s][info ][gc,phases   ] GC(30)   Pre Evacuate Collection Set: 0.1ms
[2025-05-04T23:19:18.775+0000][17.681s][info ][gc,phases   ] GC(30)   Merge Heap Roots: 0.1ms
[2025-05-04T23:19:18.775+0000][17.681s][info ][gc,phases   ] GC(30)   Evacuate Collection Set: 6.0ms
[2025-05-04T23:19:18.775+0000][17.681s][info ][gc,phases   ] GC(30)   Post Evacuate Collection Set: 0.9ms
[2025-05-04T23:19:18.775+0000][17.682s][info ][gc,phases   ] GC(30)   Other: 0.4ms
[2025-05-04T23:19:18.775+0000][17.682s][info ][gc,heap     ] GC(30) Eden regions: 4->0(80)
[2025-05-04T23:19:18.775+0000][17.682s][info ][gc,heap     ] GC(30) Survivor regions: 3->1(1)
[2025-05-04T23:19:18.776+0000][17.682s][info ][gc,heap     ] GC(30) Old regions: 35->37
[2025-05-04T23:19:18.776+0000][17.682s][info ][gc,heap     ] GC(30) Archive regions: 2->2
[2025-05-04T23:19:18.776+0000][17.682s][info ][gc,heap     ] GC(30) Humongous regions: 0->0
[2025-05-04T23:19:18.776+0000][17.682s][info ][gc,metaspace] GC(30) Metaspace: 72486K(72960K)->72486K(72960K) NonClass: 63228K(63488K)->63228K(63488K) Class: 9258K(9472K)->9258K(9472K)
[2025-05-04T23:19:18.776+0000][17.682s][info ][gc          ] GC(30) Pause Young (Mixed) (G1 Evacuation Pause) 85M->76M(280M) 9.111ms
[2025-05-04T23:19:18.776+0000][17.682s][info ][gc,cpu      ] GC(30) User=0.07s Sys=0.00s Real=0.01s
[2025-05-04T23:19:18.776+0000][17.683s][info ][safepoint   ] Safepoint "G1CollectForAllocation", Time since last: 45217412 ns, Reaching safepoint: 694548 ns, Cleanup: 6100 ns, At safepoint: 9407348 ns, Total: 10107996 ns
[2025-05-04T23:19:19.425+0000][18.332s][debug][safepoint   ] Safepoint synchronization initiated using futex wait barrier. (20 threads)
[2025-05-04T23:19:19.426+0000][18.332s][info ][gc,start    ] GC(31) Pause Young (Normal) (G1 Evacuation Pause)
[2025-05-04T23:19:19.426+0000][18.332s][info ][gc,task     ] GC(31) Using 6 workers of 8 for evacuation
[2025-05-04T23:19:19.429+0000][18.335s][info ][gc,phases   ] GC(31)   Pre Evacuate Collection Set: 0.2ms
[2025-05-04T23:19:19.429+0000][18.336s][info ][gc,phases   ] GC(31)   Merge Heap Roots: 0.1ms
[2025-05-04T23:19:19.430+0000][18.336s][info ][gc,phases   ] GC(31)   Evacuate Collection Set: 1.8ms
[2025-05-04T23:19:19.430+0000][18.336s][info ][gc,phases   ] GC(31)   Post Evacuate Collection Set: 0.8ms
[2025-05-04T23:19:19.430+0000][18.336s][info ][gc,phases   ] GC(31)   Other: 0.6ms
[2025-05-04T23:19:19.430+0000][18.337s][info ][gc,heap     ] GC(31) Eden regions: 80->0(81)
[2025-05-04T23:19:19.431+0000][18.337s][info ][gc,heap     ] GC(31) Survivor regions: 1->1(11)
[2025-05-04T23:19:19.431+0000][18.337s][info ][gc,heap     ] GC(31) Old regions: 37->37
[2025-05-04T23:19:19.431+0000][18.337s][info ][gc,heap     ] GC(31) Archive regions: 2->2
[2025-05-04T23:19:19.431+0000][18.337s][info ][gc,heap     ] GC(31) Humongous regions: 0->0
[2025-05-04T23:19:19.431+0000][18.337s][info ][gc,metaspace] GC(31) Metaspace: 77570K(78016K)->77570K(78016K) NonClass: 67418K(67648K)->67418K(67648K) Class: 10152K(10368K)->10152K(10368K)
[2025-05-04T23:19:19.431+0000][18.338s][info ][gc          ] GC(31) Pause Young (Normal) (G1 Evacuation Pause) 236M->76M(280M) 5.690ms
[2025-05-04T23:19:19.431+0000][18.338s][info ][gc,cpu      ] GC(31) User=0.02s Sys=0.00s Real=0.01s
[2025-05-04T23:19:19.431+0000][18.338s][info ][safepoint   ] Safepoint "G1CollectForAllocation", Time since last: 648956061 ns, Reaching safepoint: 276319 ns, Cleanup: 51504 ns, At safepoint: 5947209 ns, Total: 6275032 ns
[2025-05-04T23:19:19.679+0000][18.585s][debug][safepoint   ] Safepoint synchronization initiated using futex wait barrier. (21 threads)
[2025-05-04T23:19:19.679+0000][18.586s][info ][safepoint   ] Safepoint "ICBufferFull", Time since last: 247339922 ns, Reaching safepoint: 487334 ns, Cleanup: 94406 ns, At safepoint: 27502 ns, Total: 609242 ns
[2025-05-04T23:19:19.738+0000][18.644s][debug][safepoint   ] Safepoint synchronization initiated using futex wait barrier. (21 threads)
[2025-05-04T23:19:19.738+0000][18.644s][info ][safepoint   ] Safepoint "ICBufferFull", Time since last: 58284611 ns, Reaching safepoint: 307322 ns, Cleanup: 68404 ns, At safepoint: 31802 ns, Total: 407528 ns
[2025-05-04T23:19:19.790+0000][18.697s][debug][safepoint   ] Safepoint synchronization initiated using futex wait barrier. (21 threads)
[2025-05-04T23:19:19.791+0000][18.697s][info ][safepoint   ] Safepoint "ICBufferFull", Time since last: 52093086 ns, Reaching safepoint: 363125 ns, Cleanup: 69104 ns, At safepoint: 30902 ns, Total: 463131 ns
[2025-05-04T23:19:19.865+0000][18.771s][debug][safepoint   ] Safepoint synchronization initiated using futex wait barrier. (21 threads)
[2025-05-04T23:19:19.865+0000][18.771s][info ][safepoint   ] Safepoint "ICBufferFull", Time since last: 73997493 ns, Reaching safepoint: 289020 ns, Cleanup: 79305 ns, At safepoint: 19402 ns, Total: 387727 ns
[2025-05-04T23:19:20.042+0000][18.948s][debug][safepoint   ] Safepoint synchronization initiated using futex wait barrier. (21 threads)
[2025-05-04T23:19:20.042+0000][18.948s][info ][safepoint   ] Safepoint "ICBufferFull", Time since last: 176494846 ns, Reaching safepoint: 249217 ns, Cleanup: 93207 ns, At safepoint: 17601 ns, Total: 360025 ns
[2025-05-04T23:19:20.206+0000][19.113s][debug][safepoint   ] Safepoint synchronization initiated using futex wait barrier. (21 threads)
[2025-05-04T23:19:20.207+0000][19.113s][info ][safepoint   ] Safepoint "ICBufferFull", Time since last: 164585927 ns, Reaching safepoint: 325622 ns, Cleanup: 100007 ns, At safepoint: 6101 ns, Total: 431730 ns
[2025-05-04T23:19:20.261+0000][19.167s][debug][safepoint   ] Safepoint synchronization initiated using futex wait barrier. (21 threads)
[2025-05-04T23:19:20.261+0000][19.167s][info ][gc,start    ] GC(32) Pause Young (Normal) (G1 Evacuation Pause)
[2025-05-04T23:19:20.261+0000][19.167s][info ][gc,task     ] GC(32) Using 6 workers of 8 for evacuation
[2025-05-04T23:19:20.265+0000][19.171s][info ][gc,phases   ] GC(32)   Pre Evacuate Collection Set: 0.1ms
[2025-05-04T23:19:20.265+0000][19.171s][info ][gc,phases   ] GC(32)   Merge Heap Roots: 0.1ms
[2025-05-04T23:19:20.265+0000][19.172s][info ][gc,phases   ] GC(32)   Evacuate Collection Set: 2.3ms
[2025-05-04T23:19:20.265+0000][19.172s][info ][gc,phases   ] GC(32)   Post Evacuate Collection Set: 1.0ms
[2025-05-04T23:19:20.265+0000][19.172s][info ][gc,phases   ] GC(32)   Other: 0.4ms
[2025-05-04T23:19:20.266+0000][19.172s][info ][gc,heap     ] GC(32) Eden regions: 81->0(81)
[2025-05-04T23:19:20.266+0000][19.172s][info ][gc,heap     ] GC(32) Survivor regions: 1->2(11)
[2025-05-04T23:19:20.266+0000][19.172s][info ][gc,heap     ] GC(32) Old regions: 37->37
[2025-05-04T23:19:20.266+0000][19.172s][info ][gc,heap     ] GC(32) Archive regions: 2->2
[2025-05-04T23:19:20.266+0000][19.172s][info ][gc,heap     ] GC(32) Humongous regions: 0->0
[2025-05-04T23:19:20.266+0000][19.172s][info ][gc,metaspace] GC(32) Metaspace: 80544K(81024K)->80544K(81024K) NonClass: 70026K(70272K)->70026K(70272K) Class: 10518K(10752K)->10518K(10752K)
[2025-05-04T23:19:20.266+0000][19.173s][info ][gc          ] GC(32) Pause Young (Normal) (G1 Evacuation Pause) 238M->78M(280M) 5.312ms
[2025-05-04T23:19:20.266+0000][19.173s][info ][gc,cpu      ] GC(32) User=0.02s Sys=0.00s Real=0.01s
[2025-05-04T23:19:20.267+0000][19.173s][info ][safepoint   ] Safepoint "G1CollectForAllocation", Time since last: 53719197 ns, Reaching safepoint: 217114 ns, Cleanup: 24602 ns, At safepoint: 5830901 ns, Total: 6072617 ns
[2025-05-04T23:19:20.770+0000][19.676s][debug][safepoint   ] Safepoint synchronization initiated using futex wait barrier. (20 threads)
[2025-05-04T23:19:20.771+0000][19.677s][info ][safepoint   ] Safepoint "ICBufferFull", Time since last: 503201531 ns, Reaching safepoint: 391627 ns, Cleanup: 133109 ns, At safepoint: 98607 ns, Total: 623343 ns
[2025-05-04T23:19:21.328+0000][20.234s][debug][safepoint   ] Safepoint synchronization initiated using futex wait barrier. (21 threads)
[2025-05-04T23:19:21.328+0000][20.235s][info ][gc,start    ] GC(33) Pause Young (Normal) (G1 Evacuation Pause)
[2025-05-04T23:19:21.329+0000][20.235s][info ][gc,task     ] GC(33) Using 6 workers of 8 for evacuation
[2025-05-04T23:19:21.335+0000][20.241s][info ][gc,phases   ] GC(33)   Pre Evacuate Collection Set: 0.1ms
[2025-05-04T23:19:21.335+0000][20.241s][info ][gc,phases   ] GC(33)   Merge Heap Roots: 0.1ms
[2025-05-04T23:19:21.335+0000][20.241s][info ][gc,phases   ] GC(33)   Evacuate Collection Set: 4.2ms
[2025-05-04T23:19:21.335+0000][20.242s][info ][gc,phases   ] GC(33)   Post Evacuate Collection Set: 1.5ms
[2025-05-04T23:19:21.335+0000][20.242s][info ][gc,phases   ] GC(33)   Other: 0.4ms
[2025-05-04T23:19:21.335+0000][20.242s][info ][gc,heap     ] GC(33) Eden regions: 81->0(79)
[2025-05-04T23:19:21.336+0000][20.242s][info ][gc,heap     ] GC(33) Survivor regions: 2->3(11)
[2025-05-04T23:19:21.336+0000][20.242s][info ][gc,heap     ] GC(33) Old regions: 37->37
[2025-05-04T23:19:21.336+0000][20.242s][info ][gc,heap     ] GC(33) Archive regions: 2->2
[2025-05-04T23:19:21.336+0000][20.242s][info ][gc,heap     ] GC(33) Humongous regions: 0->0
[2025-05-04T23:19:21.336+0000][20.242s][info ][gc,metaspace] GC(33) Metaspace: 84225K(84736K)->84225K(84736K) NonClass: 73213K(73472K)->73213K(73472K) Class: 11012K(11264K)->11012K(11264K)
[2025-05-04T23:19:21.336+0000][20.243s][info ][gc          ] GC(33) Pause Young (Normal) (G1 Evacuation Pause) 240M->80M(280M) 7.794ms
[2025-05-04T23:19:21.336+0000][20.243s][info ][gc,cpu      ] GC(33) User=0.04s Sys=0.00s Real=0.01s
[2025-05-04T23:19:21.337+0000][20.243s][info ][safepoint   ] Safepoint "G1CollectForAllocation", Time since last: 557526569 ns, Reaching safepoint: 297521 ns, Cleanup: 87806 ns, At safepoint: 8158461 ns, Total: 8543788 ns
[2025-05-04T23:19:22.090+0000][20.996s][debug][safepoint   ] Safepoint synchronization initiated using futex wait barrier. (20 threads)
[2025-05-04T23:19:22.091+0000][20.997s][info ][safepoint   ] Safepoint "ICBufferFull", Time since last: 753536601 ns, Reaching safepoint: 253615 ns, Cleanup: 86306 ns, At safepoint: 19301 ns, Total: 359222 ns
[2025-05-04T23:19:22.675+0000][21.582s][debug][safepoint   ] Safepoint synchronization initiated using futex wait barrier. (20 threads)
[2025-05-04T23:19:22.676+0000][21.582s][info ][gc,start    ] GC(34) Pause Young (Normal) (G1 Evacuation Pause)
[2025-05-04T23:19:22.676+0000][21.582s][info ][gc,task     ] GC(34) Using 6 workers of 8 for evacuation
[2025-05-04T23:19:22.684+0000][21.591s][info ][gc,phases   ] GC(34)   Pre Evacuate Collection Set: 0.1ms
[2025-05-04T23:19:22.685+0000][21.591s][info ][gc,phases   ] GC(34)   Merge Heap Roots: 0.1ms
[2025-05-04T23:19:22.685+0000][21.591s][info ][gc,phases   ] GC(34)   Evacuate Collection Set: 7.0ms
[2025-05-04T23:19:22.685+0000][21.591s][info ][gc,phases   ] GC(34)   Post Evacuate Collection Set: 1.2ms
[2025-05-04T23:19:22.685+0000][21.591s][info ][gc,phases   ] GC(34)   Other: 0.4ms
[2025-05-04T23:19:22.685+0000][21.591s][info ][gc,heap     ] GC(34) Eden regions: 79->0(75)
[2025-05-04T23:19:22.685+0000][21.592s][info ][gc,heap     ] GC(34) Survivor regions: 3->6(11)
[2025-05-04T23:19:22.685+0000][21.592s][info ][gc,heap     ] GC(34) Old regions: 37->37
[2025-05-04T23:19:22.685+0000][21.592s][info ][gc,heap     ] GC(34) Archive regions: 2->2
[2025-05-04T23:19:22.685+0000][21.592s][info ][gc,heap     ] GC(34) Humongous regions: 0->0
[2025-05-04T23:19:22.686+0000][21.592s][info ][gc,metaspace] GC(34) Metaspace: 87179K(87744K)->87179K(87744K) NonClass: 75988K(76288K)->75988K(76288K) Class: 11191K(11456K)->11191K(11456K)
[2025-05-04T23:19:22.686+0000][21.592s][info ][gc          ] GC(34) Pause Young (Normal) (G1 Evacuation Pause) 238M->85M(280M) 10.082ms
[2025-05-04T23:19:22.686+0000][21.592s][info ][gc,cpu      ] GC(34) User=0.06s Sys=0.00s Real=0.01s
[2025-05-04T23:19:22.686+0000][21.592s][info ][safepoint   ] Safepoint "G1CollectForAllocation", Time since last: 584748440 ns, Reaching safepoint: 298319 ns, Cleanup: 53503 ns, At safepoint: 10379247 ns, Total: 10731069 ns
[2025-05-04T23:19:23.642+0000][22.548s][debug][safepoint   ] Safepoint synchronization initiated using futex wait barrier. (24 threads)
[2025-05-04T23:19:23.642+0000][22.549s][info ][safepoint   ] Safepoint "ICBufferFull", Time since last: 956007177 ns, Reaching safepoint: 238614 ns, Cleanup: 92506 ns, At safepoint: 29902 ns, Total: 361022 ns
[2025-05-04T23:19:23.709+0000][22.615s][debug][safepoint   ] Safepoint synchronization initiated using futex wait barrier. (24 threads)
[2025-05-04T23:19:23.709+0000][22.616s][info ][gc,start    ] GC(35) Pause Young (Normal) (G1 Evacuation Pause)
[2025-05-04T23:19:23.710+0000][22.616s][info ][gc,task     ] GC(35) Using 8 workers of 8 for evacuation
[2025-05-04T23:19:23.718+0000][22.624s][info ][gc,phases   ] GC(35)   Pre Evacuate Collection Set: 0.1ms
[2025-05-04T23:19:23.718+0000][22.624s][info ][gc,phases   ] GC(35)   Merge Heap Roots: 0.1ms
[2025-05-04T23:19:23.718+0000][22.624s][info ][gc,phases   ] GC(35)   Evacuate Collection Set: 6.3ms
[2025-05-04T23:19:23.718+0000][22.624s][info ][gc,phases   ] GC(35)   Post Evacuate Collection Set: 1.3ms
[2025-05-04T23:19:23.718+0000][22.624s][info ][gc,phases   ] GC(35)   Other: 0.4ms
[2025-05-04T23:19:23.718+0000][22.625s][info ][gc,heap     ] GC(35) Eden regions: 75->0(73)
[2025-05-04T23:19:23.718+0000][22.625s][info ][gc,heap     ] GC(35) Survivor regions: 6->7(11)
[2025-05-04T23:19:23.718+0000][22.625s][info ][gc,heap     ] GC(35) Old regions: 37->37
[2025-05-04T23:19:23.719+0000][22.625s][info ][gc,heap     ] GC(35) Archive regions: 2->2
[2025-05-04T23:19:23.719+0000][22.625s][info ][gc,heap     ] GC(35) Humongous regions: 0->0
[2025-05-04T23:19:23.719+0000][22.625s][info ][gc,metaspace] GC(35) Metaspace: 89740K(90304K)->89740K(90304K) NonClass: 78287K(78592K)->78287K(78592K) Class: 11452K(11712K)->11452K(11712K)
[2025-05-04T23:19:23.719+0000][22.625s][info ][gc          ] GC(35) Pause Young (Normal) (G1 Evacuation Pause) 235M->89M(280M) 9.444ms
[2025-05-04T23:19:23.719+0000][22.625s][info ][gc,cpu      ] GC(35) User=0.07s Sys=0.00s Real=0.01s
[2025-05-04T23:19:23.719+0000][22.626s][info ][safepoint   ] Safepoint "G1CollectForAllocation", Time since last: 66571849 ns, Reaching safepoint: 396324 ns, Cleanup: 101107 ns, At safepoint: 9841613 ns, Total: 10339044 ns
[2025-05-04T23:19:24.679+0000][23.586s][debug][safepoint   ] Safepoint synchronization initiated using futex wait barrier. (25 threads)
[2025-05-04T23:19:24.680+0000][23.586s][info ][safepoint   ] Safepoint "ICBufferFull", Time since last: 959966823 ns, Reaching safepoint: 327821 ns, Cleanup: 132408 ns, At safepoint: 19201 ns, Total: 479430 ns
[2025-05-04T23:19:24.835+0000][23.742s][debug][safepoint   ] Safepoint synchronization initiated using futex wait barrier. (25 threads)
[2025-05-04T23:19:24.836+0000][23.742s][info ][gc,start    ] GC(36) Pause Young (Normal) (G1 Evacuation Pause)
[2025-05-04T23:19:24.836+0000][23.742s][info ][gc,task     ] GC(36) Using 8 workers of 8 for evacuation
[2025-05-04T23:19:24.848+0000][23.755s][info ][gc,phases   ] GC(36)   Pre Evacuate Collection Set: 0.1ms
[2025-05-04T23:19:24.849+0000][23.755s][info ][gc,phases   ] GC(36)   Merge Heap Roots: 0.1ms
[2025-05-04T23:19:24.849+0000][23.755s][info ][gc,phases   ] GC(36)   Evacuate Collection Set: 10.7ms
[2025-05-04T23:19:24.849+0000][23.755s][info ][gc,phases   ] GC(36)   Post Evacuate Collection Set: 1.4ms
[2025-05-04T23:19:24.849+0000][23.755s][info ][gc,phases   ] GC(36)   Other: 0.4ms
[2025-05-04T23:19:24.849+0000][23.755s][info ][gc,heap     ] GC(36) Eden regions: 73->0(72)
[2025-05-04T23:19:24.849+0000][23.755s][info ][gc,heap     ] GC(36) Survivor regions: 7->6(10)
[2025-05-04T23:19:24.849+0000][23.756s][info ][gc,heap     ] GC(36) Old regions: 37->40
[2025-05-04T23:19:24.849+0000][23.756s][info ][gc,heap     ] GC(36) Archive regions: 2->2
[2025-05-04T23:19:24.849+0000][23.756s][info ][gc,heap     ] GC(36) Humongous regions: 0->0
[2025-05-04T23:19:24.850+0000][23.756s][info ][gc,metaspace] GC(36) Metaspace: 94399K(94912K)->94399K(94912K) NonClass: 82183K(82432K)->82183K(82432K) Class: 12215K(12480K)->12215K(12480K)
[2025-05-04T23:19:24.850+0000][23.756s][info ][gc          ] GC(36) Pause Young (Normal) (G1 Evacuation Pause) 235M->91M(280M) 14.091ms
[2025-05-04T23:19:24.850+0000][23.756s][info ][gc,cpu      ] GC(36) User=0.10s Sys=0.00s Real=0.01s
[2025-05-04T23:19:24.850+0000][23.756s][info ][safepoint   ] Safepoint "G1CollectForAllocation", Time since last: 155532793 ns, Reaching safepoint: 229814 ns, Cleanup: 61204 ns, At safepoint: 14365895 ns, Total: 14656913 ns
[2025-05-04T23:19:25.376+0000][24.283s][debug][safepoint   ] Safepoint synchronization initiated using futex wait barrier. (25 threads)
[2025-05-04T23:19:25.377+0000][24.283s][info ][gc,start    ] GC(37) Pause Young (Normal) (G1 Evacuation Pause)
[2025-05-04T23:19:25.377+0000][24.283s][info ][gc,task     ] GC(37) Using 8 workers of 8 for evacuation
[2025-05-04T23:19:25.384+0000][24.291s][info ][gc,phases   ] GC(37)   Pre Evacuate Collection Set: 0.1ms
[2025-05-04T23:19:25.385+0000][24.291s][info ][gc,phases   ] GC(37)   Merge Heap Roots: 0.2ms
[2025-05-04T23:19:25.385+0000][24.291s][info ][gc,phases   ] GC(37)   Evacuate Collection Set: 5.9ms
[2025-05-04T23:19:25.385+0000][24.291s][info ][gc,phases   ] GC(37)   Post Evacuate Collection Set: 1.1ms
[2025-05-04T23:19:25.385+0000][24.291s][info ][gc,phases   ] GC(37)   Other: 0.5ms
[2025-05-04T23:19:25.385+0000][24.292s][info ][gc,heap     ] GC(37) Eden regions: 72->0(72)
[2025-05-04T23:19:25.385+0000][24.292s][info ][gc,heap     ] GC(37) Survivor regions: 6->5(10)
[2025-05-04T23:19:25.385+0000][24.292s][info ][gc,heap     ] GC(37) Old regions: 40->42
[2025-05-04T23:19:25.386+0000][24.292s][info ][gc,heap     ] GC(37) Archive regions: 2->2
[2025-05-04T23:19:25.386+0000][24.292s][info ][gc,heap     ] GC(37) Humongous regions: 0->0
[2025-05-04T23:19:25.386+0000][24.292s][info ][gc,metaspace] GC(37) Metaspace: 97289K(97856K)->97289K(97856K) NonClass: 84557K(84864K)->84557K(84864K) Class: 12731K(12992K)->12731K(12992K)
[2025-05-04T23:19:25.386+0000][24.292s][info ][gc          ] GC(37) Pause Young (Normal) (G1 Evacuation Pause) 235M->95M(280M) 9.476ms
[2025-05-04T23:19:25.386+0000][24.292s][info ][gc,cpu      ] GC(37) User=0.05s Sys=0.00s Real=0.01s
[2025-05-04T23:19:25.386+0000][24.293s][info ][safepoint   ] Safepoint "G1CollectForAllocation", Time since last: 526309499 ns, Reaching safepoint: 263816 ns, Cleanup: 49503 ns, At safepoint: 9774709 ns, Total: 10088028 ns
[2025-05-04T23:19:26.164+0000][25.071s][info ][gc,heap,exit] Heap
[2025-05-04T23:19:26.165+0000][25.071s][info ][gc,heap,exit]  garbage-first heap   total 286720K, used 159304K [0x0000000745800000, 0x0000000800000000)
[2025-05-04T23:19:26.165+0000][25.071s][info ][gc,heap,exit]   region size 2048K, 36 young (73728K), 5 survivors (10240K)
[2025-05-04T23:19:26.165+0000][25.071s][info ][gc,heap,exit]  Metaspace       used 99544K, committed 100096K, reserved 1179648K
[2025-05-04T23:19:26.165+0000][25.072s][info ][gc,heap,exit]   class space    used 13058K, committed 13312K, reserved 1048576K
[2025-05-04T23:19:26.165+0000][25.072s][debug][safepoint   ] Safepoint synchronization initiated using futex wait barrier. (15 threads)
