[2025-05-04T23:17:02.105+0000][0.063s][info][gc] Using G1
[2025-05-04T23:17:02.107+0000][0.066s][info][gc,init] Version: 17.0.13+11-Debian-2deb12u1 (release)
[2025-05-04T23:17:02.108+0000][0.067s][info][gc,init] CPUs: 8 total, 8 available
[2025-05-04T23:17:02.109+0000][0.068s][info][gc,init] Memory: 11928M
[2025-05-04T23:17:02.110+0000][0.068s][info][gc,init] Large Page Support: Disabled
[2025-05-04T23:17:02.110+0000][0.069s][info][gc,init] NUMA Support: Disabled
[2025-05-04T23:17:02.110+0000][0.069s][info][gc,init] Compressed Oops: Enabled (Zero based)
[2025-05-04T23:17:02.110+0000][0.069s][info][gc,init] Heap Region Size: 2M
[2025-05-04T23:17:02.111+0000][0.069s][info][gc,init] Heap Min Capacity: 8M
[2025-05-04T23:17:02.111+0000][0.070s][info][gc,init] Heap Initial Capacity: 188M
[2025-05-04T23:17:02.111+0000][0.070s][info][gc,init] Heap Max Capacity: 2984M
[2025-05-04T23:17:02.111+0000][0.070s][info][gc,init] Pre-touch: Disabled
[2025-05-04T23:17:02.111+0000][0.070s][info][gc,init] Parallel Workers: 8
[2025-05-04T23:17:02.111+0000][0.070s][info][gc,init] Concurrent Workers: 2
[2025-05-04T23:17:02.112+0000][0.070s][info][gc,init] Concurrent Refinement Workers: 8
[2025-05-04T23:17:02.112+0000][0.070s][info][gc,init] Periodic GC: Disabled
[2025-05-04T23:17:02.118+0000][0.077s][info][gc,metaspace] CDS archive(s) mapped at: [0x00007f2133000000-0x00007f2133bc9000-0x00007f2133bc9000), size 12357632, SharedBaseAddress: 0x00007f2133000000, ArchiveRelocationMode: 1.
[2025-05-04T23:17:02.118+0000][0.077s][info][gc,metaspace] Compressed class space mapped at: 0x00007f2134000000-0x00007f2174000000, reserved size: 1073741824
[2025-05-04T23:17:02.119+0000][0.077s][info][gc,metaspace] Narrow klass base: 0x00007f2133000000, Narrow klass shift: 0, Narrow klass range: 0x100000000
[2025-05-04T23:17:02.135+0000][0.093s][info][cds,heap    ] initialize_from_archived_subgraph java.lang.Module$ArchivedData 0x00007f2133183388 (early)
[2025-05-04T23:17:02.137+0000][0.095s][info][cds,heap    ] initialize_from_archived_subgraph java.util.ImmutableCollections 0x00007f2133070cd8 (early)
[2025-05-04T23:17:02.146+0000][0.105s][info][cds,heap    ] initialize_from_archived_subgraph java.lang.Integer$IntegerCache 0x00007f2133036060 (early)
[2025-05-04T23:17:02.166+0000][0.125s][info][cds,heap    ] initialize_from_archived_subgraph java.lang.module.Configuration 0x00007f2133171308 (early)
[2025-05-04T23:17:02.167+0000][0.125s][info][cds,heap    ] initialize_from_archived_subgraph java.lang.ModuleLayer 0x00007f2133145c58 (early)
[2025-05-04T23:17:02.168+0000][0.127s][info][cds,heap    ] initialize_from_archived_subgraph jdk.internal.loader.ArchivedClassLoaders 0x00007f21331a79f0 (early)
[2025-05-04T23:17:02.169+0000][0.128s][info][cds,heap    ] initialize_from_archived_subgraph jdk.internal.module.ArchivedBootLayer 0x00007f2133177f48 (early)
[2025-05-04T23:17:02.172+0000][0.131s][info][cds,heap    ] initialize_from_archived_subgraph sun.util.locale.BaseLocale 0x00007f213326bb10
[2025-05-04T23:17:02.185+0000][0.143s][info][cds,heap    ] initialize_from_archived_subgraph java.util.jar.Attributes$Name 0x00007f2133199468
[2025-05-04T23:17:02.223+0000][0.182s][info][cds,heap    ] initialize_from_archived_subgraph java.lang.Long$LongCache 0x00007f213301f998
[2025-05-04T23:17:02.339+0000][0.298s][info][cds,heap    ] initialize_from_archived_subgraph java.lang.Character$CharacterCache 0x00007f21330393e8
[2025-05-04T23:17:02.857+0000][0.815s][debug][safepoint   ] Safepoint synchronization initiated using futex wait barrier. (14 threads)
[2025-05-04T23:17:02.857+0000][0.816s][info ][safepoint   ] Safepoint "ICBufferFull", Time since last: 723092822 ns, Reaching safepoint: 347920 ns, Cleanup: 132108 ns, At safepoint: 8901 ns, Total: 488929 ns
[2025-05-04T23:17:02.938+0000][0.897s][debug][safepoint   ] Safepoint synchronization initiated using futex wait barrier. (14 threads)
[2025-05-04T23:17:02.938+0000][0.897s][info ][gc,start    ] GC(0) Pause Young (Normal) (G1 Evacuation Pause)
[2025-05-04T23:17:02.939+0000][0.897s][info ][gc,task     ] GC(0) Using 4 workers of 8 for evacuation
[2025-05-04T23:17:02.947+0000][0.905s][info ][gc,phases   ] GC(0)   Pre Evacuate Collection Set: 0.1ms
[2025-05-04T23:17:02.947+0000][0.906s][info ][gc,phases   ] GC(0)   Merge Heap Roots: 0.1ms
[2025-05-04T23:17:02.947+0000][0.906s][info ][gc,phases   ] GC(0)   Evacuate Collection Set: 6.2ms
[2025-05-04T23:17:02.947+0000][0.906s][info ][gc,phases   ] GC(0)   Post Evacuate Collection Set: 1.0ms
[2025-05-04T23:17:02.947+0000][0.906s][info ][gc,phases   ] GC(0)   Other: 1.0ms
[2025-05-04T23:17:02.948+0000][0.906s][info ][gc,heap     ] GC(0) Eden regions: 31->0(44)
[2025-05-04T23:17:02.948+0000][0.906s][info ][gc,heap     ] GC(0) Survivor regions: 0->4(4)
[2025-05-04T23:17:02.948+0000][0.907s][info ][gc,heap     ] GC(0) Old regions: 0->1
[2025-05-04T23:17:02.948+0000][0.907s][info ][gc,heap     ] GC(0) Archive regions: 2->2
[2025-05-04T23:17:02.948+0000][0.907s][info ][gc,heap     ] GC(0) Humongous regions: 0->0
[2025-05-04T23:17:02.949+0000][0.907s][info ][gc,metaspace] GC(0) Metaspace: 2482K(2688K)->2482K(2688K) NonClass: 2246K(2368K)->2246K(2368K) Class: 236K(320K)->236K(320K)
[2025-05-04T23:17:02.949+0000][0.907s][info ][gc          ] GC(0) Pause Young (Normal) (G1 Evacuation Pause) 63M->10M(192M) 10.481ms
[2025-05-04T23:17:02.949+0000][0.908s][info ][gc,cpu      ] GC(0) User=0.01s Sys=0.04s Real=0.01s
[2025-05-04T23:17:02.949+0000][0.908s][info ][safepoint   ] Safepoint "G1CollectForAllocation", Time since last: 80625753 ns, Reaching safepoint: 312218 ns, Cleanup: 26102 ns, At safepoint: 10814851 ns, Total: 11153171 ns
[2025-05-04T23:17:03.956+0000][1.914s][debug][safepoint   ] Safepoint synchronization initiated using futex wait barrier. (15 threads)
[2025-05-04T23:17:03.956+0000][1.915s][info ][gc,start    ] GC(1) Pause Young (Normal) (G1 Evacuation Pause)
[2025-05-04T23:17:03.956+0000][1.915s][info ][gc,task     ] GC(1) Using 4 workers of 8 for evacuation
[2025-05-04T23:17:03.965+0000][1.923s][info ][gc,phases   ] GC(1)   Pre Evacuate Collection Set: 0.1ms
[2025-05-04T23:17:03.965+0000][1.924s][info ][gc,phases   ] GC(1)   Merge Heap Roots: 0.1ms
[2025-05-04T23:17:03.965+0000][1.924s][info ][gc,phases   ] GC(1)   Evacuate Collection Set: 6.7ms
[2025-05-04T23:17:03.965+0000][1.924s][info ][gc,phases   ] GC(1)   Post Evacuate Collection Set: 1.3ms
[2025-05-04T23:17:03.965+0000][1.924s][info ][gc,phases   ] GC(1)   Other: 0.5ms
[2025-05-04T23:17:03.965+0000][1.924s][info ][gc,heap     ] GC(1) Eden regions: 44->0(54)
[2025-05-04T23:17:03.966+0000][1.924s][info ][gc,heap     ] GC(1) Survivor regions: 4->2(6)
[2025-05-04T23:17:03.966+0000][1.924s][info ][gc,heap     ] GC(1) Old regions: 1->5
[2025-05-04T23:17:03.966+0000][1.924s][info ][gc,heap     ] GC(1) Archive regions: 2->2
[2025-05-04T23:17:03.966+0000][1.925s][info ][gc,heap     ] GC(1) Humongous regions: 0->0
[2025-05-04T23:17:03.966+0000][1.925s][info ][gc,metaspace] GC(1) Metaspace: 6212K(6592K)->6212K(6592K) NonClass: 5453K(5632K)->5453K(5632K) Class: 758K(960K)->758K(960K)
[2025-05-04T23:17:03.966+0000][1.925s][info ][gc          ] GC(1) Pause Young (Normal) (G1 Evacuation Pause) 98M->14M(192M) 10.031ms
[2025-05-04T23:17:03.966+0000][1.925s][info ][gc,cpu      ] GC(1) User=0.05s Sys=0.00s Real=0.01s
[2025-05-04T23:17:03.966+0000][1.925s][info ][safepoint   ] Safepoint "G1CollectForAllocation", Time since last: 1006624786 ns, Reaching safepoint: 323520 ns, Cleanup: 183111 ns, At safepoint: 10359723 ns, Total: 10866354 ns
[2025-05-04T23:17:04.798+0000][2.757s][debug][safepoint   ] Safepoint synchronization initiated using futex wait barrier. (15 threads)
[2025-05-04T23:17:04.798+0000][2.757s][info ][gc,start    ] GC(2) Pause Young (Normal) (G1 Evacuation Pause)
[2025-05-04T23:17:04.798+0000][2.757s][info ][gc,task     ] GC(2) Using 4 workers of 8 for evacuation
[2025-05-04T23:17:04.803+0000][2.762s][info ][gc,phases   ] GC(2)   Pre Evacuate Collection Set: 0.1ms
[2025-05-04T23:17:04.803+0000][2.762s][info ][gc,phases   ] GC(2)   Merge Heap Roots: 0.1ms
[2025-05-04T23:17:04.803+0000][2.762s][info ][gc,phases   ] GC(2)   Evacuate Collection Set: 3.4ms
[2025-05-04T23:17:04.804+0000][2.762s][info ][gc,phases   ] GC(2)   Post Evacuate Collection Set: 0.9ms
[2025-05-04T23:17:04.804+0000][2.762s][info ][gc,phases   ] GC(2)   Other: 0.3ms
[2025-05-04T23:17:04.804+0000][2.763s][info ][gc,heap     ] GC(2) Eden regions: 54->0(54)
[2025-05-04T23:17:04.804+0000][2.763s][info ][gc,heap     ] GC(2) Survivor regions: 2->2(7)
[2025-05-04T23:17:04.804+0000][2.763s][info ][gc,heap     ] GC(2) Old regions: 5->5
[2025-05-04T23:17:04.804+0000][2.763s][info ][gc,heap     ] GC(2) Archive regions: 2->2
[2025-05-04T23:17:04.804+0000][2.763s][info ][gc,heap     ] GC(2) Humongous regions: 0->0
[2025-05-04T23:17:04.804+0000][2.763s][info ][gc,metaspace] GC(2) Metaspace: 10974K(11328K)->10974K(11328K) NonClass: 9540K(9728K)->9540K(9728K) Class: 1434K(1600K)->1434K(1600K)
[2025-05-04T23:17:04.805+0000][2.763s][info ][gc          ] GC(2) Pause Young (Normal) (G1 Evacuation Pause) 122M->14M(192M) 6.296ms
[2025-05-04T23:17:04.805+0000][2.763s][info ][gc,cpu      ] GC(2) User=0.02s Sys=0.01s Real=0.01s
[2025-05-04T23:17:04.805+0000][2.764s][info ][safepoint   ] Safepoint "G1CollectForAllocation", Time since last: 831435442 ns, Reaching safepoint: 240015 ns, Cleanup: 83305 ns, At safepoint: 6646700 ns, Total: 6970020 ns
[2025-05-04T23:17:04.975+0000][2.933s][debug][safepoint   ] Safepoint synchronization initiated using futex wait barrier. (15 threads)
[2025-05-04T23:17:04.975+0000][2.934s][info ][safepoint   ] Safepoint "ICBufferFull", Time since last: 169743516 ns, Reaching safepoint: 618137 ns, Cleanup: 113507 ns, At safepoint: 9301 ns, Total: 740945 ns
[2025-05-04T23:17:05.268+0000][3.227s][debug][safepoint   ] Safepoint synchronization initiated using futex wait barrier. (16 threads)
[2025-05-04T23:17:05.269+0000][3.227s][info ][safepoint   ] Safepoint "ICBufferFull", Time since last: 293037737 ns, Reaching safepoint: 240815 ns, Cleanup: 75904 ns, At safepoint: 2300 ns, Total: 319019 ns
[2025-05-04T23:17:05.269+0000][3.228s][debug][safepoint   ] Safepoint synchronization initiated using futex wait barrier. (16 threads)
[2025-05-04T23:17:05.269+0000][3.228s][info ][safepoint   ] Safepoint "ICBufferFull", Time since last: 213313 ns, Reaching safepoint: 236214 ns, Cleanup: 4901 ns, At safepoint: 15901 ns, Total: 257016 ns
[2025-05-04T23:17:05.358+0000][3.316s][debug][safepoint   ] Safepoint synchronization initiated using futex wait barrier. (16 threads)
[2025-05-04T23:17:05.358+0000][3.317s][info ][gc,start    ] GC(3) Pause Young (Normal) (G1 Evacuation Pause)
[2025-05-04T23:17:05.358+0000][3.317s][info ][gc,task     ] GC(3) Using 4 workers of 8 for evacuation
[2025-05-04T23:17:05.364+0000][3.323s][info ][gc,phases   ] GC(3)   Pre Evacuate Collection Set: 0.1ms
[2025-05-04T23:17:05.365+0000][3.323s][info ][gc,phases   ] GC(3)   Merge Heap Roots: 0.1ms
[2025-05-04T23:17:05.365+0000][3.323s][info ][gc,phases   ] GC(3)   Evacuate Collection Set: 4.6ms
[2025-05-04T23:17:05.365+0000][3.324s][info ][gc,phases   ] GC(3)   Post Evacuate Collection Set: 0.9ms
[2025-05-04T23:17:05.365+0000][3.324s][info ][gc,phases   ] GC(3)   Other: 0.4ms
[2025-05-04T23:17:05.365+0000][3.324s][info ][gc,heap     ] GC(3) Eden regions: 54->0(52)
[2025-05-04T23:17:05.365+0000][3.324s][info ][gc,heap     ] GC(3) Survivor regions: 2->4(7)
[2025-05-04T23:17:05.365+0000][3.324s][info ][gc,heap     ] GC(3) Old regions: 5->5
[2025-05-04T23:17:05.365+0000][3.324s][info ][gc,heap     ] GC(3) Archive regions: 2->2
[2025-05-04T23:17:05.365+0000][3.324s][info ][gc,heap     ] GC(3) Humongous regions: 0->0
[2025-05-04T23:17:05.366+0000][3.324s][info ][gc,metaspace] GC(3) Metaspace: 14524K(14848K)->14524K(14848K) NonClass: 12641K(12800K)->12641K(12800K) Class: 1882K(2048K)->1882K(2048K)
[2025-05-04T23:17:05.366+0000][3.325s][info ][gc          ] GC(3) Pause Young (Normal) (G1 Evacuation Pause) 122M->17M(192M) 8.103ms
[2025-05-04T23:17:05.367+0000][3.325s][info ][gc,cpu      ] GC(3) User=0.04s Sys=0.00s Real=0.01s
[2025-05-04T23:17:05.367+0000][3.326s][info ][safepoint   ] Safepoint "G1CollectForAllocation", Time since last: 88413221 ns, Reaching safepoint: 482329 ns, Cleanup: 26302 ns, At safepoint: 8687122 ns, Total: 9195753 ns
[2025-05-04T23:17:05.542+0000][3.501s][info ][cds,heap    ] initialize_from_archived_subgraph java.lang.Byte$ByteCache 0x00007f21330395f8
[2025-05-04T23:17:05.542+0000][3.501s][info ][cds,heap    ] initialize_from_archived_subgraph java.lang.Short$ShortCache 0x00007f213303fce8
[2025-05-04T23:17:05.709+0000][3.668s][debug][safepoint   ] Safepoint synchronization initiated using futex wait barrier. (16 threads)
[2025-05-04T23:17:05.710+0000][3.669s][info ][gc,start    ] GC(4) Pause Young (Normal) (G1 Evacuation Pause)
[2025-05-04T23:17:05.710+0000][3.669s][info ][gc,task     ] GC(4) Using 4 workers of 8 for evacuation
[2025-05-04T23:17:05.717+0000][3.676s][info ][gc,phases   ] GC(4)   Pre Evacuate Collection Set: 0.1ms
[2025-05-04T23:17:05.717+0000][3.676s][info ][gc,phases   ] GC(4)   Merge Heap Roots: 0.1ms
[2025-05-04T23:17:05.718+0000][3.676s][info ][gc,phases   ] GC(4)   Evacuate Collection Set: 5.8ms
[2025-05-04T23:17:05.718+0000][3.676s][info ][gc,phases   ] GC(4)   Post Evacuate Collection Set: 1.0ms
[2025-05-04T23:17:05.718+0000][3.677s][info ][gc,phases   ] GC(4)   Other: 0.5ms
[2025-05-04T23:17:05.718+0000][3.677s][info ][gc,heap     ] GC(4) Eden regions: 52->0(51)
[2025-05-04T23:17:05.718+0000][3.677s][info ][gc,heap     ] GC(4) Survivor regions: 4->5(7)
[2025-05-04T23:17:05.718+0000][3.677s][info ][gc,heap     ] GC(4) Old regions: 5->5
[2025-05-04T23:17:05.718+0000][3.677s][info ][gc,heap     ] GC(4) Archive regions: 2->2
[2025-05-04T23:17:05.718+0000][3.677s][info ][gc,heap     ] GC(4) Humongous regions: 0->0
[2025-05-04T23:17:05.719+0000][3.677s][info ][gc,metaspace] GC(4) Metaspace: 17145K(17472K)->17145K(17472K) NonClass: 14809K(14976K)->14809K(14976K) Class: 2335K(2496K)->2335K(2496K)
[2025-05-04T23:17:05.719+0000][3.677s][info ][gc          ] GC(4) Pause Young (Normal) (G1 Evacuation Pause) 121M->20M(192M) 8.922ms
[2025-05-04T23:17:05.719+0000][3.678s][info ][gc,cpu      ] GC(4) User=0.03s Sys=0.00s Real=0.00s
[2025-05-04T23:17:05.719+0000][3.678s][info ][safepoint   ] Safepoint "G1CollectForAllocation", Time since last: 342047811 ns, Reaching safepoint: 858649 ns, Cleanup: 82605 ns, At safepoint: 9370630 ns, Total: 10311884 ns
[2025-05-04T23:17:06.171+0000][4.130s][debug][safepoint   ] Safepoint synchronization initiated using futex wait barrier. (16 threads)
[2025-05-04T23:17:06.172+0000][4.131s][info ][gc,start    ] GC(5) Pause Young (Concurrent Start) (Metadata GC Threshold)
[2025-05-04T23:17:06.172+0000][4.131s][info ][gc,task     ] GC(5) Using 4 workers of 8 for evacuation
[2025-05-04T23:17:06.194+0000][4.153s][info ][gc,phases   ] GC(5)   Pre Evacuate Collection Set: 0.1ms
[2025-05-04T23:17:06.195+0000][4.154s][info ][gc,phases   ] GC(5)   Merge Heap Roots: 0.1ms
[2025-05-04T23:17:06.196+0000][4.154s][info ][gc,phases   ] GC(5)   Evacuate Collection Set: 12.4ms
[2025-05-04T23:17:06.196+0000][4.155s][info ][gc,phases   ] GC(5)   Post Evacuate Collection Set: 7.7ms
[2025-05-04T23:17:06.197+0000][4.156s][info ][gc,phases   ] GC(5)   Other: 2.2ms
[2025-05-04T23:17:06.199+0000][4.157s][info ][gc,heap     ] GC(5) Eden regions: 37->0(51)
[2025-05-04T23:17:06.199+0000][4.158s][info ][gc,heap     ] GC(5) Survivor regions: 5->5(7)
[2025-05-04T23:17:06.201+0000][4.159s][info ][gc,heap     ] GC(5) Old regions: 5->6
[2025-05-04T23:17:06.201+0000][4.160s][info ][gc,heap     ] GC(5) Archive regions: 2->2
[2025-05-04T23:17:06.202+0000][4.161s][info ][gc,heap     ] GC(5) Humongous regions: 0->0
[2025-05-04T23:17:06.205+0000][4.164s][info ][gc,metaspace] GC(5) Metaspace: 21164K(21504K)->21164K(21504K) NonClass: 18399K(18560K)->18399K(18560K) Class: 2765K(2944K)->2765K(2944K)
[2025-05-04T23:17:06.208+0000][4.166s][info ][gc          ] GC(5) Pause Young (Concurrent Start) (Metadata GC Threshold) 93M->21M(192M) 35.760ms
[2025-05-04T23:17:06.208+0000][4.167s][info ][gc,cpu      ] GC(5) User=0.07s Sys=0.01s Real=0.03s
[2025-05-04T23:17:06.211+0000][4.169s][info ][gc          ] GC(6) Concurrent Mark Cycle
[2025-05-04T23:17:06.216+0000][4.174s][info ][gc,marking  ] GC(6) Concurrent Clear Claimed Marks
[2025-05-04T23:17:06.211+0000][4.170s][info ][safepoint   ] Safepoint "CollectForMetadataAllocation", Time since last: 451974699 ns, Reaching safepoint: 576133 ns, Cleanup: 65704 ns, At safepoint: 39121715 ns, Total: 39763552 ns
[2025-05-04T23:17:06.220+0000][4.179s][info ][gc,marking  ] GC(6) Concurrent Clear Claimed Marks 4.548ms
[2025-05-04T23:17:06.231+0000][4.190s][info ][gc,marking  ] GC(6) Concurrent Scan Root Regions
[2025-05-04T23:17:06.250+0000][4.208s][info ][gc,marking  ] GC(6) Concurrent Scan Root Regions 18.287ms
[2025-05-04T23:17:06.261+0000][4.220s][info ][gc,marking  ] GC(6) Concurrent Mark
[2025-05-04T23:17:06.267+0000][4.225s][info ][gc,marking  ] GC(6) Concurrent Mark From Roots
[2025-05-04T23:17:06.269+0000][4.228s][info ][gc,task     ] GC(6) Using 2 workers of 2 for marking
[2025-05-04T23:17:06.266+0000][4.225s][debug][safepoint   ] Safepoint synchronization initiated using futex wait barrier. (16 threads)
[2025-05-04T23:17:06.274+0000][4.233s][info ][safepoint   ] Safepoint "CollectForMetadataAllocation", Time since last: 55112822 ns, Reaching safepoint: 8178363 ns, Cleanup: 53403 ns, At safepoint: 104106 ns, Total: 8335872 ns
[2025-05-04T23:17:06.278+0000][4.236s][debug][safepoint   ] Safepoint synchronization initiated using futex wait barrier. (16 threads)
[2025-05-04T23:17:06.278+0000][4.237s][debug][safepoint   ] ... found polling page loop exception at pc = 0x00007f21a113b2da, stub =0x00007f21a0acf400
[2025-05-04T23:17:06.279+0000][4.238s][info ][safepoint   ] Safepoint "CollectForMetadataAllocation", Time since last: 3159779 ns, Reaching safepoint: 1228770 ns, Cleanup: 7900 ns, At safepoint: 58803 ns, Total: 1295473 ns
[2025-05-04T23:17:06.281+0000][4.240s][debug][safepoint   ] Safepoint synchronization initiated using futex wait barrier. (16 threads)
[2025-05-04T23:17:06.282+0000][4.240s][debug][safepoint   ] ... found polling page loop exception at pc = 0x00007f21a113b2da, stub =0x00007f21a0acf400
[2025-05-04T23:17:06.286+0000][4.245s][info ][safepoint   ] Safepoint "CollectForMetadataAllocation", Time since last: 994657 ns, Reaching safepoint: 6235253 ns, Cleanup: 12901 ns, At safepoint: 150608 ns, Total: 6398762 ns
[2025-05-04T23:17:06.297+0000][4.256s][info ][gc,marking  ] GC(6) Concurrent Mark From Roots 30.742ms
[2025-05-04T23:17:06.303+0000][4.262s][info ][gc,marking  ] GC(6) Concurrent Preclean
[2025-05-04T23:17:06.303+0000][4.262s][info ][gc,marking  ] GC(6) Concurrent Preclean 0.483ms
[2025-05-04T23:17:06.304+0000][4.262s][debug][safepoint   ] Safepoint synchronization initiated using futex wait barrier. (16 threads)
[2025-05-04T23:17:06.306+0000][4.265s][info ][gc,start    ] GC(6) Pause Remark
[2025-05-04T23:17:06.311+0000][4.269s][info ][gc          ] GC(6) Pause Remark 29M->29M(114M) 4.422ms
[2025-05-04T23:17:06.315+0000][4.273s][info ][gc,cpu      ] GC(6) User=0.03s Sys=0.00s Real=0.01s
[2025-05-04T23:17:06.317+0000][4.275s][info ][safepoint   ] Safepoint "G1PauseRemark", Time since last: 17507992 ns, Reaching safepoint: 2565545 ns, Cleanup: 33502 ns, At safepoint: 10252281 ns, Total: 12851328 ns
[2025-05-04T23:17:06.325+0000][4.284s][info ][gc,marking  ] GC(6) Concurrent Mark 63.367ms
[2025-05-04T23:17:06.332+0000][4.290s][info ][gc,marking  ] GC(6) Concurrent Rebuild Remembered Sets
[2025-05-04T23:17:06.339+0000][4.297s][info ][gc,marking  ] GC(6) Concurrent Rebuild Remembered Sets 6.867ms
[2025-05-04T23:17:06.347+0000][4.306s][debug][safepoint   ] Safepoint synchronization initiated using futex wait barrier. (16 threads)
[2025-05-04T23:17:06.347+0000][4.306s][info ][gc,start    ] GC(6) Pause Cleanup
[2025-05-04T23:17:06.348+0000][4.306s][info ][gc          ] GC(6) Pause Cleanup 32M->32M(114M) 0.434ms
[2025-05-04T23:17:06.348+0000][4.307s][info ][gc,cpu      ] GC(6) User=0.00s Sys=0.00s Real=0.00s
[2025-05-04T23:17:06.348+0000][4.307s][info ][safepoint   ] Safepoint "G1PauseCleanup", Time since last: 30332018 ns, Reaching safepoint: 373721 ns, Cleanup: 16301 ns, At safepoint: 882050 ns, Total: 1272072 ns
[2025-05-04T23:17:06.350+0000][4.309s][info ][gc,marking  ] GC(6) Concurrent Cleanup for Next Mark
[2025-05-04T23:17:06.352+0000][4.310s][info ][gc,marking  ] GC(6) Concurrent Cleanup for Next Mark 1.305ms
[2025-05-04T23:17:06.352+0000][4.311s][info ][gc          ] GC(6) Concurrent Mark Cycle 141.103ms
[2025-05-04T23:17:06.726+0000][4.685s][debug][safepoint   ] Safepoint synchronization initiated using futex wait barrier. (16 threads)
[2025-05-04T23:17:06.727+0000][4.686s][info ][gc,start    ] GC(7) Pause Young (Prepare Mixed) (G1 Evacuation Pause)
[2025-05-04T23:17:06.727+0000][4.686s][info ][gc,task     ] GC(7) Using 4 workers of 8 for evacuation
[2025-05-04T23:17:06.750+0000][4.709s][info ][gc,phases   ] GC(7)   Pre Evacuate Collection Set: 0.1ms
[2025-05-04T23:17:06.752+0000][4.711s][info ][gc,phases   ] GC(7)   Merge Heap Roots: 0.1ms
[2025-05-04T23:17:06.753+0000][4.712s][info ][gc,phases   ] GC(7)   Evacuate Collection Set: 21.5ms
[2025-05-04T23:17:06.754+0000][4.713s][info ][gc,phases   ] GC(7)   Post Evacuate Collection Set: 1.2ms
[2025-05-04T23:17:06.755+0000][4.714s][info ][gc,phases   ] GC(7)   Other: 0.7ms
[2025-05-04T23:17:06.756+0000][4.714s][info ][gc,heap     ] GC(7) Eden regions: 29->0(1)
[2025-05-04T23:17:06.756+0000][4.715s][info ][gc,heap     ] GC(7) Survivor regions: 5->4(5)
[2025-05-04T23:17:06.756+0000][4.715s][info ][gc,heap     ] GC(7) Old regions: 6->8
[2025-05-04T23:17:06.756+0000][4.715s][info ][gc,heap     ] GC(7) Archive regions: 2->2
[2025-05-04T23:17:06.757+0000][4.715s][info ][gc,heap     ] GC(7) Humongous regions: 0->0
[2025-05-04T23:17:06.757+0000][4.715s][info ][gc,metaspace] GC(7) Metaspace: 23197K(23552K)->23197K(23552K) NonClass: 20159K(20352K)->20159K(20352K) Class: 3038K(3200K)->3038K(3200K)
[2025-05-04T23:17:06.759+0000][4.717s][info ][gc          ] GC(7) Pause Young (Prepare Mixed) (G1 Evacuation Pause) 79M->24M(114M) 31.680ms
[2025-05-04T23:17:06.759+0000][4.718s][info ][gc,cpu      ] GC(7) User=0.11s Sys=0.00s Real=0.03s
[2025-05-04T23:17:06.759+0000][4.718s][info ][safepoint   ] Safepoint "G1CollectForAllocation", Time since last: 377768196 ns, Reaching safepoint: 825746 ns, Cleanup: 73004 ns, At safepoint: 32319131 ns, Total: 33217881 ns
[2025-05-04T23:17:06.773+0000][4.732s][debug][safepoint   ] Safepoint synchronization initiated using futex wait barrier. (16 threads)
[2025-05-04T23:17:06.774+0000][4.732s][info ][gc,start    ] GC(8) Pause Young (Mixed) (G1 Evacuation Pause)
[2025-05-04T23:17:06.774+0000][4.733s][info ][gc,task     ] GC(8) Using 4 workers of 8 for evacuation
[2025-05-04T23:17:06.793+0000][4.752s][info ][gc,phases   ] GC(8)   Pre Evacuate Collection Set: 0.1ms
[2025-05-04T23:17:06.794+0000][4.752s][info ][gc,phases   ] GC(8)   Merge Heap Roots: 0.1ms
[2025-05-04T23:17:06.794+0000][4.753s][info ][gc,phases   ] GC(8)   Evacuate Collection Set: 16.5ms
[2025-05-04T23:17:06.803+0000][4.761s][info ][gc,phases   ] GC(8)   Post Evacuate Collection Set: 0.9ms
[2025-05-04T23:17:06.804+0000][4.763s][info ][gc,phases   ] GC(8)   Other: 1.5ms
[2025-05-04T23:17:06.817+0000][4.775s][info ][gc,heap     ] GC(8) Eden regions: 1->0(32)
[2025-05-04T23:17:06.818+0000][4.777s][info ][gc,heap     ] GC(8) Survivor regions: 4->1(1)
[2025-05-04T23:17:06.819+0000][4.777s][info ][gc,heap     ] GC(8) Old regions: 8->11
[2025-05-04T23:17:06.819+0000][4.778s][info ][gc,heap     ] GC(8) Archive regions: 2->2
[2025-05-04T23:17:06.819+0000][4.778s][info ][gc,heap     ] GC(8) Humongous regions: 0->0
[2025-05-04T23:17:06.819+0000][4.778s][info ][gc,metaspace] GC(8) Metaspace: 23213K(23552K)->23213K(23552K) NonClass: 20172K(20352K)->20172K(20352K) Class: 3040K(3200K)->3040K(3200K)
[2025-05-04T23:17:06.820+0000][4.778s][info ][gc          ] GC(8) Pause Young (Mixed) (G1 Evacuation Pause) 26M->24M(114M) 45.848ms
[2025-05-04T23:17:06.820+0000][4.779s][info ][gc,cpu      ] GC(8) User=0.12s Sys=0.01s Real=0.05s
[2025-05-04T23:17:06.820+0000][4.779s][info ][safepoint   ] Safepoint "G1CollectForAllocation", Time since last: 14076297 ns, Reaching safepoint: 489128 ns, Cleanup: 24101 ns, At safepoint: 46486533 ns, Total: 46999762 ns
[2025-05-04T23:17:07.447+0000][5.405s][debug][safepoint   ] Safepoint synchronization initiated using futex wait barrier. (15 threads)
[2025-05-04T23:17:07.451+0000][5.409s][info ][gc,start    ] GC(9) Pause Young (Concurrent Start) (G1 Evacuation Pause)
[2025-05-04T23:17:07.451+0000][5.410s][info ][gc,task     ] GC(9) Using 3 workers of 8 for evacuation
[2025-05-04T23:17:07.464+0000][5.423s][info ][gc,phases   ] GC(9)   Pre Evacuate Collection Set: 0.1ms
[2025-05-04T23:17:07.478+0000][5.437s][info ][gc,phases   ] GC(9)   Merge Heap Roots: 0.1ms
[2025-05-04T23:17:07.479+0000][5.438s][info ][gc,phases   ] GC(9)   Evacuate Collection Set: 5.4ms
[2025-05-04T23:17:07.480+0000][5.439s][info ][gc,phases   ] GC(9)   Post Evacuate Collection Set: 1.2ms
[2025-05-04T23:17:07.481+0000][5.440s][info ][gc,phases   ] GC(9)   Other: 6.9ms
[2025-05-04T23:17:07.482+0000][5.441s][info ][gc,heap     ] GC(9) Eden regions: 32->0(65)
[2025-05-04T23:17:07.483+0000][5.442s][info ][gc,heap     ] GC(9) Survivor regions: 1->3(5)
[2025-05-04T23:17:07.483+0000][5.442s][info ][gc,heap     ] GC(9) Old regions: 11->11
[2025-05-04T23:17:07.484+0000][5.442s][info ][gc,heap     ] GC(9) Archive regions: 2->2
[2025-05-04T23:17:07.484+0000][5.443s][info ][gc,heap     ] GC(9) Humongous regions: 0->0
[2025-05-04T23:17:07.484+0000][5.443s][info ][gc,metaspace] GC(9) Metaspace: 24507K(24896K)->24507K(24896K) NonClass: 21312K(21504K)->21312K(21504K) Class: 3194K(3392K)->3194K(3392K)
[2025-05-04T23:17:07.484+0000][5.443s][info ][gc          ] GC(9) Pause Young (Concurrent Start) (G1 Evacuation Pause) 88M->29M(228M) 33.780ms
[2025-05-04T23:17:07.485+0000][5.443s][info ][gc,cpu      ] GC(9) User=0.11s Sys=0.02s Real=0.03s
[2025-05-04T23:17:07.485+0000][5.444s][info ][gc          ] GC(10) Concurrent Mark Cycle
[2025-05-04T23:17:07.485+0000][5.444s][info ][safepoint   ] Safepoint "G1CollectForAllocation", Time since last: 626311073 ns, Reaching safepoint: 4012227 ns, Cleanup: 59204 ns, At safepoint: 34297942 ns, Total: 38369373 ns
[2025-05-04T23:17:07.494+0000][5.453s][info ][gc,marking  ] GC(10) Concurrent Clear Claimed Marks
[2025-05-04T23:17:07.500+0000][5.459s][info ][gc,marking  ] GC(10) Concurrent Clear Claimed Marks 5.598ms
[2025-05-04T23:17:07.506+0000][5.464s][info ][gc,marking  ] GC(10) Concurrent Scan Root Regions
[2025-05-04T23:17:07.517+0000][5.475s][info ][gc,marking  ] GC(10) Concurrent Scan Root Regions 11.029ms
[2025-05-04T23:17:07.536+0000][5.495s][info ][gc,marking  ] GC(10) Concurrent Mark
[2025-05-04T23:17:07.538+0000][5.497s][info ][gc,marking  ] GC(10) Concurrent Mark From Roots
[2025-05-04T23:17:07.540+0000][5.499s][info ][gc,task     ] GC(10) Using 2 workers of 2 for marking
[2025-05-04T23:17:07.590+0000][5.549s][info ][gc,marking  ] GC(10) Concurrent Mark From Roots 52.018ms
[2025-05-04T23:17:07.591+0000][5.549s][info ][gc,marking  ] GC(10) Concurrent Preclean
[2025-05-04T23:17:07.591+0000][5.550s][info ][gc,marking  ] GC(10) Concurrent Preclean 0.483ms
[2025-05-04T23:17:07.592+0000][5.550s][debug][safepoint   ] Safepoint synchronization initiated using futex wait barrier. (15 threads)
[2025-05-04T23:17:07.592+0000][5.551s][info ][gc,start    ] GC(10) Pause Remark
[2025-05-04T23:17:07.600+0000][5.558s][info ][gc          ] GC(10) Pause Remark 48M->48M(174M) 7.618ms
[2025-05-04T23:17:07.603+0000][5.561s][info ][gc,cpu      ] GC(10) User=0.04s Sys=0.00s Real=0.01s
[2025-05-04T23:17:07.604+0000][5.563s][info ][safepoint   ] Safepoint "G1PauseRemark", Time since last: 106742646 ns, Reaching safepoint: 344019 ns, Cleanup: 8601 ns, At safepoint: 11949377 ns, Total: 12301997 ns
[2025-05-04T23:17:07.606+0000][5.565s][info ][gc,marking  ] GC(10) Concurrent Mark 70.144ms
[2025-05-04T23:17:07.606+0000][5.565s][info ][gc,marking  ] GC(10) Concurrent Rebuild Remembered Sets
[2025-05-04T23:17:07.625+0000][5.583s][info ][gc,marking  ] GC(10) Concurrent Rebuild Remembered Sets 18.314ms
[2025-05-04T23:17:07.626+0000][5.585s][debug][safepoint   ] Safepoint synchronization initiated using futex wait barrier. (15 threads)
[2025-05-04T23:17:07.629+0000][5.588s][info ][gc,start    ] GC(10) Pause Cleanup
[2025-05-04T23:17:07.630+0000][5.589s][info ][gc          ] GC(10) Pause Cleanup 53M->53M(174M) 1.120ms
[2025-05-04T23:17:07.630+0000][5.589s][info ][gc,cpu      ] GC(10) User=0.02s Sys=0.00s Real=0.01s
[2025-05-04T23:17:07.631+0000][5.589s][info ][safepoint   ] Safepoint "G1PauseCleanup", Time since last: 22201157 ns, Reaching safepoint: 2816059 ns, Cleanup: 9201 ns, At safepoint: 1619592 ns, Total: 4444852 ns
[2025-05-04T23:17:07.631+0000][5.590s][info ][gc,marking  ] GC(10) Concurrent Cleanup for Next Mark
[2025-05-04T23:17:07.641+0000][5.600s][info ][gc,marking  ] GC(10) Concurrent Cleanup for Next Mark 10.120ms
[2025-05-04T23:17:07.655+0000][5.613s][info ][gc          ] GC(10) Concurrent Mark Cycle 169.781ms
[2025-05-04T23:17:08.177+0000][6.136s][debug][safepoint   ] Safepoint synchronization initiated using futex wait barrier. (15 threads)
[2025-05-04T23:17:08.196+0000][6.155s][info ][gc,start    ] GC(11) Pause Young (Prepare Mixed) (G1 Evacuation Pause)
[2025-05-04T23:17:08.196+0000][6.155s][info ][gc,task     ] GC(11) Using 4 workers of 8 for evacuation
[2025-05-04T23:17:08.221+0000][6.180s][info ][gc,phases   ] GC(11)   Pre Evacuate Collection Set: 0.2ms
[2025-05-04T23:17:08.221+0000][6.180s][info ][gc,phases   ] GC(11)   Merge Heap Roots: 0.1ms
[2025-05-04T23:17:08.221+0000][6.180s][info ][gc,phases   ] GC(11)   Evacuate Collection Set: 22.8ms
[2025-05-04T23:17:08.221+0000][6.180s][info ][gc,phases   ] GC(11)   Post Evacuate Collection Set: 1.2ms
[2025-05-04T23:17:08.222+0000][6.180s][info ][gc,phases   ] GC(11)   Other: 0.9ms
[2025-05-04T23:17:08.222+0000][6.181s][info ][gc,heap     ] GC(11) Eden regions: 49->0(1)
[2025-05-04T23:17:08.222+0000][6.181s][info ][gc,heap     ] GC(11) Survivor regions: 3->7(7)
[2025-05-04T23:17:08.223+0000][6.181s][info ][gc,heap     ] GC(11) Old regions: 11->13
[2025-05-04T23:17:08.223+0000][6.181s][info ][gc,heap     ] GC(11) Archive regions: 2->2
[2025-05-04T23:17:08.223+0000][6.182s][info ][gc,heap     ] GC(11) Humongous regions: 0->0
[2025-05-04T23:17:08.223+0000][6.182s][info ][gc,metaspace] GC(11) Metaspace: 24586K(24960K)->24586K(24960K) NonClass: 21382K(21568K)->21382K(21568K) Class: 3203K(3392K)->3203K(3392K)
[2025-05-04T23:17:08.224+0000][6.182s][info ][gc          ] GC(11) Pause Young (Prepare Mixed) (G1 Evacuation Pause) 127M->40M(174M) 27.820ms
[2025-05-04T23:17:08.225+0000][6.184s][info ][gc,cpu      ] GC(11) User=0.13s Sys=0.02s Real=0.03s
[2025-05-04T23:17:08.227+0000][6.185s][info ][safepoint   ] Safepoint "G1CollectForAllocation", Time since last: 546316442 ns, Reaching safepoint: 18797765 ns, Cleanup: 63603 ns, At safepoint: 30895050 ns, Total: 49756418 ns
[2025-05-04T23:17:08.251+0000][6.210s][debug][safepoint   ] Safepoint synchronization initiated using futex wait barrier. (15 threads)
[2025-05-04T23:17:08.259+0000][6.218s][info ][gc,start    ] GC(12) Pause Young (Mixed) (G1 Evacuation Pause)
[2025-05-04T23:17:08.264+0000][6.223s][info ][gc,task     ] GC(12) Using 4 workers of 8 for evacuation
[2025-05-04T23:17:08.289+0000][6.248s][info ][gc,phases   ] GC(12)   Pre Evacuate Collection Set: 0.2ms
[2025-05-04T23:17:08.290+0000][6.249s][info ][gc,phases   ] GC(12)   Merge Heap Roots: 0.1ms
[2025-05-04T23:17:08.291+0000][6.249s][info ][gc,phases   ] GC(12)   Evacuate Collection Set: 22.8ms
[2025-05-04T23:17:08.293+0000][6.252s][info ][gc,phases   ] GC(12)   Post Evacuate Collection Set: 1.4ms
[2025-05-04T23:17:08.296+0000][6.255s][info ][gc,phases   ] GC(12)   Other: 5.3ms
[2025-05-04T23:17:08.297+0000][6.256s][info ][gc,heap     ] GC(12) Eden regions: 1->0(45)
[2025-05-04T23:17:08.299+0000][6.258s][info ][gc,heap     ] GC(12) Survivor regions: 7->1(1)
[2025-05-04T23:17:08.299+0000][6.258s][info ][gc,heap     ] GC(12) Old regions: 13->20
[2025-05-04T23:17:08.300+0000][6.258s][info ][gc,heap     ] GC(12) Archive regions: 2->2
[2025-05-04T23:17:08.300+0000][6.259s][info ][gc,heap     ] GC(12) Humongous regions: 0->0
[2025-05-04T23:17:08.300+0000][6.259s][info ][gc,metaspace] GC(12) Metaspace: 24591K(24960K)->24591K(24960K) NonClass: 21387K(21568K)->21387K(21568K) Class: 3204K(3392K)->3204K(3392K)
[2025-05-04T23:17:08.300+0000][6.259s][info ][gc          ] GC(12) Pause Young (Mixed) (G1 Evacuation Pause) 42M->42M(174M) 41.020ms
[2025-05-04T23:17:08.301+0000][6.259s][info ][gc,cpu      ] GC(12) User=0.11s Sys=0.03s Real=0.05s
[2025-05-04T23:17:08.301+0000][6.260s][info ][safepoint   ] Safepoint "G1CollectForAllocation", Time since last: 24132067 ns, Reaching safepoint: 8563885 ns, Cleanup: 21901 ns, At safepoint: 41514851 ns, Total: 50100637 ns
[2025-05-04T23:17:09.301+0000][7.260s][debug][safepoint   ] Safepoint synchronization initiated using futex wait barrier. (15 threads)
[2025-05-04T23:17:09.304+0000][7.262s][info ][safepoint   ] Safepoint "Cleanup", Time since last: 1000386360 ns, Reaching safepoint: 2379535 ns, Cleanup: 98605 ns, At safepoint: 6701 ns, Total: 2484841 ns
[2025-05-04T23:17:09.510+0000][7.468s][debug][safepoint   ] Safepoint synchronization initiated using futex wait barrier. (15 threads)
[2025-05-04T23:17:09.512+0000][7.471s][info ][gc,start    ] GC(13) Pause Young (Normal) (G1 Evacuation Pause)
[2025-05-04T23:17:09.512+0000][7.471s][info ][gc,task     ] GC(13) Using 4 workers of 8 for evacuation
[2025-05-04T23:17:09.520+0000][7.479s][info ][gc,phases   ] GC(13)   Pre Evacuate Collection Set: 0.1ms
[2025-05-04T23:17:09.522+0000][7.480s][info ][gc,phases   ] GC(13)   Merge Heap Roots: 0.1ms
[2025-05-04T23:17:09.522+0000][7.481s][info ][gc,phases   ] GC(13)   Evacuate Collection Set: 5.9ms
[2025-05-04T23:17:09.523+0000][7.481s][info ][gc,phases   ] GC(13)   Post Evacuate Collection Set: 1.0ms
[2025-05-04T23:17:09.534+0000][7.493s][info ][gc,phases   ] GC(13)   Other: 1.2ms
[2025-05-04T23:17:09.536+0000][7.495s][info ][gc,heap     ] GC(13) Eden regions: 45->0(42)
[2025-05-04T23:17:09.537+0000][7.495s][info ][gc,heap     ] GC(13) Survivor regions: 1->4(6)
[2025-05-04T23:17:09.537+0000][7.496s][info ][gc,heap     ] GC(13) Old regions: 20->20
[2025-05-04T23:17:09.537+0000][7.496s][info ][gc,heap     ] GC(13) Archive regions: 2->2
[2025-05-04T23:17:09.537+0000][7.496s][info ][gc,heap     ] GC(13) Humongous regions: 0->0
[2025-05-04T23:17:09.539+0000][7.498s][info ][gc,metaspace] GC(13) Metaspace: 24961K(25344K)->24961K(25344K) NonClass: 21709K(21888K)->21709K(21888K) Class: 3252K(3456K)->3252K(3456K)
[2025-05-04T23:17:09.540+0000][7.498s][info ][gc          ] GC(13) Pause Young (Normal) (G1 Evacuation Pause) 132M->48M(174M) 27.882ms
[2025-05-04T23:17:09.540+0000][7.499s][info ][gc,cpu      ] GC(13) User=0.09s Sys=0.01s Real=0.03s
[2025-05-04T23:17:09.541+0000][7.499s][info ][safepoint   ] Safepoint "G1CollectForAllocation", Time since last: 205789855 ns, Reaching safepoint: 2232927 ns, Cleanup: 41402 ns, At safepoint: 28833133 ns, Total: 31107462 ns
[2025-05-04T23:17:10.005+0000][7.964s][debug][safepoint   ] ... found polling page loop exception at pc = 0x00007f21a1303bf8, stub =0x00007f21a0acf400
[2025-05-04T23:17:10.621+0000][8.586s][debug][safepoint   ] Safepoint synchronization initiated using futex wait barrier. (15 threads)
[2025-05-04T23:17:10.625+0000][8.590s][info ][safepoint   ] Safepoint "ICBufferFull", Time since last: 1087054267 ns, Reaching safepoint: 3378092 ns, Cleanup: 553831 ns, At safepoint: 63804 ns, Total: 3995727 ns
[2025-05-04T23:17:10.794+0000][8.760s][debug][safepoint   ] Safepoint synchronization initiated using futex wait barrier. (15 threads)
[2025-05-04T23:17:10.797+0000][8.763s][info ][gc,start    ] GC(14) Pause Young (Normal) (G1 Evacuation Pause)
[2025-05-04T23:17:10.798+0000][8.763s][info ][gc,task     ] GC(14) Using 4 workers of 8 for evacuation
[2025-05-04T23:17:10.811+0000][8.777s][info ][gc,phases   ] GC(14)   Pre Evacuate Collection Set: 0.1ms
[2025-05-04T23:17:10.812+0000][8.778s][info ][gc,phases   ] GC(14)   Merge Heap Roots: 0.1ms
[2025-05-04T23:17:10.814+0000][8.780s][info ][gc,phases   ] GC(14)   Evacuate Collection Set: 11.6ms
[2025-05-04T23:17:10.816+0000][8.782s][info ][gc,phases   ] GC(14)   Post Evacuate Collection Set: 1.4ms
[2025-05-04T23:17:10.818+0000][8.783s][info ][gc,phases   ] GC(14)   Other: 0.9ms
[2025-05-04T23:17:10.818+0000][8.784s][info ][gc,heap     ] GC(14) Eden regions: 42->0(41)
[2025-05-04T23:17:10.819+0000][8.784s][info ][gc,heap     ] GC(14) Survivor regions: 4->3(6)
[2025-05-04T23:17:10.819+0000][8.785s][info ][gc,heap     ] GC(14) Old regions: 20->23
[2025-05-04T23:17:10.819+0000][8.785s][info ][gc,heap     ] GC(14) Archive regions: 2->2
[2025-05-04T23:17:10.819+0000][8.785s][info ][gc,heap     ] GC(14) Humongous regions: 0->0
[2025-05-04T23:17:10.819+0000][8.785s][info ][gc,metaspace] GC(14) Metaspace: 25155K(25536K)->25155K(25536K) NonClass: 21889K(22080K)->21889K(22080K) Class: 3266K(3456K)->3266K(3456K)
[2025-05-04T23:17:10.820+0000][8.786s][info ][gc          ] GC(14) Pause Young (Normal) (G1 Evacuation Pause) 132M->52M(174M) 22.868ms
[2025-05-04T23:17:10.822+0000][8.787s][info ][gc,cpu      ] GC(14) User=0.07s Sys=0.01s Real=0.02s
[2025-05-04T23:17:10.822+0000][8.788s][info ][safepoint   ] Safepoint "G1CollectForAllocation", Time since last: 169455597 ns, Reaching safepoint: 2839361 ns, Cleanup: 39602 ns, At safepoint: 24806405 ns, Total: 27685368 ns
[2025-05-04T23:17:11.014+0000][8.980s][debug][safepoint   ] ... found polling page loop exception at pc = 0x00007f21a10c6acb, stub =0x00007f21a0acf400
[2025-05-04T23:17:11.366+0000][9.331s][debug][safepoint   ] Safepoint synchronization initiated using futex wait barrier. (15 threads)
[2025-05-04T23:17:11.367+0000][9.333s][info ][safepoint   ] Safepoint "ICBufferFull", Time since last: 543826302 ns, Reaching safepoint: 1321074 ns, Cleanup: 154409 ns, At safepoint: 6400 ns, Total: 1481883 ns
[2025-05-04T23:17:11.703+0000][9.669s][debug][safepoint   ] Safepoint synchronization initiated using futex wait barrier. (15 threads)
[2025-05-04T23:17:11.708+0000][9.674s][info ][gc,start    ] GC(15) Pause Young (Normal) (G1 Evacuation Pause)
[2025-05-04T23:17:11.714+0000][9.679s][info ][gc,task     ] GC(15) Using 4 workers of 8 for evacuation
[2025-05-04T23:17:11.720+0000][9.686s][info ][gc,phases   ] GC(15)   Pre Evacuate Collection Set: 0.1ms
[2025-05-04T23:17:11.721+0000][9.687s][info ][gc,phases   ] GC(15)   Merge Heap Roots: 0.1ms
[2025-05-04T23:17:11.721+0000][9.687s][info ][gc,phases   ] GC(15)   Evacuate Collection Set: 4.3ms
[2025-05-04T23:17:11.722+0000][9.687s][info ][gc,phases   ] GC(15)   Post Evacuate Collection Set: 1.0ms
[2025-05-04T23:17:11.722+0000][9.688s][info ][gc,phases   ] GC(15)   Other: 6.9ms
[2025-05-04T23:17:11.722+0000][9.688s][info ][gc,heap     ] GC(15) Eden regions: 41->0(41)
[2025-05-04T23:17:11.722+0000][9.688s][info ][gc,heap     ] GC(15) Survivor regions: 3->4(6)
[2025-05-04T23:17:11.722+0000][9.688s][info ][gc,heap     ] GC(15) Old regions: 23->23
[2025-05-04T23:17:11.723+0000][9.688s][info ][gc,heap     ] GC(15) Archive regions: 2->2
[2025-05-04T23:17:11.723+0000][9.689s][info ][gc,heap     ] GC(15) Humongous regions: 0->0
[2025-05-04T23:17:11.724+0000][9.689s][info ][gc,metaspace] GC(15) Metaspace: 25244K(25600K)->25244K(25600K) NonClass: 21964K(22144K)->21964K(22144K) Class: 3279K(3456K)->3279K(3456K)
[2025-05-04T23:17:11.724+0000][9.690s][info ][gc          ] GC(15) Pause Young (Normal) (G1 Evacuation Pause) 134M->54M(174M) 15.991ms
[2025-05-04T23:17:11.725+0000][9.690s][info ][gc,cpu      ] GC(15) User=0.04s Sys=0.01s Real=0.02s
[2025-05-04T23:17:11.726+0000][9.691s][info ][safepoint   ] Safepoint "G1CollectForAllocation", Time since last: 335957428 ns, Reaching safepoint: 4866076 ns, Cleanup: 53203 ns, At safepoint: 17648100 ns, Total: 22567379 ns
[2025-05-04T23:17:12.341+0000][10.307s][debug][safepoint   ] Safepoint synchronization initiated using futex wait barrier. (16 threads)
[2025-05-04T23:17:12.342+0000][10.308s][info ][gc,start    ] GC(16) Pause Young (Normal) (G1 Evacuation Pause)
[2025-05-04T23:17:12.342+0000][10.308s][info ][gc,task     ] GC(16) Using 4 workers of 8 for evacuation
[2025-05-04T23:17:12.350+0000][10.315s][info ][gc,phases   ] GC(16)   Pre Evacuate Collection Set: 0.2ms
[2025-05-04T23:17:12.351+0000][10.317s][info ][gc,phases   ] GC(16)   Merge Heap Roots: 0.1ms
[2025-05-04T23:17:12.352+0000][10.318s][info ][gc,phases   ] GC(16)   Evacuate Collection Set: 6.0ms
[2025-05-04T23:17:12.352+0000][10.318s][info ][gc,phases   ] GC(16)   Post Evacuate Collection Set: 0.9ms
[2025-05-04T23:17:12.353+0000][10.318s][info ][gc,phases   ] GC(16)   Other: 0.6ms
[2025-05-04T23:17:12.353+0000][10.318s][info ][gc,heap     ] GC(16) Eden regions: 41->0(41)
[2025-05-04T23:17:12.353+0000][10.319s][info ][gc,heap     ] GC(16) Survivor regions: 4->3(6)
[2025-05-04T23:17:12.353+0000][10.319s][info ][gc,heap     ] GC(16) Old regions: 23->25
[2025-05-04T23:17:12.354+0000][10.320s][info ][gc,heap     ] GC(16) Archive regions: 2->2
[2025-05-04T23:17:12.354+0000][10.320s][info ][gc,heap     ] GC(16) Humongous regions: 0->0
[2025-05-04T23:17:12.354+0000][10.320s][info ][gc,metaspace] GC(16) Metaspace: 26851K(27264K)->26851K(27264K) NonClass: 23448K(23680K)->23448K(23680K) Class: 3403K(3584K)->3403K(3584K)
[2025-05-04T23:17:12.354+0000][10.320s][info ][gc          ] GC(16) Pause Young (Normal) (G1 Evacuation Pause) 136M->55M(174M) 12.483ms
[2025-05-04T23:17:12.355+0000][10.321s][info ][gc,cpu      ] GC(16) User=0.07s Sys=0.00s Real=0.02s
[2025-05-04T23:17:12.355+0000][10.321s][info ][safepoint   ] Safepoint "G1CollectForAllocation", Time since last: 615758075 ns, Reaching safepoint: 459426 ns, Cleanup: 48702 ns, At safepoint: 13297554 ns, Total: 13805682 ns
[2025-05-04T23:17:12.729+0000][10.695s][debug][safepoint   ] Safepoint synchronization initiated using futex wait barrier. (14 threads)
[2025-05-04T23:17:12.735+0000][10.701s][info ][gc,start    ] GC(17) Pause Young (Normal) (G1 Evacuation Pause)
[2025-05-04T23:17:12.738+0000][10.704s][info ][gc,task     ] GC(17) Using 4 workers of 8 for evacuation
[2025-05-04T23:17:12.744+0000][10.710s][info ][gc,phases   ] GC(17)   Pre Evacuate Collection Set: 0.1ms
[2025-05-04T23:17:12.744+0000][10.710s][info ][gc,phases   ] GC(17)   Merge Heap Roots: 0.1ms
[2025-05-04T23:17:12.744+0000][10.710s][info ][gc,phases   ] GC(17)   Evacuate Collection Set: 3.1ms
[2025-05-04T23:17:12.744+0000][10.710s][info ][gc,phases   ] GC(17)   Post Evacuate Collection Set: 1.4ms
[2025-05-04T23:17:12.745+0000][10.710s][info ][gc,phases   ] GC(17)   Other: 4.0ms
[2025-05-04T23:17:12.745+0000][10.710s][info ][gc,heap     ] GC(17) Eden regions: 41->0(101)
[2025-05-04T23:17:12.745+0000][10.711s][info ][gc,heap     ] GC(17) Survivor regions: 3->3(6)
[2025-05-04T23:17:12.745+0000][10.711s][info ][gc,heap     ] GC(17) Old regions: 25->25
[2025-05-04T23:17:12.745+0000][10.711s][info ][gc,heap     ] GC(17) Archive regions: 2->2
[2025-05-04T23:17:12.745+0000][10.711s][info ][gc,heap     ] GC(17) Humongous regions: 0->0
[2025-05-04T23:17:12.745+0000][10.711s][info ][gc,metaspace] GC(17) Metaspace: 26948K(27328K)->26948K(27328K) NonClass: 23533K(23744K)->23533K(23744K) Class: 3415K(3584K)->3415K(3584K)
[2025-05-04T23:17:12.745+0000][10.711s][info ][gc          ] GC(17) Pause Young (Normal) (G1 Evacuation Pause) 137M->56M(348M) 10.172ms
[2025-05-04T23:17:12.746+0000][10.711s][info ][gc,cpu      ] GC(17) User=0.03s Sys=0.00s Real=0.01s
[2025-05-04T23:17:12.746+0000][10.712s][info ][safepoint   ] Safepoint "G1CollectForAllocation", Time since last: 373559257 ns, Reaching safepoint: 6376661 ns, Cleanup: 37702 ns, At safepoint: 10609501 ns, Total: 17023864 ns
[2025-05-04T23:17:13.747+0000][11.713s][debug][safepoint   ] Safepoint synchronization initiated using futex wait barrier. (14 threads)
[2025-05-04T23:17:13.764+0000][11.730s][info ][safepoint   ] Safepoint "Cleanup", Time since last: 1001044591 ns, Reaching safepoint: 17004462 ns, Cleanup: 63104 ns, At safepoint: 55903 ns, Total: 17123469 ns
[2025-05-04T23:17:14.777+0000][12.742s][debug][safepoint   ] Safepoint synchronization initiated using futex wait barrier. (15 threads)
[2025-05-04T23:17:14.778+0000][12.743s][info ][safepoint   ] Safepoint "Cleanup", Time since last: 1012057402 ns, Reaching safepoint: 1506685 ns, Cleanup: 114506 ns, At safepoint: 23302 ns, Total: 1644493 ns
[2025-05-04T23:17:15.361+0000][13.326s][debug][safepoint   ] Safepoint synchronization initiated using futex wait barrier. (16 threads)
[2025-05-04T23:17:15.361+0000][13.327s][info ][gc,start    ] GC(18) Pause Young (Normal) (G1 Evacuation Pause)
[2025-05-04T23:17:15.361+0000][13.327s][info ][gc,task     ] GC(18) Using 8 workers of 8 for evacuation
[2025-05-04T23:17:15.368+0000][13.333s][info ][gc,phases   ] GC(18)   Pre Evacuate Collection Set: 0.2ms
[2025-05-04T23:17:15.368+0000][13.334s][info ][gc,phases   ] GC(18)   Merge Heap Roots: 0.1ms
[2025-05-04T23:17:15.368+0000][13.334s][info ][gc,phases   ] GC(18)   Evacuate Collection Set: 4.3ms
[2025-05-04T23:17:15.368+0000][13.334s][info ][gc,phases   ] GC(18)   Post Evacuate Collection Set: 1.4ms
[2025-05-04T23:17:15.368+0000][13.334s][info ][gc,phases   ] GC(18)   Other: 0.5ms
[2025-05-04T23:17:15.369+0000][13.334s][info ][gc,heap     ] GC(18) Eden regions: 101->0(100)
[2025-05-04T23:17:15.369+0000][13.334s][info ][gc,heap     ] GC(18) Survivor regions: 3->4(13)
[2025-05-04T23:17:15.369+0000][13.335s][info ][gc,heap     ] GC(18) Old regions: 25->25
[2025-05-04T23:17:15.369+0000][13.335s][info ][gc,heap     ] GC(18) Archive regions: 2->2
[2025-05-04T23:17:15.369+0000][13.335s][info ][gc,heap     ] GC(18) Humongous regions: 0->0
[2025-05-04T23:17:15.369+0000][13.335s][info ][gc,metaspace] GC(18) Metaspace: 34491K(34880K)->34491K(34880K) NonClass: 30207K(30400K)->30207K(30400K) Class: 4283K(4480K)->4283K(4480K)
[2025-05-04T23:17:15.369+0000][13.335s][info ][gc          ] GC(18) Pause Young (Normal) (G1 Evacuation Pause) 258M->57M(348M) 8.334ms
[2025-05-04T23:17:15.370+0000][13.335s][info ][gc,cpu      ] GC(18) User=0.04s Sys=0.00s Real=0.01s
[2025-05-04T23:17:15.370+0000][13.335s][info ][safepoint   ] Safepoint "G1CollectForAllocation", Time since last: 582872101 ns, Reaching safepoint: 320218 ns, Cleanup: 97706 ns, At safepoint: 8757096 ns, Total: 9175020 ns
[2025-05-04T23:17:16.741+0000][14.707s][debug][safepoint   ] Safepoint synchronization initiated using futex wait barrier. (16 threads)
[2025-05-04T23:17:16.787+0000][14.753s][info ][safepoint   ] Safepoint "Cleanup", Time since last: 1371602558 ns, Reaching safepoint: 45530978 ns, Cleanup: 154809 ns, At safepoint: 30802 ns, Total: 45716589 ns
[2025-05-04T23:17:18.050+0000][16.016s][debug][safepoint   ] Safepoint synchronization initiated using futex wait barrier. (16 threads)
[2025-05-04T23:17:18.067+0000][16.032s][info ][safepoint   ] Safepoint "Cleanup", Time since last: 1263358229 ns, Reaching safepoint: 15982005 ns, Cleanup: 145309 ns, At safepoint: 25701 ns, Total: 16153015 ns
[2025-05-04T23:17:18.174+0000][16.139s][debug][safepoint   ] Safepoint synchronization initiated using futex wait barrier. (16 threads)
[2025-05-04T23:17:18.175+0000][16.141s][info ][gc,start    ] GC(19) Pause Young (Normal) (G1 Evacuation Pause)
[2025-05-04T23:17:18.177+0000][16.142s][info ][gc,task     ] GC(19) Using 8 workers of 8 for evacuation
[2025-05-04T23:17:18.183+0000][16.148s][info ][gc,phases   ] GC(19)   Pre Evacuate Collection Set: 0.2ms
[2025-05-04T23:17:18.183+0000][16.149s][info ][gc,phases   ] GC(19)   Merge Heap Roots: 0.1ms
[2025-05-04T23:17:18.183+0000][16.149s][info ][gc,phases   ] GC(19)   Evacuate Collection Set: 3.4ms
[2025-05-04T23:17:18.183+0000][16.149s][info ][gc,phases   ] GC(19)   Post Evacuate Collection Set: 1.3ms
[2025-05-04T23:17:18.184+0000][16.150s][info ][gc,phases   ] GC(19)   Other: 2.2ms
[2025-05-04T23:17:18.189+0000][16.155s][info ][gc,heap     ] GC(19) Eden regions: 100->0(99)
[2025-05-04T23:17:18.193+0000][16.159s][info ][gc,heap     ] GC(19) Survivor regions: 4->5(13)
[2025-05-04T23:17:18.194+0000][16.160s][info ][gc,heap     ] GC(19) Old regions: 25->25
[2025-05-04T23:17:18.195+0000][16.161s][info ][gc,heap     ] GC(19) Archive regions: 2->2
[2025-05-04T23:17:18.196+0000][16.161s][info ][gc,heap     ] GC(19) Humongous regions: 0->0
[2025-05-04T23:17:18.196+0000][16.162s][info ][gc,metaspace] GC(19) Metaspace: 38743K(39104K)->38743K(39104K) NonClass: 33853K(34048K)->33853K(34048K) Class: 4890K(5056K)->4890K(5056K)
[2025-05-04T23:17:18.196+0000][16.162s][info ][gc          ] GC(19) Pause Young (Normal) (G1 Evacuation Pause) 257M->60M(348M) 21.045ms
[2025-05-04T23:17:18.197+0000][16.162s][info ][gc,cpu      ] GC(19) User=0.02s Sys=0.01s Real=0.02s
[2025-05-04T23:17:18.197+0000][16.163s][info ][safepoint   ] Safepoint "G1CollectForAllocation", Time since last: 106960656 ns, Reaching safepoint: 1768200 ns, Cleanup: 22901 ns, At safepoint: 21636425 ns, Total: 23427526 ns
[2025-05-04T23:17:19.198+0000][17.163s][debug][safepoint   ] Safepoint synchronization initiated using futex wait barrier. (16 threads)
[2025-05-04T23:17:19.221+0000][17.186s][info ][safepoint   ] Safepoint "Cleanup", Time since last: 1000644856 ns, Reaching safepoint: 22750488 ns, Cleanup: 122907 ns, At safepoint: 47202 ns, Total: 22920597 ns
[2025-05-04T23:17:20.252+0000][18.217s][debug][safepoint   ] Safepoint synchronization initiated using futex wait barrier. (16 threads)
[2025-05-04T23:17:20.252+0000][18.218s][info ][safepoint   ] Safepoint "Cleanup", Time since last: 1031077579 ns, Reaching safepoint: 699439 ns, Cleanup: 74605 ns, At safepoint: 45002 ns, Total: 819046 ns
[2025-05-04T23:17:20.784+0000][18.750s][debug][safepoint   ] Safepoint synchronization initiated using futex wait barrier. (16 threads)
[2025-05-04T23:17:20.791+0000][18.757s][info ][gc,start    ] GC(20) Pause Young (Concurrent Start) (Metadata GC Threshold)
[2025-05-04T23:17:20.794+0000][18.759s][info ][gc,task     ] GC(20) Using 8 workers of 8 for evacuation
[2025-05-04T23:17:20.816+0000][18.781s][info ][gc,phases   ] GC(20)   Pre Evacuate Collection Set: 0.2ms
[2025-05-04T23:17:20.821+0000][18.787s][info ][gc,phases   ] GC(20)   Merge Heap Roots: 0.1ms
[2025-05-04T23:17:20.822+0000][18.787s][info ][gc,phases   ] GC(20)   Evacuate Collection Set: 10.2ms
[2025-05-04T23:17:20.822+0000][18.788s][info ][gc,phases   ] GC(20)   Post Evacuate Collection Set: 2.5ms
[2025-05-04T23:17:20.822+0000][18.788s][info ][gc,phases   ] GC(20)   Other: 11.6ms
[2025-05-04T23:17:20.822+0000][18.788s][info ][gc,heap     ] GC(20) Eden regions: 72->0(98)
[2025-05-04T23:17:20.823+0000][18.788s][info ][gc,heap     ] GC(20) Survivor regions: 5->6(13)
[2025-05-04T23:17:20.823+0000][18.788s][info ][gc,heap     ] GC(20) Old regions: 25->25
[2025-05-04T23:17:20.823+0000][18.789s][info ][gc,heap     ] GC(20) Archive regions: 2->2
[2025-05-04T23:17:20.823+0000][18.789s][info ][gc,heap     ] GC(20) Humongous regions: 0->0
[2025-05-04T23:17:20.823+0000][18.789s][info ][gc,metaspace] GC(20) Metaspace: 41236K(41536K)->41236K(41536K) NonClass: 36024K(36160K)->36024K(36160K) Class: 5211K(5376K)->5211K(5376K)
[2025-05-04T23:17:20.824+0000][18.789s][info ][gc          ] GC(20) Pause Young (Concurrent Start) (Metadata GC Threshold) 204M->62M(348M) 32.547ms
[2025-05-04T23:17:20.824+0000][18.789s][info ][gc,cpu      ] GC(20) User=0.15s Sys=0.00s Real=0.04s
[2025-05-04T23:17:20.824+0000][18.790s][info ][gc          ] GC(21) Concurrent Mark Cycle
[2025-05-04T23:17:20.824+0000][18.790s][info ][safepoint   ] Safepoint "CollectForMetadataAllocation", Time since last: 531541895 ns, Reaching safepoint: 6960895 ns, Cleanup: 28301 ns, At safepoint: 33026270 ns, Total: 40015466 ns
[2025-05-04T23:17:20.824+0000][18.790s][info ][gc,marking  ] GC(21) Concurrent Clear Claimed Marks
[2025-05-04T23:17:20.825+0000][18.790s][info ][gc,marking  ] GC(21) Concurrent Clear Claimed Marks 0.564ms
[2025-05-04T23:17:20.825+0000][18.791s][info ][gc,marking  ] GC(21) Concurrent Scan Root Regions
[2025-05-04T23:17:20.831+0000][18.797s][info ][gc,marking  ] GC(21) Concurrent Scan Root Regions 6.140ms
[2025-05-04T23:17:20.851+0000][18.817s][info ][gc,marking  ] GC(21) Concurrent Mark
[2025-05-04T23:17:20.857+0000][18.823s][info ][gc,marking  ] GC(21) Concurrent Mark From Roots
[2025-05-04T23:17:20.862+0000][18.828s][info ][gc,task     ] GC(21) Using 2 workers of 2 for marking
[2025-05-04T23:17:20.996+0000][18.962s][info ][gc,marking  ] GC(21) Concurrent Mark From Roots 139.295ms
[2025-05-04T23:17:21.028+0000][18.994s][info ][gc,marking  ] GC(21) Concurrent Preclean
[2025-05-04T23:17:21.041+0000][19.007s][info ][gc,marking  ] GC(21) Concurrent Preclean 13.014ms
[2025-05-04T23:17:21.051+0000][19.017s][debug][safepoint   ] Safepoint synchronization initiated using futex wait barrier. (16 threads)
[2025-05-04T23:17:21.053+0000][19.019s][info ][gc,start    ] GC(21) Pause Remark
[2025-05-04T23:17:21.059+0000][19.025s][info ][gc          ] GC(21) Pause Remark 71M->71M(254M) 6.178ms
[2025-05-04T23:17:21.060+0000][19.025s][info ][gc,cpu      ] GC(21) User=0.04s Sys=0.00s Real=0.01s
[2025-05-04T23:17:21.060+0000][19.026s][info ][safepoint   ] Safepoint "G1PauseRemark", Time since last: 226897547 ns, Reaching safepoint: 2359433 ns, Cleanup: 30502 ns, At safepoint: 6784584 ns, Total: 9174519 ns
[2025-05-04T23:17:21.060+0000][19.026s][info ][gc,marking  ] GC(21) Concurrent Mark 209.513ms
[2025-05-04T23:17:21.062+0000][19.028s][info ][gc,marking  ] GC(21) Concurrent Rebuild Remembered Sets
[2025-05-04T23:17:21.105+0000][19.070s][info ][gc,marking  ] GC(21) Concurrent Rebuild Remembered Sets 42.392ms
[2025-05-04T23:17:21.107+0000][19.073s][debug][safepoint   ] Safepoint synchronization initiated using futex wait barrier. (16 threads)
[2025-05-04T23:17:21.108+0000][19.074s][info ][gc,start    ] GC(21) Pause Cleanup
[2025-05-04T23:17:21.109+0000][19.075s][info ][gc          ] GC(21) Pause Cleanup 73M->73M(254M) 0.659ms
[2025-05-04T23:17:21.112+0000][19.078s][info ][gc,cpu      ] GC(21) User=0.02s Sys=0.00s Real=0.01s
[2025-05-04T23:17:21.113+0000][19.079s][info ][safepoint   ] Safepoint "G1PauseCleanup", Time since last: 47112668 ns, Reaching safepoint: 1055859 ns, Cleanup: 42703 ns, At safepoint: 4592660 ns, Total: 5691222 ns
[2025-05-04T23:17:21.113+0000][19.079s][info ][gc,marking  ] GC(21) Concurrent Cleanup for Next Mark
[2025-05-04T23:17:21.115+0000][19.080s][info ][gc,marking  ] GC(21) Concurrent Cleanup for Next Mark 1.428ms
[2025-05-04T23:17:21.115+0000][19.081s][info ][gc          ] GC(21) Concurrent Mark Cycle 290.975ms
[2025-05-04T23:17:22.113+0000][20.079s][debug][safepoint   ] Safepoint synchronization initiated using futex wait barrier. (16 threads)
[2025-05-04T23:17:22.125+0000][20.091s][info ][safepoint   ] Safepoint "Cleanup", Time since last: 1000359993 ns, Reaching safepoint: 11737724 ns, Cleanup: 85007 ns, At safepoint: 67705 ns, Total: 11890436 ns
[2025-05-04T23:17:23.308+0000][21.273s][debug][safepoint   ] Safepoint synchronization initiated using futex wait barrier. (16 threads)
[2025-05-04T23:17:23.308+0000][21.274s][info ][gc,start    ] GC(22) Pause Young (Prepare Mixed) (G1 Evacuation Pause)
[2025-05-04T23:17:23.308+0000][21.274s][info ][gc,task     ] GC(22) Using 7 workers of 8 for evacuation
[2025-05-04T23:17:23.321+0000][21.287s][info ][gc,phases   ] GC(22)   Pre Evacuate Collection Set: 0.1ms
[2025-05-04T23:17:23.322+0000][21.287s][info ][gc,phases   ] GC(22)   Merge Heap Roots: 0.2ms
[2025-05-04T23:17:23.322+0000][21.287s][info ][gc,phases   ] GC(22)   Evacuate Collection Set: 9.5ms
[2025-05-04T23:17:23.322+0000][21.288s][info ][gc,phases   ] GC(22)   Post Evacuate Collection Set: 2.4ms
[2025-05-04T23:17:23.322+0000][21.288s][info ][gc,phases   ] GC(22)   Other: 1.1ms
[2025-05-04T23:17:23.322+0000][21.288s][info ][gc,heap     ] GC(22) Eden regions: 70->0(1)
[2025-05-04T23:17:23.322+0000][21.288s][info ][gc,heap     ] GC(22) Survivor regions: 6->6(10)
[2025-05-04T23:17:23.323+0000][21.288s][info ][gc,heap     ] GC(22) Old regions: 25->26
[2025-05-04T23:17:23.323+0000][21.289s][info ][gc,heap     ] GC(22) Archive regions: 2->2
[2025-05-04T23:17:23.324+0000][21.289s][info ][gc,heap     ] GC(22) Humongous regions: 0->0
[2025-05-04T23:17:23.324+0000][21.290s][info ][gc,metaspace] GC(22) Metaspace: 44381K(44800K)->44381K(44800K) NonClass: 38707K(38912K)->38707K(38912K) Class: 5674K(5888K)->5674K(5888K)
[2025-05-04T23:17:23.324+0000][21.290s][info ][gc          ] GC(22) Pause Young (Prepare Mixed) (G1 Evacuation Pause) 202M->63M(254M) 15.952ms
[2025-05-04T23:17:23.324+0000][21.290s][info ][gc,cpu      ] GC(22) User=0.10s Sys=0.00s Real=0.02s
[2025-05-04T23:17:23.325+0000][21.290s][info ][safepoint   ] Safepoint "G1CollectForAllocation", Time since last: 1182405413 ns, Reaching safepoint: 319525 ns, Cleanup: 178214 ns, At safepoint: 16487698 ns, Total: 16985437 ns
[2025-05-04T23:17:23.353+0000][21.319s][debug][safepoint   ] Safepoint synchronization initiated using futex wait barrier. (16 threads)
[2025-05-04T23:17:23.354+0000][21.320s][info ][gc,start    ] GC(23) Pause Young (Mixed) (G1 Evacuation Pause)
[2025-05-04T23:17:23.354+0000][21.320s][info ][gc,task     ] GC(23) Using 6 workers of 8 for evacuation
[2025-05-04T23:17:23.361+0000][21.327s][info ][gc,phases   ] GC(23)   Pre Evacuate Collection Set: 0.2ms
[2025-05-04T23:17:23.362+0000][21.327s][info ][gc,phases   ] GC(23)   Merge Heap Roots: 0.1ms
[2025-05-04T23:17:23.362+0000][21.328s][info ][gc,phases   ] GC(23)   Evacuate Collection Set: 5.4ms
[2025-05-04T23:17:23.362+0000][21.328s][info ][gc,phases   ] GC(23)   Post Evacuate Collection Set: 1.1ms
[2025-05-04T23:17:23.362+0000][21.328s][info ][gc,phases   ] GC(23)   Other: 0.6ms
[2025-05-04T23:17:23.363+0000][21.328s][info ][gc,heap     ] GC(23) Eden regions: 1->0(75)
[2025-05-04T23:17:23.363+0000][21.329s][info ][gc,heap     ] GC(23) Survivor regions: 6->1(1)
[2025-05-04T23:17:23.363+0000][21.329s][info ][gc,heap     ] GC(23) Old regions: 26->30
[2025-05-04T23:17:23.363+0000][21.329s][info ][gc,heap     ] GC(23) Archive regions: 2->2
[2025-05-04T23:17:23.363+0000][21.329s][info ][gc,heap     ] GC(23) Humongous regions: 0->0
[2025-05-04T23:17:23.364+0000][21.329s][info ][gc,metaspace] GC(23) Metaspace: 44427K(44864K)->44427K(44864K) NonClass: 38746K(38976K)->38746K(38976K) Class: 5680K(5888K)->5680K(5888K)
[2025-05-04T23:17:23.364+0000][21.329s][info ][gc          ] GC(23) Pause Young (Mixed) (G1 Evacuation Pause) 65M->63M(254M) 9.904ms
[2025-05-04T23:17:23.364+0000][21.330s][info ][gc,cpu      ] GC(23) User=0.05s Sys=0.00s Real=0.01s
[2025-05-04T23:17:23.364+0000][21.330s][info ][safepoint   ] Safepoint "G1CollectForAllocation", Time since last: 28714962 ns, Reaching safepoint: 539742 ns, Cleanup: 33103 ns, At safepoint: 10260308 ns, Total: 10833153 ns
[2025-05-04T23:17:25.012+0000][22.978s][debug][safepoint   ] Safepoint synchronization initiated using futex wait barrier. (16 threads)
[2025-05-04T23:17:25.013+0000][22.979s][info ][safepoint   ] Safepoint "Cleanup", Time since last: 1648294901 ns, Reaching safepoint: 410332 ns, Cleanup: 144911 ns, At safepoint: 43804 ns, Total: 599047 ns
[2025-05-04T23:17:26.284+0000][24.249s][debug][safepoint   ] Safepoint synchronization initiated using futex wait barrier. (17 threads)
[2025-05-04T23:17:26.285+0000][24.250s][info ][gc,start    ] GC(24) Pause Young (Normal) (G1 Evacuation Pause)
[2025-05-04T23:17:26.285+0000][24.251s][info ][gc,task     ] GC(24) Using 6 workers of 8 for evacuation
[2025-05-04T23:17:26.291+0000][24.256s][info ][gc,phases   ] GC(24)   Pre Evacuate Collection Set: 0.2ms
[2025-05-04T23:17:26.291+0000][24.257s][info ][gc,phases   ] GC(24)   Merge Heap Roots: 0.1ms
[2025-05-04T23:17:26.291+0000][24.257s][info ][gc,phases   ] GC(24)   Evacuate Collection Set: 3.5ms
[2025-05-04T23:17:26.292+0000][24.257s][info ][gc,phases   ] GC(24)   Post Evacuate Collection Set: 1.3ms
[2025-05-04T23:17:26.292+0000][24.257s][info ][gc,phases   ] GC(24)   Other: 1.0ms
[2025-05-04T23:17:26.292+0000][24.258s][info ][gc,heap     ] GC(24) Eden regions: 75->0(74)
[2025-05-04T23:17:26.292+0000][24.258s][info ][gc,heap     ] GC(24) Survivor regions: 1->2(10)
[2025-05-04T23:17:26.292+0000][24.258s][info ][gc,heap     ] GC(24) Old regions: 30->30
[2025-05-04T23:17:26.293+0000][24.258s][info ][gc,heap     ] GC(24) Archive regions: 2->2
[2025-05-04T23:17:26.293+0000][24.259s][info ][gc,heap     ] GC(24) Humongous regions: 0->0
[2025-05-04T23:17:26.293+0000][24.259s][info ][gc,metaspace] GC(24) Metaspace: 49691K(50112K)->49691K(50112K) NonClass: 43320K(43520K)->43320K(43520K) Class: 6370K(6592K)->6370K(6592K)
[2025-05-04T23:17:26.293+0000][24.259s][info ][gc          ] GC(24) Pause Young (Normal) (G1 Evacuation Pause) 213M->65M(254M) 8.613ms
[2025-05-04T23:17:26.293+0000][24.259s][info ][gc,cpu      ] GC(24) User=0.04s Sys=0.00s Real=0.01s
[2025-05-04T23:17:26.294+0000][24.259s][info ][safepoint   ] Safepoint "G1CollectForAllocation", Time since last: 1270796073 ns, Reaching safepoint: 637950 ns, Cleanup: 95108 ns, At safepoint: 9030711 ns, Total: 9763769 ns
[2025-05-04T23:17:27.801+0000][25.767s][debug][safepoint   ] Safepoint synchronization initiated using futex wait barrier. (19 threads)
[2025-05-04T23:17:27.802+0000][25.767s][info ][safepoint   ] Safepoint "Cleanup", Time since last: 1507626423 ns, Reaching safepoint: 347128 ns, Cleanup: 109808 ns, At safepoint: 24302 ns, Total: 481238 ns
[2025-05-04T23:17:28.586+0000][26.552s][debug][safepoint   ] Safepoint synchronization initiated using futex wait barrier. (19 threads)
[2025-05-04T23:17:28.587+0000][26.553s][info ][safepoint   ] Safepoint "ICBufferFull", Time since last: 784558283 ns, Reaching safepoint: 1080785 ns, Cleanup: 194616 ns, At safepoint: 9300 ns, Total: 1284701 ns
[2025-05-04T23:17:29.477+0000][27.443s][debug][safepoint   ] Safepoint synchronization initiated using futex wait barrier. (19 threads)
[2025-05-04T23:17:29.478+0000][27.443s][info ][gc,start    ] GC(25) Pause Young (Normal) (G1 Evacuation Pause)
[2025-05-04T23:17:29.478+0000][27.443s][info ][gc,task     ] GC(25) Using 6 workers of 8 for evacuation
[2025-05-04T23:17:29.485+0000][27.451s][info ][gc,phases   ] GC(25)   Pre Evacuate Collection Set: 0.1ms
[2025-05-04T23:17:29.485+0000][27.451s][info ][gc,phases   ] GC(25)   Merge Heap Roots: 0.1ms
[2025-05-04T23:17:29.485+0000][27.451s][info ][gc,phases   ] GC(25)   Evacuate Collection Set: 5.0ms
[2025-05-04T23:17:29.485+0000][27.451s][info ][gc,phases   ] GC(25)   Post Evacuate Collection Set: 1.8ms
[2025-05-04T23:17:29.486+0000][27.451s][info ][gc,phases   ] GC(25)   Other: 0.4ms
[2025-05-04T23:17:29.486+0000][27.451s][info ][gc,heap     ] GC(25) Eden regions: 74->0(72)
[2025-05-04T23:17:29.486+0000][27.452s][info ][gc,heap     ] GC(25) Survivor regions: 2->4(10)
[2025-05-04T23:17:29.486+0000][27.452s][info ][gc,heap     ] GC(25) Old regions: 30->30
[2025-05-04T23:17:29.486+0000][27.452s][info ][gc,heap     ] GC(25) Archive regions: 2->2
[2025-05-04T23:17:29.486+0000][27.452s][info ][gc,heap     ] GC(25) Humongous regions: 0->0
[2025-05-04T23:17:29.487+0000][27.452s][info ][gc,metaspace] GC(25) Metaspace: 56125K(56512K)->56125K(56512K) NonClass: 49019K(49216K)->49019K(49216K) Class: 7105K(7296K)->7105K(7296K)
[2025-05-04T23:17:29.487+0000][27.452s][info ][gc          ] GC(25) Pause Young (Normal) (G1 Evacuation Pause) 213M->68M(254M) 9.242ms
[2025-05-04T23:17:29.487+0000][27.453s][info ][gc,cpu      ] GC(25) User=0.05s Sys=0.00s Real=0.01s
[2025-05-04T23:17:29.487+0000][27.453s][info ][safepoint   ] Safepoint "G1CollectForAllocation", Time since last: 889681994 ns, Reaching safepoint: 286617 ns, Cleanup: 58803 ns, At safepoint: 9686076 ns, Total: 10031496 ns
[2025-05-04T23:17:30.550+0000][28.515s][debug][safepoint   ] Safepoint synchronization initiated using futex wait barrier. (17 threads)
[2025-05-04T23:17:30.551+0000][28.516s][info ][safepoint   ] Safepoint "Cleanup", Time since last: 1062455177 ns, Reaching safepoint: 925355 ns, Cleanup: 40403 ns, At safepoint: 34902 ns, Total: 1000660 ns
[2025-05-04T23:17:30.919+0000][28.885s][debug][safepoint   ] Safepoint synchronization initiated using futex wait barrier. (20 threads)
[2025-05-04T23:17:30.920+0000][28.885s][info ][gc,start    ] GC(26) Pause Young (Normal) (G1 Evacuation Pause)
[2025-05-04T23:17:30.920+0000][28.886s][info ][gc,task     ] GC(26) Using 6 workers of 8 for evacuation
[2025-05-04T23:17:30.927+0000][28.892s][info ][gc,phases   ] GC(26)   Pre Evacuate Collection Set: 0.1ms
[2025-05-04T23:17:30.927+0000][28.893s][info ][gc,phases   ] GC(26)   Merge Heap Roots: 0.1ms
[2025-05-04T23:17:30.927+0000][28.893s][info ][gc,phases   ] GC(26)   Evacuate Collection Set: 5.2ms
[2025-05-04T23:17:30.928+0000][28.893s][info ][gc,phases   ] GC(26)   Post Evacuate Collection Set: 1.1ms
[2025-05-04T23:17:30.928+0000][28.894s][info ][gc,phases   ] GC(26)   Other: 0.4ms
[2025-05-04T23:17:30.928+0000][28.894s][info ][gc,heap     ] GC(26) Eden regions: 72->0(71)
[2025-05-04T23:17:30.928+0000][28.894s][info ][gc,heap     ] GC(26) Survivor regions: 4->5(10)
[2025-05-04T23:17:30.928+0000][28.894s][info ][gc,heap     ] GC(26) Old regions: 30->30
[2025-05-04T23:17:30.929+0000][28.894s][info ][gc,heap     ] GC(26) Archive regions: 2->2
[2025-05-04T23:17:30.929+0000][28.894s][info ][gc,heap     ] GC(26) Humongous regions: 0->0
[2025-05-04T23:17:30.929+0000][28.895s][info ][gc,metaspace] GC(26) Metaspace: 61594K(62080K)->61594K(62080K) NonClass: 53737K(53952K)->53737K(53952K) Class: 7857K(8128K)->7857K(8128K)
[2025-05-04T23:17:30.929+0000][28.895s][info ][gc          ] GC(26) Pause Young (Normal) (G1 Evacuation Pause) 212M->70M(254M) 9.643ms
[2025-05-04T23:17:30.929+0000][28.895s][info ][gc,cpu      ] GC(26) User=0.04s Sys=0.00s Real=0.01s
[2025-05-04T23:17:30.930+0000][28.895s][info ][safepoint   ] Safepoint "G1CollectForAllocation", Time since last: 368832532 ns, Reaching safepoint: 135108 ns, Cleanup: 28402 ns, At safepoint: 10004695 ns, Total: 10168205 ns
[2025-05-04T23:17:31.898+0000][29.863s][debug][safepoint   ] Safepoint synchronization initiated using futex wait barrier. (20 threads)
[2025-05-04T23:17:31.900+0000][29.866s][info ][gc,start    ] GC(27) Pause Young (Normal) (G1 Evacuation Pause)
[2025-05-04T23:17:31.901+0000][29.867s][info ][gc,task     ] GC(27) Using 6 workers of 8 for evacuation
[2025-05-04T23:17:31.908+0000][29.873s][info ][gc,phases   ] GC(27)   Pre Evacuate Collection Set: 0.2ms
[2025-05-04T23:17:31.909+0000][29.874s][info ][gc,phases   ] GC(27)   Merge Heap Roots: 0.1ms
[2025-05-04T23:17:31.909+0000][29.875s][info ][gc,phases   ] GC(27)   Evacuate Collection Set: 4.8ms
[2025-05-04T23:17:31.910+0000][29.876s][info ][gc,phases   ] GC(27)   Post Evacuate Collection Set: 1.4ms
[2025-05-04T23:17:31.910+0000][29.876s][info ][gc,phases   ] GC(27)   Other: 1.0ms
[2025-05-04T23:17:31.910+0000][29.876s][info ][gc,heap     ] GC(27) Eden regions: 71->0(71)
[2025-05-04T23:17:31.911+0000][29.876s][info ][gc,heap     ] GC(27) Survivor regions: 5->5(10)
[2025-05-04T23:17:31.911+0000][29.876s][info ][gc,heap     ] GC(27) Old regions: 30->30
[2025-05-04T23:17:31.911+0000][29.877s][info ][gc,heap     ] GC(27) Archive regions: 2->2
[2025-05-04T23:17:31.911+0000][29.877s][info ][gc,heap     ] GC(27) Humongous regions: 0->0
[2025-05-04T23:17:31.911+0000][29.877s][info ][gc,metaspace] GC(27) Metaspace: 64241K(64768K)->64241K(64768K) NonClass: 56026K(56320K)->56026K(56320K) Class: 8214K(8448K)->8214K(8448K)
[2025-05-04T23:17:31.911+0000][29.877s][info ][gc          ] GC(27) Pause Young (Normal) (G1 Evacuation Pause) 212M->71M(254M) 11.055ms
[2025-05-04T23:17:31.912+0000][29.877s][info ][gc,cpu      ] GC(27) User=0.04s Sys=0.00s Real=0.01s
[2025-05-04T23:17:31.912+0000][29.877s][info ][safepoint   ] Safepoint "G1CollectForAllocation", Time since last: 967957258 ns, Reaching safepoint: 457527 ns, Cleanup: 2153928 ns, At safepoint: 11508685 ns, Total: 14120140 ns
[2025-05-04T23:17:32.726+0000][30.692s][debug][safepoint   ] Safepoint synchronization initiated using futex wait barrier. (21 threads)
[2025-05-04T23:17:32.726+0000][30.692s][info ][safepoint   ] Safepoint "ICBufferFull", Time since last: 814289920 ns, Reaching safepoint: 217513 ns, Cleanup: 92506 ns, At safepoint: 3800 ns, Total: 313819 ns
[2025-05-04T23:17:32.864+0000][30.830s][debug][safepoint   ] Safepoint synchronization initiated using futex wait barrier. (21 threads)
[2025-05-04T23:17:32.864+0000][30.830s][info ][gc,start    ] GC(28) Pause Young (Normal) (G1 Evacuation Pause)
[2025-05-04T23:17:32.864+0000][30.830s][info ][gc,task     ] GC(28) Using 6 workers of 8 for evacuation
[2025-05-04T23:17:32.873+0000][30.838s][info ][gc,phases   ] GC(28)   Pre Evacuate Collection Set: 0.2ms
[2025-05-04T23:17:32.873+0000][30.838s][info ][gc,phases   ] GC(28)   Merge Heap Roots: 0.1ms
[2025-05-04T23:17:32.873+0000][30.839s][info ][gc,phases   ] GC(28)   Evacuate Collection Set: 6.0ms
[2025-05-04T23:17:32.873+0000][30.839s][info ][gc,phases   ] GC(28)   Post Evacuate Collection Set: 1.4ms
[2025-05-04T23:17:32.873+0000][30.839s][info ][gc,phases   ] GC(28)   Other: 0.6ms
[2025-05-04T23:17:32.873+0000][30.839s][info ][gc,heap     ] GC(28) Eden regions: 71->0(70)
[2025-05-04T23:17:32.874+0000][30.839s][info ][gc,heap     ] GC(28) Survivor regions: 5->6(10)
[2025-05-04T23:17:32.874+0000][30.839s][info ][gc,heap     ] GC(28) Old regions: 30->30
[2025-05-04T23:17:32.874+0000][30.840s][info ][gc,heap     ] GC(28) Archive regions: 2->2
[2025-05-04T23:17:32.874+0000][30.840s][info ][gc,heap     ] GC(28) Humongous regions: 0->0
[2025-05-04T23:17:32.874+0000][30.840s][info ][gc,metaspace] GC(28) Metaspace: 68218K(68672K)->68218K(68672K) NonClass: 59473K(59712K)->59473K(59712K) Class: 8744K(8960K)->8744K(8960K)
[2025-05-04T23:17:32.874+0000][30.840s][info ][gc          ] GC(28) Pause Young (Normal) (G1 Evacuation Pause) 213M->73M(254M) 10.151ms
[2025-05-04T23:17:32.875+0000][30.840s][info ][gc,cpu      ] GC(28) User=0.03s Sys=0.01s Real=0.01s
[2025-05-04T23:17:32.875+0000][30.840s][info ][safepoint   ] Safepoint "G1CollectForAllocation", Time since last: 137523678 ns, Reaching safepoint: 341820 ns, Cleanup: 46103 ns, At safepoint: 10528826 ns, Total: 10916749 ns
[2025-05-04T23:17:33.180+0000][31.146s][debug][safepoint   ] ... found polling page loop exception at pc = 0x00007f21a1216463, stub =0x00007f21a0acf400
[2025-05-04T23:17:33.192+0000][31.157s][debug][safepoint   ] Safepoint synchronization initiated using futex wait barrier. (21 threads)
[2025-05-04T23:17:33.192+0000][31.158s][info ][safepoint   ] Safepoint "ICBufferFull", Time since last: 316868842 ns, Reaching safepoint: 317619 ns, Cleanup: 138008 ns, At safepoint: 30402 ns, Total: 486029 ns
[2025-05-04T23:17:33.334+0000][31.300s][debug][safepoint   ] Safepoint synchronization initiated using futex wait barrier. (21 threads)
[2025-05-04T23:17:33.334+0000][31.300s][info ][gc,start    ] GC(29) Pause Young (Concurrent Start) (Metadata GC Threshold)
[2025-05-04T23:17:33.334+0000][31.300s][info ][gc,task     ] GC(29) Using 6 workers of 8 for evacuation
[2025-05-04T23:17:33.344+0000][31.310s][info ][gc,phases   ] GC(29)   Pre Evacuate Collection Set: 0.2ms
[2025-05-04T23:17:33.344+0000][31.310s][info ][gc,phases   ] GC(29)   Merge Heap Roots: 0.1ms
[2025-05-04T23:17:33.344+0000][31.310s][info ][gc,phases   ] GC(29)   Evacuate Collection Set: 8.1ms
[2025-05-04T23:17:33.345+0000][31.310s][info ][gc,phases   ] GC(29)   Post Evacuate Collection Set: 1.2ms
[2025-05-04T23:17:33.345+0000][31.311s][info ][gc,phases   ] GC(29)   Other: 0.4ms
[2025-05-04T23:17:33.345+0000][31.311s][info ][gc,heap     ] GC(29) Eden regions: 33->0(69)
[2025-05-04T23:17:33.345+0000][31.311s][info ][gc,heap     ] GC(29) Survivor regions: 6->5(10)
[2025-05-04T23:17:33.345+0000][31.311s][info ][gc,heap     ] GC(29) Old regions: 30->32
[2025-05-04T23:17:33.345+0000][31.311s][info ][gc,heap     ] GC(29) Archive regions: 2->2
[2025-05-04T23:17:33.345+0000][31.311s][info ][gc,heap     ] GC(29) Humongous regions: 0->0
[2025-05-04T23:17:33.345+0000][31.311s][info ][gc,metaspace] GC(29) Metaspace: 69354K(69760K)->69354K(69760K) NonClass: 60473K(60672K)->60473K(60672K) Class: 8880K(9088K)->8880K(9088K)
[2025-05-04T23:17:33.346+0000][31.311s][info ][gc          ] GC(29) Pause Young (Concurrent Start) (Metadata GC Threshold) 138M->75M(254M) 11.418ms
[2025-05-04T23:17:33.346+0000][31.311s][info ][gc,cpu      ] GC(29) User=0.06s Sys=0.00s Real=0.01s
[2025-05-04T23:17:33.346+0000][31.312s][info ][gc          ] GC(30) Concurrent Mark Cycle
[2025-05-04T23:17:33.346+0000][31.312s][info ][gc,marking  ] GC(30) Concurrent Clear Claimed Marks
[2025-05-04T23:17:33.346+0000][31.312s][info ][safepoint   ] Safepoint "CollectForMetadataAllocation", Time since last: 141720927 ns, Reaching safepoint: 270316 ns, Cleanup: 57103 ns, At safepoint: 11752599 ns, Total: 12080018 ns
[2025-05-04T23:17:33.346+0000][31.312s][info ][gc,marking  ] GC(30) Concurrent Clear Claimed Marks 0.170ms
[2025-05-04T23:17:33.346+0000][31.312s][info ][gc,marking  ] GC(30) Concurrent Scan Root Regions
[2025-05-04T23:17:33.352+0000][31.318s][info ][gc,marking  ] GC(30) Concurrent Scan Root Regions 5.699ms
[2025-05-04T23:17:33.352+0000][31.318s][info ][gc,marking  ] GC(30) Concurrent Mark
[2025-05-04T23:17:33.353+0000][31.318s][info ][gc,marking  ] GC(30) Concurrent Mark From Roots
[2025-05-04T23:17:33.353+0000][31.318s][info ][gc,task     ] GC(30) Using 2 workers of 2 for marking
[2025-05-04T23:17:33.395+0000][31.361s][info ][gc,marking  ] GC(30) Concurrent Mark From Roots 42.977ms
[2025-05-04T23:17:33.396+0000][31.361s][info ][gc,marking  ] GC(30) Concurrent Preclean
[2025-05-04T23:17:33.396+0000][31.362s][info ][gc,marking  ] GC(30) Concurrent Preclean 0.299ms
[2025-05-04T23:17:33.396+0000][31.362s][debug][safepoint   ] Safepoint synchronization initiated using futex wait barrier. (21 threads)
[2025-05-04T23:17:33.396+0000][31.362s][info ][gc,start    ] GC(30) Pause Remark
[2025-05-04T23:17:33.400+0000][31.366s][info ][gc          ] GC(30) Pause Remark 81M->81M(254M) 3.698ms
[2025-05-04T23:17:33.400+0000][31.366s][info ][gc,cpu      ] GC(30) User=0.02s Sys=0.01s Real=0.00s
[2025-05-04T23:17:33.401+0000][31.366s][info ][safepoint   ] Safepoint "G1PauseRemark", Time since last: 50261889 ns, Reaching safepoint: 203312 ns, Cleanup: 40403 ns, At safepoint: 4119345 ns, Total: 4363060 ns
[2025-05-04T23:17:33.401+0000][31.366s][info ][gc,marking  ] GC(30) Concurrent Mark 48.382ms
[2025-05-04T23:17:33.401+0000][31.367s][info ][gc,marking  ] GC(30) Concurrent Rebuild Remembered Sets
[2025-05-04T23:17:33.425+0000][31.391s][info ][gc,marking  ] GC(30) Concurrent Rebuild Remembered Sets 24.015ms
[2025-05-04T23:17:33.425+0000][31.391s][debug][safepoint   ] Safepoint synchronization initiated using futex wait barrier. (21 threads)
[2025-05-04T23:17:33.425+0000][31.391s][info ][gc,start    ] GC(30) Pause Cleanup
[2025-05-04T23:17:33.426+0000][31.391s][info ][gc          ] GC(30) Pause Cleanup 87M->87M(254M) 0.297ms
[2025-05-04T23:17:33.426+0000][31.392s][info ][gc,cpu      ] GC(30) User=0.00s Sys=0.00s Real=0.00s
[2025-05-04T23:17:33.426+0000][31.392s][info ][safepoint   ] Safepoint "G1PauseCleanup", Time since last: 24643865 ns, Reaching safepoint: 184711 ns, Cleanup: 12101 ns, At safepoint: 571734 ns, Total: 768546 ns
[2025-05-04T23:17:33.426+0000][31.392s][info ][gc,marking  ] GC(30) Concurrent Cleanup for Next Mark
[2025-05-04T23:17:33.427+0000][31.392s][info ][gc,marking  ] GC(30) Concurrent Cleanup for Next Mark 0.506ms
[2025-05-04T23:17:33.427+0000][31.393s][info ][gc          ] GC(30) Concurrent Mark Cycle 81.021ms
[2025-05-04T23:17:33.817+0000][31.783s][debug][safepoint   ] Safepoint synchronization initiated using futex wait barrier. (21 threads)
[2025-05-04T23:17:33.818+0000][31.784s][info ][safepoint   ] Safepoint "ICBufferFull", Time since last: 391413374 ns, Reaching safepoint: 270417 ns, Cleanup: 137308 ns, At safepoint: 26901 ns, Total: 434626 ns
[2025-05-04T23:17:34.301+0000][32.267s][debug][safepoint   ] Safepoint synchronization initiated using futex wait barrier. (21 threads)
[2025-05-04T23:17:34.302+0000][32.267s][info ][gc,start    ] GC(31) Pause Young (Prepare Mixed) (G1 Evacuation Pause)
[2025-05-04T23:17:34.302+0000][32.267s][info ][gc,task     ] GC(31) Using 6 workers of 8 for evacuation
[2025-05-04T23:17:34.310+0000][32.275s][info ][gc,phases   ] GC(31)   Pre Evacuate Collection Set: 0.2ms
[2025-05-04T23:17:34.310+0000][32.276s][info ][gc,phases   ] GC(31)   Merge Heap Roots: 0.2ms
[2025-05-04T23:17:34.310+0000][32.276s][info ][gc,phases   ] GC(31)   Evacuate Collection Set: 5.8ms
[2025-05-04T23:17:34.310+0000][32.276s][info ][gc,phases   ] GC(31)   Post Evacuate Collection Set: 1.5ms
[2025-05-04T23:17:34.310+0000][32.276s][info ][gc,phases   ] GC(31)   Other: 0.6ms
[2025-05-04T23:17:34.311+0000][32.276s][info ][gc,heap     ] GC(31) Eden regions: 69->0(1)
[2025-05-04T23:17:34.311+0000][32.276s][info ][gc,heap     ] GC(31) Survivor regions: 5->6(10)
[2025-05-04T23:17:34.311+0000][32.277s][info ][gc,heap     ] GC(31) Old regions: 32->32
[2025-05-04T23:17:34.311+0000][32.277s][info ][gc,heap     ] GC(31) Archive regions: 2->2
[2025-05-04T23:17:34.311+0000][32.277s][info ][gc,heap     ] GC(31) Humongous regions: 0->0
[2025-05-04T23:17:34.311+0000][32.277s][info ][gc,metaspace] GC(31) Metaspace: 73640K(74112K)->73640K(74112K) NonClass: 64202K(64448K)->64202K(64448K) Class: 9438K(9664K)->9438K(9664K)
[2025-05-04T23:17:34.311+0000][32.277s][info ][gc          ] GC(31) Pause Young (Prepare Mixed) (G1 Evacuation Pause) 213M->77M(254M) 9.884ms
[2025-05-04T23:17:34.312+0000][32.277s][info ][gc,cpu      ] GC(31) User=0.04s Sys=0.01s Real=0.01s
[2025-05-04T23:17:34.312+0000][32.277s][info ][safepoint   ] Safepoint "G1CollectForAllocation", Time since last: 483314540 ns, Reaching safepoint: 261215 ns, Cleanup: 106307 ns, At safepoint: 10207307 ns, Total: 10574829 ns
[2025-05-04T23:17:34.330+0000][32.296s][debug][safepoint   ] Safepoint synchronization initiated using futex wait barrier. (21 threads)
[2025-05-04T23:17:34.331+0000][32.296s][info ][gc,start    ] GC(32) Pause Young (Mixed) (G1 Evacuation Pause)
[2025-05-04T23:17:34.331+0000][32.297s][info ][gc,task     ] GC(32) Using 6 workers of 8 for evacuation
[2025-05-04T23:17:34.339+0000][32.305s][info ][gc,phases   ] GC(32)   Pre Evacuate Collection Set: 0.1ms
[2025-05-04T23:17:34.340+0000][32.305s][info ][gc,phases   ] GC(32)   Merge Heap Roots: 0.1ms
[2025-05-04T23:17:34.340+0000][32.306s][info ][gc,phases   ] GC(32)   Evacuate Collection Set: 7.1ms
[2025-05-04T23:17:34.340+0000][32.306s][info ][gc,phases   ] GC(32)   Post Evacuate Collection Set: 1.1ms
[2025-05-04T23:17:34.340+0000][32.306s][info ][gc,phases   ] GC(32)   Other: 0.4ms
[2025-05-04T23:17:34.340+0000][32.306s][info ][gc,heap     ] GC(32) Eden regions: 1->0(69)
[2025-05-04T23:17:34.341+0000][32.306s][info ][gc,heap     ] GC(32) Survivor regions: 6->1(1)
[2025-05-04T23:17:34.341+0000][32.306s][info ][gc,heap     ] GC(32) Old regions: 32->37
[2025-05-04T23:17:34.341+0000][32.307s][info ][gc,heap     ] GC(32) Archive regions: 2->2
[2025-05-04T23:17:34.341+0000][32.307s][info ][gc,heap     ] GC(32) Humongous regions: 0->0
[2025-05-04T23:17:34.341+0000][32.307s][info ][gc,metaspace] GC(32) Metaspace: 73864K(74304K)->73864K(74304K) NonClass: 64419K(64640K)->64419K(64640K) Class: 9445K(9664K)->9445K(9664K)
[2025-05-04T23:17:34.341+0000][32.307s][info ][gc          ] GC(32) Pause Young (Mixed) (G1 Evacuation Pause) 79M->76M(254M) 10.608ms
[2025-05-04T23:17:34.342+0000][32.307s][info ][gc,cpu      ] GC(32) User=0.04s Sys=0.00s Real=0.01s
[2025-05-04T23:17:34.342+0000][32.307s][info ][safepoint   ] Safepoint "G1CollectForAllocation", Time since last: 18793417 ns, Reaching safepoint: 244015 ns, Cleanup: 7200 ns, At safepoint: 10944551 ns, Total: 11195766 ns
[2025-05-04T23:17:35.003+0000][32.968s][debug][safepoint   ] Safepoint synchronization initiated using futex wait barrier. (20 threads)
[2025-05-04T23:17:35.003+0000][32.969s][info ][gc,start    ] GC(33) Pause Young (Normal) (G1 Evacuation Pause)
[2025-05-04T23:17:35.003+0000][32.969s][info ][gc,task     ] GC(33) Using 6 workers of 8 for evacuation
[2025-05-04T23:17:35.007+0000][32.973s][info ][gc,phases   ] GC(33)   Pre Evacuate Collection Set: 0.1ms
[2025-05-04T23:17:35.007+0000][32.973s][info ][gc,phases   ] GC(33)   Merge Heap Roots: 0.1ms
[2025-05-04T23:17:35.007+0000][32.973s][info ][gc,phases   ] GC(33)   Evacuate Collection Set: 2.2ms
[2025-05-04T23:17:35.007+0000][32.973s][info ][gc,phases   ] GC(33)   Post Evacuate Collection Set: 0.9ms
[2025-05-04T23:17:35.008+0000][32.973s][info ][gc,phases   ] GC(33)   Other: 0.4ms
[2025-05-04T23:17:35.008+0000][32.974s][info ][gc,heap     ] GC(33) Eden regions: 69->0(70)
[2025-05-04T23:17:35.008+0000][32.974s][info ][gc,heap     ] GC(33) Survivor regions: 1->1(9)
[2025-05-04T23:17:35.008+0000][32.974s][info ][gc,heap     ] GC(33) Old regions: 37->37
[2025-05-04T23:17:35.008+0000][32.974s][info ][gc,heap     ] GC(33) Archive regions: 2->2
[2025-05-04T23:17:35.008+0000][32.974s][info ][gc,heap     ] GC(33) Humongous regions: 0->0
[2025-05-04T23:17:35.009+0000][32.974s][info ][gc,metaspace] GC(33) Metaspace: 77682K(78144K)->77682K(78144K) NonClass: 67507K(67712K)->67507K(67712K) Class: 10174K(10432K)->10174K(10432K)
[2025-05-04T23:17:35.009+0000][32.975s][info ][gc          ] GC(33) Pause Young (Normal) (G1 Evacuation Pause) 214M->75M(254M) 5.740ms
[2025-05-04T23:17:35.009+0000][32.975s][info ][gc,cpu      ] GC(33) User=0.02s Sys=0.00s Real=0.00s
[2025-05-04T23:17:35.009+0000][32.975s][info ][safepoint   ] Safepoint "G1CollectForAllocation", Time since last: 661099611 ns, Reaching safepoint: 226814 ns, Cleanup: 44103 ns, At safepoint: 6192268 ns, Total: 6463185 ns
[2025-05-04T23:17:35.338+0000][33.304s][debug][safepoint   ] Safepoint synchronization initiated using futex wait barrier. (22 threads)
[2025-05-04T23:17:35.339+0000][33.304s][info ][safepoint   ] Safepoint "ICBufferFull", Time since last: 328933759 ns, Reaching safepoint: 254515 ns, Cleanup: 94806 ns, At safepoint: 16401 ns, Total: 365722 ns
[2025-05-04T23:17:35.431+0000][33.397s][debug][safepoint   ] Safepoint synchronization initiated using futex wait barrier. (23 threads)
[2025-05-04T23:17:35.431+0000][33.397s][info ][safepoint   ] Safepoint "ICBufferFull", Time since last: 92503001 ns, Reaching safepoint: 217313 ns, Cleanup: 81704 ns, At safepoint: 2901 ns, Total: 301918 ns
[2025-05-04T23:17:35.499+0000][33.465s][debug][safepoint   ] Safepoint synchronization initiated using futex wait barrier. (23 threads)
[2025-05-04T23:17:35.499+0000][33.465s][info ][safepoint   ] Safepoint "ICBufferFull", Time since last: 67831233 ns, Reaching safepoint: 211413 ns, Cleanup: 72504 ns, At safepoint: 22601 ns, Total: 306518 ns
[2025-05-04T23:17:35.577+0000][33.543s][debug][safepoint   ] Safepoint synchronization initiated using futex wait barrier. (23 threads)
[2025-05-04T23:17:35.577+0000][33.543s][info ][safepoint   ] Safepoint "ICBufferFull", Time since last: 77447606 ns, Reaching safepoint: 265715 ns, Cleanup: 101006 ns, At safepoint: 29102 ns, Total: 395823 ns
[2025-05-04T23:17:35.734+0000][33.700s][debug][safepoint   ] Safepoint synchronization initiated using futex wait barrier. (23 threads)
[2025-05-04T23:17:35.734+0000][33.700s][info ][safepoint   ] Safepoint "ICBufferFull", Time since last: 156615313 ns, Reaching safepoint: 277517 ns, Cleanup: 81204 ns, At safepoint: 2701 ns, Total: 361422 ns
[2025-05-04T23:17:35.948+0000][33.913s][debug][safepoint   ] Safepoint synchronization initiated using futex wait barrier. (23 threads)
[2025-05-04T23:17:35.948+0000][33.914s][info ][safepoint   ] Safepoint "ICBufferFull", Time since last: 213317684 ns, Reaching safepoint: 243915 ns, Cleanup: 97706 ns, At safepoint: 24601 ns, Total: 366222 ns
[2025-05-04T23:17:35.956+0000][33.922s][debug][safepoint   ] Safepoint synchronization initiated using futex wait barrier. (23 threads)
[2025-05-04T23:17:35.956+0000][33.922s][info ][gc,start    ] GC(34) Pause Young (Normal) (G1 Evacuation Pause)
[2025-05-04T23:17:35.957+0000][33.922s][info ][gc,task     ] GC(34) Using 6 workers of 8 for evacuation
[2025-05-04T23:17:35.960+0000][33.925s][info ][gc,phases   ] GC(34)   Pre Evacuate Collection Set: 0.1ms
[2025-05-04T23:17:35.960+0000][33.926s][info ][gc,phases   ] GC(34)   Merge Heap Roots: 0.1ms
[2025-05-04T23:17:35.960+0000][33.926s][info ][gc,phases   ] GC(34)   Evacuate Collection Set: 1.8ms
[2025-05-04T23:17:35.960+0000][33.926s][info ][gc,phases   ] GC(34)   Post Evacuate Collection Set: 0.8ms
[2025-05-04T23:17:35.960+0000][33.926s][info ][gc,phases   ] GC(34)   Other: 0.4ms
[2025-05-04T23:17:35.960+0000][33.926s][info ][gc,heap     ] GC(34) Eden regions: 70->0(69)
[2025-05-04T23:17:35.961+0000][33.926s][info ][gc,heap     ] GC(34) Survivor regions: 1->2(9)
[2025-05-04T23:17:35.961+0000][33.926s][info ][gc,heap     ] GC(34) Old regions: 37->37
[2025-05-04T23:17:35.961+0000][33.927s][info ][gc,heap     ] GC(34) Archive regions: 2->2
[2025-05-04T23:17:35.961+0000][33.927s][info ][gc,heap     ] GC(34) Humongous regions: 0->0
[2025-05-04T23:17:35.961+0000][33.927s][info ][gc,metaspace] GC(34) Metaspace: 80283K(80832K)->80283K(80832K) NonClass: 69786K(70080K)->69786K(70080K) Class: 10497K(10752K)->10497K(10752K)
[2025-05-04T23:17:35.961+0000][33.927s][info ][gc          ] GC(34) Pause Young (Normal) (G1 Evacuation Pause) 215M->76M(254M) 4.899ms
[2025-05-04T23:17:35.961+0000][33.927s][info ][gc,cpu      ] GC(34) User=0.02s Sys=0.00s Real=0.00s
[2025-05-04T23:17:35.962+0000][33.927s][info ][safepoint   ] Safepoint "G1CollectForAllocation", Time since last: 8104282 ns, Reaching safepoint: 289317 ns, Cleanup: 13801 ns, At safepoint: 5232711 ns, Total: 5535829 ns
[2025-05-04T23:17:36.598+0000][34.564s][debug][safepoint   ] Safepoint synchronization initiated using futex wait barrier. (20 threads)
[2025-05-04T23:17:36.599+0000][34.564s][info ][safepoint   ] Safepoint "ICBufferFull", Time since last: 636674459 ns, Reaching safepoint: 230114 ns, Cleanup: 76804 ns, At safepoint: 2900 ns, Total: 309818 ns
[2025-05-04T23:17:36.632+0000][34.598s][debug][safepoint   ] Safepoint synchronization initiated using futex wait barrier. (20 threads)
[2025-05-04T23:17:36.633+0000][34.598s][info ][gc,start    ] GC(35) Pause Young (Normal) (G1 Evacuation Pause)
[2025-05-04T23:17:36.636+0000][34.602s][info ][gc,task     ] GC(35) Using 6 workers of 8 for evacuation
[2025-05-04T23:17:36.641+0000][34.607s][info ][gc,phases   ] GC(35)   Pre Evacuate Collection Set: 0.1ms
[2025-05-04T23:17:36.642+0000][34.608s][info ][gc,phases   ] GC(35)   Merge Heap Roots: 0.1ms
[2025-05-04T23:17:36.642+0000][34.608s][info ][gc,phases   ] GC(35)   Evacuate Collection Set: 3.2ms
[2025-05-04T23:17:36.643+0000][34.608s][info ][gc,phases   ] GC(35)   Post Evacuate Collection Set: 1.2ms
[2025-05-04T23:17:36.643+0000][34.608s][info ][gc,phases   ] GC(35)   Other: 3.9ms
[2025-05-04T23:17:36.643+0000][34.609s][info ][gc,heap     ] GC(35) Eden regions: 69->0(68)
[2025-05-04T23:17:36.643+0000][34.609s][info ][gc,heap     ] GC(35) Survivor regions: 2->3(9)
[2025-05-04T23:17:36.643+0000][34.609s][info ][gc,heap     ] GC(35) Old regions: 37->37
[2025-05-04T23:17:36.643+0000][34.609s][info ][gc,heap     ] GC(35) Archive regions: 2->2
[2025-05-04T23:17:36.644+0000][34.609s][info ][gc,heap     ] GC(35) Humongous regions: 0->0
[2025-05-04T23:17:36.644+0000][34.609s][info ][gc,metaspace] GC(35) Metaspace: 83256K(83776K)->83256K(83776K) NonClass: 72320K(72576K)->72320K(72576K) Class: 10936K(11200K)->10936K(11200K)
[2025-05-04T23:17:36.644+0000][34.610s][info ][gc          ] GC(35) Pause Young (Normal) (G1 Evacuation Pause) 214M->79M(254M) 11.278ms
[2025-05-04T23:17:36.644+0000][34.610s][info ][gc,cpu      ] GC(35) User=0.02s Sys=0.00s Real=0.01s
[2025-05-04T23:17:36.644+0000][34.610s][info ][safepoint   ] Safepoint "G1CollectForAllocation", Time since last: 33653402 ns, Reaching safepoint: 314618 ns, Cleanup: 16801 ns, At safepoint: 11611391 ns, Total: 11942810 ns
[2025-05-04T23:17:36.936+0000][34.901s][debug][safepoint   ] Safepoint synchronization initiated using futex wait barrier. (22 threads)
[2025-05-04T23:17:36.936+0000][34.902s][info ][safepoint   ] Safepoint "ICBufferFull", Time since last: 291539436 ns, Reaching safepoint: 274516 ns, Cleanup: 120507 ns, At safepoint: 5701 ns, Total: 400724 ns
[2025-05-04T23:17:37.192+0000][35.157s][debug][safepoint   ] Safepoint synchronization initiated using futex wait barrier. (22 threads)
[2025-05-04T23:17:37.192+0000][35.158s][info ][safepoint   ] Safepoint "ICBufferFull", Time since last: 255418288 ns, Reaching safepoint: 404224 ns, Cleanup: 152609 ns, At safepoint: 33802 ns, Total: 590635 ns
[2025-05-04T23:17:37.935+0000][35.900s][debug][safepoint   ] Safepoint synchronization initiated using futex wait barrier. (22 threads)
[2025-05-04T23:17:37.935+0000][35.901s][info ][gc,start    ] GC(36) Pause Young (Normal) (G1 Evacuation Pause)
[2025-05-04T23:17:37.935+0000][35.901s][info ][gc,task     ] GC(36) Using 6 workers of 8 for evacuation
[2025-05-04T23:17:37.943+0000][35.909s][info ][gc,phases   ] GC(36)   Pre Evacuate Collection Set: 0.1ms
[2025-05-04T23:17:37.943+0000][35.909s][info ][gc,phases   ] GC(36)   Merge Heap Roots: 0.1ms
[2025-05-04T23:17:37.943+0000][35.909s][info ][gc,phases   ] GC(36)   Evacuate Collection Set: 6.2ms
[2025-05-04T23:17:37.943+0000][35.909s][info ][gc,phases   ] GC(36)   Post Evacuate Collection Set: 1.3ms
[2025-05-04T23:17:37.943+0000][35.909s][info ][gc,phases   ] GC(36)   Other: 0.3ms
[2025-05-04T23:17:37.944+0000][35.909s][info ][gc,heap     ] GC(36) Eden regions: 68->0(65)
[2025-05-04T23:17:37.944+0000][35.909s][info ][gc,heap     ] GC(36) Survivor regions: 3->5(9)
[2025-05-04T23:17:37.944+0000][35.910s][info ][gc,heap     ] GC(36) Old regions: 37->37
[2025-05-04T23:17:37.944+0000][35.910s][info ][gc,heap     ] GC(36) Archive regions: 2->2
[2025-05-04T23:17:37.944+0000][35.910s][info ][gc,heap     ] GC(36) Humongous regions: 0->0
[2025-05-04T23:17:37.944+0000][35.910s][info ][gc,metaspace] GC(36) Metaspace: 86071K(86592K)->86071K(86592K) NonClass: 74943K(75200K)->74943K(75200K) Class: 11128K(11392K)->11128K(11392K)
[2025-05-04T23:17:37.944+0000][35.910s][info ][gc          ] GC(36) Pause Young (Normal) (G1 Evacuation Pause) 215M->82M(254M) 9.428ms
[2025-05-04T23:17:37.944+0000][35.910s][info ][gc,cpu      ] GC(36) User=0.06s Sys=0.00s Real=0.01s
[2025-05-04T23:17:37.945+0000][35.910s][info ][safepoint   ] Safepoint "G1CollectForAllocation", Time since last: 742340577 ns, Reaching safepoint: 273317 ns, Cleanup: 59503 ns, At safepoint: 9721491 ns, Total: 10054311 ns
[2025-05-04T23:17:39.203+0000][37.168s][debug][safepoint   ] Safepoint synchronization initiated using futex wait barrier. (26 threads)
[2025-05-04T23:17:39.207+0000][37.172s][info ][gc,start    ] GC(37) Pause Young (Normal) (G1 Evacuation Pause)
[2025-05-04T23:17:39.207+0000][37.173s][info ][gc,task     ] GC(37) Using 8 workers of 8 for evacuation
[2025-05-04T23:17:39.228+0000][37.194s][info ][gc,phases   ] GC(37)   Pre Evacuate Collection Set: 0.2ms
[2025-05-04T23:17:39.229+0000][37.195s][info ][gc,phases   ] GC(37)   Merge Heap Roots: 0.1ms
[2025-05-04T23:17:39.230+0000][37.195s][info ][gc,phases   ] GC(37)   Evacuate Collection Set: 18.4ms
[2025-05-04T23:17:39.230+0000][37.195s][info ][gc,phases   ] GC(37)   Post Evacuate Collection Set: 1.7ms
[2025-05-04T23:17:39.230+0000][37.196s][info ][gc,phases   ] GC(37)   Other: 1.3ms
[2025-05-04T23:17:39.230+0000][37.196s][info ][gc,heap     ] GC(37) Eden regions: 65->0(63)
[2025-05-04T23:17:39.232+0000][37.198s][info ][gc,heap     ] GC(37) Survivor regions: 5->6(9)
[2025-05-04T23:17:39.233+0000][37.198s][info ][gc,heap     ] GC(37) Old regions: 37->37
[2025-05-04T23:17:39.235+0000][37.200s][info ][gc,heap     ] GC(37) Archive regions: 2->2
[2025-05-04T23:17:39.236+0000][37.201s][info ][gc,heap     ] GC(37) Humongous regions: 0->0
[2025-05-04T23:17:39.239+0000][37.205s][info ][gc,metaspace] GC(37) Metaspace: 88349K(88896K)->88349K(88896K) NonClass: 77031K(77312K)->77031K(77312K) Class: 11318K(11584K)->11318K(11584K)
[2025-05-04T23:17:39.242+0000][37.207s][info ][gc          ] GC(37) Pause Young (Normal) (G1 Evacuation Pause) 212M->86M(254M) 34.928ms
[2025-05-04T23:17:39.243+0000][37.208s][info ][gc,cpu      ] GC(37) User=0.16s Sys=0.00s Real=0.04s
[2025-05-04T23:17:39.243+0000][37.209s][info ][safepoint   ] Safepoint "G1CollectForAllocation", Time since last: 1257958279 ns, Reaching safepoint: 3950640 ns, Cleanup: 132608 ns, At safepoint: 36566320 ns, Total: 40649568 ns
[2025-05-04T23:17:40.228+0000][38.194s][debug][safepoint   ] Safepoint synchronization initiated using futex wait barrier. (26 threads)
[2025-05-04T23:17:40.228+0000][38.194s][debug][safepoint   ] ... found polling page loop exception at pc = 0x00007f21a131c1b6, stub =0x00007f21a0acf400
[2025-05-04T23:17:40.229+0000][38.195s][info ][safepoint   ] Safepoint "ICBufferFull", Time since last: 985011407 ns, Reaching safepoint: 568534 ns, Cleanup: 169811 ns, At safepoint: 47903 ns, Total: 786248 ns
[2025-05-04T23:17:40.599+0000][38.561s][debug][safepoint   ] Safepoint synchronization initiated using futex wait barrier. (26 threads)
[2025-05-04T23:17:40.599+0000][38.561s][info ][gc,start    ] GC(38) Pause Young (Normal) (G1 Evacuation Pause)
[2025-05-04T23:17:40.600+0000][38.561s][info ][gc,task     ] GC(38) Using 8 workers of 8 for evacuation
[2025-05-04T23:17:40.611+0000][38.573s][info ][gc,phases   ] GC(38)   Pre Evacuate Collection Set: 0.1ms
[2025-05-04T23:17:40.612+0000][38.573s][info ][gc,phases   ] GC(38)   Merge Heap Roots: 0.1ms
[2025-05-04T23:17:40.612+0000][38.574s][info ][gc,phases   ] GC(38)   Evacuate Collection Set: 9.8ms
[2025-05-04T23:17:40.612+0000][38.574s][info ][gc,phases   ] GC(38)   Post Evacuate Collection Set: 1.5ms
[2025-05-04T23:17:40.612+0000][38.574s][info ][gc,phases   ] GC(38)   Other: 0.4ms
[2025-05-04T23:17:40.612+0000][38.574s][info ][gc,heap     ] GC(38) Eden regions: 63->0(60)
[2025-05-04T23:17:40.612+0000][38.574s][info ][gc,heap     ] GC(38) Survivor regions: 6->7(9)
[2025-05-04T23:17:40.613+0000][38.574s][info ][gc,heap     ] GC(38) Old regions: 37->38
[2025-05-04T23:17:40.613+0000][38.574s][info ][gc,heap     ] GC(38) Archive regions: 2->2
[2025-05-04T23:17:40.613+0000][38.575s][info ][gc,heap     ] GC(38) Humongous regions: 0->0
[2025-05-04T23:17:40.613+0000][38.575s][info ][gc,metaspace] GC(38) Metaspace: 91609K(92224K)->91609K(92224K) NonClass: 79879K(80192K)->79879K(80192K) Class: 11730K(12032K)->11730K(12032K)
[2025-05-04T23:17:40.613+0000][38.575s][info ][gc          ] GC(38) Pause Young (Normal) (G1 Evacuation Pause) 212M->89M(254M) 13.649ms
[2025-05-04T23:17:40.613+0000][38.575s][info ][gc,cpu      ] GC(38) User=0.07s Sys=0.00s Real=0.01s
[2025-05-04T23:17:40.613+0000][38.575s][info ][safepoint   ] Safepoint "G1CollectForAllocation", Time since last: 366152930 ns, Reaching safepoint: 224314 ns, Cleanup: 75905 ns, At safepoint: 13943746 ns, Total: 14243965 ns
[2025-05-04T23:17:41.020+0000][38.982s][debug][safepoint   ] Safepoint synchronization initiated using futex wait barrier. (26 threads)
[2025-05-04T23:17:41.021+0000][38.983s][info ][safepoint   ] Safepoint "ICBufferFull", Time since last: 407121619 ns, Reaching safepoint: 265817 ns, Cleanup: 87305 ns, At safepoint: 30002 ns, Total: 383124 ns
[2025-05-04T23:17:41.192+0000][39.154s][debug][safepoint   ] Safepoint synchronization initiated using futex wait barrier. (26 threads)
[2025-05-04T23:17:41.193+0000][39.154s][info ][gc,start    ] GC(39) Pause Young (Normal) (G1 Evacuation Pause)
[2025-05-04T23:17:41.193+0000][39.155s][info ][gc,task     ] GC(39) Using 8 workers of 8 for evacuation
[2025-05-04T23:17:41.203+0000][39.165s][info ][gc,phases   ] GC(39)   Pre Evacuate Collection Set: 0.2ms
[2025-05-04T23:17:41.204+0000][39.165s][info ][gc,phases   ] GC(39)   Merge Heap Roots: 0.1ms
[2025-05-04T23:17:41.204+0000][39.166s][info ][gc,phases   ] GC(39)   Evacuate Collection Set: 9.1ms
[2025-05-04T23:17:41.204+0000][39.166s][info ][gc,phases   ] GC(39)   Post Evacuate Collection Set: 1.1ms
[2025-05-04T23:17:41.204+0000][39.166s][info ][gc,phases   ] GC(39)   Other: 0.4ms
[2025-05-04T23:17:41.204+0000][39.166s][info ][gc,heap     ] GC(39) Eden regions: 60->0(61)
[2025-05-04T23:17:41.204+0000][39.166s][info ][gc,heap     ] GC(39) Survivor regions: 7->5(9)
[2025-05-04T23:17:41.204+0000][39.166s][info ][gc,heap     ] GC(39) Old regions: 38->41
[2025-05-04T23:17:41.205+0000][39.166s][info ][gc,heap     ] GC(39) Archive regions: 2->2
[2025-05-04T23:17:41.205+0000][39.166s][info ][gc,heap     ] GC(39) Humongous regions: 0->0
[2025-05-04T23:17:41.205+0000][39.166s][info ][gc,metaspace] GC(39) Metaspace: 95257K(95808K)->95257K(95808K) NonClass: 82895K(83200K)->82895K(83200K) Class: 12361K(12608K)->12361K(12608K)
[2025-05-04T23:17:41.205+0000][39.167s][info ][gc          ] GC(39) Pause Young (Normal) (G1 Evacuation Pause) 209M->91M(254M) 12.180ms
[2025-05-04T23:17:41.205+0000][39.167s][info ][gc,cpu      ] GC(39) User=0.09s Sys=0.00s Real=0.01s
[2025-05-04T23:17:41.205+0000][39.167s][info ][safepoint   ] Safepoint "G1CollectForAllocation", Time since last: 171514314 ns, Reaching safepoint: 278416 ns, Cleanup: 17902 ns, At safepoint: 12472957 ns, Total: 12769275 ns
[2025-05-04T23:17:41.565+0000][39.526s][debug][safepoint   ] Safepoint synchronization initiated using futex wait barrier. (26 threads)
[2025-05-04T23:17:41.565+0000][39.527s][info ][gc,start    ] GC(40) Pause Young (Normal) (G1 Evacuation Pause)
[2025-05-04T23:17:41.565+0000][39.527s][info ][gc,task     ] GC(40) Using 8 workers of 8 for evacuation
[2025-05-04T23:17:41.574+0000][39.535s][info ][gc,phases   ] GC(40)   Pre Evacuate Collection Set: 0.1ms
[2025-05-04T23:17:41.574+0000][39.536s][info ][gc,phases   ] GC(40)   Merge Heap Roots: 0.1ms
[2025-05-04T23:17:41.574+0000][39.536s][info ][gc,phases   ] GC(40)   Evacuate Collection Set: 7.0ms
[2025-05-04T23:17:41.574+0000][39.536s][info ][gc,phases   ] GC(40)   Post Evacuate Collection Set: 1.2ms
[2025-05-04T23:17:41.574+0000][39.536s][info ][gc,phases   ] GC(40)   Other: 0.4ms
[2025-05-04T23:17:41.575+0000][39.536s][info ][gc,heap     ] GC(40) Eden regions: 61->0(59)
[2025-05-04T23:17:41.575+0000][39.536s][info ][gc,heap     ] GC(40) Survivor regions: 5->6(9)
[2025-05-04T23:17:41.575+0000][39.536s][info ][gc,heap     ] GC(40) Old regions: 41->41
[2025-05-04T23:17:41.575+0000][39.537s][info ][gc,heap     ] GC(40) Archive regions: 2->2
[2025-05-04T23:17:41.575+0000][39.537s][info ][gc,heap     ] GC(40) Humongous regions: 0->0
[2025-05-04T23:17:41.575+0000][39.537s][info ][gc,metaspace] GC(40) Metaspace: 97270K(97792K)->97270K(97792K) NonClass: 84527K(84800K)->84527K(84800K) Class: 12743K(12992K)->12743K(12992K)
[2025-05-04T23:17:41.575+0000][39.537s][info ][gc          ] GC(40) Pause Young (Normal) (G1 Evacuation Pause) 213M->93M(254M) 10.351ms
[2025-05-04T23:17:41.575+0000][39.537s][info ][gc,cpu      ] GC(40) User=0.06s Sys=0.00s Real=0.01s
[2025-05-04T23:17:41.576+0000][39.537s][info ][safepoint   ] Safepoint "G1CollectForAllocation", Time since last: 359403622 ns, Reaching safepoint: 244915 ns, Cleanup: 49603 ns, At safepoint: 10658347 ns, Total: 10952865 ns
[2025-05-04T23:17:42.053+0000][40.015s][info ][gc,heap,exit] Heap
[2025-05-04T23:17:42.054+0000][40.015s][info ][gc,heap,exit]  garbage-first heap   total 260096K, used 157727K [0x0000000745800000, 0x0000000800000000)
[2025-05-04T23:17:42.054+0000][40.016s][info ][gc,heap,exit]   region size 2048K, 37 young (75776K), 6 survivors (12288K)
[2025-05-04T23:17:42.054+0000][40.016s][info ][gc,heap,exit]  Metaspace       used 99530K, committed 100096K, reserved 1179648K
[2025-05-04T23:17:42.054+0000][40.016s][info ][gc,heap,exit]   class space    used 13064K, committed 13312K, reserved 1048576K
[2025-05-04T23:17:42.054+0000][40.016s][debug][safepoint   ] Safepoint synchronization initiated using futex wait barrier. (16 threads)
