[2025-05-04T23:17:43.443+0000][0.030s][info][gc] Using G1
[2025-05-04T23:17:43.445+0000][0.032s][info][gc,init] Version: 17.0.13+11-Debian-2deb12u1 (release)
[2025-05-04T23:17:43.445+0000][0.032s][info][gc,init] CPUs: 8 total, 8 available
[2025-05-04T23:17:43.445+0000][0.032s][info][gc,init] Memory: 11928M
[2025-05-04T23:17:43.445+0000][0.032s][info][gc,init] Large Page Support: Disabled
[2025-05-04T23:17:43.446+0000][0.032s][info][gc,init] NUMA Support: Disabled
[2025-05-04T23:17:43.446+0000][0.032s][info][gc,init] Compressed Oops: Enabled (Zero based)
[2025-05-04T23:17:43.446+0000][0.032s][info][gc,init] Heap Region Size: 2M
[2025-05-04T23:17:43.446+0000][0.033s][info][gc,init] Heap Min Capacity: 8M
[2025-05-04T23:17:43.446+0000][0.033s][info][gc,init] Heap Initial Capacity: 188M
[2025-05-04T23:17:43.447+0000][0.033s][info][gc,init] Heap Max Capacity: 2984M
[2025-05-04T23:17:43.447+0000][0.033s][info][gc,init] Pre-touch: Disabled
[2025-05-04T23:17:43.447+0000][0.033s][info][gc,init] Parallel Workers: 8
[2025-05-04T23:17:43.447+0000][0.033s][info][gc,init] Concurrent Workers: 2
[2025-05-04T23:17:43.447+0000][0.034s][info][gc,init] Concurrent Refinement Workers: 8
[2025-05-04T23:17:43.447+0000][0.034s][info][gc,init] Periodic GC: Disabled
[2025-05-04T23:17:43.451+0000][0.038s][info][gc,metaspace] CDS archive(s) mapped at: [0x00007efcab000000-0x00007efcabbc9000-0x00007efcabbc9000), size 12357632, SharedBaseAddress: 0x00007efcab000000, ArchiveRelocationMode: 1.
[2025-05-04T23:17:43.452+0000][0.038s][info][gc,metaspace] Compressed class space mapped at: 0x00007efcac000000-0x00007efcec000000, reserved size: 1073741824
[2025-05-04T23:17:43.452+0000][0.038s][info][gc,metaspace] Narrow klass base: 0x00007efcab000000, Narrow klass shift: 0, Narrow klass range: 0x100000000
[2025-05-04T23:17:43.457+0000][0.043s][info][cds,heap    ] initialize_from_archived_subgraph java.lang.Module$ArchivedData 0x00007efcab183388 (early)
[2025-05-04T23:17:43.457+0000][0.044s][info][cds,heap    ] initialize_from_archived_subgraph java.util.ImmutableCollections 0x00007efcab070cd8 (early)
[2025-05-04T23:17:43.459+0000][0.046s][info][cds,heap    ] initialize_from_archived_subgraph java.lang.Integer$IntegerCache 0x00007efcab036060 (early)
[2025-05-04T23:17:43.462+0000][0.049s][info][cds,heap    ] initialize_from_archived_subgraph java.lang.module.Configuration 0x00007efcab171308 (early)
[2025-05-04T23:17:43.462+0000][0.049s][info][cds,heap    ] initialize_from_archived_subgraph java.lang.ModuleLayer 0x00007efcab145c58 (early)
[2025-05-04T23:17:43.463+0000][0.049s][info][cds,heap    ] initialize_from_archived_subgraph jdk.internal.loader.ArchivedClassLoaders 0x00007efcab1a79f0 (early)
[2025-05-04T23:17:43.463+0000][0.050s][info][cds,heap    ] initialize_from_archived_subgraph jdk.internal.module.ArchivedBootLayer 0x00007efcab177f48 (early)
[2025-05-04T23:17:43.465+0000][0.051s][info][cds,heap    ] initialize_from_archived_subgraph sun.util.locale.BaseLocale 0x00007efcab26bb10
[2025-05-04T23:17:43.472+0000][0.058s][info][cds,heap    ] initialize_from_archived_subgraph java.util.jar.Attributes$Name 0x00007efcab199468
[2025-05-04T23:17:43.498+0000][0.085s][info][cds,heap    ] initialize_from_archived_subgraph java.lang.Long$LongCache 0x00007efcab01f998
[2025-05-04T23:17:43.578+0000][0.164s][info][cds,heap    ] initialize_from_archived_subgraph java.lang.Character$CharacterCache 0x00007efcab0393e8
[2025-05-04T23:17:43.959+0000][0.546s][debug][safepoint   ] Safepoint synchronization initiated using futex wait barrier. (14 threads)
[2025-05-04T23:17:43.987+0000][0.574s][info ][safepoint   ] Safepoint "ICBufferFull", Time since last: 503069745 ns, Reaching safepoint: 28247115 ns, Cleanup: 91106 ns, At safepoint: 19401 ns, Total: 28357622 ns
[2025-05-04T23:17:44.026+0000][0.613s][debug][safepoint   ] Safepoint synchronization initiated using futex wait barrier. (14 threads)
[2025-05-04T23:17:44.027+0000][0.613s][info ][gc,start    ] GC(0) Pause Young (Normal) (G1 Evacuation Pause)
[2025-05-04T23:17:44.027+0000][0.614s][info ][gc,task     ] GC(0) Using 4 workers of 8 for evacuation
[2025-05-04T23:17:44.034+0000][0.621s][info ][gc,phases   ] GC(0)   Pre Evacuate Collection Set: 0.1ms
[2025-05-04T23:17:44.034+0000][0.621s][info ][gc,phases   ] GC(0)   Merge Heap Roots: 0.1ms
[2025-05-04T23:17:44.034+0000][0.621s][info ][gc,phases   ] GC(0)   Evacuate Collection Set: 5.4ms
[2025-05-04T23:17:44.034+0000][0.621s][info ][gc,phases   ] GC(0)   Post Evacuate Collection Set: 1.0ms
[2025-05-04T23:17:44.035+0000][0.621s][info ][gc,phases   ] GC(0)   Other: 0.7ms
[2025-05-04T23:17:44.035+0000][0.621s][info ][gc,heap     ] GC(0) Eden regions: 31->0(44)
[2025-05-04T23:17:44.035+0000][0.621s][info ][gc,heap     ] GC(0) Survivor regions: 0->4(4)
[2025-05-04T23:17:44.035+0000][0.622s][info ][gc,heap     ] GC(0) Old regions: 0->1
[2025-05-04T23:17:44.035+0000][0.622s][info ][gc,heap     ] GC(0) Archive regions: 2->2
[2025-05-04T23:17:44.035+0000][0.622s][info ][gc,heap     ] GC(0) Humongous regions: 0->0
[2025-05-04T23:17:44.035+0000][0.622s][info ][gc,metaspace] GC(0) Metaspace: 2497K(2688K)->2497K(2688K) NonClass: 2261K(2368K)->2261K(2368K) Class: 236K(320K)->236K(320K)
[2025-05-04T23:17:44.035+0000][0.622s][info ][gc          ] GC(0) Pause Young (Normal) (G1 Evacuation Pause) 63M->10M(192M) 8.618ms
[2025-05-04T23:17:44.036+0000][0.622s][info ][gc,cpu      ] GC(0) User=0.03s Sys=0.00s Real=0.00s
[2025-05-04T23:17:44.036+0000][0.622s][info ][safepoint   ] Safepoint "G1CollectForAllocation", Time since last: 39055871 ns, Reaching safepoint: 225114 ns, Cleanup: 17801 ns, At safepoint: 9013247 ns, Total: 9256162 ns
[2025-05-04T23:17:44.685+0000][1.272s][debug][safepoint   ] Safepoint synchronization initiated using futex wait barrier. (15 threads)
[2025-05-04T23:17:44.686+0000][1.272s][info ][gc,start    ] GC(1) Pause Young (Normal) (G1 Evacuation Pause)
[2025-05-04T23:17:44.686+0000][1.272s][info ][gc,task     ] GC(1) Using 4 workers of 8 for evacuation
[2025-05-04T23:17:44.693+0000][1.280s][info ][gc,phases   ] GC(1)   Pre Evacuate Collection Set: 0.1ms
[2025-05-04T23:17:44.693+0000][1.280s][info ][gc,phases   ] GC(1)   Merge Heap Roots: 0.1ms
[2025-05-04T23:17:44.694+0000][1.280s][info ][gc,phases   ] GC(1)   Evacuate Collection Set: 5.9ms
[2025-05-04T23:17:44.694+0000][1.280s][info ][gc,phases   ] GC(1)   Post Evacuate Collection Set: 1.1ms
[2025-05-04T23:17:44.694+0000][1.280s][info ][gc,phases   ] GC(1)   Other: 0.3ms
[2025-05-04T23:17:44.694+0000][1.281s][info ][gc,heap     ] GC(1) Eden regions: 44->0(54)
[2025-05-04T23:17:44.694+0000][1.281s][info ][gc,heap     ] GC(1) Survivor regions: 4->2(6)
[2025-05-04T23:17:44.694+0000][1.281s][info ][gc,heap     ] GC(1) Old regions: 1->5
[2025-05-04T23:17:44.694+0000][1.281s][info ][gc,heap     ] GC(1) Archive regions: 2->2
[2025-05-04T23:17:44.694+0000][1.281s][info ][gc,heap     ] GC(1) Humongous regions: 0->0
[2025-05-04T23:17:44.694+0000][1.281s][info ][gc,metaspace] GC(1) Metaspace: 6221K(6592K)->6221K(6592K) NonClass: 5461K(5632K)->5461K(5632K) Class: 760K(960K)->760K(960K)
[2025-05-04T23:17:44.695+0000][1.281s][info ][gc          ] GC(1) Pause Young (Normal) (G1 Evacuation Pause) 98M->13M(192M) 8.889ms
[2025-05-04T23:17:44.695+0000][1.281s][info ][gc,cpu      ] GC(1) User=0.01s Sys=0.02s Real=0.01s
[2025-05-04T23:17:44.695+0000][1.282s][info ][safepoint   ] Safepoint "G1CollectForAllocation", Time since last: 649554839 ns, Reaching safepoint: 210513 ns, Cleanup: 162910 ns, At safepoint: 9202859 ns, Total: 9576282 ns
[2025-05-04T23:17:45.420+0000][2.007s][debug][safepoint   ] Safepoint synchronization initiated using futex wait barrier. (15 threads)
[2025-05-04T23:17:45.420+0000][2.007s][info ][gc,start    ] GC(2) Pause Young (Normal) (G1 Evacuation Pause)
[2025-05-04T23:17:45.420+0000][2.007s][info ][gc,task     ] GC(2) Using 4 workers of 8 for evacuation
[2025-05-04T23:17:45.425+0000][2.012s][info ][gc,phases   ] GC(2)   Pre Evacuate Collection Set: 0.1ms
[2025-05-04T23:17:45.426+0000][2.012s][info ][gc,phases   ] GC(2)   Merge Heap Roots: 0.1ms
[2025-05-04T23:17:45.426+0000][2.012s][info ][gc,phases   ] GC(2)   Evacuate Collection Set: 3.9ms
[2025-05-04T23:17:45.426+0000][2.013s][info ][gc,phases   ] GC(2)   Post Evacuate Collection Set: 0.6ms
[2025-05-04T23:17:45.426+0000][2.013s][info ][gc,phases   ] GC(2)   Other: 0.4ms
[2025-05-04T23:17:45.426+0000][2.013s][info ][gc,heap     ] GC(2) Eden regions: 54->0(54)
[2025-05-04T23:17:45.426+0000][2.013s][info ][gc,heap     ] GC(2) Survivor regions: 2->2(7)
[2025-05-04T23:17:45.426+0000][2.013s][info ][gc,heap     ] GC(2) Old regions: 5->5
[2025-05-04T23:17:45.426+0000][2.013s][info ][gc,heap     ] GC(2) Archive regions: 2->2
[2025-05-04T23:17:45.427+0000][2.013s][info ][gc,heap     ] GC(2) Humongous regions: 0->0
[2025-05-04T23:17:45.427+0000][2.013s][info ][gc,metaspace] GC(2) Metaspace: 10977K(11328K)->10977K(11328K) NonClass: 9542K(9728K)->9542K(9728K) Class: 1434K(1600K)->1434K(1600K)
[2025-05-04T23:17:45.427+0000][2.013s][info ][gc          ] GC(2) Pause Young (Normal) (G1 Evacuation Pause) 121M->14M(192M) 6.517ms
[2025-05-04T23:17:45.427+0000][2.014s][info ][gc,cpu      ] GC(2) User=0.04s Sys=0.00s Real=0.01s
[2025-05-04T23:17:45.427+0000][2.014s][info ][safepoint   ] Safepoint "G1CollectForAllocation", Time since last: 725049623 ns, Reaching safepoint: 223113 ns, Cleanup: 91806 ns, At safepoint: 6800113 ns, Total: 7115032 ns
[2025-05-04T23:17:45.632+0000][2.219s][debug][safepoint   ] Safepoint synchronization initiated using futex wait barrier. (15 threads)
[2025-05-04T23:17:45.633+0000][2.220s][info ][safepoint   ] Safepoint "ICBufferFull", Time since last: 205163543 ns, Reaching safepoint: 428125 ns, Cleanup: 186312 ns, At safepoint: 58703 ns, Total: 673140 ns
[2025-05-04T23:17:45.789+0000][2.376s][debug][safepoint   ] Safepoint synchronization initiated using futex wait barrier. (16 threads)
[2025-05-04T23:17:45.790+0000][2.377s][info ][safepoint   ] Safepoint "ICBufferFull", Time since last: 156490026 ns, Reaching safepoint: 404124 ns, Cleanup: 123208 ns, At safepoint: 29801 ns, Total: 557133 ns
[2025-05-04T23:17:45.929+0000][2.516s][debug][safepoint   ] Safepoint synchronization initiated using futex wait barrier. (16 threads)
[2025-05-04T23:17:45.929+0000][2.516s][info ][gc,start    ] GC(3) Pause Young (Normal) (G1 Evacuation Pause)
[2025-05-04T23:17:45.930+0000][2.516s][info ][gc,task     ] GC(3) Using 4 workers of 8 for evacuation
[2025-05-04T23:17:45.936+0000][2.523s][info ][gc,phases   ] GC(3)   Pre Evacuate Collection Set: 0.1ms
[2025-05-04T23:17:45.937+0000][2.523s][info ][gc,phases   ] GC(3)   Merge Heap Roots: 0.1ms
[2025-05-04T23:17:45.937+0000][2.523s][info ][gc,phases   ] GC(3)   Evacuate Collection Set: 5.5ms
[2025-05-04T23:17:45.937+0000][2.523s][info ][gc,phases   ] GC(3)   Post Evacuate Collection Set: 0.9ms
[2025-05-04T23:17:45.937+0000][2.524s][info ][gc,phases   ] GC(3)   Other: 0.4ms
[2025-05-04T23:17:45.937+0000][2.524s][info ][gc,heap     ] GC(3) Eden regions: 54->0(52)
[2025-05-04T23:17:45.937+0000][2.524s][info ][gc,heap     ] GC(3) Survivor regions: 2->4(7)
[2025-05-04T23:17:45.937+0000][2.524s][info ][gc,heap     ] GC(3) Old regions: 5->5
[2025-05-04T23:17:45.937+0000][2.524s][info ][gc,heap     ] GC(3) Archive regions: 2->2
[2025-05-04T23:17:45.938+0000][2.524s][info ][gc,heap     ] GC(3) Humongous regions: 0->0
[2025-05-04T23:17:45.938+0000][2.524s][info ][gc,metaspace] GC(3) Metaspace: 14547K(14848K)->14547K(14848K) NonClass: 12663K(12800K)->12663K(12800K) Class: 1884K(2048K)->1884K(2048K)
[2025-05-04T23:17:45.938+0000][2.524s][info ][gc          ] GC(3) Pause Young (Normal) (G1 Evacuation Pause) 122M->17M(192M) 8.337ms
[2025-05-04T23:17:45.938+0000][2.524s][info ][gc,cpu      ] GC(3) User=0.04s Sys=0.00s Real=0.01s
[2025-05-04T23:17:45.938+0000][2.525s][info ][safepoint   ] Safepoint "G1CollectForAllocation", Time since last: 139070588 ns, Reaching safepoint: 357321 ns, Cleanup: 26702 ns, At safepoint: 8640015 ns, Total: 9024038 ns
[2025-05-04T23:17:46.098+0000][2.685s][info ][cds,heap    ] initialize_from_archived_subgraph java.lang.Byte$ByteCache 0x00007efcab0395f8
[2025-05-04T23:17:46.098+0000][2.685s][info ][cds,heap    ] initialize_from_archived_subgraph java.lang.Short$ShortCache 0x00007efcab03fce8
[2025-05-04T23:17:46.230+0000][2.817s][debug][safepoint   ] Safepoint synchronization initiated using futex wait barrier. (16 threads)
[2025-05-04T23:17:46.230+0000][2.817s][info ][gc,start    ] GC(4) Pause Young (Normal) (G1 Evacuation Pause)
[2025-05-04T23:17:46.231+0000][2.817s][info ][gc,task     ] GC(4) Using 4 workers of 8 for evacuation
[2025-05-04T23:17:46.237+0000][2.824s][info ][gc,phases   ] GC(4)   Pre Evacuate Collection Set: 0.1ms
[2025-05-04T23:17:46.237+0000][2.824s][info ][gc,phases   ] GC(4)   Merge Heap Roots: 0.2ms
[2025-05-04T23:17:46.237+0000][2.824s][info ][gc,phases   ] GC(4)   Evacuate Collection Set: 4.8ms
[2025-05-04T23:17:46.237+0000][2.824s][info ][gc,phases   ] GC(4)   Post Evacuate Collection Set: 1.0ms
[2025-05-04T23:17:46.237+0000][2.824s][info ][gc,phases   ] GC(4)   Other: 0.4ms
[2025-05-04T23:17:46.237+0000][2.824s][info ][gc,heap     ] GC(4) Eden regions: 52->0(51)
[2025-05-04T23:17:46.238+0000][2.824s][info ][gc,heap     ] GC(4) Survivor regions: 4->5(7)
[2025-05-04T23:17:46.238+0000][2.824s][info ][gc,heap     ] GC(4) Old regions: 5->5
[2025-05-04T23:17:46.238+0000][2.824s][info ][gc,heap     ] GC(4) Archive regions: 2->2
[2025-05-04T23:17:46.238+0000][2.825s][info ][gc,heap     ] GC(4) Humongous regions: 0->0
[2025-05-04T23:17:46.238+0000][2.825s][info ][gc,metaspace] GC(4) Metaspace: 17160K(17472K)->17160K(17472K) NonClass: 14824K(14976K)->14824K(14976K) Class: 2336K(2496K)->2336K(2496K)
[2025-05-04T23:17:46.238+0000][2.825s][info ][gc          ] GC(4) Pause Young (Normal) (G1 Evacuation Pause) 121M->19M(192M) 7.687ms
[2025-05-04T23:17:46.238+0000][2.825s][info ][gc,cpu      ] GC(4) User=0.04s Sys=0.00s Real=0.01s
[2025-05-04T23:17:46.238+0000][2.825s][info ][safepoint   ] Safepoint "G1CollectForAllocation", Time since last: 292047804 ns, Reaching safepoint: 273317 ns, Cleanup: 98006 ns, At safepoint: 8001776 ns, Total: 8373099 ns
[2025-05-04T23:17:46.599+0000][3.186s][debug][safepoint   ] Safepoint synchronization initiated using futex wait barrier. (16 threads)
[2025-05-04T23:17:46.600+0000][3.186s][debug][safepoint   ] ... found polling page loop exception at pc = 0x00007efd09a0cc3b, stub =0x00007efd10af5400
[2025-05-04T23:17:46.600+0000][3.187s][info ][gc,start    ] GC(5) Pause Young (Concurrent Start) (Metadata GC Threshold)
[2025-05-04T23:17:46.600+0000][3.187s][info ][gc,task     ] GC(5) Using 4 workers of 8 for evacuation
[2025-05-04T23:17:46.609+0000][3.196s][info ][gc,phases   ] GC(5)   Pre Evacuate Collection Set: 0.2ms
[2025-05-04T23:17:46.609+0000][3.196s][info ][gc,phases   ] GC(5)   Merge Heap Roots: 0.1ms
[2025-05-04T23:17:46.609+0000][3.196s][info ][gc,phases   ] GC(5)   Evacuate Collection Set: 6.4ms
[2025-05-04T23:17:46.609+0000][3.196s][info ][gc,phases   ] GC(5)   Post Evacuate Collection Set: 1.6ms
[2025-05-04T23:17:46.610+0000][3.196s][info ][gc,phases   ] GC(5)   Other: 0.5ms
[2025-05-04T23:17:46.610+0000][3.196s][info ][gc,heap     ] GC(5) Eden regions: 37->0(64)
[2025-05-04T23:17:46.610+0000][3.197s][info ][gc,heap     ] GC(5) Survivor regions: 5->5(7)
[2025-05-04T23:17:46.610+0000][3.197s][info ][gc,heap     ] GC(5) Old regions: 5->6
[2025-05-04T23:17:46.610+0000][3.197s][info ][gc,heap     ] GC(5) Archive regions: 2->2
[2025-05-04T23:17:46.610+0000][3.197s][info ][gc,heap     ] GC(5) Humongous regions: 0->0
[2025-05-04T23:17:46.610+0000][3.197s][info ][gc,metaspace] GC(5) Metaspace: 21198K(21504K)->21198K(21504K) NonClass: 18438K(18560K)->18438K(18560K) Class: 2760K(2944K)->2760K(2944K)
[2025-05-04T23:17:46.611+0000][3.197s][info ][gc          ] GC(5) Pause Young (Concurrent Start) (Metadata GC Threshold) 93M->22M(232M) 10.344ms
[2025-05-04T23:17:46.611+0000][3.197s][info ][gc,cpu      ] GC(5) User=0.06s Sys=0.00s Real=0.01s
[2025-05-04T23:17:46.611+0000][3.197s][info ][gc          ] GC(6) Concurrent Mark Cycle
[2025-05-04T23:17:46.611+0000][3.197s][info ][safepoint   ] Safepoint "CollectForMetadataAllocation", Time since last: 361038416 ns, Reaching safepoint: 609537 ns, Cleanup: 49003 ns, At safepoint: 10705838 ns, Total: 11364378 ns
[2025-05-04T23:17:46.611+0000][3.198s][info ][gc,marking  ] GC(6) Concurrent Clear Claimed Marks
[2025-05-04T23:17:46.611+0000][3.198s][info ][gc,marking  ] GC(6) Concurrent Clear Claimed Marks 0.498ms
[2025-05-04T23:17:46.612+0000][3.198s][info ][gc,marking  ] GC(6) Concurrent Scan Root Regions
[2025-05-04T23:17:46.620+0000][3.207s][info ][gc,marking  ] GC(6) Concurrent Scan Root Regions 8.305ms
[2025-05-04T23:17:46.620+0000][3.207s][info ][gc,marking  ] GC(6) Concurrent Mark
[2025-05-04T23:17:46.621+0000][3.207s][info ][gc,marking  ] GC(6) Concurrent Mark From Roots
[2025-05-04T23:17:46.621+0000][3.207s][info ][gc,task     ] GC(6) Using 2 workers of 2 for marking
[2025-05-04T23:17:46.633+0000][3.220s][info ][gc,marking  ] GC(6) Concurrent Mark From Roots 12.682ms
[2025-05-04T23:17:46.634+0000][3.220s][info ][gc,marking  ] GC(6) Concurrent Preclean
[2025-05-04T23:17:46.635+0000][3.222s][info ][gc,marking  ] GC(6) Concurrent Preclean 1.189ms
[2025-05-04T23:17:46.638+0000][3.224s][debug][safepoint   ] Safepoint synchronization initiated using futex wait barrier. (16 threads)
[2025-05-04T23:17:46.638+0000][3.225s][info ][gc,start    ] GC(6) Pause Remark
[2025-05-04T23:17:46.641+0000][3.228s][info ][gc          ] GC(6) Pause Remark 26M->26M(100M) 2.877ms
[2025-05-04T23:17:46.641+0000][3.228s][info ][gc,cpu      ] GC(6) User=0.01s Sys=0.00s Real=0.00s
[2025-05-04T23:17:46.641+0000][3.228s][info ][safepoint   ] Safepoint "G1PauseRemark", Time since last: 26909503 ns, Reaching safepoint: 370723 ns, Cleanup: 12300 ns, At safepoint: 3343700 ns, Total: 3726723 ns
[2025-05-04T23:17:46.642+0000][3.228s][info ][gc,marking  ] GC(6) Concurrent Mark 21.377ms
[2025-05-04T23:17:46.642+0000][3.229s][info ][gc,marking  ] GC(6) Concurrent Rebuild Remembered Sets
[2025-05-04T23:17:46.647+0000][3.234s][info ][gc,marking  ] GC(6) Concurrent Rebuild Remembered Sets 4.906ms
[2025-05-04T23:17:46.647+0000][3.234s][debug][safepoint   ] Safepoint synchronization initiated using futex wait barrier. (16 threads)
[2025-05-04T23:17:46.648+0000][3.234s][info ][gc,start    ] GC(6) Pause Cleanup
[2025-05-04T23:17:46.648+0000][3.235s][info ][gc          ] GC(6) Pause Cleanup 27M->27M(100M) 0.252ms
[2025-05-04T23:17:46.648+0000][3.235s][info ][gc,cpu      ] GC(6) User=0.00s Sys=0.00s Real=0.00s
[2025-05-04T23:17:46.648+0000][3.235s][info ][safepoint   ] Safepoint "G1PauseCleanup", Time since last: 5965055 ns, Reaching safepoint: 285517 ns, Cleanup: 5600 ns, At safepoint: 570634 ns, Total: 861751 ns
[2025-05-04T23:17:46.649+0000][3.235s][info ][gc,marking  ] GC(6) Concurrent Cleanup for Next Mark
[2025-05-04T23:17:46.649+0000][3.236s][info ][gc,marking  ] GC(6) Concurrent Cleanup for Next Mark 0.677ms
[2025-05-04T23:17:46.649+0000][3.236s][info ][gc          ] GC(6) Concurrent Mark Cycle 38.727ms
[2025-05-04T23:17:46.895+0000][3.481s][debug][safepoint   ] Safepoint synchronization initiated using futex wait barrier. (16 threads)
[2025-05-04T23:17:46.895+0000][3.482s][info ][gc,start    ] GC(7) Pause Young (Prepare Mixed) (G1 Preventive Collection)
[2025-05-04T23:17:46.896+0000][3.482s][info ][gc,task     ] GC(7) Using 4 workers of 8 for evacuation
[2025-05-04T23:17:46.905+0000][3.491s][info ][gc,phases   ] GC(7)   Pre Evacuate Collection Set: 0.1ms
[2025-05-04T23:17:46.905+0000][3.492s][info ][gc,phases   ] GC(7)   Merge Heap Roots: 0.1ms
[2025-05-04T23:17:46.905+0000][3.492s][info ][gc,phases   ] GC(7)   Evacuate Collection Set: 7.9ms
[2025-05-04T23:17:46.905+0000][3.492s][info ][gc,phases   ] GC(7)   Post Evacuate Collection Set: 1.0ms
[2025-05-04T23:17:46.905+0000][3.492s][info ][gc,phases   ] GC(7)   Other: 0.4ms
[2025-05-04T23:17:46.905+0000][3.492s][info ][gc,heap     ] GC(7) Eden regions: 29->0(1)
[2025-05-04T23:17:46.905+0000][3.492s][info ][gc,heap     ] GC(7) Survivor regions: 5->6(9)
[2025-05-04T23:17:46.906+0000][3.492s][info ][gc,heap     ] GC(7) Old regions: 6->6
[2025-05-04T23:17:46.906+0000][3.492s][info ][gc,heap     ] GC(7) Archive regions: 2->2
[2025-05-04T23:17:46.906+0000][3.492s][info ][gc,heap     ] GC(7) Humongous regions: 0->0
[2025-05-04T23:17:46.906+0000][3.492s][info ][gc,metaspace] GC(7) Metaspace: 23249K(23616K)->23249K(23616K) NonClass: 20212K(20416K)->20212K(20416K) Class: 3037K(3200K)->3037K(3200K)
[2025-05-04T23:17:46.906+0000][3.493s][info ][gc          ] GC(7) Pause Young (Prepare Mixed) (G1 Preventive Collection) 80M->24M(100M) 10.596ms
[2025-05-04T23:17:46.906+0000][3.493s][info ][gc,cpu      ] GC(7) User=0.06s Sys=0.00s Real=0.01s
[2025-05-04T23:17:46.906+0000][3.493s][info ][safepoint   ] Safepoint "G1CollectForAllocation", Time since last: 246515691 ns, Reaching safepoint: 404224 ns, Cleanup: 69905 ns, At safepoint: 10868947 ns, Total: 11343076 ns
[2025-05-04T23:17:46.911+0000][3.498s][debug][safepoint   ] Safepoint synchronization initiated using futex wait barrier. (16 threads)
[2025-05-04T23:17:46.912+0000][3.498s][info ][gc,start    ] GC(8) Pause Young (Mixed) (G1 Evacuation Pause)
[2025-05-04T23:17:46.912+0000][3.498s][info ][gc,task     ] GC(8) Using 4 workers of 8 for evacuation
[2025-05-04T23:17:46.920+0000][3.506s][info ][gc,phases   ] GC(8)   Pre Evacuate Collection Set: 0.1ms
[2025-05-04T23:17:46.920+0000][3.507s][info ][gc,phases   ] GC(8)   Merge Heap Roots: 0.1ms
[2025-05-04T23:17:46.920+0000][3.507s][info ][gc,phases   ] GC(8)   Evacuate Collection Set: 6.9ms
[2025-05-04T23:17:46.920+0000][3.507s][info ][gc,phases   ] GC(8)   Post Evacuate Collection Set: 0.8ms
[2025-05-04T23:17:46.920+0000][3.507s][info ][gc,phases   ] GC(8)   Other: 0.3ms
[2025-05-04T23:17:46.920+0000][3.507s][info ][gc,heap     ] GC(8) Eden regions: 1->0(26)
[2025-05-04T23:17:46.920+0000][3.507s][info ][gc,heap     ] GC(8) Survivor regions: 6->1(1)
[2025-05-04T23:17:46.921+0000][3.507s][info ][gc,heap     ] GC(8) Old regions: 6->11
[2025-05-04T23:17:46.921+0000][3.507s][info ][gc,heap     ] GC(8) Archive regions: 2->2
[2025-05-04T23:17:46.921+0000][3.507s][info ][gc,heap     ] GC(8) Humongous regions: 0->0
[2025-05-04T23:17:46.921+0000][3.508s][info ][gc,metaspace] GC(8) Metaspace: 23263K(23616K)->23263K(23616K) NonClass: 20223K(20416K)->20223K(20416K) Class: 3039K(3200K)->3039K(3200K)
[2025-05-04T23:17:46.921+0000][3.508s][info ][gc          ] GC(8) Pause Young (Mixed) (G1 Evacuation Pause) 26M->25M(100M) 9.270ms
[2025-05-04T23:17:46.921+0000][3.508s][info ][gc,cpu      ] GC(8) User=0.05s Sys=0.00s Real=0.01s
[2025-05-04T23:17:46.921+0000][3.508s][info ][safepoint   ] Safepoint "G1CollectForAllocation", Time since last: 5204811 ns, Reaching safepoint: 302418 ns, Cleanup: 6300 ns, At safepoint: 9560970 ns, Total: 9869688 ns
[2025-05-04T23:17:47.150+0000][3.737s][debug][safepoint   ] Safepoint synchronization initiated using futex wait barrier. (15 threads)
[2025-05-04T23:17:47.150+0000][3.737s][info ][gc,start    ] GC(9) Pause Young (Normal) (G1 Evacuation Pause)
[2025-05-04T23:17:47.151+0000][3.737s][info ][gc,task     ] GC(9) Using 3 workers of 8 for evacuation
[2025-05-04T23:17:47.156+0000][3.743s][info ][gc,phases   ] GC(9)   Pre Evacuate Collection Set: 0.1ms
[2025-05-04T23:17:47.156+0000][3.743s][info ][gc,phases   ] GC(9)   Merge Heap Roots: 0.4ms
[2025-05-04T23:17:47.157+0000][3.743s][info ][gc,phases   ] GC(9)   Evacuate Collection Set: 4.1ms
[2025-05-04T23:17:47.157+0000][3.743s][info ][gc,phases   ] GC(9)   Post Evacuate Collection Set: 0.8ms
[2025-05-04T23:17:47.157+0000][3.744s][info ][gc,phases   ] GC(9)   Other: 0.3ms
[2025-05-04T23:17:47.157+0000][3.744s][info ][gc,heap     ] GC(9) Eden regions: 26->0(24)
[2025-05-04T23:17:47.157+0000][3.744s][info ][gc,heap     ] GC(9) Survivor regions: 1->3(4)
[2025-05-04T23:17:47.158+0000][3.744s][info ][gc,heap     ] GC(9) Old regions: 11->11
[2025-05-04T23:17:47.158+0000][3.745s][info ][gc,heap     ] GC(9) Archive regions: 2->2
[2025-05-04T23:17:47.158+0000][3.745s][info ][gc,heap     ] GC(9) Humongous regions: 0->0
[2025-05-04T23:17:47.158+0000][3.745s][info ][gc,metaspace] GC(9) Metaspace: 24510K(24896K)->24510K(24896K) NonClass: 21321K(21504K)->21321K(21504K) Class: 3188K(3392K)->3188K(3392K)
[2025-05-04T23:17:47.158+0000][3.745s][info ][gc          ] GC(9) Pause Young (Normal) (G1 Evacuation Pause) 77M->27M(100M) 7.985ms
[2025-05-04T23:17:47.159+0000][3.745s][info ][gc,cpu      ] GC(9) User=0.04s Sys=0.00s Real=0.01s
[2025-05-04T23:17:47.159+0000][3.745s][info ][safepoint   ] Safepoint "G1CollectForAllocation", Time since last: 228913342 ns, Reaching safepoint: 232414 ns, Cleanup: 37602 ns, At safepoint: 8325296 ns, Total: 8595312 ns
[2025-05-04T23:17:47.347+0000][3.933s][debug][safepoint   ] Safepoint synchronization initiated using futex wait barrier. (15 threads)
[2025-05-04T23:17:47.348+0000][3.934s][info ][gc,start    ] GC(10) Pause Young (Normal) (G1 Evacuation Pause)
[2025-05-04T23:17:47.348+0000][3.934s][info ][gc,task     ] GC(10) Using 2 workers of 8 for evacuation
[2025-05-04T23:17:47.365+0000][3.951s][info ][gc,phases   ] GC(10)   Pre Evacuate Collection Set: 0.1ms
[2025-05-04T23:17:47.365+0000][3.952s][info ][gc,phases   ] GC(10)   Merge Heap Roots: 0.1ms
[2025-05-04T23:17:47.365+0000][3.952s][info ][gc,phases   ] GC(10)   Evacuate Collection Set: 14.3ms
[2025-05-04T23:17:47.366+0000][3.952s][info ][gc,phases   ] GC(10)   Post Evacuate Collection Set: 2.2ms
[2025-05-04T23:17:47.366+0000][3.952s][info ][gc,phases   ] GC(10)   Other: 0.6ms
[2025-05-04T23:17:47.366+0000][3.953s][info ][gc,heap     ] GC(10) Eden regions: 24->0(61)
[2025-05-04T23:17:47.366+0000][3.953s][info ][gc,heap     ] GC(10) Survivor regions: 3->3(4)
[2025-05-04T23:17:47.366+0000][3.953s][info ][gc,heap     ] GC(10) Old regions: 11->13
[2025-05-04T23:17:47.366+0000][3.953s][info ][gc,heap     ] GC(10) Archive regions: 2->2
[2025-05-04T23:17:47.367+0000][3.953s][info ][gc,heap     ] GC(10) Humongous regions: 0->0
[2025-05-04T23:17:47.367+0000][3.953s][info ][gc,metaspace] GC(10) Metaspace: 24531K(24896K)->24531K(24896K) NonClass: 21337K(21504K)->21337K(21504K) Class: 3193K(3392K)->3193K(3392K)
[2025-05-04T23:17:47.367+0000][3.954s][info ][gc          ] GC(10) Pause Young (Normal) (G1 Evacuation Pause) 75M->33M(216M) 19.527ms
[2025-05-04T23:17:47.367+0000][3.954s][info ][gc,cpu      ] GC(10) User=0.06s Sys=0.00s Real=0.02s
[2025-05-04T23:17:47.367+0000][3.954s][info ][safepoint   ] Safepoint "G1CollectForAllocation", Time since last: 188059907 ns, Reaching safepoint: 636538 ns, Cleanup: 28302 ns, At safepoint: 19982291 ns, Total: 20647131 ns
[2025-05-04T23:17:47.821+0000][4.408s][debug][safepoint   ] Safepoint synchronization initiated using futex wait barrier. (15 threads)
[2025-05-04T23:17:47.822+0000][4.408s][info ][gc,start    ] GC(11) Pause Young (Normal) (G1 Evacuation Pause)
[2025-05-04T23:17:47.822+0000][4.409s][info ][gc,task     ] GC(11) Using 5 workers of 8 for evacuation
[2025-05-04T23:17:47.836+0000][4.423s][info ][gc,phases   ] GC(11)   Pre Evacuate Collection Set: 0.1ms
[2025-05-04T23:17:47.836+0000][4.423s][info ][gc,phases   ] GC(11)   Merge Heap Roots: 0.1ms
[2025-05-04T23:17:47.837+0000][4.423s][info ][gc,phases   ] GC(11)   Evacuate Collection Set: 12.9ms
[2025-05-04T23:17:47.837+0000][4.423s][info ][gc,phases   ] GC(11)   Post Evacuate Collection Set: 1.0ms
[2025-05-04T23:17:47.837+0000][4.423s][info ][gc,phases   ] GC(11)   Other: 0.4ms
[2025-05-04T23:17:47.837+0000][4.424s][info ][gc,heap     ] GC(11) Eden regions: 61->0(56)
[2025-05-04T23:17:47.837+0000][4.424s][info ][gc,heap     ] GC(11) Survivor regions: 3->8(8)
[2025-05-04T23:17:47.837+0000][4.424s][info ][gc,heap     ] GC(11) Old regions: 13->15
[2025-05-04T23:17:47.837+0000][4.424s][info ][gc,heap     ] GC(11) Archive regions: 2->2
[2025-05-04T23:17:47.838+0000][4.424s][info ][gc,heap     ] GC(11) Humongous regions: 0->0
[2025-05-04T23:17:47.838+0000][4.424s][info ][gc,metaspace] GC(11) Metaspace: 24802K(25216K)->24802K(25216K) NonClass: 21564K(21760K)->21564K(21760K) Class: 3238K(3456K)->3238K(3456K)
[2025-05-04T23:17:47.838+0000][4.425s][info ][gc          ] GC(11) Pause Young (Normal) (G1 Evacuation Pause) 155M->46M(216M) 16.330ms
[2025-05-04T23:17:47.838+0000][4.425s][info ][gc,cpu      ] GC(11) User=0.09s Sys=0.01s Real=0.02s
[2025-05-04T23:17:47.838+0000][4.425s][info ][safepoint   ] Safepoint "G1CollectForAllocation", Time since last: 453684437 ns, Reaching safepoint: 406424 ns, Cleanup: 99606 ns, At safepoint: 16754299 ns, Total: 17260329 ns
[2025-05-04T23:17:48.018+0000][4.604s][debug][safepoint   ] Safepoint synchronization initiated using futex wait barrier. (15 threads)
[2025-05-04T23:17:48.018+0000][4.605s][info ][safepoint   ] Safepoint "ICBufferFull", Time since last: 179391491 ns, Reaching safepoint: 270816 ns, Cleanup: 139508 ns, At safepoint: 6400 ns, Total: 416724 ns
[2025-05-04T23:17:48.393+0000][4.980s][debug][safepoint   ] Safepoint synchronization initiated using futex wait barrier. (15 threads)
[2025-05-04T23:17:48.394+0000][4.980s][info ][safepoint   ] Safepoint "ICBufferFull", Time since last: 375141357 ns, Reaching safepoint: 209112 ns, Cleanup: 92906 ns, At safepoint: 3000 ns, Total: 305018 ns
[2025-05-04T23:17:48.568+0000][5.155s][debug][safepoint   ] Safepoint synchronization initiated using futex wait barrier. (15 threads)
[2025-05-04T23:17:48.569+0000][5.155s][info ][gc,start    ] GC(12) Pause Young (Normal) (G1 Evacuation Pause)
[2025-05-04T23:17:48.569+0000][5.155s][info ][gc,task     ] GC(12) Using 5 workers of 8 for evacuation
[2025-05-04T23:17:48.582+0000][5.169s][info ][gc,phases   ] GC(12)   Pre Evacuate Collection Set: 0.1ms
[2025-05-04T23:17:48.583+0000][5.169s][info ][gc,phases   ] GC(12)   Merge Heap Roots: 0.1ms
[2025-05-04T23:17:48.583+0000][5.169s][info ][gc,phases   ] GC(12)   Evacuate Collection Set: 11.1ms
[2025-05-04T23:17:48.583+0000][5.170s][info ][gc,phases   ] GC(12)   Post Evacuate Collection Set: 2.2ms
[2025-05-04T23:17:48.583+0000][5.170s][info ][gc,phases   ] GC(12)   Other: 0.3ms
[2025-05-04T23:17:48.583+0000][5.170s][info ][gc,heap     ] GC(12) Eden regions: 56->0(55)
[2025-05-04T23:17:48.583+0000][5.170s][info ][gc,heap     ] GC(12) Survivor regions: 8->4(8)
[2025-05-04T23:17:48.583+0000][5.170s][info ][gc,heap     ] GC(12) Old regions: 15->23
[2025-05-04T23:17:48.583+0000][5.170s][info ][gc,heap     ] GC(12) Archive regions: 2->2
[2025-05-04T23:17:48.584+0000][5.170s][info ][gc,heap     ] GC(12) Humongous regions: 0->0
[2025-05-04T23:17:48.584+0000][5.170s][info ][gc,metaspace] GC(12) Metaspace: 25203K(25600K)->25203K(25600K) NonClass: 21938K(22144K)->21938K(22144K) Class: 3265K(3456K)->3265K(3456K)
[2025-05-04T23:17:48.584+0000][5.170s][info ][gc          ] GC(12) Pause Young (Normal) (G1 Evacuation Pause) 158M->52M(216M) 15.171ms
[2025-05-04T23:17:48.584+0000][5.171s][info ][gc,cpu      ] GC(12) User=0.09s Sys=0.00s Real=0.01s
[2025-05-04T23:17:48.584+0000][5.171s][info ][safepoint   ] Safepoint "G1CollectForAllocation", Time since last: 174671410 ns, Reaching safepoint: 233313 ns, Cleanup: 29202 ns, At safepoint: 15420119 ns, Total: 15682634 ns
[2025-05-04T23:17:48.977+0000][5.564s][debug][safepoint   ] Safepoint synchronization initiated using futex wait barrier. (16 threads)
[2025-05-04T23:17:48.977+0000][5.564s][info ][gc,start    ] GC(13) Pause Young (Normal) (G1 Evacuation Pause)
[2025-05-04T23:17:48.978+0000][5.564s][info ][gc,task     ] GC(13) Using 5 workers of 8 for evacuation
[2025-05-04T23:17:48.983+0000][5.569s][info ][gc,phases   ] GC(13)   Pre Evacuate Collection Set: 0.1ms
[2025-05-04T23:17:48.983+0000][5.570s][info ][gc,phases   ] GC(13)   Merge Heap Roots: 0.1ms
[2025-05-04T23:17:48.983+0000][5.570s][info ][gc,phases   ] GC(13)   Evacuate Collection Set: 4.0ms
[2025-05-04T23:17:48.983+0000][5.570s][info ][gc,phases   ] GC(13)   Post Evacuate Collection Set: 0.8ms
[2025-05-04T23:17:48.983+0000][5.570s][info ][gc,phases   ] GC(13)   Other: 0.4ms
[2025-05-04T23:17:48.984+0000][5.570s][info ][gc,heap     ] GC(13) Eden regions: 55->0(56)
[2025-05-04T23:17:48.984+0000][5.570s][info ][gc,heap     ] GC(13) Survivor regions: 4->5(8)
[2025-05-04T23:17:48.984+0000][5.570s][info ][gc,heap     ] GC(13) Old regions: 23->23
[2025-05-04T23:17:48.984+0000][5.571s][info ][gc,heap     ] GC(13) Archive regions: 2->2
[2025-05-04T23:17:48.984+0000][5.571s][info ][gc,heap     ] GC(13) Humongous regions: 0->0
[2025-05-04T23:17:48.984+0000][5.571s][info ][gc,metaspace] GC(13) Metaspace: 25825K(26240K)->25825K(26240K) NonClass: 22512K(22720K)->22512K(22720K) Class: 3313K(3520K)->3313K(3520K)
[2025-05-04T23:17:48.984+0000][5.571s][info ][gc          ] GC(13) Pause Young (Normal) (G1 Evacuation Pause) 162M->55M(216M) 6.966ms
[2025-05-04T23:17:48.985+0000][5.571s][info ][gc,cpu      ] GC(13) User=0.03s Sys=0.00s Real=0.00s
[2025-05-04T23:17:48.985+0000][5.571s][info ][safepoint   ] Safepoint "G1CollectForAllocation", Time since last: 392925516 ns, Reaching safepoint: 391924 ns, Cleanup: 101206 ns, At safepoint: 7309035 ns, Total: 7802165 ns
[2025-05-04T23:17:49.213+0000][5.800s][debug][safepoint   ] Safepoint synchronization initiated using futex wait barrier. (16 threads)
[2025-05-04T23:17:49.213+0000][5.800s][info ][gc,start    ] GC(14) Pause Young (Normal) (G1 Evacuation Pause)
[2025-05-04T23:17:49.213+0000][5.800s][info ][gc,task     ] GC(14) Using 5 workers of 8 for evacuation
[2025-05-04T23:17:49.218+0000][5.805s][info ][gc,phases   ] GC(14)   Pre Evacuate Collection Set: 0.1ms
[2025-05-04T23:17:49.219+0000][5.805s][info ][gc,phases   ] GC(14)   Merge Heap Roots: 0.1ms
[2025-05-04T23:17:49.219+0000][5.805s][info ][gc,phases   ] GC(14)   Evacuate Collection Set: 3.5ms
[2025-05-04T23:17:49.219+0000][5.805s][info ][gc,phases   ] GC(14)   Post Evacuate Collection Set: 0.9ms
[2025-05-04T23:17:49.219+0000][5.805s][info ][gc,phases   ] GC(14)   Other: 0.3ms
[2025-05-04T23:17:49.219+0000][5.806s][info ][gc,heap     ] GC(14) Eden regions: 56->0(82)
[2025-05-04T23:17:49.219+0000][5.806s][info ][gc,heap     ] GC(14) Survivor regions: 5->3(8)
[2025-05-04T23:17:49.219+0000][5.806s][info ][gc,heap     ] GC(14) Old regions: 23->25
[2025-05-04T23:17:49.219+0000][5.806s][info ][gc,heap     ] GC(14) Archive regions: 2->2
[2025-05-04T23:17:49.219+0000][5.806s][info ][gc,heap     ] GC(14) Humongous regions: 0->0
[2025-05-04T23:17:49.219+0000][5.806s][info ][gc,metaspace] GC(14) Metaspace: 26915K(27264K)->26915K(27264K) NonClass: 23512K(23680K)->23512K(23680K) Class: 3402K(3584K)->3402K(3584K)
[2025-05-04T23:17:49.220+0000][5.806s][info ][gc          ] GC(14) Pause Young (Normal) (G1 Evacuation Pause) 167M->56M(284M) 6.161ms
[2025-05-04T23:17:49.220+0000][5.806s][info ][gc,cpu      ] GC(14) User=0.02s Sys=0.00s Real=0.01s
[2025-05-04T23:17:49.220+0000][5.806s][info ][safepoint   ] Safepoint "G1CollectForAllocation", Time since last: 228235302 ns, Reaching safepoint: 346921 ns, Cleanup: 14501 ns, At safepoint: 6399781 ns, Total: 6761203 ns
[2025-05-04T23:17:49.974+0000][6.560s][debug][safepoint   ] Safepoint synchronization initiated using futex wait barrier. (15 threads)
[2025-05-04T23:17:49.974+0000][6.561s][info ][safepoint   ] Safepoint "ICBufferFull", Time since last: 753934231 ns, Reaching safepoint: 409924 ns, Cleanup: 132108 ns, At safepoint: 39802 ns, Total: 581834 ns
[2025-05-04T23:17:50.054+0000][6.640s][debug][safepoint   ] Safepoint synchronization initiated using futex wait barrier. (15 threads)
[2025-05-04T23:17:50.054+0000][6.641s][info ][gc,start    ] GC(15) Pause Young (Normal) (G1 Evacuation Pause)
[2025-05-04T23:17:50.054+0000][6.641s][info ][gc,task     ] GC(15) Using 6 workers of 8 for evacuation
[2025-05-04T23:17:50.059+0000][6.646s][info ][gc,phases   ] GC(15)   Pre Evacuate Collection Set: 0.1ms
[2025-05-04T23:17:50.060+0000][6.646s][info ][gc,phases   ] GC(15)   Merge Heap Roots: 0.1ms
[2025-05-04T23:17:50.060+0000][6.646s][info ][gc,phases   ] GC(15)   Evacuate Collection Set: 3.9ms
[2025-05-04T23:17:50.060+0000][6.647s][info ][gc,phases   ] GC(15)   Post Evacuate Collection Set: 0.9ms
[2025-05-04T23:17:50.060+0000][6.647s][info ][gc,phases   ] GC(15)   Other: 0.4ms
[2025-05-04T23:17:50.060+0000][6.647s][info ][gc,heap     ] GC(15) Eden regions: 82->0(81)
[2025-05-04T23:17:50.060+0000][6.647s][info ][gc,heap     ] GC(15) Survivor regions: 3->4(11)
[2025-05-04T23:17:50.060+0000][6.647s][info ][gc,heap     ] GC(15) Old regions: 25->25
[2025-05-04T23:17:50.060+0000][6.647s][info ][gc,heap     ] GC(15) Archive regions: 2->2
[2025-05-04T23:17:50.060+0000][6.647s][info ][gc,heap     ] GC(15) Humongous regions: 0->0
[2025-05-04T23:17:50.061+0000][6.647s][info ][gc,metaspace] GC(15) Metaspace: 33760K(34112K)->33760K(34112K) NonClass: 29587K(29760K)->29587K(29760K) Class: 4172K(4352K)->4172K(4352K)
[2025-05-04T23:17:50.061+0000][6.647s][info ][gc          ] GC(15) Pause Young (Normal) (G1 Evacuation Pause) 220M->58M(284M) 6.674ms
[2025-05-04T23:17:50.061+0000][6.647s][info ][gc,cpu      ] GC(15) User=0.04s Sys=0.00s Real=0.01s
[2025-05-04T23:17:50.061+0000][6.648s][info ][safepoint   ] Safepoint "G1CollectForAllocation", Time since last: 79508739 ns, Reaching safepoint: 237114 ns, Cleanup: 20701 ns, At safepoint: 6949114 ns, Total: 7206929 ns
[2025-05-04T23:17:50.676+0000][7.263s][debug][safepoint   ] Safepoint synchronization initiated using futex wait barrier. (15 threads)
[2025-05-04T23:17:50.677+0000][7.263s][info ][safepoint   ] Safepoint "ICBufferFull", Time since last: 615345771 ns, Reaching safepoint: 404525 ns, Cleanup: 108706 ns, At safepoint: 21501 ns, Total: 534732 ns
[2025-05-04T23:17:50.848+0000][7.434s][debug][safepoint   ] Safepoint synchronization initiated using futex wait barrier. (15 threads)
[2025-05-04T23:17:50.848+0000][7.435s][info ][gc,start    ] GC(16) Pause Young (Normal) (G1 Evacuation Pause)
[2025-05-04T23:17:50.848+0000][7.435s][info ][gc,task     ] GC(16) Using 6 workers of 8 for evacuation
[2025-05-04T23:17:50.853+0000][7.440s][info ][gc,phases   ] GC(16)   Pre Evacuate Collection Set: 0.1ms
[2025-05-04T23:17:50.853+0000][7.440s][info ][gc,phases   ] GC(16)   Merge Heap Roots: 0.1ms
[2025-05-04T23:17:50.853+0000][7.440s][info ][gc,phases   ] GC(16)   Evacuate Collection Set: 3.4ms
[2025-05-04T23:17:50.853+0000][7.440s][info ][gc,phases   ] GC(16)   Post Evacuate Collection Set: 0.8ms
[2025-05-04T23:17:50.854+0000][7.440s][info ][gc,phases   ] GC(16)   Other: 0.4ms
[2025-05-04T23:17:50.854+0000][7.440s][info ][gc,heap     ] GC(16) Eden regions: 81->0(81)
[2025-05-04T23:17:50.854+0000][7.441s][info ][gc,heap     ] GC(16) Survivor regions: 4->4(11)
[2025-05-04T23:17:50.854+0000][7.441s][info ][gc,heap     ] GC(16) Old regions: 25->25
[2025-05-04T23:17:50.854+0000][7.441s][info ][gc,heap     ] GC(16) Archive regions: 2->2
[2025-05-04T23:17:50.854+0000][7.441s][info ][gc,heap     ] GC(16) Humongous regions: 0->0
[2025-05-04T23:17:50.854+0000][7.441s][info ][gc,metaspace] GC(16) Metaspace: 35934K(36352K)->35934K(36352K) NonClass: 31477K(31680K)->31477K(31680K) Class: 4456K(4672K)->4456K(4672K)
[2025-05-04T23:17:50.855+0000][7.441s][info ][gc          ] GC(16) Pause Young (Normal) (G1 Evacuation Pause) 220M->59M(284M) 6.572ms
[2025-05-04T23:17:50.855+0000][7.441s][info ][gc,cpu      ] GC(16) User=0.02s Sys=0.00s Real=0.00s
[2025-05-04T23:17:50.855+0000][7.441s][info ][safepoint   ] Safepoint "G1CollectForAllocation", Time since last: 170813980 ns, Reaching safepoint: 231514 ns, Cleanup: 72004 ns, At safepoint: 6887010 ns, Total: 7190528 ns
[2025-05-04T23:17:50.868+0000][7.455s][debug][safepoint   ] Safepoint synchronization initiated using futex wait barrier. (15 threads)
[2025-05-04T23:17:50.869+0000][7.455s][info ][gc,start    ] GC(17) Pause Young (Concurrent Start) (Metadata GC Threshold)
[2025-05-04T23:17:50.869+0000][7.456s][info ][gc,task     ] GC(17) Using 6 workers of 8 for evacuation
[2025-05-04T23:17:50.874+0000][7.461s][info ][gc,phases   ] GC(17)   Pre Evacuate Collection Set: 0.1ms
[2025-05-04T23:17:50.874+0000][7.461s][info ][gc,phases   ] GC(17)   Merge Heap Roots: 0.1ms
[2025-05-04T23:17:50.875+0000][7.461s][info ][gc,phases   ] GC(17)   Evacuate Collection Set: 4.0ms
[2025-05-04T23:17:50.875+0000][7.461s][info ][gc,phases   ] GC(17)   Post Evacuate Collection Set: 0.8ms
[2025-05-04T23:17:50.875+0000][7.461s][info ][gc,phases   ] GC(17)   Other: 0.4ms
[2025-05-04T23:17:50.875+0000][7.462s][info ][gc,heap     ] GC(17) Eden regions: 1->0(81)
[2025-05-04T23:17:50.875+0000][7.462s][info ][gc,heap     ] GC(17) Survivor regions: 4->4(11)
[2025-05-04T23:17:50.875+0000][7.462s][info ][gc,heap     ] GC(17) Old regions: 25->25
[2025-05-04T23:17:50.875+0000][7.462s][info ][gc,heap     ] GC(17) Archive regions: 2->2
[2025-05-04T23:17:50.875+0000][7.462s][info ][gc,heap     ] GC(17) Humongous regions: 0->0
[2025-05-04T23:17:50.876+0000][7.462s][info ][gc,metaspace] GC(17) Metaspace: 36026K(36416K)->36026K(36416K) NonClass: 31556K(31744K)->31556K(31744K) Class: 4470K(4672K)->4470K(4672K)
[2025-05-04T23:17:50.876+0000][7.462s][info ][gc          ] GC(17) Pause Young (Concurrent Start) (Metadata GC Threshold) 61M->58M(284M) 6.932ms
[2025-05-04T23:17:50.876+0000][7.462s][info ][gc,cpu      ] GC(17) User=0.03s Sys=0.00s Real=0.00s
[2025-05-04T23:17:50.876+0000][7.463s][info ][gc          ] GC(18) Concurrent Mark Cycle
[2025-05-04T23:17:50.876+0000][7.463s][info ][safepoint   ] Safepoint "CollectForMetadataAllocation", Time since last: 13472403 ns, Reaching safepoint: 358522 ns, Cleanup: 12500 ns, At safepoint: 7276634 ns, Total: 7647656 ns
[2025-05-04T23:17:50.876+0000][7.463s][info ][gc,marking  ] GC(18) Concurrent Clear Claimed Marks
[2025-05-04T23:17:50.876+0000][7.463s][info ][gc,marking  ] GC(18) Concurrent Clear Claimed Marks 0.284ms
[2025-05-04T23:17:50.876+0000][7.463s][info ][gc,marking  ] GC(18) Concurrent Scan Root Regions
[2025-05-04T23:17:50.880+0000][7.467s][info ][gc,marking  ] GC(18) Concurrent Scan Root Regions 3.542ms
[2025-05-04T23:17:50.880+0000][7.467s][info ][gc,marking  ] GC(18) Concurrent Mark
[2025-05-04T23:17:50.880+0000][7.467s][info ][gc,marking  ] GC(18) Concurrent Mark From Roots
[2025-05-04T23:17:50.881+0000][7.467s][info ][gc,task     ] GC(18) Using 2 workers of 2 for marking
[2025-05-04T23:17:50.918+0000][7.504s][info ][gc,marking  ] GC(18) Concurrent Mark From Roots 37.369ms
[2025-05-04T23:17:50.918+0000][7.505s][info ][gc,marking  ] GC(18) Concurrent Preclean
[2025-05-04T23:17:50.918+0000][7.505s][info ][gc,marking  ] GC(18) Concurrent Preclean 0.400ms
[2025-05-04T23:17:50.919+0000][7.505s][debug][safepoint   ] Safepoint synchronization initiated using futex wait barrier. (15 threads)
[2025-05-04T23:17:50.919+0000][7.506s][info ][gc,start    ] GC(18) Pause Remark
[2025-05-04T23:17:50.922+0000][7.508s][info ][gc          ] GC(18) Pause Remark 64M->64M(228M) 2.598ms
[2025-05-04T23:17:50.922+0000][7.508s][info ][gc,cpu      ] GC(18) User=0.02s Sys=0.00s Real=0.00s
[2025-05-04T23:17:50.922+0000][7.509s][info ][safepoint   ] Safepoint "G1PauseRemark", Time since last: 42753048 ns, Reaching safepoint: 272116 ns, Cleanup: 15501 ns, At safepoint: 2989378 ns, Total: 3276995 ns
[2025-05-04T23:17:50.922+0000][7.509s][info ][gc,marking  ] GC(18) Concurrent Mark 41.906ms
[2025-05-04T23:17:50.922+0000][7.509s][info ][gc,marking  ] GC(18) Concurrent Rebuild Remembered Sets
[2025-05-04T23:17:50.941+0000][7.528s][info ][gc,marking  ] GC(18) Concurrent Rebuild Remembered Sets 19.076ms
[2025-05-04T23:17:50.942+0000][7.528s][debug][safepoint   ] Safepoint synchronization initiated using futex wait barrier. (15 threads)
[2025-05-04T23:17:50.942+0000][7.529s][info ][gc,start    ] GC(18) Pause Cleanup
[2025-05-04T23:17:50.942+0000][7.529s][info ][gc          ] GC(18) Pause Cleanup 68M->68M(228M) 0.275ms
[2025-05-04T23:17:50.943+0000][7.529s][info ][gc,cpu      ] GC(18) User=0.00s Sys=0.00s Real=0.00s
[2025-05-04T23:17:50.943+0000][7.529s][info ][safepoint   ] Safepoint "G1PauseCleanup", Time since last: 19719175 ns, Reaching safepoint: 369522 ns, Cleanup: 5301 ns, At safepoint: 562633 ns, Total: 937456 ns
[2025-05-04T23:17:50.943+0000][7.529s][info ][gc,marking  ] GC(18) Concurrent Cleanup for Next Mark
[2025-05-04T23:17:50.945+0000][7.532s][info ][gc,marking  ] GC(18) Concurrent Cleanup for Next Mark 2.148ms
[2025-05-04T23:17:50.945+0000][7.532s][info ][gc          ] GC(18) Concurrent Mark Cycle 69.463ms
[2025-05-04T23:17:51.454+0000][8.041s][debug][safepoint   ] Safepoint synchronization initiated using futex wait barrier. (15 threads)
[2025-05-04T23:17:51.454+0000][8.041s][info ][gc,start    ] GC(19) Pause Young (Prepare Mixed) (G1 Evacuation Pause)
[2025-05-04T23:17:51.455+0000][8.041s][info ][gc,task     ] GC(19) Using 5 workers of 8 for evacuation
[2025-05-04T23:17:51.460+0000][8.047s][info ][gc,phases   ] GC(19)   Pre Evacuate Collection Set: 0.2ms
[2025-05-04T23:17:51.461+0000][8.047s][info ][gc,phases   ] GC(19)   Merge Heap Roots: 0.1ms
[2025-05-04T23:17:51.461+0000][8.048s][info ][gc,phases   ] GC(19)   Evacuate Collection Set: 4.1ms
[2025-05-04T23:17:51.461+0000][8.048s][info ][gc,phases   ] GC(19)   Post Evacuate Collection Set: 1.0ms
[2025-05-04T23:17:51.461+0000][8.048s][info ][gc,phases   ] GC(19)   Other: 0.4ms
[2025-05-04T23:17:51.462+0000][8.048s][info ][gc,heap     ] GC(19) Eden regions: 64->0(1)
[2025-05-04T23:17:51.462+0000][8.048s][info ][gc,heap     ] GC(19) Survivor regions: 4->5(9)
[2025-05-04T23:17:51.462+0000][8.048s][info ][gc,heap     ] GC(19) Old regions: 25->25
[2025-05-04T23:17:51.462+0000][8.049s][info ][gc,heap     ] GC(19) Archive regions: 2->2
[2025-05-04T23:17:51.462+0000][8.049s][info ][gc,heap     ] GC(19) Humongous regions: 0->0
[2025-05-04T23:17:51.462+0000][8.049s][info ][gc,metaspace] GC(19) Metaspace: 38986K(39360K)->38986K(39360K) NonClass: 34072K(34240K)->34072K(34240K) Class: 4913K(5120K)->4913K(5120K)
[2025-05-04T23:17:51.462+0000][8.049s][info ][gc          ] GC(19) Pause Young (Prepare Mixed) (G1 Evacuation Pause) 186M->60M(228M) 7.768ms
[2025-05-04T23:17:51.462+0000][8.049s][info ][gc,cpu      ] GC(19) User=0.03s Sys=0.00s Real=0.01s
[2025-05-04T23:17:51.462+0000][8.049s][info ][safepoint   ] Safepoint "G1CollectForAllocation", Time since last: 511441780 ns, Reaching safepoint: 274016 ns, Cleanup: 68504 ns, At safepoint: 8053280 ns, Total: 8395800 ns
[2025-05-04T23:17:51.468+0000][8.054s][debug][safepoint   ] Safepoint synchronization initiated using futex wait barrier. (15 threads)
[2025-05-04T23:17:51.468+0000][8.054s][info ][gc,start    ] GC(20) Pause Young (Mixed) (G1 Evacuation Pause)
[2025-05-04T23:17:51.468+0000][8.055s][info ][gc,task     ] GC(20) Using 5 workers of 8 for evacuation
[2025-05-04T23:17:51.474+0000][8.060s][info ][gc,phases   ] GC(20)   Pre Evacuate Collection Set: 0.1ms
[2025-05-04T23:17:51.474+0000][8.061s][info ][gc,phases   ] GC(20)   Merge Heap Roots: 0.1ms
[2025-05-04T23:17:51.474+0000][8.061s][info ][gc,phases   ] GC(20)   Evacuate Collection Set: 4.7ms
[2025-05-04T23:17:51.474+0000][8.061s][info ][gc,phases   ] GC(20)   Post Evacuate Collection Set: 0.8ms
[2025-05-04T23:17:51.475+0000][8.061s][info ][gc,phases   ] GC(20)   Other: 0.3ms
[2025-05-04T23:17:51.475+0000][8.061s][info ][gc,heap     ] GC(20) Eden regions: 1->0(64)
[2025-05-04T23:17:51.475+0000][8.061s][info ][gc,heap     ] GC(20) Survivor regions: 5->1(1)
[2025-05-04T23:17:51.475+0000][8.062s][info ][gc,heap     ] GC(20) Old regions: 25->29
[2025-05-04T23:17:51.475+0000][8.062s][info ][gc,heap     ] GC(20) Archive regions: 2->2
[2025-05-04T23:17:51.475+0000][8.062s][info ][gc,heap     ] GC(20) Humongous regions: 0->0
[2025-05-04T23:17:51.475+0000][8.062s][info ][gc,metaspace] GC(20) Metaspace: 38989K(39360K)->38989K(39360K) NonClass: 34076K(34240K)->34076K(34240K) Class: 4913K(5120K)->4913K(5120K)
[2025-05-04T23:17:51.475+0000][8.062s][info ][gc          ] GC(20) Pause Young (Mixed) (G1 Evacuation Pause) 62M->60M(228M) 7.637ms
[2025-05-04T23:17:51.476+0000][8.062s][info ][gc,cpu      ] GC(20) User=0.03s Sys=0.00s Real=0.00s
[2025-05-04T23:17:51.476+0000][8.062s][info ][safepoint   ] Safepoint "G1CollectForAllocation", Time since last: 5057401 ns, Reaching safepoint: 201612 ns, Cleanup: 4401 ns, At safepoint: 7902771 ns, Total: 8108784 ns
[2025-05-04T23:17:52.304+0000][8.891s][debug][safepoint   ] Safepoint synchronization initiated using futex wait barrier. (15 threads)
[2025-05-04T23:17:52.304+0000][8.891s][info ][safepoint   ] Safepoint "ICBufferFull", Time since last: 828321463 ns, Reaching safepoint: 305818 ns, Cleanup: 110907 ns, At safepoint: 27602 ns, Total: 444327 ns
[2025-05-04T23:17:52.326+0000][8.913s][debug][safepoint   ] Safepoint synchronization initiated using futex wait barrier. (15 threads)
[2025-05-04T23:17:52.327+0000][8.913s][info ][gc,start    ] GC(21) Pause Young (Normal) (G1 Evacuation Pause)
[2025-05-04T23:17:52.327+0000][8.914s][info ][gc,task     ] GC(21) Using 5 workers of 8 for evacuation
[2025-05-04T23:17:52.330+0000][8.917s][info ][gc,phases   ] GC(21)   Pre Evacuate Collection Set: 0.1ms
[2025-05-04T23:17:52.331+0000][8.917s][info ][gc,phases   ] GC(21)   Merge Heap Roots: 0.1ms
[2025-05-04T23:17:52.331+0000][8.917s][info ][gc,phases   ] GC(21)   Evacuate Collection Set: 2.1ms
[2025-05-04T23:17:52.331+0000][8.917s][info ][gc,phases   ] GC(21)   Post Evacuate Collection Set: 0.8ms
[2025-05-04T23:17:52.331+0000][8.918s][info ][gc,phases   ] GC(21)   Other: 0.4ms
[2025-05-04T23:17:52.331+0000][8.918s][info ][gc,heap     ] GC(21) Eden regions: 64->0(65)
[2025-05-04T23:17:52.331+0000][8.918s][info ][gc,heap     ] GC(21) Survivor regions: 1->1(9)
[2025-05-04T23:17:52.331+0000][8.918s][info ][gc,heap     ] GC(21) Old regions: 29->29
[2025-05-04T23:17:52.331+0000][8.918s][info ][gc,heap     ] GC(21) Archive regions: 2->2
[2025-05-04T23:17:52.332+0000][8.918s][info ][gc,heap     ] GC(21) Humongous regions: 0->0
[2025-05-04T23:17:52.332+0000][8.918s][info ][gc,metaspace] GC(21) Metaspace: 41424K(41792K)->41424K(41792K) NonClass: 36174K(36352K)->36174K(36352K) Class: 5250K(5440K)->5250K(5440K)
[2025-05-04T23:17:52.332+0000][8.918s][info ][gc          ] GC(21) Pause Young (Normal) (G1 Evacuation Pause) 188M->60M(228M) 5.049ms
[2025-05-04T23:17:52.332+0000][8.919s][info ][gc,cpu      ] GC(21) User=0.02s Sys=0.00s Real=0.00s
[2025-05-04T23:17:52.332+0000][8.919s][info ][safepoint   ] Safepoint "G1CollectForAllocation", Time since last: 21992610 ns, Reaching safepoint: 243915 ns, Cleanup: 38402 ns, At safepoint: 5411323 ns, Total: 5693640 ns
[2025-05-04T23:17:53.028+0000][9.615s][debug][safepoint   ] Safepoint synchronization initiated using futex wait barrier. (15 threads)
[2025-05-04T23:17:53.028+0000][9.615s][info ][safepoint   ] Safepoint "ICBufferFull", Time since last: 695903572 ns, Reaching safepoint: 302818 ns, Cleanup: 107706 ns, At safepoint: 2701 ns, Total: 413225 ns
[2025-05-04T23:17:53.098+0000][9.685s][debug][safepoint   ] Safepoint synchronization initiated using futex wait barrier. (15 threads)
[2025-05-04T23:17:53.099+0000][9.685s][info ][gc,start    ] GC(22) Pause Young (Normal) (G1 Evacuation Pause)
[2025-05-04T23:17:53.099+0000][9.685s][info ][gc,task     ] GC(22) Using 5 workers of 8 for evacuation
[2025-05-04T23:17:53.103+0000][9.690s][info ][gc,phases   ] GC(22)   Pre Evacuate Collection Set: 0.1ms
[2025-05-04T23:17:53.103+0000][9.690s][info ][gc,phases   ] GC(22)   Merge Heap Roots: 0.1ms
[2025-05-04T23:17:53.103+0000][9.690s][info ][gc,phases   ] GC(22)   Evacuate Collection Set: 3.0ms
[2025-05-04T23:17:53.104+0000][9.690s][info ][gc,phases   ] GC(22)   Post Evacuate Collection Set: 0.7ms
[2025-05-04T23:17:53.104+0000][9.690s][info ][gc,phases   ] GC(22)   Other: 0.5ms
[2025-05-04T23:17:53.104+0000][9.690s][info ][gc,heap     ] GC(22) Eden regions: 65->0(64)
[2025-05-04T23:17:53.104+0000][9.691s][info ][gc,heap     ] GC(22) Survivor regions: 1->2(9)
[2025-05-04T23:17:53.104+0000][9.691s][info ][gc,heap     ] GC(22) Old regions: 29->29
[2025-05-04T23:17:53.104+0000][9.691s][info ][gc,heap     ] GC(22) Archive regions: 2->2
[2025-05-04T23:17:53.104+0000][9.691s][info ][gc,heap     ] GC(22) Humongous regions: 0->0
[2025-05-04T23:17:53.105+0000][9.691s][info ][gc,metaspace] GC(22) Metaspace: 44516K(44928K)->44516K(44928K) NonClass: 38833K(39040K)->38833K(39040K) Class: 5682K(5888K)->5682K(5888K)
[2025-05-04T23:17:53.105+0000][9.691s][info ][gc          ] GC(22) Pause Young (Normal) (G1 Evacuation Pause) 190M->62M(228M) 6.136ms
[2025-05-04T23:17:53.105+0000][9.691s][info ][gc,cpu      ] GC(22) User=0.02s Sys=0.00s Real=0.00s
[2025-05-04T23:17:53.105+0000][9.692s][info ][safepoint   ] Safepoint "G1CollectForAllocation", Time since last: 69767657 ns, Reaching safepoint: 351821 ns, Cleanup: 28002 ns, At safepoint: 6416382 ns, Total: 6796205 ns
[2025-05-04T23:17:54.118+0000][10.705s][debug][safepoint   ] Safepoint synchronization initiated using futex wait barrier. (15 threads)
[2025-05-04T23:17:54.119+0000][10.705s][info ][safepoint   ] Safepoint "Cleanup", Time since last: 1013190781 ns, Reaching safepoint: 324519 ns, Cleanup: 105206 ns, At safepoint: 28502 ns, Total: 458227 ns
[2025-05-04T23:17:54.136+0000][10.722s][debug][safepoint   ] Safepoint synchronization initiated using futex wait barrier. (15 threads)
[2025-05-04T23:17:54.136+0000][10.723s][info ][gc,start    ] GC(23) Pause Young (Normal) (G1 Evacuation Pause)
[2025-05-04T23:17:54.136+0000][10.723s][info ][gc,task     ] GC(23) Using 5 workers of 8 for evacuation
[2025-05-04T23:17:54.142+0000][10.729s][info ][gc,phases   ] GC(23)   Pre Evacuate Collection Set: 0.1ms
[2025-05-04T23:17:54.142+0000][10.729s][info ][gc,phases   ] GC(23)   Merge Heap Roots: 0.1ms
[2025-05-04T23:17:54.142+0000][10.729s][info ][gc,phases   ] GC(23)   Evacuate Collection Set: 4.7ms
[2025-05-04T23:17:54.142+0000][10.729s][info ][gc,phases   ] GC(23)   Post Evacuate Collection Set: 0.8ms
[2025-05-04T23:17:54.143+0000][10.729s][info ][gc,phases   ] GC(23)   Other: 0.4ms
[2025-05-04T23:17:54.143+0000][10.729s][info ][gc,heap     ] GC(23) Eden regions: 64->0(62)
[2025-05-04T23:17:54.143+0000][10.729s][info ][gc,heap     ] GC(23) Survivor regions: 2->4(9)
[2025-05-04T23:17:54.143+0000][10.729s][info ][gc,heap     ] GC(23) Old regions: 29->29
[2025-05-04T23:17:54.143+0000][10.730s][info ][gc,heap     ] GC(23) Archive regions: 2->2
[2025-05-04T23:17:54.143+0000][10.730s][info ][gc,heap     ] GC(23) Humongous regions: 0->0
[2025-05-04T23:17:54.143+0000][10.730s][info ][gc,metaspace] GC(23) Metaspace: 48973K(49408K)->48973K(49408K) NonClass: 42698K(42880K)->42698K(42880K) Class: 6274K(6528K)->6274K(6528K)
[2025-05-04T23:17:54.143+0000][10.730s][info ][gc          ] GC(23) Pause Young (Normal) (G1 Evacuation Pause) 190M->65M(228M) 7.265ms
[2025-05-04T23:17:54.143+0000][10.730s][info ][gc,cpu      ] GC(23) User=0.03s Sys=0.01s Real=0.01s
[2025-05-04T23:17:54.143+0000][10.730s][info ][safepoint   ] Safepoint "G1CollectForAllocation", Time since last: 17027605 ns, Reaching safepoint: 267015 ns, Cleanup: 14401 ns, At safepoint: 7526344 ns, Total: 7807760 ns
[2025-05-04T23:17:55.735+0000][12.321s][debug][safepoint   ] Safepoint synchronization initiated using futex wait barrier. (18 threads)
[2025-05-04T23:17:55.736+0000][12.322s][info ][safepoint   ] Safepoint "ICBufferFull", Time since last: 1591171468 ns, Reaching safepoint: 731243 ns, Cleanup: 121908 ns, At safepoint: 42302 ns, Total: 895453 ns
[2025-05-04T23:17:56.260+0000][12.847s][debug][safepoint   ] Safepoint synchronization initiated using futex wait barrier. (18 threads)
[2025-05-04T23:17:56.261+0000][12.847s][info ][gc,start    ] GC(24) Pause Young (Normal) (G1 Evacuation Pause)
[2025-05-04T23:17:56.261+0000][12.848s][info ][gc,task     ] GC(24) Using 5 workers of 8 for evacuation
[2025-05-04T23:17:56.272+0000][12.858s][info ][gc,phases   ] GC(24)   Pre Evacuate Collection Set: 0.3ms
[2025-05-04T23:17:56.272+0000][12.858s][info ][gc,phases   ] GC(24)   Merge Heap Roots: 0.2ms
[2025-05-04T23:17:56.272+0000][12.859s][info ][gc,phases   ] GC(24)   Evacuate Collection Set: 8.3ms
[2025-05-04T23:17:56.272+0000][12.859s][info ][gc,phases   ] GC(24)   Post Evacuate Collection Set: 1.3ms
[2025-05-04T23:17:56.272+0000][12.859s][info ][gc,phases   ] GC(24)   Other: 1.0ms
[2025-05-04T23:17:56.272+0000][12.859s][info ][gc,heap     ] GC(24) Eden regions: 62->0(61)
[2025-05-04T23:17:56.273+0000][12.859s][info ][gc,heap     ] GC(24) Survivor regions: 4->5(9)
[2025-05-04T23:17:56.273+0000][12.859s][info ][gc,heap     ] GC(24) Old regions: 29->29
[2025-05-04T23:17:56.273+0000][12.860s][info ][gc,heap     ] GC(24) Archive regions: 2->2
[2025-05-04T23:17:56.273+0000][12.860s][info ][gc,heap     ] GC(24) Humongous regions: 0->0
[2025-05-04T23:17:56.273+0000][12.860s][info ][gc,metaspace] GC(24) Metaspace: 54859K(55296K)->54859K(55296K) NonClass: 47908K(48128K)->47908K(48128K) Class: 6951K(7168K)->6951K(7168K)
[2025-05-04T23:17:56.273+0000][12.860s][info ][gc          ] GC(24) Pause Young (Normal) (G1 Evacuation Pause) 189M->68M(228M) 12.724ms
[2025-05-04T23:17:56.274+0000][12.860s][info ][gc,cpu      ] GC(24) User=0.08s Sys=0.00s Real=0.01s
[2025-05-04T23:17:56.274+0000][12.860s][info ][safepoint   ] Safepoint "G1CollectForAllocation", Time since last: 524653351 ns, Reaching safepoint: 310218 ns, Cleanup: 166010 ns, At safepoint: 13067071 ns, Total: 13543299 ns
[2025-05-04T23:17:56.992+0000][13.579s][debug][safepoint   ] Safepoint synchronization initiated using futex wait barrier. (18 threads)
[2025-05-04T23:17:56.992+0000][13.579s][info ][gc,start    ] GC(25) Pause Young (Normal) (G1 Evacuation Pause)
[2025-05-04T23:17:56.992+0000][13.579s][info ][gc,task     ] GC(25) Using 5 workers of 8 for evacuation
[2025-05-04T23:17:57.001+0000][13.588s][info ][gc,phases   ] GC(25)   Pre Evacuate Collection Set: 0.1ms
[2025-05-04T23:17:57.001+0000][13.588s][info ][gc,phases   ] GC(25)   Merge Heap Roots: 0.1ms
[2025-05-04T23:17:57.002+0000][13.588s][info ][gc,phases   ] GC(25)   Evacuate Collection Set: 7.1ms
[2025-05-04T23:17:57.002+0000][13.588s][info ][gc,phases   ] GC(25)   Post Evacuate Collection Set: 1.1ms
[2025-05-04T23:17:57.002+0000][13.588s][info ][gc,phases   ] GC(25)   Other: 0.4ms
[2025-05-04T23:17:57.002+0000][13.589s][info ][gc,heap     ] GC(25) Eden regions: 61->0(60)
[2025-05-04T23:17:57.002+0000][13.589s][info ][gc,heap     ] GC(25) Survivor regions: 5->5(9)
[2025-05-04T23:17:57.002+0000][13.589s][info ][gc,heap     ] GC(25) Old regions: 29->30
[2025-05-04T23:17:57.002+0000][13.589s][info ][gc,heap     ] GC(25) Archive regions: 2->2
[2025-05-04T23:17:57.002+0000][13.589s][info ][gc,heap     ] GC(25) Humongous regions: 0->0
[2025-05-04T23:17:57.003+0000][13.589s][info ][gc,metaspace] GC(25) Metaspace: 58188K(58560K)->58188K(58560K) NonClass: 50752K(50944K)->50752K(50944K) Class: 7436K(7616K)->7436K(7616K)
[2025-05-04T23:17:57.003+0000][13.589s][info ][gc          ] GC(25) Pause Young (Normal) (G1 Evacuation Pause) 190M->69M(228M) 10.444ms
[2025-05-04T23:17:57.003+0000][13.589s][info ][gc,cpu      ] GC(25) User=0.06s Sys=0.00s Real=0.01s
[2025-05-04T23:17:57.003+0000][13.590s][info ][safepoint   ] Safepoint "G1CollectForAllocation", Time since last: 718185568 ns, Reaching safepoint: 267816 ns, Cleanup: 54503 ns, At safepoint: 10799037 ns, Total: 11121356 ns
[2025-05-04T23:17:57.394+0000][13.981s][debug][safepoint   ] Safepoint synchronization initiated using futex wait barrier. (20 threads)
[2025-05-04T23:17:57.394+0000][13.981s][info ][gc,start    ] GC(26) Pause Young (Concurrent Start) (Metadata GC Threshold)
[2025-05-04T23:17:57.394+0000][13.981s][info ][gc,task     ] GC(26) Using 5 workers of 8 for evacuation
[2025-05-04T23:17:57.401+0000][13.988s][info ][gc,phases   ] GC(26)   Pre Evacuate Collection Set: 0.2ms
[2025-05-04T23:17:57.401+0000][13.988s][info ][gc,phases   ] GC(26)   Merge Heap Roots: 0.2ms
[2025-05-04T23:17:57.401+0000][13.988s][info ][gc,phases   ] GC(26)   Evacuate Collection Set: 5.2ms
[2025-05-04T23:17:57.401+0000][13.988s][info ][gc,phases   ] GC(26)   Post Evacuate Collection Set: 0.9ms
[2025-05-04T23:17:57.402+0000][13.988s][info ][gc,phases   ] GC(26)   Other: 0.3ms
[2025-05-04T23:17:57.402+0000][13.988s][info ][gc,heap     ] GC(26) Eden regions: 20->0(60)
[2025-05-04T23:17:57.402+0000][13.988s][info ][gc,heap     ] GC(26) Survivor regions: 5->5(9)
[2025-05-04T23:17:57.402+0000][13.988s][info ][gc,heap     ] GC(26) Old regions: 30->30
[2025-05-04T23:17:57.402+0000][13.989s][info ][gc,heap     ] GC(26) Archive regions: 2->2
[2025-05-04T23:17:57.402+0000][13.989s][info ][gc,heap     ] GC(26) Humongous regions: 0->0
[2025-05-04T23:17:57.402+0000][13.989s][info ][gc,metaspace] GC(26) Metaspace: 60754K(61248K)->60754K(61248K) NonClass: 53025K(53248K)->53025K(53248K) Class: 7728K(8000K)->7728K(8000K)
[2025-05-04T23:17:57.402+0000][13.989s][info ][gc          ] GC(26) Pause Young (Concurrent Start) (Metadata GC Threshold) 109M->70M(228M) 8.093ms
[2025-05-04T23:17:57.402+0000][13.989s][info ][gc,cpu      ] GC(26) User=0.03s Sys=0.00s Real=0.01s
[2025-05-04T23:17:57.402+0000][13.989s][info ][gc          ] GC(27) Concurrent Mark Cycle
[2025-05-04T23:17:57.403+0000][13.989s][info ][gc,marking  ] GC(27) Concurrent Clear Claimed Marks
[2025-05-04T23:17:57.403+0000][13.989s][info ][safepoint   ] Safepoint "CollectForMetadataAllocation", Time since last: 390837157 ns, Reaching safepoint: 216312 ns, Cleanup: 34902 ns, At safepoint: 8382495 ns, Total: 8633709 ns
[2025-05-04T23:17:57.403+0000][13.989s][info ][gc,marking  ] GC(27) Concurrent Clear Claimed Marks 0.228ms
[2025-05-04T23:17:57.403+0000][13.990s][info ][gc,marking  ] GC(27) Concurrent Scan Root Regions
[2025-05-04T23:17:57.407+0000][13.994s][info ][gc,marking  ] GC(27) Concurrent Scan Root Regions 4.221ms
[2025-05-04T23:17:57.408+0000][13.994s][info ][gc,marking  ] GC(27) Concurrent Mark
[2025-05-04T23:17:57.408+0000][13.994s][info ][gc,marking  ] GC(27) Concurrent Mark From Roots
[2025-05-04T23:17:57.408+0000][13.994s][info ][gc,task     ] GC(27) Using 2 workers of 2 for marking
[2025-05-04T23:17:57.449+0000][14.036s][info ][gc,marking  ] GC(27) Concurrent Mark From Roots 41.305ms
[2025-05-04T23:17:57.449+0000][14.036s][info ][gc,marking  ] GC(27) Concurrent Preclean
[2025-05-04T23:17:57.450+0000][14.036s][info ][gc,marking  ] GC(27) Concurrent Preclean 0.286ms
[2025-05-04T23:17:57.450+0000][14.036s][debug][safepoint   ] Safepoint synchronization initiated using futex wait barrier. (20 threads)
[2025-05-04T23:17:57.450+0000][14.037s][info ][gc,start    ] GC(27) Pause Remark
[2025-05-04T23:17:57.453+0000][14.040s][info ][gc          ] GC(27) Pause Remark 81M->81M(228M) 3.371ms
[2025-05-04T23:17:57.454+0000][14.040s][info ][gc,cpu      ] GC(27) User=0.01s Sys=0.00s Real=0.00s
[2025-05-04T23:17:57.454+0000][14.040s][info ][safepoint   ] Safepoint "G1PauseRemark", Time since last: 47178383 ns, Reaching safepoint: 219513 ns, Cleanup: 9801 ns, At safepoint: 3749021 ns, Total: 3978335 ns
[2025-05-04T23:17:57.454+0000][14.040s][info ][gc,marking  ] GC(27) Concurrent Mark 46.239ms
[2025-05-04T23:17:57.454+0000][14.041s][info ][gc,marking  ] GC(27) Concurrent Rebuild Remembered Sets
[2025-05-04T23:17:57.477+0000][14.064s][info ][gc,marking  ] GC(27) Concurrent Rebuild Remembered Sets 22.936ms
[2025-05-04T23:17:57.477+0000][14.064s][debug][safepoint   ] Safepoint synchronization initiated using futex wait barrier. (21 threads)
[2025-05-04T23:17:57.478+0000][14.065s][info ][gc,start    ] GC(27) Pause Cleanup
[2025-05-04T23:17:57.479+0000][14.065s][info ][gc          ] GC(27) Pause Cleanup 85M->85M(228M) 0.484ms
[2025-05-04T23:17:57.479+0000][14.065s][info ][gc,cpu      ] GC(27) User=0.01s Sys=0.00s Real=0.00s
[2025-05-04T23:17:57.479+0000][14.066s][info ][safepoint   ] Safepoint "G1PauseCleanup", Time since last: 23740800 ns, Reaching safepoint: 587435 ns, Cleanup: 28202 ns, At safepoint: 926754 ns, Total: 1542391 ns
[2025-05-04T23:17:57.479+0000][14.066s][info ][gc,marking  ] GC(27) Concurrent Cleanup for Next Mark
[2025-05-04T23:17:57.481+0000][14.067s][info ][gc,marking  ] GC(27) Concurrent Cleanup for Next Mark 1.333ms
[2025-05-04T23:17:57.481+0000][14.068s][info ][gc          ] GC(27) Concurrent Mark Cycle 78.906ms
[2025-05-04T23:17:57.839+0000][14.426s][debug][safepoint   ] Safepoint synchronization initiated using futex wait barrier. (21 threads)
[2025-05-04T23:17:57.839+0000][14.426s][info ][safepoint   ] Safepoint "ICBufferFull", Time since last: 360044240 ns, Reaching safepoint: 162010 ns, Cleanup: 132708 ns, At safepoint: 4500 ns, Total: 299218 ns
[2025-05-04T23:17:58.120+0000][14.706s][debug][safepoint   ] Safepoint synchronization initiated using futex wait barrier. (21 threads)
[2025-05-04T23:17:58.121+0000][14.708s][info ][gc,start    ] GC(28) Pause Young (Prepare Mixed) (G1 Evacuation Pause)
[2025-05-04T23:17:58.121+0000][14.708s][info ][gc,task     ] GC(28) Using 5 workers of 8 for evacuation
[2025-05-04T23:17:58.128+0000][14.715s][info ][gc,phases   ] GC(28)   Pre Evacuate Collection Set: 0.1ms
[2025-05-04T23:17:58.128+0000][14.715s][info ][gc,phases   ] GC(28)   Merge Heap Roots: 0.1ms
[2025-05-04T23:17:58.128+0000][14.715s][info ][gc,phases   ] GC(28)   Evacuate Collection Set: 5.3ms
[2025-05-04T23:17:58.129+0000][14.715s][info ][gc,phases   ] GC(28)   Post Evacuate Collection Set: 0.9ms
[2025-05-04T23:17:58.129+0000][14.715s][info ][gc,phases   ] GC(28)   Other: 0.4ms
[2025-05-04T23:17:58.129+0000][14.715s][info ][gc,heap     ] GC(28) Eden regions: 60->0(1)
[2025-05-04T23:17:58.129+0000][14.715s][info ][gc,heap     ] GC(28) Survivor regions: 5->6(9)
[2025-05-04T23:17:58.129+0000][14.716s][info ][gc,heap     ] GC(28) Old regions: 30->30
[2025-05-04T23:17:58.129+0000][14.716s][info ][gc,heap     ] GC(28) Archive regions: 2->2
[2025-05-04T23:17:58.129+0000][14.716s][info ][gc,heap     ] GC(28) Humongous regions: 0->0
[2025-05-04T23:17:58.129+0000][14.716s][info ][gc,metaspace] GC(28) Metaspace: 63280K(63744K)->63280K(63744K) NonClass: 55219K(55424K)->55219K(55424K) Class: 8061K(8320K)->8061K(8320K)
[2025-05-04T23:17:58.129+0000][14.716s][info ][gc          ] GC(28) Pause Young (Prepare Mixed) (G1 Evacuation Pause) 190M->71M(228M) 8.097ms
[2025-05-04T23:17:58.130+0000][14.716s][info ][gc,cpu      ] GC(28) User=0.03s Sys=0.00s Real=0.01s
[2025-05-04T23:17:58.130+0000][14.716s][info ][safepoint   ] Safepoint "G1CollectForAllocation", Time since last: 280485047 ns, Reaching safepoint: 303518 ns, Cleanup: 1243473 ns, At safepoint: 8380894 ns, Total: 9927885 ns
[2025-05-04T23:17:58.138+0000][14.724s][debug][safepoint   ] Safepoint synchronization initiated using futex wait barrier. (21 threads)
[2025-05-04T23:17:58.138+0000][14.724s][info ][gc,start    ] GC(29) Pause Young (Mixed) (G1 Evacuation Pause)
[2025-05-04T23:17:58.138+0000][14.725s][info ][gc,task     ] GC(29) Using 5 workers of 8 for evacuation
[2025-05-04T23:17:58.145+0000][14.732s][info ][gc,phases   ] GC(29)   Pre Evacuate Collection Set: 0.1ms
[2025-05-04T23:17:58.146+0000][14.732s][info ][gc,phases   ] GC(29)   Merge Heap Roots: 0.1ms
[2025-05-04T23:17:58.146+0000][14.732s][info ][gc,phases   ] GC(29)   Evacuate Collection Set: 6.1ms
[2025-05-04T23:17:58.146+0000][14.732s][info ][gc,phases   ] GC(29)   Post Evacuate Collection Set: 0.8ms
[2025-05-04T23:17:58.146+0000][14.733s][info ][gc,phases   ] GC(29)   Other: 0.3ms
[2025-05-04T23:17:58.146+0000][14.733s][info ][gc,heap     ] GC(29) Eden regions: 1->0(61)
[2025-05-04T23:17:58.146+0000][14.733s][info ][gc,heap     ] GC(29) Survivor regions: 6->1(1)
[2025-05-04T23:17:58.147+0000][14.733s][info ][gc,heap     ] GC(29) Old regions: 30->34
[2025-05-04T23:17:58.147+0000][14.733s][info ][gc,heap     ] GC(29) Archive regions: 2->2
[2025-05-04T23:17:58.147+0000][14.733s][info ][gc,heap     ] GC(29) Humongous regions: 0->0
[2025-05-04T23:17:58.147+0000][14.734s][info ][gc,metaspace] GC(29) Metaspace: 63350K(63808K)->63350K(63808K) NonClass: 55284K(55488K)->55284K(55488K) Class: 8066K(8320K)->8066K(8320K)
[2025-05-04T23:17:58.147+0000][14.734s][info ][gc          ] GC(29) Pause Young (Mixed) (G1 Evacuation Pause) 73M->71M(228M) 9.193ms
[2025-05-04T23:17:58.147+0000][14.734s][info ][gc,cpu      ] GC(29) User=0.04s Sys=0.00s Real=0.01s
[2025-05-04T23:17:58.147+0000][14.734s][info ][safepoint   ] Safepoint "G1CollectForAllocation", Time since last: 7912267 ns, Reaching safepoint: 200612 ns, Cleanup: 3900 ns, At safepoint: 9662670 ns, Total: 9867182 ns
[2025-05-04T23:17:58.544+0000][15.131s][debug][safepoint   ] Safepoint synchronization initiated using futex wait barrier. (19 threads)
[2025-05-04T23:17:58.545+0000][15.131s][info ][gc,start    ] GC(30) Pause Young (Normal) (G1 Evacuation Pause)
[2025-05-04T23:17:58.545+0000][15.131s][info ][gc,task     ] GC(30) Using 5 workers of 8 for evacuation
[2025-05-04T23:17:58.548+0000][15.135s][info ][gc,phases   ] GC(30)   Pre Evacuate Collection Set: 0.1ms
[2025-05-04T23:17:58.548+0000][15.135s][info ][gc,phases   ] GC(30)   Merge Heap Roots: 0.3ms
[2025-05-04T23:17:58.548+0000][15.135s][info ][gc,phases   ] GC(30)   Evacuate Collection Set: 1.3ms
[2025-05-04T23:17:58.549+0000][15.135s][info ][gc,phases   ] GC(30)   Post Evacuate Collection Set: 0.9ms
[2025-05-04T23:17:58.549+0000][15.135s][info ][gc,phases   ] GC(30)   Other: 0.7ms
[2025-05-04T23:17:58.549+0000][15.136s][info ][gc,heap     ] GC(30) Eden regions: 61->0(62)
[2025-05-04T23:17:58.549+0000][15.136s][info ][gc,heap     ] GC(30) Survivor regions: 1->1(8)
[2025-05-04T23:17:58.549+0000][15.136s][info ][gc,heap     ] GC(30) Old regions: 34->34
[2025-05-04T23:17:58.550+0000][15.136s][info ][gc,heap     ] GC(30) Archive regions: 2->2
[2025-05-04T23:17:58.550+0000][15.136s][info ][gc,heap     ] GC(30) Humongous regions: 0->0
[2025-05-04T23:17:58.550+0000][15.136s][info ][gc,metaspace] GC(30) Metaspace: 66640K(67136K)->66640K(67136K) NonClass: 58067K(58304K)->58067K(58304K) Class: 8573K(8832K)->8573K(8832K)
[2025-05-04T23:17:58.550+0000][15.137s][info ][gc          ] GC(30) Pause Young (Normal) (G1 Evacuation Pause) 193M->70M(228M) 5.372ms
[2025-05-04T23:17:58.550+0000][15.137s][info ][gc,cpu      ] GC(30) User=0.01s Sys=0.00s Real=0.01s
[2025-05-04T23:17:58.550+0000][15.137s][info ][safepoint   ] Safepoint "G1CollectForAllocation", Time since last: 396596697 ns, Reaching safepoint: 469827 ns, Cleanup: 23302 ns, At safepoint: 5657033 ns, Total: 6150162 ns
[2025-05-04T23:17:58.736+0000][15.322s][debug][safepoint   ] Safepoint synchronization initiated using futex wait barrier. (20 threads)
[2025-05-04T23:17:58.736+0000][15.322s][info ][safepoint   ] Safepoint "ICBufferFull", Time since last: 185280731 ns, Reaching safepoint: 231113 ns, Cleanup: 98406 ns, At safepoint: 3100 ns, Total: 332619 ns
[2025-05-04T23:17:59.151+0000][15.738s][debug][safepoint   ] Safepoint synchronization initiated using futex wait barrier. (20 threads)
[2025-05-04T23:17:59.151+0000][15.738s][info ][gc,start    ] GC(31) Pause Young (Normal) (G1 Evacuation Pause)
[2025-05-04T23:17:59.152+0000][15.738s][info ][gc,task     ] GC(31) Using 5 workers of 8 for evacuation
[2025-05-04T23:17:59.156+0000][15.743s][info ][gc,phases   ] GC(31)   Pre Evacuate Collection Set: 0.1ms
[2025-05-04T23:17:59.156+0000][15.743s][info ][gc,phases   ] GC(31)   Merge Heap Roots: 0.1ms
[2025-05-04T23:17:59.157+0000][15.743s][info ][gc,phases   ] GC(31)   Evacuate Collection Set: 3.2ms
[2025-05-04T23:17:59.157+0000][15.743s][info ][gc,phases   ] GC(31)   Post Evacuate Collection Set: 1.0ms
[2025-05-04T23:17:59.157+0000][15.743s][info ][gc,phases   ] GC(31)   Other: 0.3ms
[2025-05-04T23:17:59.157+0000][15.744s][info ][gc,heap     ] GC(31) Eden regions: 62->0(59)
[2025-05-04T23:17:59.157+0000][15.744s][info ][gc,heap     ] GC(31) Survivor regions: 1->3(8)
[2025-05-04T23:17:59.157+0000][15.744s][info ][gc,heap     ] GC(31) Old regions: 34->34
[2025-05-04T23:17:59.157+0000][15.744s][info ][gc,heap     ] GC(31) Archive regions: 2->2
[2025-05-04T23:17:59.157+0000][15.744s][info ][gc,heap     ] GC(31) Humongous regions: 0->0
[2025-05-04T23:17:59.157+0000][15.744s][info ][gc,metaspace] GC(31) Metaspace: 68687K(69184K)->68687K(69184K) NonClass: 59876K(60160K)->59876K(60160K) Class: 8811K(9024K)->8811K(9024K)
[2025-05-04T23:17:59.158+0000][15.744s][info ][gc          ] GC(31) Pause Young (Normal) (G1 Evacuation Pause) 194M->73M(228M) 6.109ms
[2025-05-04T23:17:59.158+0000][15.744s][info ][gc,cpu      ] GC(31) User=0.01s Sys=0.01s Real=0.01s
[2025-05-04T23:17:59.158+0000][15.744s][info ][safepoint   ] Safepoint "G1CollectForAllocation", Time since last: 415249097 ns, Reaching safepoint: 219313 ns, Cleanup: 56603 ns, At safepoint: 6377977 ns, Total: 6653893 ns
[2025-05-04T23:17:59.694+0000][16.281s][debug][safepoint   ] Safepoint synchronization initiated using futex wait barrier. (20 threads)
[2025-05-04T23:17:59.695+0000][16.281s][info ][safepoint   ] Safepoint "ICBufferFull", Time since last: 536566653 ns, Reaching safepoint: 240615 ns, Cleanup: 86005 ns, At safepoint: 21501 ns, Total: 348121 ns
[2025-05-04T23:18:00.004+0000][16.590s][debug][safepoint   ] Safepoint synchronization initiated using futex wait barrier. (21 threads)
[2025-05-04T23:18:00.004+0000][16.591s][info ][safepoint   ] Safepoint "ICBufferFull", Time since last: 309100835 ns, Reaching safepoint: 237014 ns, Cleanup: 99806 ns, At safepoint: 5300 ns, Total: 342120 ns
[2025-05-04T23:18:00.074+0000][16.660s][debug][safepoint   ] Safepoint synchronization initiated using futex wait barrier. (21 threads)
[2025-05-04T23:18:00.074+0000][16.661s][info ][gc,start    ] GC(32) Pause Young (Normal) (G1 Evacuation Pause)
[2025-05-04T23:18:00.074+0000][16.661s][info ][gc,task     ] GC(32) Using 5 workers of 8 for evacuation
[2025-05-04T23:18:00.081+0000][16.668s][info ][gc,phases   ] GC(32)   Pre Evacuate Collection Set: 0.1ms
[2025-05-04T23:18:00.081+0000][16.668s][info ][gc,phases   ] GC(32)   Merge Heap Roots: 0.1ms
[2025-05-04T23:18:00.081+0000][16.668s][info ][gc,phases   ] GC(32)   Evacuate Collection Set: 4.9ms
[2025-05-04T23:18:00.082+0000][16.668s][info ][gc,phases   ] GC(32)   Post Evacuate Collection Set: 1.4ms
[2025-05-04T23:18:00.082+0000][16.668s][info ][gc,phases   ] GC(32)   Other: 0.4ms
[2025-05-04T23:18:00.082+0000][16.669s][info ][gc,heap     ] GC(32) Eden regions: 59->0(59)
[2025-05-04T23:18:00.082+0000][16.669s][info ][gc,heap     ] GC(32) Survivor regions: 3->3(8)
[2025-05-04T23:18:00.082+0000][16.669s][info ][gc,heap     ] GC(32) Old regions: 34->34
[2025-05-04T23:18:00.082+0000][16.669s][info ][gc,heap     ] GC(32) Archive regions: 2->2
[2025-05-04T23:18:00.083+0000][16.669s][info ][gc,heap     ] GC(32) Humongous regions: 0->0
[2025-05-04T23:18:00.083+0000][16.669s][info ][gc,metaspace] GC(32) Metaspace: 72533K(73024K)->72533K(73024K) NonClass: 63281K(63552K)->63281K(63552K) Class: 9252K(9472K)->9252K(9472K)
[2025-05-04T23:18:00.083+0000][16.670s][info ][gc          ] GC(32) Pause Young (Normal) (G1 Evacuation Pause) 191M->75M(228M) 8.858ms
[2025-05-04T23:18:00.083+0000][16.670s][info ][gc,cpu      ] GC(32) User=0.04s Sys=0.00s Real=0.01s
[2025-05-04T23:18:00.083+0000][16.670s][info ][safepoint   ] Safepoint "G1CollectForAllocation", Time since last: 69668510 ns, Reaching safepoint: 236314 ns, Cleanup: 16801 ns, At safepoint: 9154340 ns, Total: 9407455 ns
[2025-05-04T23:18:00.579+0000][17.166s][debug][safepoint   ] Safepoint synchronization initiated using futex wait barrier. (19 threads)
[2025-05-04T23:18:00.579+0000][17.166s][info ][gc,start    ] GC(33) Pause Young (Normal) (G1 Evacuation Pause)
[2025-05-04T23:18:00.579+0000][17.166s][info ][gc,task     ] GC(33) Using 5 workers of 8 for evacuation
[2025-05-04T23:18:00.585+0000][17.172s][info ][gc,phases   ] GC(33)   Pre Evacuate Collection Set: 0.1ms
[2025-05-04T23:18:00.585+0000][17.172s][info ][gc,phases   ] GC(33)   Merge Heap Roots: 0.1ms
[2025-05-04T23:18:00.585+0000][17.172s][info ][gc,phases   ] GC(33)   Evacuate Collection Set: 4.2ms
[2025-05-04T23:18:00.586+0000][17.172s][info ][gc,phases   ] GC(33)   Post Evacuate Collection Set: 1.1ms
[2025-05-04T23:18:00.586+0000][17.172s][info ][gc,phases   ] GC(33)   Other: 0.4ms
[2025-05-04T23:18:00.586+0000][17.172s][info ][gc,heap     ] GC(33) Eden regions: 59->0(58)
[2025-05-04T23:18:00.586+0000][17.173s][info ][gc,heap     ] GC(33) Survivor regions: 3->4(8)
[2025-05-04T23:18:00.586+0000][17.173s][info ][gc,heap     ] GC(33) Old regions: 34->34
[2025-05-04T23:18:00.586+0000][17.173s][info ][gc,heap     ] GC(33) Archive regions: 2->2
[2025-05-04T23:18:00.586+0000][17.173s][info ][gc,heap     ] GC(33) Humongous regions: 0->0
[2025-05-04T23:18:00.586+0000][17.173s][info ][gc,metaspace] GC(33) Metaspace: 76997K(77440K)->76997K(77440K) NonClass: 66977K(67200K)->66977K(67200K) Class: 10019K(10240K)->10019K(10240K)
[2025-05-04T23:18:00.587+0000][17.173s][info ][gc          ] GC(33) Pause Young (Normal) (G1 Evacuation Pause) 193M->76M(228M) 7.372ms
[2025-05-04T23:18:00.587+0000][17.173s][info ][gc,cpu      ] GC(33) User=0.02s Sys=0.00s Real=0.01s
[2025-05-04T23:18:00.587+0000][17.173s][info ][safepoint   ] Safepoint "G1CollectForAllocation", Time since last: 495750446 ns, Reaching safepoint: 238014 ns, Cleanup: 26501 ns, At safepoint: 7639451 ns, Total: 7903966 ns
[2025-05-04T23:18:00.983+0000][17.570s][debug][safepoint   ] Safepoint synchronization initiated using futex wait barrier. (20 threads)
[2025-05-04T23:18:00.984+0000][17.570s][info ][safepoint   ] Safepoint "ICBufferFull", Time since last: 396385584 ns, Reaching safepoint: 308118 ns, Cleanup: 82605 ns, At safepoint: 34602 ns, Total: 425325 ns
[2025-05-04T23:18:01.038+0000][17.625s][debug][safepoint   ] Safepoint synchronization initiated using futex wait barrier. (21 threads)
[2025-05-04T23:18:01.039+0000][17.625s][info ][gc,start    ] GC(34) Pause Young (Normal) (G1 Evacuation Pause)
[2025-05-04T23:18:01.039+0000][17.625s][info ][gc,task     ] GC(34) Using 5 workers of 8 for evacuation
[2025-05-04T23:18:01.045+0000][17.632s][info ][gc,phases   ] GC(34)   Pre Evacuate Collection Set: 0.1ms
[2025-05-04T23:18:01.045+0000][17.632s][info ][gc,phases   ] GC(34)   Merge Heap Roots: 0.1ms
[2025-05-04T23:18:01.045+0000][17.632s][info ][gc,phases   ] GC(34)   Evacuate Collection Set: 4.8ms
[2025-05-04T23:18:01.046+0000][17.632s][info ][gc,phases   ] GC(34)   Post Evacuate Collection Set: 1.0ms
[2025-05-04T23:18:01.046+0000][17.632s][info ][gc,phases   ] GC(34)   Other: 0.5ms
[2025-05-04T23:18:01.046+0000][17.633s][info ][gc,heap     ] GC(34) Eden regions: 58->0(58)
[2025-05-04T23:18:01.046+0000][17.633s][info ][gc,heap     ] GC(34) Survivor regions: 4->4(8)
[2025-05-04T23:18:01.046+0000][17.633s][info ][gc,heap     ] GC(34) Old regions: 34->34
[2025-05-04T23:18:01.046+0000][17.633s][info ][gc,heap     ] GC(34) Archive regions: 2->2
[2025-05-04T23:18:01.046+0000][17.633s][info ][gc,heap     ] GC(34) Humongous regions: 0->0
[2025-05-04T23:18:01.047+0000][17.633s][info ][gc,metaspace] GC(34) Metaspace: 79240K(79680K)->79240K(79680K) NonClass: 68842K(69056K)->68842K(69056K) Class: 10398K(10624K)->10398K(10624K)
[2025-05-04T23:18:01.047+0000][17.634s][info ][gc          ] GC(34) Pause Young (Normal) (G1 Evacuation Pause) 192M->77M(228M) 8.399ms
[2025-05-04T23:18:01.047+0000][17.634s][info ][gc,cpu      ] GC(34) User=0.03s Sys=0.00s Real=0.01s
[2025-05-04T23:18:01.047+0000][17.634s][info ][safepoint   ] Safepoint "G1CollectForAllocation", Time since last: 54446412 ns, Reaching safepoint: 326319 ns, Cleanup: 65704 ns, At safepoint: 8748616 ns, Total: 9140639 ns
[2025-05-04T23:18:01.111+0000][17.698s][debug][safepoint   ] Safepoint synchronization initiated using futex wait barrier. (21 threads)
[2025-05-04T23:18:01.112+0000][17.698s][info ][safepoint   ] Safepoint "ICBufferFull", Time since last: 64033378 ns, Reaching safepoint: 296917 ns, Cleanup: 114507 ns, At safepoint: 4500 ns, Total: 415924 ns
[2025-05-04T23:18:01.167+0000][17.753s][debug][safepoint   ] Safepoint synchronization initiated using futex wait barrier. (21 threads)
[2025-05-04T23:18:01.167+0000][17.754s][info ][safepoint   ] Safepoint "ICBufferFull", Time since last: 55080750 ns, Reaching safepoint: 236314 ns, Cleanup: 93405 ns, At safepoint: 38002 ns, Total: 367721 ns
[2025-05-04T23:18:01.311+0000][17.898s][debug][safepoint   ] Safepoint synchronization initiated using futex wait barrier. (21 threads)
[2025-05-04T23:18:01.311+0000][17.898s][info ][safepoint   ] Safepoint "ICBufferFull", Time since last: 143928791 ns, Reaching safepoint: 234914 ns, Cleanup: 78505 ns, At safepoint: 2600 ns, Total: 316019 ns
[2025-05-04T23:18:01.483+0000][18.069s][debug][safepoint   ] Safepoint synchronization initiated using futex wait barrier. (21 threads)
[2025-05-04T23:18:01.483+0000][18.070s][info ][safepoint   ] Safepoint "ICBufferFull", Time since last: 171456707 ns, Reaching safepoint: 243214 ns, Cleanup: 74604 ns, At safepoint: 18501 ns, Total: 336319 ns
[2025-05-04T23:18:01.695+0000][18.282s][debug][safepoint   ] Safepoint synchronization initiated using futex wait barrier. (21 threads)
[2025-05-04T23:18:01.695+0000][18.282s][info ][safepoint   ] Safepoint "ICBufferFull", Time since last: 211695001 ns, Reaching safepoint: 333420 ns, Cleanup: 95605 ns, At safepoint: 34703 ns, Total: 463728 ns
[2025-05-04T23:18:01.786+0000][18.373s][debug][safepoint   ] Safepoint synchronization initiated using futex wait barrier. (21 threads)
[2025-05-04T23:18:01.786+0000][18.373s][info ][gc,start    ] GC(35) Pause Young (Normal) (G1 Evacuation Pause)
[2025-05-04T23:18:01.787+0000][18.373s][info ][gc,task     ] GC(35) Using 5 workers of 8 for evacuation
[2025-05-04T23:18:01.793+0000][18.379s][info ][gc,phases   ] GC(35)   Pre Evacuate Collection Set: 0.1ms
[2025-05-04T23:18:01.793+0000][18.380s][info ][gc,phases   ] GC(35)   Merge Heap Roots: 0.1ms
[2025-05-04T23:18:01.793+0000][18.380s][info ][gc,phases   ] GC(35)   Evacuate Collection Set: 4.9ms
[2025-05-04T23:18:01.793+0000][18.380s][info ][gc,phases   ] GC(35)   Post Evacuate Collection Set: 0.9ms
[2025-05-04T23:18:01.794+0000][18.380s][info ][gc,phases   ] GC(35)   Other: 0.3ms
[2025-05-04T23:18:01.794+0000][18.380s][info ][gc,heap     ] GC(35) Eden regions: 58->0(56)
[2025-05-04T23:18:01.794+0000][18.381s][info ][gc,heap     ] GC(35) Survivor regions: 4->5(8)
[2025-05-04T23:18:01.794+0000][18.381s][info ][gc,heap     ] GC(35) Old regions: 34->34
[2025-05-04T23:18:01.794+0000][18.381s][info ][gc,heap     ] GC(35) Archive regions: 2->2
[2025-05-04T23:18:01.794+0000][18.381s][info ][gc,heap     ] GC(35) Humongous regions: 0->0
[2025-05-04T23:18:01.794+0000][18.381s][info ][gc,metaspace] GC(35) Metaspace: 81774K(82304K)->81774K(82304K) NonClass: 71078K(71360K)->71078K(71360K) Class: 10696K(10944K)->10696K(10944K)
[2025-05-04T23:18:01.795+0000][18.381s][info ][gc          ] GC(35) Pause Young (Normal) (G1 Evacuation Pause) 193M->78M(228M) 8.122ms
[2025-05-04T23:18:01.795+0000][18.381s][info ][gc,cpu      ] GC(35) User=0.03s Sys=0.00s Real=0.00s
[2025-05-04T23:18:01.795+0000][18.381s][info ][safepoint   ] Safepoint "G1CollectForAllocation", Time since last: 90746515 ns, Reaching safepoint: 243515 ns, Cleanup: 111206 ns, At safepoint: 8361290 ns, Total: 8716011 ns
[2025-05-04T23:18:02.291+0000][18.877s][debug][safepoint   ] Safepoint synchronization initiated using futex wait barrier. (19 threads)
[2025-05-04T23:18:02.291+0000][18.878s][info ][gc,start    ] GC(36) Pause Young (Normal) (G1 Evacuation Pause)
[2025-05-04T23:18:02.291+0000][18.878s][info ][gc,task     ] GC(36) Using 5 workers of 8 for evacuation
[2025-05-04T23:18:02.300+0000][18.886s][info ][gc,phases   ] GC(36)   Pre Evacuate Collection Set: 0.1ms
[2025-05-04T23:18:02.300+0000][18.886s][info ][gc,phases   ] GC(36)   Merge Heap Roots: 0.1ms
[2025-05-04T23:18:02.300+0000][18.887s][info ][gc,phases   ] GC(36)   Evacuate Collection Set: 6.6ms
[2025-05-04T23:18:02.300+0000][18.887s][info ][gc,phases   ] GC(36)   Post Evacuate Collection Set: 1.1ms
[2025-05-04T23:18:02.300+0000][18.887s][info ][gc,phases   ] GC(36)   Other: 0.4ms
[2025-05-04T23:18:02.301+0000][18.887s][info ][gc,heap     ] GC(36) Eden regions: 56->0(56)
[2025-05-04T23:18:02.301+0000][18.887s][info ][gc,heap     ] GC(36) Survivor regions: 5->4(8)
[2025-05-04T23:18:02.301+0000][18.887s][info ][gc,heap     ] GC(36) Old regions: 34->36
[2025-05-04T23:18:02.301+0000][18.888s][info ][gc,heap     ] GC(36) Archive regions: 2->2
[2025-05-04T23:18:02.301+0000][18.888s][info ][gc,heap     ] GC(36) Humongous regions: 0->0
[2025-05-04T23:18:02.301+0000][18.888s][info ][gc,metaspace] GC(36) Metaspace: 83864K(84352K)->83864K(84352K) NonClass: 72900K(73152K)->72900K(73152K) Class: 10964K(11200K)->10964K(11200K)
[2025-05-04T23:18:02.301+0000][18.888s][info ][gc          ] GC(36) Pause Young (Normal) (G1 Evacuation Pause) 190M->80M(228M) 10.381ms
[2025-05-04T23:18:02.302+0000][18.888s][info ][gc,cpu      ] GC(36) User=0.04s Sys=0.00s Real=0.01s
[2025-05-04T23:18:02.302+0000][18.888s][info ][safepoint   ] Safepoint "G1CollectForAllocation", Time since last: 495983255 ns, Reaching safepoint: 266715 ns, Cleanup: 52603 ns, At safepoint: 10738230 ns, Total: 11057548 ns
[2025-05-04T23:18:02.713+0000][19.300s][debug][safepoint   ] Safepoint synchronization initiated using futex wait barrier. (21 threads)
[2025-05-04T23:18:02.713+0000][19.300s][info ][safepoint   ] Safepoint "ICBufferFull", Time since last: 411209688 ns, Reaching safepoint: 310418 ns, Cleanup: 109407 ns, At safepoint: 20601 ns, Total: 440426 ns
[2025-05-04T23:18:03.214+0000][19.801s][debug][safepoint   ] Safepoint synchronization initiated using futex wait barrier. (20 threads)
[2025-05-04T23:18:03.214+0000][19.801s][info ][gc,start    ] GC(37) Pause Young (Normal) (G1 Evacuation Pause)
[2025-05-04T23:18:03.215+0000][19.801s][info ][gc,task     ] GC(37) Using 5 workers of 8 for evacuation
[2025-05-04T23:18:03.223+0000][19.810s][info ][gc,phases   ] GC(37)   Pre Evacuate Collection Set: 0.1ms
[2025-05-04T23:18:03.224+0000][19.810s][info ][gc,phases   ] GC(37)   Merge Heap Roots: 0.1ms
[2025-05-04T23:18:03.224+0000][19.811s][info ][gc,phases   ] GC(37)   Evacuate Collection Set: 7.2ms
[2025-05-04T23:18:03.224+0000][19.811s][info ][gc,phases   ] GC(37)   Post Evacuate Collection Set: 1.4ms
[2025-05-04T23:18:03.224+0000][19.811s][info ][gc,phases   ] GC(37)   Other: 0.3ms
[2025-05-04T23:18:03.224+0000][19.811s][info ][gc,heap     ] GC(37) Eden regions: 56->0(54)
[2025-05-04T23:18:03.224+0000][19.811s][info ][gc,heap     ] GC(37) Survivor regions: 4->5(8)
[2025-05-04T23:18:03.224+0000][19.811s][info ][gc,heap     ] GC(37) Old regions: 36->36
[2025-05-04T23:18:03.225+0000][19.811s][info ][gc,heap     ] GC(37) Archive regions: 2->2
[2025-05-04T23:18:03.225+0000][19.811s][info ][gc,heap     ] GC(37) Humongous regions: 0->0
[2025-05-04T23:18:03.225+0000][19.811s][info ][gc,metaspace] GC(37) Metaspace: 85933K(86528K)->85933K(86528K) NonClass: 74819K(75136K)->74819K(75136K) Class: 11113K(11392K)->11113K(11392K)
[2025-05-04T23:18:03.225+0000][19.812s][info ][gc          ] GC(37) Pause Young (Normal) (G1 Evacuation Pause) 192M->83M(228M) 10.534ms
[2025-05-04T23:18:03.225+0000][19.812s][info ][gc,cpu      ] GC(37) User=0.07s Sys=0.00s Real=0.01s
[2025-05-04T23:18:03.225+0000][19.812s][info ][safepoint   ] Safepoint "G1CollectForAllocation", Time since last: 500574124 ns, Reaching safepoint: 278216 ns, Cleanup: 49303 ns, At safepoint: 11107251 ns, Total: 11434770 ns
[2025-05-04T23:18:04.088+0000][20.675s][debug][safepoint   ] Safepoint synchronization initiated using futex wait barrier. (21 threads)
[2025-05-04T23:18:04.089+0000][20.675s][info ][gc,start    ] GC(38) Pause Young (Normal) (G1 Evacuation Pause)
[2025-05-04T23:18:04.089+0000][20.675s][info ][gc,task     ] GC(38) Using 5 workers of 8 for evacuation
[2025-05-04T23:18:04.102+0000][20.689s][info ][gc,phases   ] GC(38)   Pre Evacuate Collection Set: 0.1ms
[2025-05-04T23:18:04.102+0000][20.689s][info ][gc,phases   ] GC(38)   Merge Heap Roots: 0.1ms
[2025-05-04T23:18:04.102+0000][20.689s][info ][gc,phases   ] GC(38)   Evacuate Collection Set: 10.9ms
[2025-05-04T23:18:04.103+0000][20.689s][info ][gc,phases   ] GC(38)   Post Evacuate Collection Set: 1.7ms
[2025-05-04T23:18:04.103+0000][20.689s][info ][gc,phases   ] GC(38)   Other: 0.4ms
[2025-05-04T23:18:04.103+0000][20.689s][info ][gc,heap     ] GC(38) Eden regions: 54->0(51)
[2025-05-04T23:18:04.103+0000][20.690s][info ][gc,heap     ] GC(38) Survivor regions: 5->6(8)
[2025-05-04T23:18:04.103+0000][20.690s][info ][gc,heap     ] GC(38) Old regions: 36->37
[2025-05-04T23:18:04.103+0000][20.690s][info ][gc,heap     ] GC(38) Archive regions: 2->2
[2025-05-04T23:18:04.103+0000][20.690s][info ][gc,heap     ] GC(38) Humongous regions: 0->0
[2025-05-04T23:18:04.103+0000][20.690s][info ][gc,metaspace] GC(38) Metaspace: 87917K(88448K)->87917K(88448K) NonClass: 76630K(76864K)->76630K(76864K) Class: 11287K(11584K)->11287K(11584K)
[2025-05-04T23:18:04.103+0000][20.690s][info ][gc          ] GC(38) Pause Young (Normal) (G1 Evacuation Pause) 191M->86M(228M) 14.750ms
[2025-05-04T23:18:04.104+0000][20.690s][info ][gc,cpu      ] GC(38) User=0.09s Sys=0.00s Real=0.01s
[2025-05-04T23:18:04.104+0000][20.690s][info ][safepoint   ] Safepoint "G1CollectForAllocation", Time since last: 862400919 ns, Reaching safepoint: 647038 ns, Cleanup: 79605 ns, At safepoint: 15055782 ns, Total: 15782425 ns
[2025-05-04T23:18:04.864+0000][21.451s][debug][safepoint   ] Safepoint synchronization initiated using futex wait barrier. (24 threads)
[2025-05-04T23:18:04.865+0000][21.451s][info ][gc,start    ] GC(39) Pause Young (Normal) (G1 Evacuation Pause)
[2025-05-04T23:18:04.865+0000][21.451s][info ][gc,task     ] GC(39) Using 8 workers of 8 for evacuation
[2025-05-04T23:18:04.875+0000][21.461s][info ][gc,phases   ] GC(39)   Pre Evacuate Collection Set: 0.2ms
[2025-05-04T23:18:04.875+0000][21.462s][info ][gc,phases   ] GC(39)   Merge Heap Roots: 0.1ms
[2025-05-04T23:18:04.875+0000][21.462s][info ][gc,phases   ] GC(39)   Evacuate Collection Set: 7.4ms
[2025-05-04T23:18:04.875+0000][21.462s][info ][gc,phases   ] GC(39)   Post Evacuate Collection Set: 1.9ms
[2025-05-04T23:18:04.875+0000][21.462s][info ][gc,phases   ] GC(39)   Other: 0.3ms
[2025-05-04T23:18:04.875+0000][21.462s][info ][gc,heap     ] GC(39) Eden regions: 51->0(130)
[2025-05-04T23:18:04.876+0000][21.462s][info ][gc,heap     ] GC(39) Survivor regions: 6->6(8)
[2025-05-04T23:18:04.876+0000][21.462s][info ][gc,heap     ] GC(39) Old regions: 37->39
[2025-05-04T23:18:04.876+0000][21.462s][info ][gc,heap     ] GC(39) Archive regions: 2->2
[2025-05-04T23:18:04.876+0000][21.462s][info ][gc,heap     ] GC(39) Humongous regions: 0->0
[2025-05-04T23:18:04.876+0000][21.463s][info ][gc,metaspace] GC(39) Metaspace: 89651K(90240K)->89651K(90240K) NonClass: 78221K(78528K)->78221K(78528K) Class: 11430K(11712K)->11430K(11712K)
[2025-05-04T23:18:04.876+0000][21.463s][info ][gc          ] GC(39) Pause Young (Normal) (G1 Evacuation Pause) 188M->88M(456M) 11.292ms
[2025-05-04T23:18:04.876+0000][21.463s][info ][gc,cpu      ] GC(39) User=0.08s Sys=0.00s Real=0.01s
[2025-05-04T23:18:04.876+0000][21.463s][info ][safepoint   ] Safepoint "G1CollectForAllocation", Time since last: 760674060 ns, Reaching safepoint: 257715 ns, Cleanup: 76405 ns, At safepoint: 11540476 ns, Total: 11874596 ns
[2025-05-04T23:18:05.075+0000][21.661s][debug][safepoint   ] ... found polling page loop exception at pc = 0x00007efd11322d1c, stub =0x00007efd10af5400
[2025-05-04T23:18:05.598+0000][22.184s][debug][safepoint   ] Safepoint synchronization initiated using futex wait barrier. (24 threads)
[2025-05-04T23:18:05.598+0000][22.185s][info ][safepoint   ] Safepoint "ICBufferFull", Time since last: 721389059 ns, Reaching safepoint: 272316 ns, Cleanup: 161009 ns, At safepoint: 6200 ns, Total: 439525 ns
[2025-05-04T23:18:06.260+0000][22.846s][debug][safepoint   ] Safepoint synchronization initiated using futex wait barrier. (25 threads)
[2025-05-04T23:18:06.267+0000][22.854s][info ][safepoint   ] Safepoint "ICBufferFull", Time since last: 661524253 ns, Reaching safepoint: 7183220 ns, Cleanup: 137608 ns, At safepoint: 11101 ns, Total: 7331929 ns
[2025-05-04T23:18:06.881+0000][23.468s][debug][safepoint   ] Safepoint synchronization initiated using futex wait barrier. (25 threads)
[2025-05-04T23:18:06.882+0000][23.468s][info ][gc,start    ] GC(40) Pause Young (Normal) (G1 Evacuation Pause)
[2025-05-04T23:18:06.882+0000][23.468s][info ][gc,task     ] GC(40) Using 8 workers of 8 for evacuation
[2025-05-04T23:18:06.901+0000][23.487s][info ][gc,phases   ] GC(40)   Pre Evacuate Collection Set: 0.1ms
[2025-05-04T23:18:06.901+0000][23.488s][info ][gc,phases   ] GC(40)   Merge Heap Roots: 0.1ms
[2025-05-04T23:18:06.901+0000][23.488s][info ][gc,phases   ] GC(40)   Evacuate Collection Set: 14.1ms
[2025-05-04T23:18:06.901+0000][23.488s][info ][gc,phases   ] GC(40)   Post Evacuate Collection Set: 4.2ms
[2025-05-04T23:18:06.901+0000][23.488s][info ][gc,phases   ] GC(40)   Other: 0.6ms
[2025-05-04T23:18:06.902+0000][23.488s][info ][gc,heap     ] GC(40) Eden regions: 130->0(127)
[2025-05-04T23:18:06.902+0000][23.488s][info ][gc,heap     ] GC(40) Survivor regions: 6->9(17)
[2025-05-04T23:18:06.902+0000][23.489s][info ][gc,heap     ] GC(40) Old regions: 39->39
[2025-05-04T23:18:06.902+0000][23.489s][info ][gc,heap     ] GC(40) Archive regions: 2->2
[2025-05-04T23:18:06.902+0000][23.489s][info ][gc,heap     ] GC(40) Humongous regions: 0->0
[2025-05-04T23:18:06.902+0000][23.489s][info ][gc,metaspace] GC(40) Metaspace: 96073K(96640K)->96073K(96640K) NonClass: 83505K(83776K)->83505K(83776K) Class: 12568K(12864K)->12568K(12864K)
[2025-05-04T23:18:06.903+0000][23.489s][info ][gc          ] GC(40) Pause Young (Normal) (G1 Evacuation Pause) 348M->95M(456M) 21.036ms
[2025-05-04T23:18:06.903+0000][23.489s][info ][gc,cpu      ] GC(40) User=0.12s Sys=0.02s Real=0.02s
[2025-05-04T23:18:06.903+0000][23.490s][info ][safepoint   ] Safepoint "G1CollectForAllocation", Time since last: 614288185 ns, Reaching safepoint: 291917 ns, Cleanup: 71404 ns, At safepoint: 21430756 ns, Total: 21794077 ns
[2025-05-04T23:18:07.727+0000][24.313s][info ][gc,heap,exit] Heap
[2025-05-04T23:18:07.727+0000][24.313s][info ][gc,heap,exit]  garbage-first heap   total 466944K, used 211360K [0x0000000745800000, 0x0000000800000000)
[2025-05-04T23:18:07.727+0000][24.314s][info ][gc,heap,exit]   region size 2048K, 65 young (133120K), 9 survivors (18432K)
[2025-05-04T23:18:07.727+0000][24.314s][info ][gc,heap,exit]  Metaspace       used 99621K, committed 100160K, reserved 1179648K
[2025-05-04T23:18:07.727+0000][24.314s][info ][gc,heap,exit]   class space    used 13063K, committed 13312K, reserved 1048576K
[2025-05-04T23:18:07.728+0000][24.314s][debug][safepoint   ] Safepoint synchronization initiated using futex wait barrier. (15 threads)
