[2025-05-04T23:21:22.043+0000][0.036s][info][gc] Using G1
[2025-05-04T23:21:22.045+0000][0.038s][info][gc,init] Version: 17.0.13+11-Debian-2deb12u1 (release)
[2025-05-04T23:21:22.045+0000][0.038s][info][gc,init] CPUs: 8 total, 8 available
[2025-05-04T23:21:22.045+0000][0.038s][info][gc,init] Memory: 11928M
[2025-05-04T23:21:22.046+0000][0.038s][info][gc,init] Large Page Support: Disabled
[2025-05-04T23:21:22.046+0000][0.039s][info][gc,init] NUMA Support: Disabled
[2025-05-04T23:21:22.046+0000][0.039s][info][gc,init] Compressed Oops: Enabled (Zero based)
[2025-05-04T23:21:22.046+0000][0.039s][info][gc,init] Heap Region Size: 2M
[2025-05-04T23:21:22.046+0000][0.039s][info][gc,init] Heap Min Capacity: 8M
[2025-05-04T23:21:22.046+0000][0.039s][info][gc,init] Heap Initial Capacity: 188M
[2025-05-04T23:21:22.046+0000][0.039s][info][gc,init] Heap Max Capacity: 2984M
[2025-05-04T23:21:22.047+0000][0.040s][info][gc,init] Pre-touch: Disabled
[2025-05-04T23:21:22.047+0000][0.040s][info][gc,init] Parallel Workers: 8
[2025-05-04T23:21:22.047+0000][0.040s][info][gc,init] Concurrent Workers: 2
[2025-05-04T23:21:22.048+0000][0.041s][info][gc,init] Concurrent Refinement Workers: 8
[2025-05-04T23:21:22.048+0000][0.041s][info][gc,init] Periodic GC: Disabled
[2025-05-04T23:21:22.053+0000][0.046s][info][gc,metaspace] CDS archive(s) mapped at: [0x00007f16a7000000-0x00007f16a7bc9000-0x00007f16a7bc9000), size 12357632, SharedBaseAddress: 0x00007f16a7000000, ArchiveRelocationMode: 1.
[2025-05-04T23:21:22.053+0000][0.046s][info][gc,metaspace] Compressed class space mapped at: 0x00007f16a8000000-0x00007f16e8000000, reserved size: 1073741824
[2025-05-04T23:21:22.053+0000][0.046s][info][gc,metaspace] Narrow klass base: 0x00007f16a7000000, Narrow klass shift: 0, Narrow klass range: 0x100000000
[2025-05-04T23:21:22.059+0000][0.052s][info][cds,heap    ] initialize_from_archived_subgraph java.lang.Module$ArchivedData 0x00007f16a7183388 (early)
[2025-05-04T23:21:22.060+0000][0.053s][info][cds,heap    ] initialize_from_archived_subgraph java.util.ImmutableCollections 0x00007f16a7070cd8 (early)
[2025-05-04T23:21:22.062+0000][0.055s][info][cds,heap    ] initialize_from_archived_subgraph java.lang.Integer$IntegerCache 0x00007f16a7036060 (early)
[2025-05-04T23:21:22.068+0000][0.060s][info][cds,heap    ] initialize_from_archived_subgraph java.lang.module.Configuration 0x00007f16a7171308 (early)
[2025-05-04T23:21:22.068+0000][0.061s][info][cds,heap    ] initialize_from_archived_subgraph java.lang.ModuleLayer 0x00007f16a7145c58 (early)
[2025-05-04T23:21:22.068+0000][0.061s][info][cds,heap    ] initialize_from_archived_subgraph jdk.internal.loader.ArchivedClassLoaders 0x00007f16a71a79f0 (early)
[2025-05-04T23:21:22.068+0000][0.061s][info][cds,heap    ] initialize_from_archived_subgraph jdk.internal.module.ArchivedBootLayer 0x00007f16a7177f48 (early)
[2025-05-04T23:21:22.070+0000][0.063s][info][cds,heap    ] initialize_from_archived_subgraph sun.util.locale.BaseLocale 0x00007f16a726bb10
[2025-05-04T23:21:22.078+0000][0.071s][info][cds,heap    ] initialize_from_archived_subgraph java.util.jar.Attributes$Name 0x00007f16a7199468
[2025-05-04T23:21:22.104+0000][0.097s][info][cds,heap    ] initialize_from_archived_subgraph java.lang.Long$LongCache 0x00007f16a701f998
[2025-05-04T23:21:22.189+0000][0.182s][info][cds,heap    ] initialize_from_archived_subgraph java.lang.Character$CharacterCache 0x00007f16a70393e8
[2025-05-04T23:21:22.704+0000][0.697s][debug][safepoint   ] Safepoint synchronization initiated using futex wait barrier. (14 threads)
[2025-05-04T23:21:22.705+0000][0.698s][info ][safepoint   ] Safepoint "ICBufferFull", Time since last: 646029069 ns, Reaching safepoint: 1280674 ns, Cleanup: 115407 ns, At safepoint: 5301 ns, Total: 1401382 ns
[2025-05-04T23:21:22.785+0000][0.778s][debug][safepoint   ] Safepoint synchronization initiated using futex wait barrier. (14 threads)
[2025-05-04T23:21:22.785+0000][0.778s][info ][gc,start    ] GC(0) Pause Young (Normal) (G1 Evacuation Pause)
[2025-05-04T23:21:22.786+0000][0.779s][info ][gc,task     ] GC(0) Using 4 workers of 8 for evacuation
[2025-05-04T23:21:22.793+0000][0.786s][info ][gc,phases   ] GC(0)   Pre Evacuate Collection Set: 0.1ms
[2025-05-04T23:21:22.793+0000][0.786s][info ][gc,phases   ] GC(0)   Merge Heap Roots: 0.1ms
[2025-05-04T23:21:22.793+0000][0.786s][info ][gc,phases   ] GC(0)   Evacuate Collection Set: 5.9ms
[2025-05-04T23:21:22.793+0000][0.786s][info ][gc,phases   ] GC(0)   Post Evacuate Collection Set: 0.9ms
[2025-05-04T23:21:22.794+0000][0.787s][info ][gc,phases   ] GC(0)   Other: 0.7ms
[2025-05-04T23:21:22.794+0000][0.787s][info ][gc,heap     ] GC(0) Eden regions: 31->0(44)
[2025-05-04T23:21:22.794+0000][0.787s][info ][gc,heap     ] GC(0) Survivor regions: 0->4(4)
[2025-05-04T23:21:22.794+0000][0.787s][info ][gc,heap     ] GC(0) Old regions: 0->1
[2025-05-04T23:21:22.795+0000][0.788s][info ][gc,heap     ] GC(0) Archive regions: 2->2
[2025-05-04T23:21:22.795+0000][0.788s][info ][gc,heap     ] GC(0) Humongous regions: 0->0
[2025-05-04T23:21:22.795+0000][0.788s][info ][gc,metaspace] GC(0) Metaspace: 2488K(2688K)->2488K(2688K) NonClass: 2252K(2368K)->2252K(2368K) Class: 236K(320K)->236K(320K)
[2025-05-04T23:21:22.796+0000][0.789s][info ][gc          ] GC(0) Pause Young (Normal) (G1 Evacuation Pause) 63M->10M(192M) 10.225ms
[2025-05-04T23:21:22.796+0000][0.789s][info ][gc,cpu      ] GC(0) User=0.02s Sys=0.01s Real=0.01s
[2025-05-04T23:21:22.796+0000][0.789s][info ][safepoint   ] Safepoint "G1CollectForAllocation", Time since last: 79603153 ns, Reaching safepoint: 318419 ns, Cleanup: 15701 ns, At safepoint: 10644522 ns, Total: 10978642 ns
[2025-05-04T23:21:23.687+0000][1.680s][debug][safepoint   ] Safepoint synchronization initiated using futex wait barrier. (15 threads)
[2025-05-04T23:21:23.688+0000][1.681s][info ][gc,start    ] GC(1) Pause Young (Normal) (G1 Evacuation Pause)
[2025-05-04T23:21:23.688+0000][1.681s][info ][gc,task     ] GC(1) Using 4 workers of 8 for evacuation
[2025-05-04T23:21:23.697+0000][1.690s][info ][gc,phases   ] GC(1)   Pre Evacuate Collection Set: 0.1ms
[2025-05-04T23:21:23.698+0000][1.691s][info ][gc,phases   ] GC(1)   Merge Heap Roots: 0.1ms
[2025-05-04T23:21:23.698+0000][1.691s][info ][gc,phases   ] GC(1)   Evacuate Collection Set: 7.4ms
[2025-05-04T23:21:23.698+0000][1.691s][info ][gc,phases   ] GC(1)   Post Evacuate Collection Set: 1.8ms
[2025-05-04T23:21:23.698+0000][1.691s][info ][gc,phases   ] GC(1)   Other: 0.4ms
[2025-05-04T23:21:23.698+0000][1.691s][info ][gc,heap     ] GC(1) Eden regions: 44->0(54)
[2025-05-04T23:21:23.698+0000][1.691s][info ][gc,heap     ] GC(1) Survivor regions: 4->2(6)
[2025-05-04T23:21:23.699+0000][1.692s][info ][gc,heap     ] GC(1) Old regions: 1->5
[2025-05-04T23:21:23.699+0000][1.692s][info ][gc,heap     ] GC(1) Archive regions: 2->2
[2025-05-04T23:21:23.699+0000][1.692s][info ][gc,heap     ] GC(1) Humongous regions: 0->0
[2025-05-04T23:21:23.699+0000][1.692s][info ][gc,metaspace] GC(1) Metaspace: 6216K(6592K)->6216K(6592K) NonClass: 5457K(5632K)->5457K(5632K) Class: 758K(960K)->758K(960K)
[2025-05-04T23:21:23.699+0000][1.692s][info ][gc          ] GC(1) Pause Young (Normal) (G1 Evacuation Pause) 98M->14M(192M) 11.293ms
[2025-05-04T23:21:23.699+0000][1.692s][info ][gc,cpu      ] GC(1) User=0.04s Sys=0.00s Real=0.01s
[2025-05-04T23:21:23.699+0000][1.692s][info ][safepoint   ] Safepoint "G1CollectForAllocation", Time since last: 891198202 ns, Reaching safepoint: 326019 ns, Cleanup: 176510 ns, At safepoint: 11701984 ns, Total: 12204513 ns
[2025-05-04T23:21:24.727+0000][2.720s][debug][safepoint   ] Safepoint synchronization initiated using futex wait barrier. (14 threads)
[2025-05-04T23:21:24.729+0000][2.722s][info ][gc,start    ] GC(2) Pause Young (Normal) (G1 Evacuation Pause)
[2025-05-04T23:21:24.731+0000][2.724s][info ][gc,task     ] GC(2) Using 4 workers of 8 for evacuation
[2025-05-04T23:21:24.738+0000][2.731s][info ][gc,phases   ] GC(2)   Pre Evacuate Collection Set: 0.3ms
[2025-05-04T23:21:24.739+0000][2.732s][info ][gc,phases   ] GC(2)   Merge Heap Roots: 0.2ms
[2025-05-04T23:21:24.739+0000][2.732s][info ][gc,phases   ] GC(2)   Evacuate Collection Set: 5.6ms
[2025-05-04T23:21:24.740+0000][2.733s][info ][gc,phases   ] GC(2)   Post Evacuate Collection Set: 1.0ms
[2025-05-04T23:21:24.740+0000][2.733s][info ][gc,phases   ] GC(2)   Other: 2.4ms
[2025-05-04T23:21:24.740+0000][2.733s][info ][gc,heap     ] GC(2) Eden regions: 54->0(53)
[2025-05-04T23:21:24.740+0000][2.733s][info ][gc,heap     ] GC(2) Survivor regions: 2->3(7)
[2025-05-04T23:21:24.740+0000][2.733s][info ][gc,heap     ] GC(2) Old regions: 5->5
[2025-05-04T23:21:24.740+0000][2.733s][info ][gc,heap     ] GC(2) Archive regions: 2->2
[2025-05-04T23:21:24.741+0000][2.733s][info ][gc,heap     ] GC(2) Humongous regions: 0->0
[2025-05-04T23:21:24.741+0000][2.734s][info ][gc,metaspace] GC(2) Metaspace: 10984K(11328K)->10984K(11328K) NonClass: 9549K(9728K)->9549K(9728K) Class: 1434K(1600K)->1434K(1600K)
[2025-05-04T23:21:24.741+0000][2.734s][info ][gc          ] GC(2) Pause Young (Normal) (G1 Evacuation Pause) 122M->14M(192M) 12.241ms
[2025-05-04T23:21:24.741+0000][2.734s][info ][gc,cpu      ] GC(2) User=0.02s Sys=0.01s Real=0.01s
[2025-05-04T23:21:24.741+0000][2.734s][info ][safepoint   ] Safepoint "G1CollectForAllocation", Time since last: 1027428566 ns, Reaching safepoint: 1644097 ns, Cleanup: 93805 ns, At safepoint: 12564135 ns, Total: 14302037 ns
[2025-05-04T23:21:25.050+0000][3.043s][debug][safepoint   ] Safepoint synchronization initiated using futex wait barrier. (15 threads)
[2025-05-04T23:21:25.050+0000][3.043s][info ][safepoint   ] Safepoint "ICBufferFull", Time since last: 308521437 ns, Reaching safepoint: 298317 ns, Cleanup: 83905 ns, At safepoint: 26101 ns, Total: 408323 ns
[2025-05-04T23:21:25.289+0000][3.282s][debug][safepoint   ] Safepoint synchronization initiated using futex wait barrier. (15 threads)
[2025-05-04T23:21:25.290+0000][3.283s][debug][safepoint   ] ... found polling page loop exception at pc = 0x00007f170d0ecb4f, stub =0x00007f170caf5400
[2025-05-04T23:21:25.290+0000][3.283s][info ][safepoint   ] Safepoint "ICBufferFull", Time since last: 239386796 ns, Reaching safepoint: 543231 ns, Cleanup: 121607 ns, At safepoint: 23802 ns, Total: 688640 ns
[2025-05-04T23:21:25.423+0000][3.416s][debug][safepoint   ] Safepoint synchronization initiated using futex wait barrier. (15 threads)
[2025-05-04T23:21:25.424+0000][3.417s][debug][safepoint   ] ... found polling page loop exception at pc = 0x00007f170d0ecacb, stub =0x00007f170caf5400
[2025-05-04T23:21:25.424+0000][3.417s][info ][gc,start    ] GC(3) Pause Young (Normal) (G1 Evacuation Pause)
[2025-05-04T23:21:25.424+0000][3.417s][info ][gc,task     ] GC(3) Using 4 workers of 8 for evacuation
[2025-05-04T23:21:25.430+0000][3.423s][info ][gc,phases   ] GC(3)   Pre Evacuate Collection Set: 0.1ms
[2025-05-04T23:21:25.430+0000][3.423s][info ][gc,phases   ] GC(3)   Merge Heap Roots: 0.1ms
[2025-05-04T23:21:25.431+0000][3.423s][info ][gc,phases   ] GC(3)   Evacuate Collection Set: 4.4ms
[2025-05-04T23:21:25.431+0000][3.424s][info ][gc,phases   ] GC(3)   Post Evacuate Collection Set: 1.2ms
[2025-05-04T23:21:25.431+0000][3.424s][info ][gc,phases   ] GC(3)   Other: 0.3ms
[2025-05-04T23:21:25.431+0000][3.424s][info ][gc,heap     ] GC(3) Eden regions: 53->0(52)
[2025-05-04T23:21:25.431+0000][3.424s][info ][gc,heap     ] GC(3) Survivor regions: 3->4(7)
[2025-05-04T23:21:25.431+0000][3.424s][info ][gc,heap     ] GC(3) Old regions: 5->5
[2025-05-04T23:21:25.432+0000][3.425s][info ][gc,heap     ] GC(3) Archive regions: 2->2
[2025-05-04T23:21:25.432+0000][3.425s][info ][gc,heap     ] GC(3) Humongous regions: 0->0
[2025-05-04T23:21:25.432+0000][3.425s][info ][gc,metaspace] GC(3) Metaspace: 14513K(14848K)->14513K(14848K) NonClass: 12635K(12800K)->12635K(12800K) Class: 1877K(2048K)->1877K(2048K)
[2025-05-04T23:21:25.432+0000][3.425s][info ][gc          ] GC(3) Pause Young (Normal) (G1 Evacuation Pause) 120M->17M(192M) 8.129ms
[2025-05-04T23:21:25.432+0000][3.425s][info ][gc,cpu      ] GC(3) User=0.02s Sys=0.00s Real=0.00s
[2025-05-04T23:21:25.433+0000][3.426s][info ][safepoint   ] Safepoint "G1CollectForAllocation", Time since last: 133293092 ns, Reaching safepoint: 534732 ns, Cleanup: 17601 ns, At safepoint: 8634805 ns, Total: 9187138 ns
[2025-05-04T23:21:25.596+0000][3.589s][info ][cds,heap    ] initialize_from_archived_subgraph java.lang.Byte$ByteCache 0x00007f16a70395f8
[2025-05-04T23:21:25.597+0000][3.590s][info ][cds,heap    ] initialize_from_archived_subgraph java.lang.Short$ShortCache 0x00007f16a703fce8
[2025-05-04T23:21:25.813+0000][3.806s][debug][safepoint   ] Safepoint synchronization initiated using futex wait barrier. (15 threads)
[2025-05-04T23:21:25.813+0000][3.806s][info ][gc,start    ] GC(4) Pause Young (Normal) (G1 Evacuation Pause)
[2025-05-04T23:21:25.813+0000][3.806s][info ][gc,task     ] GC(4) Using 4 workers of 8 for evacuation
[2025-05-04T23:21:25.819+0000][3.812s][info ][gc,phases   ] GC(4)   Pre Evacuate Collection Set: 0.1ms
[2025-05-04T23:21:25.820+0000][3.813s][info ][gc,phases   ] GC(4)   Merge Heap Roots: 0.1ms
[2025-05-04T23:21:25.820+0000][3.813s][info ][gc,phases   ] GC(4)   Evacuate Collection Set: 4.9ms
[2025-05-04T23:21:25.820+0000][3.813s][info ][gc,phases   ] GC(4)   Post Evacuate Collection Set: 0.9ms
[2025-05-04T23:21:25.820+0000][3.813s][info ][gc,phases   ] GC(4)   Other: 0.4ms
[2025-05-04T23:21:25.820+0000][3.813s][info ][gc,heap     ] GC(4) Eden regions: 52->0(52)
[2025-05-04T23:21:25.820+0000][3.813s][info ][gc,heap     ] GC(4) Survivor regions: 4->4(7)
[2025-05-04T23:21:25.820+0000][3.813s][info ][gc,heap     ] GC(4) Old regions: 5->5
[2025-05-04T23:21:25.820+0000][3.813s][info ][gc,heap     ] GC(4) Archive regions: 2->2
[2025-05-04T23:21:25.820+0000][3.813s][info ][gc,heap     ] GC(4) Humongous regions: 0->0
[2025-05-04T23:21:25.821+0000][3.813s][info ][gc,metaspace] GC(4) Metaspace: 18013K(18368K)->18013K(18368K) NonClass: 15591K(15808K)->15591K(15808K) Class: 2422K(2560K)->2422K(2560K)
[2025-05-04T23:21:25.821+0000][3.814s][info ][gc          ] GC(4) Pause Young (Normal) (G1 Evacuation Pause) 121M->18M(192M) 7.559ms
[2025-05-04T23:21:25.821+0000][3.814s][info ][gc,cpu      ] GC(4) User=0.05s Sys=0.00s Real=0.01s
[2025-05-04T23:21:25.821+0000][3.814s][info ][safepoint   ] Safepoint "G1CollectForAllocation", Time since last: 380043818 ns, Reaching safepoint: 348220 ns, Cleanup: 81305 ns, At safepoint: 7876460 ns, Total: 8305985 ns
[2025-05-04T23:21:26.119+0000][4.112s][debug][safepoint   ] Safepoint synchronization initiated using futex wait barrier. (15 threads)
[2025-05-04T23:21:26.120+0000][4.113s][info ][gc,start    ] GC(5) Pause Young (Concurrent Start) (Metadata GC Threshold)
[2025-05-04T23:21:26.120+0000][4.113s][info ][gc,task     ] GC(5) Using 4 workers of 8 for evacuation
[2025-05-04T23:21:26.127+0000][4.120s][info ][gc,phases   ] GC(5)   Pre Evacuate Collection Set: 0.1ms
[2025-05-04T23:21:26.127+0000][4.120s][info ][gc,phases   ] GC(5)   Merge Heap Roots: 0.1ms
[2025-05-04T23:21:26.127+0000][4.120s][info ][gc,phases   ] GC(5)   Evacuate Collection Set: 5.9ms
[2025-05-04T23:21:26.127+0000][4.120s][info ][gc,phases   ] GC(5)   Post Evacuate Collection Set: 0.7ms
[2025-05-04T23:21:26.127+0000][4.120s][info ][gc,phases   ] GC(5)   Other: 0.3ms
[2025-05-04T23:21:26.128+0000][4.121s][info ][gc,heap     ] GC(5) Eden regions: 34->0(52)
[2025-05-04T23:21:26.128+0000][4.121s][info ][gc,heap     ] GC(5) Survivor regions: 4->4(7)
[2025-05-04T23:21:26.128+0000][4.121s][info ][gc,heap     ] GC(5) Old regions: 5->6
[2025-05-04T23:21:26.128+0000][4.121s][info ][gc,heap     ] GC(5) Archive regions: 2->2
[2025-05-04T23:21:26.128+0000][4.121s][info ][gc,heap     ] GC(5) Humongous regions: 0->0
[2025-05-04T23:21:26.129+0000][4.122s][info ][gc,metaspace] GC(5) Metaspace: 21143K(21504K)->21143K(21504K) NonClass: 18405K(18560K)->18405K(18560K) Class: 2737K(2944K)->2737K(2944K)
[2025-05-04T23:21:26.129+0000][4.122s][info ][gc          ] GC(5) Pause Young (Concurrent Start) (Metadata GC Threshold) 86M->20M(192M) 9.464ms
[2025-05-04T23:21:26.129+0000][4.122s][info ][gc,cpu      ] GC(5) User=0.02s Sys=0.00s Real=0.01s
[2025-05-04T23:21:26.129+0000][4.122s][info ][gc          ] GC(6) Concurrent Mark Cycle
[2025-05-04T23:21:26.129+0000][4.122s][info ][gc,marking  ] GC(6) Concurrent Clear Claimed Marks
[2025-05-04T23:21:26.129+0000][4.122s][info ][safepoint   ] Safepoint "CollectForMetadataAllocation", Time since last: 298335742 ns, Reaching safepoint: 301218 ns, Cleanup: 42702 ns, At safepoint: 9747670 ns, Total: 10091590 ns
[2025-05-04T23:21:26.130+0000][4.123s][info ][gc,marking  ] GC(6) Concurrent Clear Claimed Marks 0.198ms
[2025-05-04T23:21:26.130+0000][4.123s][info ][gc,marking  ] GC(6) Concurrent Scan Root Regions
[2025-05-04T23:21:26.130+0000][4.123s][debug][safepoint   ] Safepoint synchronization initiated using futex wait barrier. (15 threads)
[2025-05-04T23:21:26.130+0000][4.123s][info ][safepoint   ] Safepoint "CollectForMetadataAllocation", Time since last: 551732 ns, Reaching safepoint: 394523 ns, Cleanup: 4200 ns, At safepoint: 20302 ns, Total: 419025 ns
[2025-05-04T23:21:26.134+0000][4.127s][info ][gc,marking  ] GC(6) Concurrent Scan Root Regions 3.790ms
[2025-05-04T23:21:26.134+0000][4.127s][info ][gc,marking  ] GC(6) Concurrent Mark
[2025-05-04T23:21:26.134+0000][4.127s][info ][gc,marking  ] GC(6) Concurrent Mark From Roots
[2025-05-04T23:21:26.135+0000][4.128s][info ][gc,task     ] GC(6) Using 2 workers of 2 for marking
[2025-05-04T23:21:26.145+0000][4.138s][info ][gc,marking  ] GC(6) Concurrent Mark From Roots 10.287ms
[2025-05-04T23:21:26.145+0000][4.138s][info ][gc,marking  ] GC(6) Concurrent Preclean
[2025-05-04T23:21:26.145+0000][4.138s][info ][gc,marking  ] GC(6) Concurrent Preclean 0.380ms
[2025-05-04T23:21:26.145+0000][4.138s][debug][safepoint   ] Safepoint synchronization initiated using futex wait barrier. (15 threads)
[2025-05-04T23:21:26.146+0000][4.139s][debug][safepoint   ] ... found polling page loop exception at pc = 0x00007f170d0ecacb, stub =0x00007f170caf5400
[2025-05-04T23:21:26.146+0000][4.139s][info ][gc,start    ] GC(6) Pause Remark
[2025-05-04T23:21:26.148+0000][4.141s][info ][gc          ] GC(6) Pause Remark 24M->24M(94M) 2.278ms
[2025-05-04T23:21:26.148+0000][4.141s][info ][gc,cpu      ] GC(6) User=0.02s Sys=0.00s Real=0.00s
[2025-05-04T23:21:26.149+0000][4.142s][info ][safepoint   ] Safepoint "G1PauseRemark", Time since last: 15138685 ns, Reaching safepoint: 330119 ns, Cleanup: 18401 ns, At safepoint: 2942572 ns, Total: 3291092 ns
[2025-05-04T23:21:26.149+0000][4.142s][info ][gc,marking  ] GC(6) Concurrent Mark 15.084ms
[2025-05-04T23:21:26.149+0000][4.142s][info ][gc,marking  ] GC(6) Concurrent Rebuild Remembered Sets
[2025-05-04T23:21:26.155+0000][4.148s][info ][gc,marking  ] GC(6) Concurrent Rebuild Remembered Sets 5.481ms
[2025-05-04T23:21:26.155+0000][4.148s][debug][safepoint   ] Safepoint synchronization initiated using futex wait barrier. (15 threads)
[2025-05-04T23:21:26.156+0000][4.149s][info ][gc,start    ] GC(6) Pause Cleanup
[2025-05-04T23:21:26.156+0000][4.149s][info ][gc          ] GC(6) Pause Cleanup 26M->26M(94M) 0.279ms
[2025-05-04T23:21:26.157+0000][4.150s][info ][gc,cpu      ] GC(6) User=0.00s Sys=0.00s Real=0.00s
[2025-05-04T23:21:26.157+0000][4.150s][info ][safepoint   ] Safepoint "G1PauseCleanup", Time since last: 6421576 ns, Reaching safepoint: 733142 ns, Cleanup: 18401 ns, At safepoint: 1103165 ns, Total: 1854708 ns
[2025-05-04T23:21:26.157+0000][4.150s][info ][gc,marking  ] GC(6) Concurrent Cleanup for Next Mark
[2025-05-04T23:21:26.158+0000][4.151s][info ][gc,marking  ] GC(6) Concurrent Cleanup for Next Mark 0.500ms
[2025-05-04T23:21:26.158+0000][4.151s][info ][gc          ] GC(6) Concurrent Mark Cycle 28.607ms
[2025-05-04T23:21:26.354+0000][4.347s][debug][safepoint   ] Safepoint synchronization initiated using futex wait barrier. (15 threads)
[2025-05-04T23:21:26.354+0000][4.347s][info ][gc,start    ] GC(7) Pause Young (Prepare Mixed) (G1 Preventive Collection)
[2025-05-04T23:21:26.355+0000][4.348s][info ][gc,task     ] GC(7) Using 4 workers of 8 for evacuation
[2025-05-04T23:21:26.363+0000][4.356s][info ][gc,phases   ] GC(7)   Pre Evacuate Collection Set: 0.1ms
[2025-05-04T23:21:26.363+0000][4.356s][info ][gc,phases   ] GC(7)   Merge Heap Roots: 0.1ms
[2025-05-04T23:21:26.363+0000][4.356s][info ][gc,phases   ] GC(7)   Evacuate Collection Set: 6.6ms
[2025-05-04T23:21:26.363+0000][4.356s][info ][gc,phases   ] GC(7)   Post Evacuate Collection Set: 0.9ms
[2025-05-04T23:21:26.363+0000][4.356s][info ][gc,phases   ] GC(7)   Other: 0.4ms
[2025-05-04T23:21:26.363+0000][4.356s][info ][gc,heap     ] GC(7) Eden regions: 28->0(1)
[2025-05-04T23:21:26.364+0000][4.357s][info ][gc,heap     ] GC(7) Survivor regions: 4->5(7)
[2025-05-04T23:21:26.364+0000][4.357s][info ][gc,heap     ] GC(7) Old regions: 6->7
[2025-05-04T23:21:26.364+0000][4.357s][info ][gc,heap     ] GC(7) Archive regions: 2->2
[2025-05-04T23:21:26.364+0000][4.357s][info ][gc,heap     ] GC(7) Humongous regions: 0->0
[2025-05-04T23:21:26.364+0000][4.357s][info ][gc,metaspace] GC(7) Metaspace: 23103K(23424K)->23103K(23424K) NonClass: 20082K(20224K)->20082K(20224K) Class: 3021K(3200K)->3021K(3200K)
[2025-05-04T23:21:26.364+0000][4.357s][info ][gc          ] GC(7) Pause Young (Prepare Mixed) (G1 Preventive Collection) 76M->23M(94M) 10.048ms
[2025-05-04T23:21:26.365+0000][4.358s][info ][gc,cpu      ] GC(7) User=0.03s Sys=0.00s Real=0.01s
[2025-05-04T23:21:26.366+0000][4.358s][info ][safepoint   ] Safepoint "G1CollectForAllocation", Time since last: 196980216 ns, Reaching safepoint: 341220 ns, Cleanup: 58803 ns, At safepoint: 11107850 ns, Total: 11507873 ns
[2025-05-04T23:21:26.373+0000][4.366s][debug][safepoint   ] Safepoint synchronization initiated using futex wait barrier. (15 threads)
[2025-05-04T23:21:26.373+0000][4.366s][info ][gc,start    ] GC(8) Pause Young (Mixed) (G1 Evacuation Pause)
[2025-05-04T23:21:26.374+0000][4.366s][info ][gc,task     ] GC(8) Using 4 workers of 8 for evacuation
[2025-05-04T23:21:26.381+0000][4.374s][info ][gc,phases   ] GC(8)   Pre Evacuate Collection Set: 0.1ms
[2025-05-04T23:21:26.381+0000][4.374s][info ][gc,phases   ] GC(8)   Merge Heap Roots: 0.1ms
[2025-05-04T23:21:26.381+0000][4.374s][info ][gc,phases   ] GC(8)   Evacuate Collection Set: 6.2ms
[2025-05-04T23:21:26.381+0000][4.374s][info ][gc,phases   ] GC(8)   Post Evacuate Collection Set: 0.8ms
[2025-05-04T23:21:26.381+0000][4.374s][info ][gc,phases   ] GC(8)   Other: 0.3ms
[2025-05-04T23:21:26.382+0000][4.374s][info ][gc,heap     ] GC(8) Eden regions: 1->0(24)
[2025-05-04T23:21:26.382+0000][4.375s][info ][gc,heap     ] GC(8) Survivor regions: 5->1(1)
[2025-05-04T23:21:26.382+0000][4.375s][info ][gc,heap     ] GC(8) Old regions: 7->11
[2025-05-04T23:21:26.382+0000][4.375s][info ][gc,heap     ] GC(8) Archive regions: 2->2
[2025-05-04T23:21:26.382+0000][4.375s][info ][gc,heap     ] GC(8) Humongous regions: 0->0
[2025-05-04T23:21:26.382+0000][4.375s][info ][gc,metaspace] GC(8) Metaspace: 23127K(23488K)->23127K(23488K) NonClass: 20104K(20288K)->20104K(20288K) Class: 3023K(3200K)->3023K(3200K)
[2025-05-04T23:21:26.382+0000][4.375s][info ][gc          ] GC(8) Pause Young (Mixed) (G1 Evacuation Pause) 25M->24M(94M) 8.900ms
[2025-05-04T23:21:26.382+0000][4.375s][info ][gc,cpu      ] GC(8) User=0.07s Sys=0.00s Real=0.01s
[2025-05-04T23:21:26.383+0000][4.376s][info ][safepoint   ] Safepoint "G1CollectForAllocation", Time since last: 7546541 ns, Reaching safepoint: 273916 ns, Cleanup: 4200 ns, At safepoint: 9195938 ns, Total: 9474054 ns
[2025-05-04T23:21:26.584+0000][4.577s][debug][safepoint   ] Safepoint synchronization initiated using futex wait barrier. (14 threads)
[2025-05-04T23:21:26.584+0000][4.577s][info ][gc,start    ] GC(9) Pause Young (Normal) (G1 Evacuation Pause)
[2025-05-04T23:21:26.584+0000][4.577s][info ][gc,task     ] GC(9) Using 3 workers of 8 for evacuation
[2025-05-04T23:21:26.589+0000][4.582s][info ][gc,phases   ] GC(9)   Pre Evacuate Collection Set: 0.1ms
[2025-05-04T23:21:26.589+0000][4.582s][info ][gc,phases   ] GC(9)   Merge Heap Roots: 0.1ms
[2025-05-04T23:21:26.589+0000][4.582s][info ][gc,phases   ] GC(9)   Evacuate Collection Set: 3.1ms
[2025-05-04T23:21:26.589+0000][4.582s][info ][gc,phases   ] GC(9)   Post Evacuate Collection Set: 0.9ms
[2025-05-04T23:21:26.589+0000][4.582s][info ][gc,phases   ] GC(9)   Other: 0.4ms
[2025-05-04T23:21:26.589+0000][4.582s][info ][gc,heap     ] GC(9) Eden regions: 24->0(54)
[2025-05-04T23:21:26.589+0000][4.582s][info ][gc,heap     ] GC(9) Survivor regions: 1->2(4)
[2025-05-04T23:21:26.589+0000][4.582s][info ][gc,heap     ] GC(9) Old regions: 11->11
[2025-05-04T23:21:26.590+0000][4.583s][info ][gc,heap     ] GC(9) Archive regions: 2->2
[2025-05-04T23:21:26.590+0000][4.583s][info ][gc,heap     ] GC(9) Humongous regions: 0->0
[2025-05-04T23:21:26.590+0000][4.583s][info ][gc,metaspace] GC(9) Metaspace: 24293K(24640K)->24293K(24640K) NonClass: 21136K(21312K)->21136K(21312K) Class: 3156K(3328K)->3156K(3328K)
[2025-05-04T23:21:26.590+0000][4.583s][info ][gc          ] GC(9) Pause Young (Normal) (G1 Evacuation Pause) 72M->24M(188M) 5.831ms
[2025-05-04T23:21:26.590+0000][4.583s][info ][gc,cpu      ] GC(9) User=0.03s Sys=0.00s Real=0.00s
[2025-05-04T23:21:26.590+0000][4.583s][info ][safepoint   ] Safepoint "G1CollectForAllocation", Time since last: 201187162 ns, Reaching safepoint: 289717 ns, Cleanup: 46502 ns, At safepoint: 6233165 ns, Total: 6569384 ns
[2025-05-04T23:21:27.163+0000][5.156s][debug][safepoint   ] Safepoint synchronization initiated using futex wait barrier. (15 threads)
[2025-05-04T23:21:27.163+0000][5.156s][info ][gc,start    ] GC(10) Pause Young (Normal) (G1 Evacuation Pause)
[2025-05-04T23:21:27.163+0000][5.156s][info ][gc,task     ] GC(10) Using 4 workers of 8 for evacuation
[2025-05-04T23:21:27.167+0000][5.160s][info ][gc,phases   ] GC(10)   Pre Evacuate Collection Set: 0.1ms
[2025-05-04T23:21:27.167+0000][5.160s][info ][gc,phases   ] GC(10)   Merge Heap Roots: 0.1ms
[2025-05-04T23:21:27.167+0000][5.160s][info ][gc,phases   ] GC(10)   Evacuate Collection Set: 2.3ms
[2025-05-04T23:21:27.167+0000][5.160s][info ][gc,phases   ] GC(10)   Post Evacuate Collection Set: 0.6ms
[2025-05-04T23:21:27.167+0000][5.160s][info ][gc,phases   ] GC(10)   Other: 0.3ms
[2025-05-04T23:21:27.167+0000][5.160s][info ][gc,heap     ] GC(10) Eden regions: 54->0(53)
[2025-05-04T23:21:27.168+0000][5.160s][info ][gc,heap     ] GC(10) Survivor regions: 2->3(7)
[2025-05-04T23:21:27.168+0000][5.161s][info ][gc,heap     ] GC(10) Old regions: 11->11
[2025-05-04T23:21:27.168+0000][5.161s][info ][gc,heap     ] GC(10) Archive regions: 2->2
[2025-05-04T23:21:27.168+0000][5.161s][info ][gc,heap     ] GC(10) Humongous regions: 0->0
[2025-05-04T23:21:27.168+0000][5.161s][info ][gc,metaspace] GC(10) Metaspace: 25869K(26240K)->25869K(26240K) NonClass: 22594K(22784K)->22594K(22784K) Class: 3274K(3456K)->3274K(3456K)
[2025-05-04T23:21:27.168+0000][5.161s][info ][gc          ] GC(10) Pause Young (Normal) (G1 Evacuation Pause) 132M->26M(188M) 4.737ms
[2025-05-04T23:21:27.168+0000][5.161s][info ][gc,cpu      ] GC(10) User=0.01s Sys=0.00s Real=0.01s
[2025-05-04T23:21:27.168+0000][5.161s][info ][safepoint   ] Safepoint "G1CollectForAllocation", Time since last: 572673880 ns, Reaching safepoint: 246814 ns, Cleanup: 78905 ns, At safepoint: 5050595 ns, Total: 5376314 ns
[2025-05-04T23:21:27.440+0000][5.433s][debug][safepoint   ] Safepoint synchronization initiated using futex wait barrier. (14 threads)
[2025-05-04T23:21:27.442+0000][5.435s][info ][gc,start    ] GC(11) Pause Young (Normal) (G1 Evacuation Pause)
[2025-05-04T23:21:27.442+0000][5.435s][info ][gc,task     ] GC(11) Using 4 workers of 8 for evacuation
[2025-05-04T23:21:27.447+0000][5.440s][info ][gc,phases   ] GC(11)   Pre Evacuate Collection Set: 0.1ms
[2025-05-04T23:21:27.448+0000][5.441s][info ][gc,phases   ] GC(11)   Merge Heap Roots: 0.1ms
[2025-05-04T23:21:27.449+0000][5.442s][info ][gc,phases   ] GC(11)   Evacuate Collection Set: 3.0ms
[2025-05-04T23:21:27.449+0000][5.442s][info ][gc,phases   ] GC(11)   Post Evacuate Collection Set: 1.4ms
[2025-05-04T23:21:27.449+0000][5.442s][info ][gc,phases   ] GC(11)   Other: 0.8ms
[2025-05-04T23:21:27.449+0000][5.442s][info ][gc,heap     ] GC(11) Eden regions: 53->0(53)
[2025-05-04T23:21:27.450+0000][5.442s][info ][gc,heap     ] GC(11) Survivor regions: 3->3(7)
[2025-05-04T23:21:27.450+0000][5.443s][info ][gc,heap     ] GC(11) Old regions: 11->11
[2025-05-04T23:21:27.450+0000][5.443s][info ][gc,heap     ] GC(11) Archive regions: 2->2
[2025-05-04T23:21:27.450+0000][5.443s][info ][gc,heap     ] GC(11) Humongous regions: 0->0
[2025-05-04T23:21:27.450+0000][5.443s][info ][gc,metaspace] GC(11) Metaspace: 26304K(26688K)->26304K(26688K) NonClass: 22982K(23168K)->22982K(23168K) Class: 3322K(3520K)->3322K(3520K)
[2025-05-04T23:21:27.450+0000][5.443s][info ][gc          ] GC(11) Pause Young (Normal) (G1 Evacuation Pause) 132M->28M(188M) 8.736ms
[2025-05-04T23:21:27.451+0000][5.443s][info ][gc,cpu      ] GC(11) User=0.03s Sys=0.00s Real=0.01s
[2025-05-04T23:21:27.451+0000][5.444s][info ][safepoint   ] Safepoint "G1CollectForAllocation", Time since last: 271324762 ns, Reaching safepoint: 1866809 ns, Cleanup: 70005 ns, At safepoint: 9098432 ns, Total: 11035246 ns
[2025-05-04T23:21:27.972+0000][5.965s][debug][safepoint   ] Safepoint synchronization initiated using futex wait barrier. (14 threads)
[2025-05-04T23:21:27.972+0000][5.965s][info ][safepoint   ] Safepoint "ICBufferFull", Time since last: 520942555 ns, Reaching safepoint: 215913 ns, Cleanup: 148408 ns, At safepoint: 4501 ns, Total: 368822 ns
[2025-05-04T23:21:28.050+0000][6.043s][debug][safepoint   ] Safepoint synchronization initiated using futex wait barrier. (14 threads)
[2025-05-04T23:21:28.051+0000][6.044s][info ][gc,start    ] GC(12) Pause Young (Normal) (G1 Evacuation Pause)
[2025-05-04T23:21:28.051+0000][6.044s][info ][gc,task     ] GC(12) Using 4 workers of 8 for evacuation
[2025-05-04T23:21:28.055+0000][6.048s][info ][gc,phases   ] GC(12)   Pre Evacuate Collection Set: 0.1ms
[2025-05-04T23:21:28.055+0000][6.048s][info ][gc,phases   ] GC(12)   Merge Heap Roots: 0.1ms
[2025-05-04T23:21:28.055+0000][6.048s][info ][gc,phases   ] GC(12)   Evacuate Collection Set: 3.1ms
[2025-05-04T23:21:28.056+0000][6.048s][info ][gc,phases   ] GC(12)   Post Evacuate Collection Set: 0.8ms
[2025-05-04T23:21:28.056+0000][6.049s][info ][gc,phases   ] GC(12)   Other: 0.4ms
[2025-05-04T23:21:28.056+0000][6.049s][info ][gc,heap     ] GC(12) Eden regions: 53->0(52)
[2025-05-04T23:21:28.056+0000][6.049s][info ][gc,heap     ] GC(12) Survivor regions: 3->4(7)
[2025-05-04T23:21:28.056+0000][6.049s][info ][gc,heap     ] GC(12) Old regions: 11->11
[2025-05-04T23:21:28.056+0000][6.049s][info ][gc,heap     ] GC(12) Archive regions: 2->2
[2025-05-04T23:21:28.056+0000][6.049s][info ][gc,heap     ] GC(12) Humongous regions: 0->0
[2025-05-04T23:21:28.056+0000][6.049s][info ][gc,metaspace] GC(12) Metaspace: 29389K(29760K)->29389K(29760K) NonClass: 25705K(25920K)->25705K(25920K) Class: 3684K(3840K)->3684K(3840K)
[2025-05-04T23:21:28.056+0000][6.049s][info ][gc          ] GC(12) Pause Young (Normal) (G1 Evacuation Pause) 134M->29M(188M) 5.492ms
[2025-05-04T23:21:28.056+0000][6.049s][info ][gc,cpu      ] GC(12) User=0.02s Sys=0.00s Real=0.01s
[2025-05-04T23:21:28.056+0000][6.049s][info ][safepoint   ] Safepoint "G1CollectForAllocation", Time since last: 78416384 ns, Reaching safepoint: 201412 ns, Cleanup: 24501 ns, At safepoint: 5687433 ns, Total: 5913346 ns
[2025-05-04T23:21:29.075+0000][7.068s][debug][safepoint   ] Safepoint synchronization initiated using futex wait barrier. (13 threads)
[2025-05-04T23:21:29.077+0000][7.070s][info ][gc,start    ] GC(13) Pause Young (Normal) (G1 Evacuation Pause)
[2025-05-04T23:21:29.078+0000][7.071s][info ][gc,task     ] GC(13) Using 4 workers of 8 for evacuation
[2025-05-04T23:21:29.086+0000][7.079s][info ][gc,phases   ] GC(13)   Pre Evacuate Collection Set: 0.1ms
[2025-05-04T23:21:29.091+0000][7.084s][info ][gc,phases   ] GC(13)   Merge Heap Roots: 0.1ms
[2025-05-04T23:21:29.091+0000][7.084s][info ][gc,phases   ] GC(13)   Evacuate Collection Set: 5.0ms
[2025-05-04T23:21:29.091+0000][7.084s][info ][gc,phases   ] GC(13)   Post Evacuate Collection Set: 1.6ms
[2025-05-04T23:21:29.091+0000][7.084s][info ][gc,phases   ] GC(13)   Other: 1.8ms
[2025-05-04T23:21:29.092+0000][7.085s][info ][gc,heap     ] GC(13) Eden regions: 52->0(51)
[2025-05-04T23:21:29.092+0000][7.085s][info ][gc,heap     ] GC(13) Survivor regions: 4->5(7)
[2025-05-04T23:21:29.092+0000][7.085s][info ][gc,heap     ] GC(13) Old regions: 11->11
[2025-05-04T23:21:29.094+0000][7.087s][info ][gc,heap     ] GC(13) Archive regions: 2->2
[2025-05-04T23:21:29.095+0000][7.088s][info ][gc,heap     ] GC(13) Humongous regions: 0->0
[2025-05-04T23:21:29.096+0000][7.089s][info ][gc,metaspace] GC(13) Metaspace: 30206K(30592K)->30206K(30592K) NonClass: 26412K(26624K)->26412K(26624K) Class: 3793K(3968K)->3793K(3968K)
[2025-05-04T23:21:29.096+0000][7.089s][info ][gc          ] GC(13) Pause Young (Normal) (G1 Evacuation Pause) 133M->30M(188M) 18.765ms
[2025-05-04T23:21:29.097+0000][7.090s][info ][gc,cpu      ] GC(13) User=0.05s Sys=0.01s Real=0.02s
[2025-05-04T23:21:29.097+0000][7.090s][info ][safepoint   ] Safepoint "G1CollectForAllocation", Time since last: 1018570248 ns, Reaching safepoint: 2399440 ns, Cleanup: 87905 ns, At safepoint: 19866862 ns, Total: 22354207 ns
[2025-05-04T23:21:29.967+0000][7.960s][debug][safepoint   ] Safepoint synchronization initiated using futex wait barrier. (13 threads)
[2025-05-04T23:21:29.968+0000][7.961s][info ][gc,start    ] GC(14) Pause Young (Normal) (G1 Evacuation Pause)
[2025-05-04T23:21:29.969+0000][7.961s][info ][gc,task     ] GC(14) Using 4 workers of 8 for evacuation
[2025-05-04T23:21:29.975+0000][7.968s][info ][gc,phases   ] GC(14)   Pre Evacuate Collection Set: 0.1ms
[2025-05-04T23:21:29.975+0000][7.968s][info ][gc,phases   ] GC(14)   Merge Heap Roots: 0.1ms
[2025-05-04T23:21:29.976+0000][7.969s][info ][gc,phases   ] GC(14)   Evacuate Collection Set: 5.0ms
[2025-05-04T23:21:29.977+0000][7.970s][info ][gc,phases   ] GC(14)   Post Evacuate Collection Set: 1.0ms
[2025-05-04T23:21:29.977+0000][7.970s][info ][gc,phases   ] GC(14)   Other: 0.8ms
[2025-05-04T23:21:29.978+0000][7.971s][info ][gc,heap     ] GC(14) Eden regions: 51->0(52)
[2025-05-04T23:21:29.978+0000][7.971s][info ][gc,heap     ] GC(14) Survivor regions: 5->4(7)
[2025-05-04T23:21:29.979+0000][7.972s][info ][gc,heap     ] GC(14) Old regions: 11->12
[2025-05-04T23:21:29.979+0000][7.972s][info ][gc,heap     ] GC(14) Archive regions: 2->2
[2025-05-04T23:21:29.979+0000][7.972s][info ][gc,heap     ] GC(14) Humongous regions: 0->0
[2025-05-04T23:21:29.980+0000][7.973s][info ][gc,metaspace] GC(14) Metaspace: 33065K(33472K)->33065K(33472K) NonClass: 28828K(29056K)->28828K(29056K) Class: 4236K(4416K)->4236K(4416K)
[2025-05-04T23:21:29.980+0000][7.973s][info ][gc          ] GC(14) Pause Young (Normal) (G1 Evacuation Pause) 132M->30M(188M) 11.728ms
[2025-05-04T23:21:29.980+0000][7.973s][info ][gc,cpu      ] GC(14) User=0.03s Sys=0.01s Real=0.01s
[2025-05-04T23:21:29.980+0000][7.973s][info ][safepoint   ] Safepoint "G1CollectForAllocation", Time since last: 870076174 ns, Reaching safepoint: 604535 ns, Cleanup: 88705 ns, At safepoint: 12220509 ns, Total: 12913749 ns
[2025-05-04T23:21:30.781+0000][8.774s][debug][safepoint   ] Safepoint synchronization initiated using futex wait barrier. (14 threads)
[2025-05-04T23:21:30.781+0000][8.774s][info ][gc,start    ] GC(15) Pause Young (Normal) (G1 Evacuation Pause)
[2025-05-04T23:21:30.781+0000][8.774s][info ][gc,task     ] GC(15) Using 4 workers of 8 for evacuation
[2025-05-04T23:21:30.787+0000][8.780s][info ][gc,phases   ] GC(15)   Pre Evacuate Collection Set: 0.1ms
[2025-05-04T23:21:30.787+0000][8.780s][info ][gc,phases   ] GC(15)   Merge Heap Roots: 0.1ms
[2025-05-04T23:21:30.787+0000][8.780s][info ][gc,phases   ] GC(15)   Evacuate Collection Set: 4.4ms
[2025-05-04T23:21:30.788+0000][8.781s][info ][gc,phases   ] GC(15)   Post Evacuate Collection Set: 0.7ms
[2025-05-04T23:21:30.788+0000][8.781s][info ][gc,phases   ] GC(15)   Other: 0.3ms
[2025-05-04T23:21:30.788+0000][8.781s][info ][gc,heap     ] GC(15) Eden regions: 52->0(51)
[2025-05-04T23:21:30.788+0000][8.781s][info ][gc,heap     ] GC(15) Survivor regions: 4->5(7)
[2025-05-04T23:21:30.788+0000][8.781s][info ][gc,heap     ] GC(15) Old regions: 12->12
[2025-05-04T23:21:30.789+0000][8.781s][info ][gc,heap     ] GC(15) Archive regions: 2->2
[2025-05-04T23:21:30.789+0000][8.782s][info ][gc,heap     ] GC(15) Humongous regions: 0->0
[2025-05-04T23:21:30.789+0000][8.782s][info ][gc,metaspace] GC(15) Metaspace: 35266K(35648K)->35266K(35648K) NonClass: 30771K(30976K)->30771K(30976K) Class: 4495K(4672K)->4495K(4672K)
[2025-05-04T23:21:30.789+0000][8.782s][info ][gc          ] GC(15) Pause Young (Normal) (G1 Evacuation Pause) 134M->32M(188M) 7.668ms
[2025-05-04T23:21:30.789+0000][8.782s][info ][gc,cpu      ] GC(15) User=0.03s Sys=0.00s Real=0.01s
[2025-05-04T23:21:30.789+0000][8.782s][info ][safepoint   ] Safepoint "G1CollectForAllocation", Time since last: 800352540 ns, Reaching safepoint: 500329 ns, Cleanup: 117707 ns, At safepoint: 8078369 ns, Total: 8696405 ns
[2025-05-04T23:21:31.306+0000][9.299s][debug][safepoint   ] Safepoint synchronization initiated using futex wait barrier. (14 threads)
[2025-05-04T23:21:31.307+0000][9.300s][info ][gc,start    ] GC(16) Pause Young (Concurrent Start) (Metadata GC Threshold)
[2025-05-04T23:21:31.307+0000][9.300s][info ][gc,task     ] GC(16) Using 4 workers of 8 for evacuation
[2025-05-04T23:21:31.314+0000][9.307s][info ][gc,phases   ] GC(16)   Pre Evacuate Collection Set: 0.1ms
[2025-05-04T23:21:31.315+0000][9.307s][info ][gc,phases   ] GC(16)   Merge Heap Roots: 0.1ms
[2025-05-04T23:21:31.315+0000][9.308s][info ][gc,phases   ] GC(16)   Evacuate Collection Set: 6.3ms
[2025-05-04T23:21:31.316+0000][9.309s][info ][gc,phases   ] GC(16)   Post Evacuate Collection Set: 0.7ms
[2025-05-04T23:21:31.316+0000][9.309s][info ][gc,phases   ] GC(16)   Other: 0.4ms
[2025-05-04T23:21:31.316+0000][9.309s][info ][gc,heap     ] GC(16) Eden regions: 20->0(52)
[2025-05-04T23:21:31.317+0000][9.309s][info ][gc,heap     ] GC(16) Survivor regions: 5->4(7)
[2025-05-04T23:21:31.317+0000][9.310s][info ][gc,heap     ] GC(16) Old regions: 12->12
[2025-05-04T23:21:31.317+0000][9.310s][info ][gc,heap     ] GC(16) Archive regions: 2->2
[2025-05-04T23:21:31.317+0000][9.310s][info ][gc,heap     ] GC(16) Humongous regions: 0->0
[2025-05-04T23:21:31.317+0000][9.310s][info ][gc,metaspace] GC(16) Metaspace: 35940K(36288K)->35940K(36288K) NonClass: 31364K(31552K)->31364K(31552K) Class: 4575K(4736K)->4575K(4736K)
[2025-05-04T23:21:31.317+0000][9.310s][info ][gc          ] GC(16) Pause Young (Concurrent Start) (Metadata GC Threshold) 70M->32M(188M) 10.402ms
[2025-05-04T23:21:31.317+0000][9.310s][info ][gc,cpu      ] GC(16) User=0.04s Sys=0.00s Real=0.01s
[2025-05-04T23:21:31.318+0000][9.310s][info ][gc          ] GC(17) Concurrent Mark Cycle
[2025-05-04T23:21:31.318+0000][9.311s][info ][safepoint   ] Safepoint "CollectForMetadataAllocation", Time since last: 517162408 ns, Reaching safepoint: 253715 ns, Cleanup: 42402 ns, At safepoint: 10817828 ns, Total: 11113945 ns
[2025-05-04T23:21:31.318+0000][9.311s][info ][gc,marking  ] GC(17) Concurrent Clear Claimed Marks
[2025-05-04T23:21:31.318+0000][9.311s][info ][gc,marking  ] GC(17) Concurrent Clear Claimed Marks 0.288ms
[2025-05-04T23:21:31.318+0000][9.311s][info ][gc,marking  ] GC(17) Concurrent Scan Root Regions
[2025-05-04T23:21:31.322+0000][9.315s][info ][gc,marking  ] GC(17) Concurrent Scan Root Regions 4.382ms
[2025-05-04T23:21:31.325+0000][9.317s][info ][gc,marking  ] GC(17) Concurrent Mark
[2025-05-04T23:21:31.325+0000][9.318s][info ][gc,marking  ] GC(17) Concurrent Mark From Roots
[2025-05-04T23:21:31.325+0000][9.318s][info ][gc,task     ] GC(17) Using 2 workers of 2 for marking
[2025-05-04T23:21:31.360+0000][9.353s][info ][gc,marking  ] GC(17) Concurrent Mark From Roots 34.403ms
[2025-05-04T23:21:31.360+0000][9.353s][info ][gc,marking  ] GC(17) Concurrent Preclean
[2025-05-04T23:21:31.360+0000][9.353s][info ][gc,marking  ] GC(17) Concurrent Preclean 0.523ms
[2025-05-04T23:21:31.361+0000][9.354s][debug][safepoint   ] Safepoint synchronization initiated using futex wait barrier. (14 threads)
[2025-05-04T23:21:31.361+0000][9.354s][info ][gc,start    ] GC(17) Pause Remark
[2025-05-04T23:21:31.365+0000][9.358s][info ][gc          ] GC(17) Pause Remark 36M->36M(134M) 3.996ms
[2025-05-04T23:21:31.365+0000][9.358s][info ][gc,cpu      ] GC(17) User=0.02s Sys=0.00s Real=0.01s
[2025-05-04T23:21:31.366+0000][9.359s][info ][safepoint   ] Safepoint "G1PauseRemark", Time since last: 43204007 ns, Reaching safepoint: 330319 ns, Cleanup: 13101 ns, At safepoint: 4518362 ns, Total: 4861782 ns
[2025-05-04T23:21:31.366+0000][9.359s][info ][gc,marking  ] GC(17) Concurrent Mark 41.641ms
[2025-05-04T23:21:31.366+0000][9.359s][info ][gc,marking  ] GC(17) Concurrent Rebuild Remembered Sets
[2025-05-04T23:21:31.380+0000][9.373s][info ][gc,marking  ] GC(17) Concurrent Rebuild Remembered Sets 13.188ms
[2025-05-04T23:21:31.380+0000][9.373s][debug][safepoint   ] Safepoint synchronization initiated using futex wait barrier. (14 threads)
[2025-05-04T23:21:31.380+0000][9.373s][info ][gc,start    ] GC(17) Pause Cleanup
[2025-05-04T23:21:31.381+0000][9.374s][info ][gc          ] GC(17) Pause Cleanup 37M->37M(134M) 0.283ms
[2025-05-04T23:21:31.381+0000][9.374s][info ][gc,cpu      ] GC(17) User=0.00s Sys=0.00s Real=0.00s
[2025-05-04T23:21:31.381+0000][9.374s][info ][safepoint   ] Safepoint "G1PauseCleanup", Time since last: 14351933 ns, Reaching safepoint: 336219 ns, Cleanup: 5300 ns, At safepoint: 682640 ns, Total: 1024159 ns
[2025-05-04T23:21:31.381+0000][9.374s][info ][gc,marking  ] GC(17) Concurrent Cleanup for Next Mark
[2025-05-04T23:21:31.383+0000][9.376s][info ][gc,marking  ] GC(17) Concurrent Cleanup for Next Mark 1.642ms
[2025-05-04T23:21:31.383+0000][9.376s][info ][gc          ] GC(17) Concurrent Mark Cycle 65.651ms
[2025-05-04T23:21:31.931+0000][9.924s][debug][safepoint   ] Safepoint synchronization initiated using futex wait barrier. (14 threads)
[2025-05-04T23:21:31.932+0000][9.925s][info ][gc,start    ] GC(18) Pause Young (Normal) (G1 Evacuation Pause)
[2025-05-04T23:21:31.932+0000][9.925s][info ][gc,task     ] GC(18) Using 3 workers of 8 for evacuation
[2025-05-04T23:21:31.942+0000][9.935s][info ][gc,phases   ] GC(18)   Pre Evacuate Collection Set: 0.1ms
[2025-05-04T23:21:31.943+0000][9.936s][info ][gc,phases   ] GC(18)   Merge Heap Roots: 0.1ms
[2025-05-04T23:21:31.943+0000][9.936s][info ][gc,phases   ] GC(18)   Evacuate Collection Set: 8.7ms
[2025-05-04T23:21:31.943+0000][9.936s][info ][gc,phases   ] GC(18)   Post Evacuate Collection Set: 1.0ms
[2025-05-04T23:21:31.943+0000][9.936s][info ][gc,phases   ] GC(18)   Other: 0.5ms
[2025-05-04T23:21:31.943+0000][9.936s][info ][gc,heap     ] GC(18) Eden regions: 36->0(37)
[2025-05-04T23:21:31.944+0000][9.937s][info ][gc,heap     ] GC(18) Survivor regions: 4->3(5)
[2025-05-04T23:21:31.944+0000][9.937s][info ][gc,heap     ] GC(18) Old regions: 12->13
[2025-05-04T23:21:31.944+0000][9.937s][info ][gc,heap     ] GC(18) Archive regions: 2->2
[2025-05-04T23:21:31.945+0000][9.938s][info ][gc,heap     ] GC(18) Humongous regions: 0->0
[2025-05-04T23:21:31.945+0000][9.938s][info ][gc,metaspace] GC(18) Metaspace: 36852K(37248K)->36852K(37248K) NonClass: 32105K(32320K)->32105K(32320K) Class: 4746K(4928K)->4746K(4928K)
[2025-05-04T23:21:31.945+0000][9.938s][info ][gc          ] GC(18) Pause Young (Normal) (G1 Evacuation Pause) 104M->32M(134M) 13.001ms
[2025-05-04T23:21:31.945+0000][9.938s][info ][gc,cpu      ] GC(18) User=0.08s Sys=0.00s Real=0.02s
[2025-05-04T23:21:31.945+0000][9.938s][info ][safepoint   ] Safepoint "G1CollectForAllocation", Time since last: 550363635 ns, Reaching safepoint: 385722 ns, Cleanup: 75404 ns, At safepoint: 13538786 ns, Total: 13999912 ns
[2025-05-04T23:21:32.570+0000][10.563s][debug][safepoint   ] Safepoint synchronization initiated using futex wait barrier. (13 threads)
[2025-05-04T23:21:32.571+0000][10.564s][info ][gc,start    ] GC(19) Pause Young (Normal) (G1 Evacuation Pause)
[2025-05-04T23:21:32.571+0000][10.564s][info ][gc,task     ] GC(19) Using 3 workers of 8 for evacuation
[2025-05-04T23:21:32.579+0000][10.571s][info ][gc,phases   ] GC(19)   Pre Evacuate Collection Set: 0.1ms
[2025-05-04T23:21:32.579+0000][10.572s][info ][gc,phases   ] GC(19)   Merge Heap Roots: 0.1ms
[2025-05-04T23:21:32.579+0000][10.572s][info ][gc,phases   ] GC(19)   Evacuate Collection Set: 6.6ms
[2025-05-04T23:21:32.579+0000][10.572s][info ][gc,phases   ] GC(19)   Post Evacuate Collection Set: 0.7ms
[2025-05-04T23:21:32.580+0000][10.573s][info ][gc,phases   ] GC(19)   Other: 0.3ms
[2025-05-04T23:21:32.580+0000][10.573s][info ][gc,heap     ] GC(19) Eden regions: 37->0(37)
[2025-05-04T23:21:32.580+0000][10.573s][info ][gc,heap     ] GC(19) Survivor regions: 3->3(5)
[2025-05-04T23:21:32.580+0000][10.573s][info ][gc,heap     ] GC(19) Old regions: 13->14
[2025-05-04T23:21:32.580+0000][10.573s][info ][gc,heap     ] GC(19) Archive regions: 2->2
[2025-05-04T23:21:32.580+0000][10.573s][info ][gc,heap     ] GC(19) Humongous regions: 0->0
[2025-05-04T23:21:32.580+0000][10.573s][info ][gc,metaspace] GC(19) Metaspace: 39163K(39552K)->39163K(39552K) NonClass: 34090K(34304K)->34090K(34304K) Class: 5073K(5248K)->5073K(5248K)
[2025-05-04T23:21:32.581+0000][10.574s][info ][gc          ] GC(19) Pause Young (Normal) (G1 Evacuation Pause) 106M->34M(134M) 9.861ms
[2025-05-04T23:21:32.581+0000][10.574s][info ][gc,cpu      ] GC(19) User=0.04s Sys=0.00s Real=0.01s
[2025-05-04T23:21:32.581+0000][10.574s][info ][safepoint   ] Safepoint "G1CollectForAllocation", Time since last: 625032067 ns, Reaching safepoint: 216913 ns, Cleanup: 52503 ns, At safepoint: 10202792 ns, Total: 10472208 ns
[2025-05-04T23:21:33.297+0000][11.289s][debug][safepoint   ] Safepoint synchronization initiated using futex wait barrier. (14 threads)
[2025-05-04T23:21:33.297+0000][11.290s][info ][gc,start    ] GC(20) Pause Young (Normal) (G1 Evacuation Pause)
[2025-05-04T23:21:33.297+0000][11.290s][info ][gc,task     ] GC(20) Using 3 workers of 8 for evacuation
[2025-05-04T23:21:33.305+0000][11.298s][info ][gc,phases   ] GC(20)   Pre Evacuate Collection Set: 0.1ms
[2025-05-04T23:21:33.306+0000][11.299s][info ][gc,phases   ] GC(20)   Merge Heap Roots: 0.1ms
[2025-05-04T23:21:33.306+0000][11.299s][info ][gc,phases   ] GC(20)   Evacuate Collection Set: 6.7ms
[2025-05-04T23:21:33.306+0000][11.299s][info ][gc,phases   ] GC(20)   Post Evacuate Collection Set: 1.0ms
[2025-05-04T23:21:33.306+0000][11.299s][info ][gc,phases   ] GC(20)   Other: 0.5ms
[2025-05-04T23:21:33.306+0000][11.299s][info ][gc,heap     ] GC(20) Eden regions: 37->0(44)
[2025-05-04T23:21:33.306+0000][11.299s][info ][gc,heap     ] GC(20) Survivor regions: 3->4(5)
[2025-05-04T23:21:33.306+0000][11.299s][info ][gc,heap     ] GC(20) Old regions: 14->14
[2025-05-04T23:21:33.306+0000][11.299s][info ][gc,heap     ] GC(20) Archive regions: 2->2
[2025-05-04T23:21:33.306+0000][11.299s][info ][gc,heap     ] GC(20) Humongous regions: 0->0
[2025-05-04T23:21:33.307+0000][11.299s][info ][gc,metaspace] GC(20) Metaspace: 41815K(42176K)->41815K(42176K) NonClass: 36390K(36608K)->36390K(36608K) Class: 5424K(5568K)->5424K(5568K)
[2025-05-04T23:21:33.307+0000][11.300s][info ][gc          ] GC(20) Pause Young (Normal) (G1 Evacuation Pause) 108M->35M(162M) 9.684ms
[2025-05-04T23:21:33.307+0000][11.300s][info ][gc,cpu      ] GC(20) User=0.05s Sys=0.00s Real=0.01s
[2025-05-04T23:21:33.307+0000][11.300s][info ][safepoint   ] Safepoint "G1CollectForAllocation", Time since last: 715613723 ns, Reaching safepoint: 306118 ns, Cleanup: 123407 ns, At safepoint: 9978979 ns, Total: 10408504 ns
[2025-05-04T23:21:34.155+0000][12.148s][debug][safepoint   ] Safepoint synchronization initiated using futex wait barrier. (14 threads)
[2025-05-04T23:21:34.155+0000][12.148s][info ][gc,start    ] GC(21) Pause Young (Normal) (G1 Evacuation Pause)
[2025-05-04T23:21:34.156+0000][12.149s][info ][gc,task     ] GC(21) Using 3 workers of 8 for evacuation
[2025-05-04T23:21:34.167+0000][12.160s][info ][gc,phases   ] GC(21)   Pre Evacuate Collection Set: 0.2ms
[2025-05-04T23:21:34.167+0000][12.160s][info ][gc,phases   ] GC(21)   Merge Heap Roots: 0.1ms
[2025-05-04T23:21:34.167+0000][12.160s][info ][gc,phases   ] GC(21)   Evacuate Collection Set: 8.6ms
[2025-05-04T23:21:34.167+0000][12.160s][info ][gc,phases   ] GC(21)   Post Evacuate Collection Set: 1.0ms
[2025-05-04T23:21:34.167+0000][12.160s][info ][gc,phases   ] GC(21)   Other: 1.3ms
[2025-05-04T23:21:34.168+0000][12.160s][info ][gc,heap     ] GC(21) Eden regions: 44->0(43)
[2025-05-04T23:21:34.168+0000][12.161s][info ][gc,heap     ] GC(21) Survivor regions: 4->5(6)
[2025-05-04T23:21:34.168+0000][12.161s][info ][gc,heap     ] GC(21) Old regions: 14->14
[2025-05-04T23:21:34.168+0000][12.161s][info ][gc,heap     ] GC(21) Archive regions: 2->2
[2025-05-04T23:21:34.168+0000][12.161s][info ][gc,heap     ] GC(21) Humongous regions: 0->0
[2025-05-04T23:21:34.168+0000][12.161s][info ][gc,metaspace] GC(21) Metaspace: 45109K(45568K)->45109K(45568K) NonClass: 39222K(39488K)->39222K(39488K) Class: 5887K(6080K)->5887K(6080K)
[2025-05-04T23:21:34.168+0000][12.161s][info ][gc          ] GC(21) Pause Young (Normal) (G1 Evacuation Pause) 123M->38M(162M) 13.000ms
[2025-05-04T23:21:34.169+0000][12.162s][info ][gc,cpu      ] GC(21) User=0.04s Sys=0.00s Real=0.01s
[2025-05-04T23:21:34.169+0000][12.162s][info ][safepoint   ] Safepoint "G1CollectForAllocation", Time since last: 847823195 ns, Reaching safepoint: 507129 ns, Cleanup: 176611 ns, At safepoint: 13351174 ns, Total: 14034914 ns
[2025-05-04T23:21:34.832+0000][12.825s][debug][safepoint   ] Safepoint synchronization initiated using futex wait barrier. (14 threads)
[2025-05-04T23:21:34.833+0000][12.826s][info ][gc,start    ] GC(22) Pause Young (Normal) (G1 Evacuation Pause)
[2025-05-04T23:21:34.833+0000][12.826s][info ][gc,task     ] GC(22) Using 3 workers of 8 for evacuation
[2025-05-04T23:21:34.843+0000][12.836s][info ][gc,phases   ] GC(22)   Pre Evacuate Collection Set: 0.1ms
[2025-05-04T23:21:34.843+0000][12.836s][info ][gc,phases   ] GC(22)   Merge Heap Roots: 0.1ms
[2025-05-04T23:21:34.843+0000][12.836s][info ][gc,phases   ] GC(22)   Evacuate Collection Set: 8.7ms
[2025-05-04T23:21:34.844+0000][12.837s][info ][gc,phases   ] GC(22)   Post Evacuate Collection Set: 1.0ms
[2025-05-04T23:21:34.844+0000][12.837s][info ][gc,phases   ] GC(22)   Other: 0.3ms
[2025-05-04T23:21:34.844+0000][12.837s][info ][gc,heap     ] GC(22) Eden regions: 43->0(44)
[2025-05-04T23:21:34.844+0000][12.837s][info ][gc,heap     ] GC(22) Survivor regions: 5->4(6)
[2025-05-04T23:21:34.844+0000][12.837s][info ][gc,heap     ] GC(22) Old regions: 14->16
[2025-05-04T23:21:34.844+0000][12.837s][info ][gc,heap     ] GC(22) Archive regions: 2->2
[2025-05-04T23:21:34.844+0000][12.837s][info ][gc,heap     ] GC(22) Humongous regions: 0->0
[2025-05-04T23:21:34.845+0000][12.838s][info ][gc,metaspace] GC(22) Metaspace: 47730K(48192K)->47730K(48192K) NonClass: 41558K(41792K)->41558K(41792K) Class: 6172K(6400K)->6172K(6400K)
[2025-05-04T23:21:34.845+0000][12.838s][info ][gc          ] GC(22) Pause Young (Normal) (G1 Evacuation Pause) 124M->39M(162M) 12.092ms
[2025-05-04T23:21:34.845+0000][12.838s][info ][gc,cpu      ] GC(22) User=0.04s Sys=0.00s Real=0.02s
[2025-05-04T23:21:34.845+0000][12.838s][info ][safepoint   ] Safepoint "G1CollectForAllocation", Time since last: 663397694 ns, Reaching safepoint: 224513 ns, Cleanup: 145908 ns, At safepoint: 12397320 ns, Total: 12767741 ns
[2025-05-04T23:21:35.615+0000][13.608s][debug][safepoint   ] Safepoint synchronization initiated using futex wait barrier. (17 threads)
[2025-05-04T23:21:35.615+0000][13.608s][info ][gc,start    ] GC(23) Pause Young (Normal) (G1 Evacuation Pause)
[2025-05-04T23:21:35.615+0000][13.608s][info ][gc,task     ] GC(23) Using 8 workers of 8 for evacuation
[2025-05-04T23:21:35.623+0000][13.616s][info ][gc,phases   ] GC(23)   Pre Evacuate Collection Set: 0.2ms
[2025-05-04T23:21:35.624+0000][13.617s][info ][gc,phases   ] GC(23)   Merge Heap Roots: 0.2ms
[2025-05-04T23:21:35.624+0000][13.617s][info ][gc,phases   ] GC(23)   Evacuate Collection Set: 5.1ms
[2025-05-04T23:21:35.624+0000][13.617s][info ][gc,phases   ] GC(23)   Post Evacuate Collection Set: 2.1ms
[2025-05-04T23:21:35.624+0000][13.617s][info ][gc,phases   ] GC(23)   Other: 0.5ms
[2025-05-04T23:21:35.624+0000][13.617s][info ][gc,heap     ] GC(23) Eden regions: 44->0(44)
[2025-05-04T23:21:35.624+0000][13.617s][info ][gc,heap     ] GC(23) Survivor regions: 4->4(6)
[2025-05-04T23:21:35.625+0000][13.617s][info ][gc,heap     ] GC(23) Old regions: 16->16
[2025-05-04T23:21:35.625+0000][13.618s][info ][gc,heap     ] GC(23) Archive regions: 2->2
[2025-05-04T23:21:35.625+0000][13.618s][info ][gc,heap     ] GC(23) Humongous regions: 0->0
[2025-05-04T23:21:35.625+0000][13.618s][info ][gc,metaspace] GC(23) Metaspace: 49040K(49472K)->49040K(49472K) NonClass: 42664K(42880K)->42664K(42880K) Class: 6376K(6592K)->6376K(6592K)
[2025-05-04T23:21:35.625+0000][13.618s][info ][gc          ] GC(23) Pause Young (Normal) (G1 Evacuation Pause) 127M->40M(162M) 9.825ms
[2025-05-04T23:21:35.625+0000][13.618s][info ][gc,cpu      ] GC(23) User=0.05s Sys=0.00s Real=0.01s
[2025-05-04T23:21:35.625+0000][13.618s][info ][safepoint   ] Safepoint "G1CollectForAllocation", Time since last: 769712462 ns, Reaching safepoint: 319318 ns, Cleanup: 148109 ns, At safepoint: 10221993 ns, Total: 10689420 ns
[2025-05-04T23:21:36.729+0000][14.722s][debug][safepoint   ] Safepoint synchronization initiated using futex wait barrier. (17 threads)
[2025-05-04T23:21:36.730+0000][14.723s][info ][gc,start    ] GC(24) Pause Young (Normal) (G1 Evacuation Pause)
[2025-05-04T23:21:36.730+0000][14.723s][info ][gc,task     ] GC(24) Using 8 workers of 8 for evacuation
[2025-05-04T23:21:36.737+0000][14.730s][info ][gc,phases   ] GC(24)   Pre Evacuate Collection Set: 0.1ms
[2025-05-04T23:21:36.738+0000][14.731s][info ][gc,phases   ] GC(24)   Merge Heap Roots: 0.1ms
[2025-05-04T23:21:36.738+0000][14.731s][info ][gc,phases   ] GC(24)   Evacuate Collection Set: 5.3ms
[2025-05-04T23:21:36.738+0000][14.731s][info ][gc,phases   ] GC(24)   Post Evacuate Collection Set: 1.4ms
[2025-05-04T23:21:36.738+0000][14.731s][info ][gc,phases   ] GC(24)   Other: 0.6ms
[2025-05-04T23:21:36.738+0000][14.731s][info ][gc,heap     ] GC(24) Eden regions: 44->0(45)
[2025-05-04T23:21:36.738+0000][14.731s][info ][gc,heap     ] GC(24) Survivor regions: 4->3(6)
[2025-05-04T23:21:36.738+0000][14.731s][info ][gc,heap     ] GC(24) Old regions: 16->17
[2025-05-04T23:21:36.738+0000][14.731s][info ][gc,heap     ] GC(24) Archive regions: 2->2
[2025-05-04T23:21:36.739+0000][14.732s][info ][gc,heap     ] GC(24) Humongous regions: 0->0
[2025-05-04T23:21:36.739+0000][14.732s][info ][gc,metaspace] GC(24) Metaspace: 51153K(51584K)->51153K(51584K) NonClass: 44483K(44672K)->44483K(44672K) Class: 6669K(6912K)->6669K(6912K)
[2025-05-04T23:21:36.739+0000][14.732s][info ][gc          ] GC(24) Pause Young (Normal) (G1 Evacuation Pause) 128M->40M(162M) 9.364ms
[2025-05-04T23:21:36.740+0000][14.732s][info ][gc,cpu      ] GC(24) User=0.05s Sys=0.00s Real=0.01s
[2025-05-04T23:21:36.740+0000][14.733s][info ][safepoint   ] Safepoint "G1CollectForAllocation", Time since last: 1104112666 ns, Reaching safepoint: 300317 ns, Cleanup: 51403 ns, At safepoint: 9963678 ns, Total: 10315398 ns
[2025-05-04T23:21:37.579+0000][15.572s][debug][safepoint   ] Safepoint synchronization initiated using futex wait barrier. (19 threads)
[2025-05-04T23:21:37.579+0000][15.572s][info ][gc,start    ] GC(25) Pause Young (Normal) (G1 Evacuation Pause)
[2025-05-04T23:21:37.580+0000][15.573s][info ][gc,task     ] GC(25) Using 8 workers of 8 for evacuation
[2025-05-04T23:21:37.587+0000][15.580s][info ][gc,phases   ] GC(25)   Pre Evacuate Collection Set: 0.2ms
[2025-05-04T23:21:37.587+0000][15.580s][info ][gc,phases   ] GC(25)   Merge Heap Roots: 0.1ms
[2025-05-04T23:21:37.587+0000][15.580s][info ][gc,phases   ] GC(25)   Evacuate Collection Set: 5.0ms
[2025-05-04T23:21:37.588+0000][15.581s][info ][gc,phases   ] GC(25)   Post Evacuate Collection Set: 1.3ms
[2025-05-04T23:21:37.588+0000][15.581s][info ][gc,phases   ] GC(25)   Other: 0.7ms
[2025-05-04T23:21:37.588+0000][15.581s][info ][gc,heap     ] GC(25) Eden regions: 45->0(44)
[2025-05-04T23:21:37.588+0000][15.581s][info ][gc,heap     ] GC(25) Survivor regions: 3->4(6)
[2025-05-04T23:21:37.588+0000][15.581s][info ][gc,heap     ] GC(25) Old regions: 17->17
[2025-05-04T23:21:37.589+0000][15.581s][info ][gc,heap     ] GC(25) Archive regions: 2->2
[2025-05-04T23:21:37.589+0000][15.582s][info ][gc,heap     ] GC(25) Humongous regions: 0->0
[2025-05-04T23:21:37.589+0000][15.582s][info ][gc,metaspace] GC(25) Metaspace: 55282K(55744K)->55282K(55744K) NonClass: 48070K(48256K)->48070K(48256K) Class: 7211K(7488K)->7211K(7488K)
[2025-05-04T23:21:37.589+0000][15.582s][info ][gc          ] GC(25) Pause Young (Normal) (G1 Evacuation Pause) 130M->41M(162M) 9.594ms
[2025-05-04T23:21:37.589+0000][15.582s][info ][gc,cpu      ] GC(25) User=0.06s Sys=0.00s Real=0.01s
[2025-05-04T23:21:37.589+0000][15.582s][info ][safepoint   ] Safepoint "G1CollectForAllocation", Time since last: 838948880 ns, Reaching safepoint: 485328 ns, Cleanup: 70104 ns, At safepoint: 9979079 ns, Total: 10534511 ns
[2025-05-04T23:21:38.679+0000][16.672s][debug][safepoint   ] Safepoint synchronization initiated using futex wait barrier. (20 threads)
[2025-05-04T23:21:38.679+0000][16.672s][info ][gc,start    ] GC(26) Pause Young (Normal) (G1 Evacuation Pause)
[2025-05-04T23:21:38.679+0000][16.672s][info ][gc,task     ] GC(26) Using 8 workers of 8 for evacuation
[2025-05-04T23:21:38.688+0000][16.681s][info ][gc,phases   ] GC(26)   Pre Evacuate Collection Set: 0.2ms
[2025-05-04T23:21:38.689+0000][16.682s][info ][gc,phases   ] GC(26)   Merge Heap Roots: 0.1ms
[2025-05-04T23:21:38.690+0000][16.683s][info ][gc,phases   ] GC(26)   Evacuate Collection Set: 7.1ms
[2025-05-04T23:21:38.690+0000][16.683s][info ][gc,phases   ] GC(26)   Post Evacuate Collection Set: 1.1ms
[2025-05-04T23:21:38.692+0000][16.685s][info ][gc,phases   ] GC(26)   Other: 0.6ms
[2025-05-04T23:21:38.692+0000][16.685s][info ][gc,heap     ] GC(26) Eden regions: 44->0(45)
[2025-05-04T23:21:38.693+0000][16.686s][info ][gc,heap     ] GC(26) Survivor regions: 4->3(6)
[2025-05-04T23:21:38.693+0000][16.686s][info ][gc,heap     ] GC(26) Old regions: 17->18
[2025-05-04T23:21:38.693+0000][16.686s][info ][gc,heap     ] GC(26) Archive regions: 2->2
[2025-05-04T23:21:38.693+0000][16.686s][info ][gc,heap     ] GC(26) Humongous regions: 0->0
[2025-05-04T23:21:38.693+0000][16.686s][info ][gc,metaspace] GC(26) Metaspace: 57290K(57792K)->57290K(57792K) NonClass: 49853K(50112K)->49853K(50112K) Class: 7437K(7680K)->7437K(7680K)
[2025-05-04T23:21:38.694+0000][16.687s][info ][gc          ] GC(26) Pause Young (Normal) (G1 Evacuation Pause) 129M->42M(162M) 14.303ms
[2025-05-04T23:21:38.694+0000][16.687s][info ][gc,cpu      ] GC(26) User=0.06s Sys=0.00s Real=0.01s
[2025-05-04T23:21:38.694+0000][16.687s][info ][safepoint   ] Safepoint "G1CollectForAllocation", Time since last: 1089576395 ns, Reaching safepoint: 228012 ns, Cleanup: 147009 ns, At safepoint: 14666428 ns, Total: 15041449 ns
[2025-05-04T23:21:39.189+0000][17.182s][debug][safepoint   ] Safepoint synchronization initiated using futex wait barrier. (19 threads)
[2025-05-04T23:21:39.190+0000][17.183s][info ][gc,start    ] GC(27) Pause Young (Normal) (G1 Evacuation Pause)
[2025-05-04T23:21:39.190+0000][17.183s][info ][gc,task     ] GC(27) Using 8 workers of 8 for evacuation
[2025-05-04T23:21:39.195+0000][17.188s][info ][gc,phases   ] GC(27)   Pre Evacuate Collection Set: 0.2ms
[2025-05-04T23:21:39.195+0000][17.188s][info ][gc,phases   ] GC(27)   Merge Heap Roots: 0.2ms
[2025-05-04T23:21:39.196+0000][17.188s][info ][gc,phases   ] GC(27)   Evacuate Collection Set: 3.1ms
[2025-05-04T23:21:39.196+0000][17.189s][info ][gc,phases   ] GC(27)   Post Evacuate Collection Set: 1.2ms
[2025-05-04T23:21:39.196+0000][17.189s][info ][gc,phases   ] GC(27)   Other: 0.5ms
[2025-05-04T23:21:39.196+0000][17.189s][info ][gc,heap     ] GC(27) Eden regions: 45->0(45)
[2025-05-04T23:21:39.196+0000][17.189s][info ][gc,heap     ] GC(27) Survivor regions: 3->3(6)
[2025-05-04T23:21:39.196+0000][17.189s][info ][gc,heap     ] GC(27) Old regions: 18->18
[2025-05-04T23:21:39.196+0000][17.189s][info ][gc,heap     ] GC(27) Archive regions: 2->2
[2025-05-04T23:21:39.197+0000][17.190s][info ][gc,heap     ] GC(27) Humongous regions: 0->0
[2025-05-04T23:21:39.197+0000][17.190s][info ][gc,metaspace] GC(27) Metaspace: 58795K(59328K)->58795K(59328K) NonClass: 51087K(51392K)->51087K(51392K) Class: 7708K(7936K)->7708K(7936K)
[2025-05-04T23:21:39.198+0000][17.191s][info ][gc          ] GC(27) Pause Young (Normal) (G1 Evacuation Pause) 132M->43M(162M) 7.954ms
[2025-05-04T23:21:39.198+0000][17.191s][info ][gc,cpu      ] GC(27) User=0.02s Sys=0.00s Real=0.01s
[2025-05-04T23:21:39.198+0000][17.191s][info ][safepoint   ] Safepoint "G1CollectForAllocation", Time since last: 495562678 ns, Reaching safepoint: 282116 ns, Cleanup: 25501 ns, At safepoint: 8564084 ns, Total: 8871701 ns
[2025-05-04T23:21:39.426+0000][17.419s][debug][safepoint   ] Safepoint synchronization initiated using futex wait barrier. (19 threads)
[2025-05-04T23:21:39.427+0000][17.420s][info ][gc,start    ] GC(28) Pause Young (Concurrent Start) (Metadata GC Threshold)
[2025-05-04T23:21:39.427+0000][17.420s][info ][gc,task     ] GC(28) Using 8 workers of 8 for evacuation
[2025-05-04T23:21:39.436+0000][17.429s][info ][gc,phases   ] GC(28)   Pre Evacuate Collection Set: 0.2ms
[2025-05-04T23:21:39.436+0000][17.429s][info ][gc,phases   ] GC(28)   Merge Heap Roots: 0.1ms
[2025-05-04T23:21:39.436+0000][17.429s][info ][gc,phases   ] GC(28)   Evacuate Collection Set: 6.7ms
[2025-05-04T23:21:39.436+0000][17.429s][info ][gc,phases   ] GC(28)   Post Evacuate Collection Set: 1.2ms
[2025-05-04T23:21:39.436+0000][17.429s][info ][gc,phases   ] GC(28)   Other: 0.9ms
[2025-05-04T23:21:39.437+0000][17.430s][info ][gc,heap     ] GC(28) Eden regions: 20->0(45)
[2025-05-04T23:21:39.437+0000][17.430s][info ][gc,heap     ] GC(28) Survivor regions: 3->3(6)
[2025-05-04T23:21:39.437+0000][17.430s][info ][gc,heap     ] GC(28) Old regions: 18->18
[2025-05-04T23:21:39.437+0000][17.430s][info ][gc,heap     ] GC(28) Archive regions: 2->2
[2025-05-04T23:21:39.437+0000][17.430s][info ][gc,heap     ] GC(28) Humongous regions: 0->0
[2025-05-04T23:21:39.438+0000][17.431s][info ][gc,metaspace] GC(28) Metaspace: 60220K(60736K)->60220K(60736K) NonClass: 52297K(52544K)->52297K(52544K) Class: 7922K(8192K)->7922K(8192K)
[2025-05-04T23:21:39.438+0000][17.431s][info ][gc          ] GC(28) Pause Young (Concurrent Start) (Metadata GC Threshold) 83M->42M(162M) 11.001ms
[2025-05-04T23:21:39.438+0000][17.431s][info ][gc,cpu      ] GC(28) User=0.04s Sys=0.01s Real=0.01s
[2025-05-04T23:21:39.438+0000][17.431s][info ][gc          ] GC(29) Concurrent Mark Cycle
[2025-05-04T23:21:39.438+0000][17.431s][info ][safepoint   ] Safepoint "CollectForMetadataAllocation", Time since last: 228015473 ns, Reaching safepoint: 367121 ns, Cleanup: 39602 ns, At safepoint: 11359541 ns, Total: 11766264 ns
[2025-05-04T23:21:39.438+0000][17.431s][info ][gc,marking  ] GC(29) Concurrent Clear Claimed Marks
[2025-05-04T23:21:39.439+0000][17.431s][info ][gc,marking  ] GC(29) Concurrent Clear Claimed Marks 0.308ms
[2025-05-04T23:21:39.439+0000][17.432s][info ][gc,marking  ] GC(29) Concurrent Scan Root Regions
[2025-05-04T23:21:39.443+0000][17.436s][info ][gc,marking  ] GC(29) Concurrent Scan Root Regions 4.271ms
[2025-05-04T23:21:39.443+0000][17.436s][info ][gc,marking  ] GC(29) Concurrent Mark
[2025-05-04T23:21:39.443+0000][17.436s][info ][gc,marking  ] GC(29) Concurrent Mark From Roots
[2025-05-04T23:21:39.444+0000][17.436s][info ][gc,task     ] GC(29) Using 2 workers of 2 for marking
[2025-05-04T23:21:39.479+0000][17.472s][debug][safepoint   ] Safepoint synchronization initiated using futex wait barrier. (20 threads)
[2025-05-04T23:21:39.480+0000][17.472s][info ][safepoint   ] Safepoint "CollectForMetadataAllocation", Time since last: 40732500 ns, Reaching safepoint: 599734 ns, Cleanup: 17001 ns, At safepoint: 89305 ns, Total: 706040 ns
[2025-05-04T23:21:39.484+0000][17.476s][info ][gc,marking  ] GC(29) Concurrent Mark From Roots 40.160ms
[2025-05-04T23:21:39.484+0000][17.477s][info ][gc,marking  ] GC(29) Concurrent Preclean
[2025-05-04T23:21:39.484+0000][17.477s][info ][gc,marking  ] GC(29) Concurrent Preclean 0.401ms
[2025-05-04T23:21:39.484+0000][17.477s][debug][safepoint   ] Safepoint synchronization initiated using futex wait barrier. (20 threads)
[2025-05-04T23:21:39.485+0000][17.478s][info ][gc,start    ] GC(29) Pause Remark
[2025-05-04T23:21:39.490+0000][17.483s][info ][gc          ] GC(29) Pause Remark 46M->46M(162M) 4.869ms
[2025-05-04T23:21:39.490+0000][17.483s][info ][gc,cpu      ] GC(29) User=0.03s Sys=0.00s Real=0.00s
[2025-05-04T23:21:39.490+0000][17.483s][info ][safepoint   ] Safepoint "G1PauseRemark", Time since last: 4912077 ns, Reaching safepoint: 272516 ns, Cleanup: 5100 ns, At safepoint: 5471209 ns, Total: 5748825 ns
[2025-05-04T23:21:39.491+0000][17.484s][info ][gc,marking  ] GC(29) Concurrent Mark 48.020ms
[2025-05-04T23:21:39.491+0000][17.484s][info ][gc,marking  ] GC(29) Concurrent Rebuild Remembered Sets
[2025-05-04T23:21:39.512+0000][17.505s][info ][gc,marking  ] GC(29) Concurrent Rebuild Remembered Sets 20.289ms
[2025-05-04T23:21:39.513+0000][17.506s][debug][safepoint   ] Safepoint synchronization initiated using futex wait barrier. (20 threads)
[2025-05-04T23:21:39.513+0000][17.506s][debug][safepoint   ] ... found polling page loop exception at pc = 0x00007f170d30c059, stub =0x00007f170caf5400
[2025-05-04T23:21:39.513+0000][17.506s][info ][gc,start    ] GC(29) Pause Cleanup
[2025-05-04T23:21:39.514+0000][17.507s][info ][gc          ] GC(29) Pause Cleanup 46M->46M(162M) 0.422ms
[2025-05-04T23:21:39.514+0000][17.507s][info ][gc,cpu      ] GC(29) User=0.01s Sys=0.01s Real=0.01s
[2025-05-04T23:21:39.514+0000][17.507s][info ][safepoint   ] Safepoint "G1PauseCleanup", Time since last: 22592075 ns, Reaching safepoint: 508429 ns, Cleanup: 11401 ns, At safepoint: 920852 ns, Total: 1440682 ns
[2025-05-04T23:21:39.515+0000][17.507s][info ][gc,marking  ] GC(29) Concurrent Cleanup for Next Mark
[2025-05-04T23:21:39.515+0000][17.508s][info ][gc,marking  ] GC(29) Concurrent Cleanup for Next Mark 0.512ms
[2025-05-04T23:21:39.515+0000][17.508s][info ][gc          ] GC(29) Concurrent Mark Cycle 77.266ms
[2025-05-04T23:21:40.329+0000][18.322s][debug][safepoint   ] Safepoint synchronization initiated using futex wait barrier. (20 threads)
[2025-05-04T23:21:40.329+0000][18.322s][info ][safepoint   ] Safepoint "ICBufferFull", Time since last: 814464982 ns, Reaching safepoint: 315618 ns, Cleanup: 153009 ns, At safepoint: 6100 ns, Total: 474727 ns
[2025-05-04T23:21:40.451+0000][18.444s][debug][safepoint   ] Safepoint synchronization initiated using futex wait barrier. (20 threads)
[2025-05-04T23:21:40.451+0000][18.444s][info ][gc,start    ] GC(30) Pause Young (Concurrent Start) (G1 Evacuation Pause)
[2025-05-04T23:21:40.452+0000][18.445s][info ][gc,task     ] GC(30) Using 8 workers of 8 for evacuation
[2025-05-04T23:21:40.465+0000][18.458s][info ][gc,phases   ] GC(30)   Pre Evacuate Collection Set: 0.2ms
[2025-05-04T23:21:40.466+0000][18.459s][info ][gc,phases   ] GC(30)   Merge Heap Roots: 0.1ms
[2025-05-04T23:21:40.466+0000][18.459s][info ][gc,phases   ] GC(30)   Evacuate Collection Set: 11.0ms
[2025-05-04T23:21:40.466+0000][18.459s][info ][gc,phases   ] GC(30)   Post Evacuate Collection Set: 1.8ms
[2025-05-04T23:21:40.466+0000][18.459s][info ][gc,phases   ] GC(30)   Other: 0.5ms
[2025-05-04T23:21:40.467+0000][18.460s][info ][gc,heap     ] GC(30) Eden regions: 45->0(54)
[2025-05-04T23:21:40.467+0000][18.460s][info ][gc,heap     ] GC(30) Survivor regions: 3->4(6)
[2025-05-04T23:21:40.467+0000][18.460s][info ][gc,heap     ] GC(30) Old regions: 18->18
[2025-05-04T23:21:40.467+0000][18.460s][info ][gc,heap     ] GC(30) Archive regions: 2->2
[2025-05-04T23:21:40.467+0000][18.460s][info ][gc,heap     ] GC(30) Humongous regions: 0->0
[2025-05-04T23:21:40.468+0000][18.460s][info ][gc,metaspace] GC(30) Metaspace: 62675K(63232K)->62675K(63232K) NonClass: 54464K(54784K)->54464K(54784K) Class: 8211K(8448K)->8211K(8448K)
[2025-05-04T23:21:40.468+0000][18.461s][info ][gc          ] GC(30) Pause Young (Concurrent Start) (G1 Evacuation Pause) 132M->45M(196M) 16.342ms
[2025-05-04T23:21:40.469+0000][18.462s][info ][gc,cpu      ] GC(30) User=0.11s Sys=0.00s Real=0.02s
[2025-05-04T23:21:40.470+0000][18.463s][info ][safepoint   ] Safepoint "G1CollectForAllocation", Time since last: 121846779 ns, Reaching safepoint: 282916 ns, Cleanup: 43403 ns, At safepoint: 18346735 ns, Total: 18673054 ns
[2025-05-04T23:21:40.470+0000][18.463s][info ][gc          ] GC(31) Concurrent Mark Cycle
[2025-05-04T23:21:40.471+0000][18.464s][info ][gc,marking  ] GC(31) Concurrent Clear Claimed Marks
[2025-05-04T23:21:40.479+0000][18.472s][info ][gc,marking  ] GC(31) Concurrent Clear Claimed Marks 7.910ms
[2025-05-04T23:21:40.480+0000][18.473s][info ][gc,marking  ] GC(31) Concurrent Scan Root Regions
[2025-05-04T23:21:40.485+0000][18.478s][info ][gc,marking  ] GC(31) Concurrent Scan Root Regions 4.917ms
[2025-05-04T23:21:40.486+0000][18.479s][info ][gc,marking  ] GC(31) Concurrent Mark
[2025-05-04T23:21:40.486+0000][18.479s][info ][gc,marking  ] GC(31) Concurrent Mark From Roots
[2025-05-04T23:21:40.486+0000][18.479s][info ][gc,task     ] GC(31) Using 2 workers of 2 for marking
[2025-05-04T23:21:40.530+0000][18.525s][info ][gc,marking  ] GC(31) Concurrent Mark From Roots 45.817ms
[2025-05-04T23:21:40.531+0000][18.525s][info ][gc,marking  ] GC(31) Concurrent Preclean
[2025-05-04T23:21:40.531+0000][18.526s][info ][gc,marking  ] GC(31) Concurrent Preclean 0.509ms
[2025-05-04T23:21:40.533+0000][18.527s][debug][safepoint   ] Safepoint synchronization initiated using futex wait barrier. (20 threads)
[2025-05-04T23:21:40.533+0000][18.527s][info ][gc,start    ] GC(31) Pause Remark
[2025-05-04T23:21:40.538+0000][18.532s][info ][gc          ] GC(31) Pause Remark 50M->50M(180M) 4.547ms
[2025-05-04T23:21:40.538+0000][18.532s][info ][gc,cpu      ] GC(31) User=0.02s Sys=0.00s Real=0.00s
[2025-05-04T23:21:40.538+0000][18.533s][info ][safepoint   ] Safepoint "G1PauseRemark", Time since last: 64411736 ns, Reaching safepoint: 339519 ns, Cleanup: 29102 ns, At safepoint: 5213694 ns, Total: 5582315 ns
[2025-05-04T23:21:40.538+0000][18.533s][info ][gc,marking  ] GC(31) Concurrent Mark 54.062ms
[2025-05-04T23:21:40.539+0000][18.533s][info ][gc,marking  ] GC(31) Concurrent Rebuild Remembered Sets
[2025-05-04T23:21:40.565+0000][18.559s][info ][gc,marking  ] GC(31) Concurrent Rebuild Remembered Sets 26.105ms
[2025-05-04T23:21:40.565+0000][18.560s][debug][safepoint   ] Safepoint synchronization initiated using futex wait barrier. (20 threads)
[2025-05-04T23:21:40.566+0000][18.560s][info ][gc,start    ] GC(31) Pause Cleanup
[2025-05-04T23:21:40.566+0000][18.561s][info ][gc          ] GC(31) Pause Cleanup 52M->52M(180M) 0.437ms
[2025-05-04T23:21:40.566+0000][18.561s][info ][gc,cpu      ] GC(31) User=0.00s Sys=0.00s Real=0.00s
[2025-05-04T23:21:40.566+0000][18.561s][info ][safepoint   ] Safepoint "G1PauseCleanup", Time since last: 26996024 ns, Reaching safepoint: 467227 ns, Cleanup: 12400 ns, At safepoint: 870250 ns, Total: 1349877 ns
[2025-05-04T23:21:40.567+0000][18.561s][info ][gc,marking  ] GC(31) Concurrent Cleanup for Next Mark
[2025-05-04T23:21:40.567+0000][18.562s][info ][gc,marking  ] GC(31) Concurrent Cleanup for Next Mark 0.531ms
[2025-05-04T23:21:40.567+0000][18.562s][info ][gc          ] GC(31) Concurrent Mark Cycle 99.219ms
[2025-05-04T23:21:41.158+0000][19.152s][debug][safepoint   ] Safepoint synchronization initiated using futex wait barrier. (19 threads)
[2025-05-04T23:21:41.159+0000][19.153s][info ][gc,start    ] GC(32) Pause Young (Normal) (G1 Evacuation Pause)
[2025-05-04T23:21:41.159+0000][19.154s][info ][gc,task     ] GC(32) Using 8 workers of 8 for evacuation
[2025-05-04T23:21:41.166+0000][19.160s][info ][gc,phases   ] GC(32)   Pre Evacuate Collection Set: 0.1ms
[2025-05-04T23:21:41.166+0000][19.161s][info ][gc,phases   ] GC(32)   Merge Heap Roots: 0.1ms
[2025-05-04T23:21:41.166+0000][19.161s][info ][gc,phases   ] GC(32)   Evacuate Collection Set: 5.4ms
[2025-05-04T23:21:41.166+0000][19.161s][info ][gc,phases   ] GC(32)   Post Evacuate Collection Set: 1.1ms
[2025-05-04T23:21:41.167+0000][19.161s][info ][gc,phases   ] GC(32)   Other: 0.4ms
[2025-05-04T23:21:41.167+0000][19.161s][info ][gc,heap     ] GC(32) Eden regions: 50->0(49)
[2025-05-04T23:21:41.167+0000][19.161s][info ][gc,heap     ] GC(32) Survivor regions: 4->5(7)
[2025-05-04T23:21:41.167+0000][19.161s][info ][gc,heap     ] GC(32) Old regions: 18->19
[2025-05-04T23:21:41.167+0000][19.162s][info ][gc,heap     ] GC(32) Archive regions: 2->2
[2025-05-04T23:21:41.167+0000][19.162s][info ][gc,heap     ] GC(32) Humongous regions: 0->0
[2025-05-04T23:21:41.167+0000][19.162s][info ][gc,metaspace] GC(32) Metaspace: 65708K(66176K)->65708K(66176K) NonClass: 57116K(57344K)->57116K(57344K) Class: 8592K(8832K)->8592K(8832K)
[2025-05-04T23:21:41.167+0000][19.162s][info ][gc          ] GC(32) Pause Young (Normal) (G1 Evacuation Pause) 145M->47M(180M) 8.482ms
[2025-05-04T23:21:41.168+0000][19.162s][info ][gc,cpu      ] GC(32) User=0.04s Sys=0.00s Real=0.01s
[2025-05-04T23:21:41.168+0000][19.162s][info ][safepoint   ] Safepoint "G1CollectForAllocation", Time since last: 591014367 ns, Reaching safepoint: 228513 ns, Cleanup: 1174266 ns, At safepoint: 8884902 ns, Total: 10287681 ns
[2025-05-04T23:21:41.329+0000][19.323s][debug][safepoint   ] Safepoint synchronization initiated using futex wait barrier. (19 threads)
[2025-05-04T23:21:41.329+0000][19.324s][info ][safepoint   ] Safepoint "ICBufferFull", Time since last: 160957887 ns, Reaching safepoint: 306917 ns, Cleanup: 75604 ns, At safepoint: 2701 ns, Total: 385222 ns
[2025-05-04T23:21:41.771+0000][19.765s][debug][safepoint   ] Safepoint synchronization initiated using futex wait barrier. (20 threads)
[2025-05-04T23:21:41.771+0000][19.766s][info ][gc,start    ] GC(33) Pause Young (Normal) (G1 Evacuation Pause)
[2025-05-04T23:21:41.771+0000][19.766s][info ][gc,task     ] GC(33) Using 8 workers of 8 for evacuation
[2025-05-04T23:21:41.779+0000][19.773s][info ][gc,phases   ] GC(33)   Pre Evacuate Collection Set: 0.3ms
[2025-05-04T23:21:41.780+0000][19.774s][info ][gc,phases   ] GC(33)   Merge Heap Roots: 0.1ms
[2025-05-04T23:21:41.780+0000][19.775s][info ][gc,phases   ] GC(33)   Evacuate Collection Set: 5.5ms
[2025-05-04T23:21:41.781+0000][19.775s][info ][gc,phases   ] GC(33)   Post Evacuate Collection Set: 1.2ms
[2025-05-04T23:21:41.781+0000][19.776s][info ][gc,phases   ] GC(33)   Other: 0.4ms
[2025-05-04T23:21:41.781+0000][19.776s][info ][gc,heap     ] GC(33) Eden regions: 49->0(49)
[2025-05-04T23:21:41.783+0000][19.777s][info ][gc,heap     ] GC(33) Survivor regions: 5->5(7)
[2025-05-04T23:21:41.783+0000][19.778s][info ][gc,heap     ] GC(33) Old regions: 19->20
[2025-05-04T23:21:41.783+0000][19.778s][info ][gc,heap     ] GC(33) Archive regions: 2->2
[2025-05-04T23:21:41.784+0000][19.778s][info ][gc,heap     ] GC(33) Humongous regions: 0->0
[2025-05-04T23:21:41.784+0000][19.778s][info ][gc,metaspace] GC(33) Metaspace: 69514K(70016K)->69514K(70016K) NonClass: 60341K(60608K)->60341K(60608K) Class: 9173K(9408K)->9173K(9408K)
[2025-05-04T23:21:41.784+0000][19.779s][info ][gc          ] GC(33) Pause Young (Normal) (G1 Evacuation Pause) 145M->48M(180M) 12.922ms
[2025-05-04T23:21:41.784+0000][19.779s][info ][gc,cpu      ] GC(33) User=0.06s Sys=0.00s Real=0.02s
[2025-05-04T23:21:41.785+0000][19.779s][info ][safepoint   ] Safepoint "G1CollectForAllocation", Time since last: 441637533 ns, Reaching safepoint: 308918 ns, Cleanup: 73604 ns, At safepoint: 13452759 ns, Total: 13835281 ns
[2025-05-04T23:21:42.158+0000][20.153s][debug][safepoint   ] Safepoint synchronization initiated using futex wait barrier. (19 threads)
[2025-05-04T23:21:42.159+0000][20.153s][info ][gc,start    ] GC(34) Pause Young (Normal) (G1 Evacuation Pause)
[2025-05-04T23:21:42.159+0000][20.153s][info ][gc,task     ] GC(34) Using 8 workers of 8 for evacuation
[2025-05-04T23:21:42.165+0000][20.159s][info ][gc,phases   ] GC(34)   Pre Evacuate Collection Set: 0.1ms
[2025-05-04T23:21:42.165+0000][20.159s][info ][gc,phases   ] GC(34)   Merge Heap Roots: 0.2ms
[2025-05-04T23:21:42.165+0000][20.160s][info ][gc,phases   ] GC(34)   Evacuate Collection Set: 4.1ms
[2025-05-04T23:21:42.165+0000][20.160s][info ][gc,phases   ] GC(34)   Post Evacuate Collection Set: 1.2ms
[2025-05-04T23:21:42.166+0000][20.160s][info ][gc,phases   ] GC(34)   Other: 0.3ms
[2025-05-04T23:21:42.166+0000][20.160s][info ][gc,heap     ] GC(34) Eden regions: 49->0(50)
[2025-05-04T23:21:42.166+0000][20.161s][info ][gc,heap     ] GC(34) Survivor regions: 5->4(7)
[2025-05-04T23:21:42.166+0000][20.161s][info ][gc,heap     ] GC(34) Old regions: 20->21
[2025-05-04T23:21:42.167+0000][20.161s][info ][gc,heap     ] GC(34) Archive regions: 2->2
[2025-05-04T23:21:42.167+0000][20.161s][info ][gc,heap     ] GC(34) Humongous regions: 0->0
[2025-05-04T23:21:42.167+0000][20.161s][info ][gc,metaspace] GC(34) Metaspace: 71963K(72512K)->71963K(72512K) NonClass: 62377K(62656K)->62377K(62656K) Class: 9585K(9856K)->9585K(9856K)
[2025-05-04T23:21:42.167+0000][20.161s][info ][gc          ] GC(34) Pause Young (Normal) (G1 Evacuation Pause) 146M->49M(180M) 8.072ms
[2025-05-04T23:21:42.167+0000][20.161s][info ][gc,cpu      ] GC(34) User=0.03s Sys=0.00s Real=0.01s
[2025-05-04T23:21:42.167+0000][20.162s][info ][safepoint   ] Safepoint "G1CollectForAllocation", Time since last: 373879709 ns, Reaching safepoint: 263715 ns, Cleanup: 28301 ns, At safepoint: 8311069 ns, Total: 8603085 ns
[2025-05-04T23:21:42.496+0000][20.491s][debug][safepoint   ] Safepoint synchronization initiated using futex wait barrier. (19 threads)
[2025-05-04T23:21:42.497+0000][20.491s][info ][safepoint   ] Safepoint "ICBufferFull", Time since last: 329271190 ns, Reaching safepoint: 261115 ns, Cleanup: 203311 ns, At safepoint: 36802 ns, Total: 501228 ns
[2025-05-04T23:21:42.571+0000][20.566s][debug][safepoint   ] Safepoint synchronization initiated using futex wait barrier. (20 threads)
[2025-05-04T23:21:42.572+0000][20.566s][info ][safepoint   ] Safepoint "ICBufferFull", Time since last: 74589112 ns, Reaching safepoint: 267315 ns, Cleanup: 67403 ns, At safepoint: 19001 ns, Total: 353719 ns
[2025-05-04T23:21:42.644+0000][20.638s][debug][safepoint   ] Safepoint synchronization initiated using futex wait barrier. (20 threads)
[2025-05-04T23:21:42.644+0000][20.638s][info ][safepoint   ] Safepoint "ICBufferFull", Time since last: 71844457 ns, Reaching safepoint: 223212 ns, Cleanup: 98206 ns, At safepoint: 3800 ns, Total: 325218 ns
[2025-05-04T23:21:42.688+0000][20.682s][debug][safepoint   ] Safepoint synchronization initiated using futex wait barrier. (20 threads)
[2025-05-04T23:21:42.688+0000][20.683s][info ][gc,start    ] GC(35) Pause Young (Normal) (G1 Evacuation Pause)
[2025-05-04T23:21:42.688+0000][20.683s][info ][gc,task     ] GC(35) Using 8 workers of 8 for evacuation
[2025-05-04T23:21:42.694+0000][20.689s][info ][gc,phases   ] GC(35)   Pre Evacuate Collection Set: 0.3ms
[2025-05-04T23:21:42.694+0000][20.689s][info ][gc,phases   ] GC(35)   Merge Heap Roots: 0.1ms
[2025-05-04T23:21:42.695+0000][20.689s][info ][gc,phases   ] GC(35)   Evacuate Collection Set: 4.4ms
[2025-05-04T23:21:42.695+0000][20.689s][info ][gc,phases   ] GC(35)   Post Evacuate Collection Set: 1.0ms
[2025-05-04T23:21:42.695+0000][20.689s][info ][gc,phases   ] GC(35)   Other: 0.3ms
[2025-05-04T23:21:42.695+0000][20.689s][info ][gc,heap     ] GC(35) Eden regions: 50->0(50)
[2025-05-04T23:21:42.695+0000][20.689s][info ][gc,heap     ] GC(35) Survivor regions: 4->4(7)
[2025-05-04T23:21:42.695+0000][20.690s][info ][gc,heap     ] GC(35) Old regions: 21->21
[2025-05-04T23:21:42.695+0000][20.690s][info ][gc,heap     ] GC(35) Archive regions: 2->2
[2025-05-04T23:21:42.695+0000][20.690s][info ][gc,heap     ] GC(35) Humongous regions: 0->0
[2025-05-04T23:21:42.695+0000][20.690s][info ][gc,metaspace] GC(35) Metaspace: 74121K(74688K)->74121K(74688K) NonClass: 64232K(64512K)->64232K(64512K) Class: 9889K(10176K)->9889K(10176K)
[2025-05-04T23:21:42.695+0000][20.690s][info ][gc          ] GC(35) Pause Young (Normal) (G1 Evacuation Pause) 149M->49M(180M) 7.417ms
[2025-05-04T23:21:42.696+0000][20.690s][info ][gc,cpu      ] GC(35) User=0.04s Sys=0.00s Real=0.01s
[2025-05-04T23:21:42.696+0000][20.690s][info ][safepoint   ] Safepoint "G1CollectForAllocation", Time since last: 43726669 ns, Reaching safepoint: 247614 ns, Cleanup: 60403 ns, At safepoint: 7877345 ns, Total: 8185362 ns
[2025-05-04T23:21:42.806+0000][20.800s][debug][safepoint   ] Safepoint synchronization initiated using futex wait barrier. (20 threads)
[2025-05-04T23:21:42.806+0000][20.800s][info ][safepoint   ] Safepoint "ICBufferFull", Time since last: 109628189 ns, Reaching safepoint: 277516 ns, Cleanup: 81904 ns, At safepoint: 20702 ns, Total: 380122 ns
[2025-05-04T23:21:42.970+0000][20.965s][debug][safepoint   ] Safepoint synchronization initiated using futex wait barrier. (20 threads)
[2025-05-04T23:21:42.971+0000][20.965s][info ][safepoint   ] Safepoint "ICBufferFull", Time since last: 164306276 ns, Reaching safepoint: 313718 ns, Cleanup: 71804 ns, At safepoint: 32702 ns, Total: 418224 ns
[2025-05-04T23:21:43.285+0000][21.280s][debug][safepoint   ] Safepoint synchronization initiated using futex wait barrier. (19 threads)
[2025-05-04T23:21:43.286+0000][21.280s][info ][gc,start    ] GC(36) Pause Young (Normal) (G1 Evacuation Pause)
[2025-05-04T23:21:43.286+0000][21.280s][info ][gc,task     ] GC(36) Using 8 workers of 8 for evacuation
[2025-05-04T23:21:43.291+0000][21.286s][info ][gc,phases   ] GC(36)   Pre Evacuate Collection Set: 0.2ms
[2025-05-04T23:21:43.291+0000][21.286s][info ][gc,phases   ] GC(36)   Merge Heap Roots: 0.1ms
[2025-05-04T23:21:43.291+0000][21.286s][info ][gc,phases   ] GC(36)   Evacuate Collection Set: 4.0ms
[2025-05-04T23:21:43.291+0000][21.286s][info ][gc,phases   ] GC(36)   Post Evacuate Collection Set: 0.9ms
[2025-05-04T23:21:43.292+0000][21.286s][info ][gc,phases   ] GC(36)   Other: 0.4ms
[2025-05-04T23:21:43.292+0000][21.286s][info ][gc,heap     ] GC(36) Eden regions: 50->0(59)
[2025-05-04T23:21:43.292+0000][21.286s][info ][gc,heap     ] GC(36) Survivor regions: 4->5(7)
[2025-05-04T23:21:43.292+0000][21.286s][info ][gc,heap     ] GC(36) Old regions: 21->21
[2025-05-04T23:21:43.292+0000][21.286s][info ][gc,heap     ] GC(36) Archive regions: 2->2
[2025-05-04T23:21:43.292+0000][21.287s][info ][gc,heap     ] GC(36) Humongous regions: 0->0
[2025-05-04T23:21:43.292+0000][21.287s][info ][gc,metaspace] GC(36) Metaspace: 76264K(76864K)->76264K(76864K) NonClass: 66100K(66432K)->66100K(66432K) Class: 10164K(10432K)->10164K(10432K)
[2025-05-04T23:21:43.292+0000][21.287s][info ][gc          ] GC(36) Pause Young (Normal) (G1 Evacuation Pause) 149M->51M(216M) 6.727ms
[2025-05-04T23:21:43.292+0000][21.287s][info ][gc,cpu      ] GC(36) User=0.03s Sys=0.00s Real=0.01s
[2025-05-04T23:21:43.293+0000][21.287s][info ][safepoint   ] Safepoint "G1CollectForAllocation", Time since last: 314680566 ns, Reaching safepoint: 201811 ns, Cleanup: 44102 ns, At safepoint: 6973494 ns, Total: 7219407 ns
[2025-05-04T23:21:43.767+0000][21.762s][debug][safepoint   ] Safepoint synchronization initiated using futex wait barrier. (19 threads)
[2025-05-04T23:21:43.768+0000][21.762s][info ][safepoint   ] Safepoint "ICBufferFull", Time since last: 474537691 ns, Reaching safepoint: 364021 ns, Cleanup: 93705 ns, At safepoint: 34202 ns, Total: 491928 ns
[2025-05-04T23:21:43.817+0000][21.811s][debug][safepoint   ] Safepoint synchronization initiated using futex wait barrier. (19 threads)
[2025-05-04T23:21:43.817+0000][21.812s][info ][gc,start    ] GC(37) Pause Young (Normal) (G1 Evacuation Pause)
[2025-05-04T23:21:43.817+0000][21.812s][info ][gc,task     ] GC(37) Using 8 workers of 8 for evacuation
[2025-05-04T23:21:43.830+0000][21.824s][info ][gc,phases   ] GC(37)   Pre Evacuate Collection Set: 0.2ms
[2025-05-04T23:21:43.830+0000][21.824s][info ][gc,phases   ] GC(37)   Merge Heap Roots: 0.1ms
[2025-05-04T23:21:43.830+0000][21.825s][info ][gc,phases   ] GC(37)   Evacuate Collection Set: 8.1ms
[2025-05-04T23:21:43.831+0000][21.825s][info ][gc,phases   ] GC(37)   Post Evacuate Collection Set: 3.4ms
[2025-05-04T23:21:43.831+0000][21.825s][info ][gc,phases   ] GC(37)   Other: 0.6ms
[2025-05-04T23:21:43.831+0000][21.825s][info ][gc,heap     ] GC(37) Eden regions: 59->0(59)
[2025-05-04T23:21:43.831+0000][21.826s][info ][gc,heap     ] GC(37) Survivor regions: 5->5(8)
[2025-05-04T23:21:43.831+0000][21.826s][info ][gc,heap     ] GC(37) Old regions: 21->21
[2025-05-04T23:21:43.832+0000][21.826s][info ][gc,heap     ] GC(37) Archive regions: 2->2
[2025-05-04T23:21:43.832+0000][21.826s][info ][gc,heap     ] GC(37) Humongous regions: 0->0
[2025-05-04T23:21:43.832+0000][21.827s][info ][gc,metaspace] GC(37) Metaspace: 78515K(79104K)->78515K(79104K) NonClass: 68059K(68352K)->68059K(68352K) Class: 10455K(10752K)->10455K(10752K)
[2025-05-04T23:21:43.832+0000][21.827s][info ][gc          ] GC(37) Pause Young (Normal) (G1 Evacuation Pause) 169M->52M(216M) 15.019ms
[2025-05-04T23:21:43.832+0000][21.827s][info ][gc,cpu      ] GC(37) User=0.08s Sys=0.01s Real=0.02s
[2025-05-04T23:21:43.833+0000][21.827s][info ][safepoint   ] Safepoint "G1CollectForAllocation", Time since last: 49279182 ns, Reaching safepoint: 316018 ns, Cleanup: 46803 ns, At safepoint: 15648983 ns, Total: 16011804 ns
[2025-05-04T23:21:43.930+0000][21.924s][debug][safepoint   ] Safepoint synchronization initiated using futex wait barrier. (19 threads)
[2025-05-04T23:21:43.930+0000][21.925s][info ][safepoint   ] Safepoint "ICBufferFull", Time since last: 96721061 ns, Reaching safepoint: 379121 ns, Cleanup: 118507 ns, At safepoint: 46303 ns, Total: 543931 ns
[2025-05-04T23:21:44.604+0000][22.598s][debug][safepoint   ] Safepoint synchronization initiated using futex wait barrier. (19 threads)
[2025-05-04T23:21:44.611+0000][22.606s][info ][safepoint   ] Safepoint "ICBufferFull", Time since last: 673583628 ns, Reaching safepoint: 7461722 ns, Cleanup: 236313 ns, At safepoint: 10201 ns, Total: 7708236 ns
[2025-05-04T23:21:44.616+0000][22.611s][debug][safepoint   ] Safepoint synchronization initiated using futex wait barrier. (19 threads)
[2025-05-04T23:21:44.618+0000][22.613s][info ][safepoint   ] Safepoint "ICBufferFull", Time since last: 4891376 ns, Reaching safepoint: 2082817 ns, Cleanup: 14401 ns, At safepoint: 4900 ns, Total: 2102118 ns
[2025-05-04T23:21:45.242+0000][23.236s][debug][safepoint   ] Safepoint synchronization initiated using futex wait barrier. (19 threads)
[2025-05-04T23:21:45.242+0000][23.237s][info ][gc,start    ] GC(38) Pause Young (Normal) (G1 Evacuation Pause)
[2025-05-04T23:21:45.243+0000][23.237s][info ][gc,task     ] GC(38) Using 8 workers of 8 for evacuation
[2025-05-04T23:21:45.258+0000][23.253s][info ][gc,phases   ] GC(38)   Pre Evacuate Collection Set: 0.1ms
[2025-05-04T23:21:45.259+0000][23.253s][info ][gc,phases   ] GC(38)   Merge Heap Roots: 0.1ms
[2025-05-04T23:21:45.259+0000][23.253s][info ][gc,phases   ] GC(38)   Evacuate Collection Set: 13.4ms
[2025-05-04T23:21:45.259+0000][23.253s][info ][gc,phases   ] GC(38)   Post Evacuate Collection Set: 1.7ms
[2025-05-04T23:21:45.259+0000][23.254s][info ][gc,phases   ] GC(38)   Other: 0.5ms
[2025-05-04T23:21:45.259+0000][23.254s][info ][gc,heap     ] GC(38) Eden regions: 59->0(58)
[2025-05-04T23:21:45.260+0000][23.254s][info ][gc,heap     ] GC(38) Survivor regions: 5->6(8)
[2025-05-04T23:21:45.260+0000][23.254s][info ][gc,heap     ] GC(38) Old regions: 21->22
[2025-05-04T23:21:45.260+0000][23.254s][info ][gc,heap     ] GC(38) Archive regions: 2->2
[2025-05-04T23:21:45.260+0000][23.254s][info ][gc,heap     ] GC(38) Humongous regions: 0->0
[2025-05-04T23:21:45.260+0000][23.255s][info ][gc,metaspace] GC(38) Metaspace: 81651K(82240K)->81651K(82240K) NonClass: 70922K(71232K)->70922K(71232K) Class: 10728K(11008K)->10728K(11008K)
[2025-05-04T23:21:45.260+0000][23.255s][info ][gc          ] GC(38) Pause Young (Normal) (G1 Evacuation Pause) 170M->56M(216M) 17.915ms
[2025-05-04T23:21:45.260+0000][23.255s][info ][gc,cpu      ] GC(38) User=0.13s Sys=0.00s Real=0.02s
[2025-05-04T23:21:45.261+0000][23.255s][info ][safepoint   ] Safepoint "G1CollectForAllocation", Time since last: 623469500 ns, Reaching safepoint: 315018 ns, Cleanup: 113506 ns, At safepoint: 18225629 ns, Total: 18654153 ns
[2025-05-04T23:21:46.098+0000][24.092s][debug][safepoint   ] Safepoint synchronization initiated using futex wait barrier. (23 threads)
[2025-05-04T23:21:46.100+0000][24.095s][info ][gc,start    ] GC(39) Pause Young (Normal) (G1 Evacuation Pause)
[2025-05-04T23:21:46.101+0000][24.095s][info ][gc,task     ] GC(39) Using 8 workers of 8 for evacuation
[2025-05-04T23:21:46.118+0000][24.113s][info ][gc,phases   ] GC(39)   Pre Evacuate Collection Set: 0.2ms
[2025-05-04T23:21:46.118+0000][24.113s][info ][gc,phases   ] GC(39)   Merge Heap Roots: 0.1ms
[2025-05-04T23:21:46.119+0000][24.113s][info ][gc,phases   ] GC(39)   Evacuate Collection Set: 14.5ms
[2025-05-04T23:21:46.119+0000][24.113s][info ][gc,phases   ] GC(39)   Post Evacuate Collection Set: 1.4ms
[2025-05-04T23:21:46.119+0000][24.113s][info ][gc,phases   ] GC(39)   Other: 1.8ms
[2025-05-04T23:21:46.119+0000][24.114s][info ][gc,heap     ] GC(39) Eden regions: 58->0(57)
[2025-05-04T23:21:46.119+0000][24.114s][info ][gc,heap     ] GC(39) Survivor regions: 6->7(8)
[2025-05-04T23:21:46.119+0000][24.114s][info ][gc,heap     ] GC(39) Old regions: 22->24
[2025-05-04T23:21:46.120+0000][24.114s][info ][gc,heap     ] GC(39) Archive regions: 2->2
[2025-05-04T23:21:46.120+0000][24.114s][info ][gc,heap     ] GC(39) Humongous regions: 0->0
[2025-05-04T23:21:46.121+0000][24.115s][info ][gc,metaspace] GC(39) Metaspace: 84288K(84864K)->84288K(84864K) NonClass: 73362K(73664K)->73362K(73664K) Class: 10926K(11200K)->10926K(11200K)
[2025-05-04T23:21:46.121+0000][24.116s][info ][gc          ] GC(39) Pause Young (Normal) (G1 Evacuation Pause) 172M->60M(216M) 20.742ms
[2025-05-04T23:21:46.121+0000][24.116s][info ][gc,cpu      ] GC(39) User=0.11s Sys=0.00s Real=0.02s
[2025-05-04T23:21:46.122+0000][24.116s][info ][safepoint   ] Safepoint "G1CollectForAllocation", Time since last: 837070096 ns, Reaching safepoint: 2527244 ns, Cleanup: 128807 ns, At safepoint: 21300312 ns, Total: 23956363 ns
[2025-05-04T23:21:47.123+0000][25.117s][debug][safepoint   ] Safepoint synchronization initiated using futex wait barrier. (23 threads)
[2025-05-04T23:21:47.123+0000][25.118s][info ][safepoint   ] Safepoint "Cleanup", Time since last: 1001419668 ns, Reaching safepoint: 342220 ns, Cleanup: 101205 ns, At safepoint: 38802 ns, Total: 482227 ns
[2025-05-04T23:21:47.353+0000][25.347s][debug][safepoint   ] Safepoint synchronization initiated using futex wait barrier. (32 threads)
[2025-05-04T23:21:47.353+0000][25.348s][info ][gc,start    ] GC(40) Pause Young (Normal) (G1 Evacuation Pause)
[2025-05-04T23:21:47.353+0000][25.348s][info ][gc,task     ] GC(40) Using 8 workers of 8 for evacuation
[2025-05-04T23:21:47.368+0000][25.362s][info ][gc,phases   ] GC(40)   Pre Evacuate Collection Set: 0.2ms
[2025-05-04T23:21:47.368+0000][25.363s][info ][gc,phases   ] GC(40)   Merge Heap Roots: 0.1ms
[2025-05-04T23:21:47.368+0000][25.363s][info ][gc,phases   ] GC(40)   Evacuate Collection Set: 12.0ms
[2025-05-04T23:21:47.368+0000][25.363s][info ][gc,phases   ] GC(40)   Post Evacuate Collection Set: 1.8ms
[2025-05-04T23:21:47.369+0000][25.363s][info ][gc,phases   ] GC(40)   Other: 0.5ms
[2025-05-04T23:21:47.369+0000][25.363s][info ][gc,heap     ] GC(40) Eden regions: 57->0(57)
[2025-05-04T23:21:47.369+0000][25.363s][info ][gc,heap     ] GC(40) Survivor regions: 7->6(8)
[2025-05-04T23:21:47.369+0000][25.364s][info ][gc,heap     ] GC(40) Old regions: 24->26
[2025-05-04T23:21:47.370+0000][25.364s][info ][gc,heap     ] GC(40) Archive regions: 2->2
[2025-05-04T23:21:47.370+0000][25.365s][info ][gc,heap     ] GC(40) Humongous regions: 0->0
[2025-05-04T23:21:47.370+0000][25.365s][info ][gc,metaspace] GC(40) Metaspace: 87532K(88128K)->87532K(88128K) NonClass: 76290K(76608K)->76290K(76608K) Class: 11241K(11520K)->11241K(11520K)
[2025-05-04T23:21:47.371+0000][25.365s][info ][gc          ] GC(40) Pause Young (Normal) (G1 Evacuation Pause) 174M->63M(216M) 17.475ms
[2025-05-04T23:21:47.371+0000][25.366s][info ][gc,cpu      ] GC(40) User=0.10s Sys=0.00s Real=0.01s
[2025-05-04T23:21:47.372+0000][25.366s][info ][safepoint   ] Safepoint "G1CollectForAllocation", Time since last: 229385150 ns, Reaching safepoint: 248014 ns, Cleanup: 34702 ns, At safepoint: 18608558 ns, Total: 18891274 ns
[2025-05-04T23:21:48.307+0000][26.302s][debug][safepoint   ] Safepoint synchronization initiated using futex wait barrier. (33 threads)
[2025-05-04T23:21:48.308+0000][26.303s][info ][gc,start    ] GC(41) Pause Young (Normal) (G1 Evacuation Pause)
[2025-05-04T23:21:48.309+0000][26.303s][info ][gc,task     ] GC(41) Using 8 workers of 8 for evacuation
[2025-05-04T23:21:48.320+0000][26.315s][info ][gc,phases   ] GC(41)   Pre Evacuate Collection Set: 0.2ms
[2025-05-04T23:21:48.321+0000][26.315s][info ][gc,phases   ] GC(41)   Merge Heap Roots: 0.1ms
[2025-05-04T23:21:48.321+0000][26.315s][info ][gc,phases   ] GC(41)   Evacuate Collection Set: 9.8ms
[2025-05-04T23:21:48.321+0000][26.316s][info ][gc,phases   ] GC(41)   Post Evacuate Collection Set: 1.4ms
[2025-05-04T23:21:48.322+0000][26.316s][info ][gc,phases   ] GC(41)   Other: 0.7ms
[2025-05-04T23:21:48.322+0000][26.316s][info ][gc,heap     ] GC(41) Eden regions: 57->0(55)
[2025-05-04T23:21:48.322+0000][26.316s][info ][gc,heap     ] GC(41) Survivor regions: 6->6(8)
[2025-05-04T23:21:48.322+0000][26.317s][info ][gc,heap     ] GC(41) Old regions: 26->28
[2025-05-04T23:21:48.322+0000][26.317s][info ][gc,heap     ] GC(41) Archive regions: 2->2
[2025-05-04T23:21:48.322+0000][26.317s][info ][gc,heap     ] GC(41) Humongous regions: 0->0
[2025-05-04T23:21:48.323+0000][26.317s][info ][gc,metaspace] GC(41) Metaspace: 90274K(90944K)->90274K(90944K) NonClass: 78873K(79232K)->78873K(79232K) Class: 11400K(11712K)->11400K(11712K)
[2025-05-04T23:21:48.323+0000][26.317s][info ][gc          ] GC(41) Pause Young (Normal) (G1 Evacuation Pause) 177M->66M(216M) 14.421ms
[2025-05-04T23:21:48.323+0000][26.317s][info ][gc,cpu      ] GC(41) User=0.10s Sys=0.00s Real=0.02s
[2025-05-04T23:21:48.323+0000][26.318s][info ][safepoint   ] Safepoint "G1CollectForAllocation", Time since last: 935354910 ns, Reaching safepoint: 1126564 ns, Cleanup: 88505 ns, At safepoint: 14780341 ns, Total: 15995410 ns
[2025-05-04T23:21:49.091+0000][27.086s][debug][safepoint   ] Safepoint synchronization initiated using futex wait barrier. (33 threads)
[2025-05-04T23:21:49.092+0000][27.086s][info ][gc,start    ] GC(42) Pause Young (Normal) (G1 Evacuation Pause)
[2025-05-04T23:21:49.092+0000][27.087s][info ][gc,task     ] GC(42) Using 8 workers of 8 for evacuation
[2025-05-04T23:21:49.102+0000][27.097s][info ][gc,phases   ] GC(42)   Pre Evacuate Collection Set: 0.2ms
[2025-05-04T23:21:49.102+0000][27.097s][info ][gc,phases   ] GC(42)   Merge Heap Roots: 0.1ms
[2025-05-04T23:21:49.103+0000][27.097s][info ][gc,phases   ] GC(42)   Evacuate Collection Set: 8.1ms
[2025-05-04T23:21:49.103+0000][27.097s][info ][gc,phases   ] GC(42)   Post Evacuate Collection Set: 1.3ms
[2025-05-04T23:21:49.103+0000][27.097s][info ][gc,phases   ] GC(42)   Other: 0.6ms
[2025-05-04T23:21:49.103+0000][27.097s][info ][gc,heap     ] GC(42) Eden regions: 55->0(73)
[2025-05-04T23:21:49.103+0000][27.098s][info ][gc,heap     ] GC(42) Survivor regions: 6->5(8)
[2025-05-04T23:21:49.103+0000][27.098s][info ][gc,heap     ] GC(42) Old regions: 28->30
[2025-05-04T23:21:49.103+0000][27.098s][info ][gc,heap     ] GC(42) Archive regions: 2->2
[2025-05-04T23:21:49.103+0000][27.098s][info ][gc,heap     ] GC(42) Humongous regions: 0->0
[2025-05-04T23:21:49.103+0000][27.098s][info ][gc,metaspace] GC(42) Metaspace: 91068K(91712K)->91068K(91712K) NonClass: 79580K(79936K)->79580K(79936K) Class: 11487K(11776K)->11487K(11776K)
[2025-05-04T23:21:49.104+0000][27.098s][info ][gc          ] GC(42) Pause Young (Normal) (G1 Evacuation Pause) 176M->69M(260M) 11.550ms
[2025-05-04T23:21:49.104+0000][27.098s][info ][gc,cpu      ] GC(42) User=0.08s Sys=0.00s Real=0.02s
[2025-05-04T23:21:49.104+0000][27.098s][info ][safepoint   ] Safepoint "G1CollectForAllocation", Time since last: 768273005 ns, Reaching safepoint: 507029 ns, Cleanup: 105606 ns, At safepoint: 11857874 ns, Total: 12470509 ns
[2025-05-04T23:21:50.136+0000][28.131s][debug][safepoint   ] Safepoint synchronization initiated using futex wait barrier. (33 threads)
[2025-05-04T23:21:50.139+0000][28.133s][info ][safepoint   ] Safepoint "Cleanup", Time since last: 1032500537 ns, Reaching safepoint: 2455339 ns, Cleanup: 78905 ns, At safepoint: 60803 ns, Total: 2595047 ns
[2025-05-04T23:21:50.193+0000][28.188s][debug][safepoint   ] Safepoint synchronization initiated using futex wait barrier. (33 threads)
[2025-05-04T23:21:50.194+0000][28.188s][info ][gc,start    ] GC(43) Pause Young (Normal) (G1 Evacuation Pause)
[2025-05-04T23:21:50.194+0000][28.189s][info ][gc,task     ] GC(43) Using 8 workers of 8 for evacuation
[2025-05-04T23:21:50.203+0000][28.198s][info ][gc,phases   ] GC(43)   Pre Evacuate Collection Set: 0.2ms
[2025-05-04T23:21:50.204+0000][28.198s][info ][gc,phases   ] GC(43)   Merge Heap Roots: 0.1ms
[2025-05-04T23:21:50.204+0000][28.198s][info ][gc,phases   ] GC(43)   Evacuate Collection Set: 7.4ms
[2025-05-04T23:21:50.204+0000][28.198s][info ][gc,phases   ] GC(43)   Post Evacuate Collection Set: 1.3ms
[2025-05-04T23:21:50.204+0000][28.198s][info ][gc,phases   ] GC(43)   Other: 0.4ms
[2025-05-04T23:21:50.204+0000][28.199s][info ][gc,heap     ] GC(43) Eden regions: 73->0(72)
[2025-05-04T23:21:50.204+0000][28.199s][info ][gc,heap     ] GC(43) Survivor regions: 5->6(10)
[2025-05-04T23:21:50.204+0000][28.199s][info ][gc,heap     ] GC(43) Old regions: 30->30
[2025-05-04T23:21:50.205+0000][28.199s][info ][gc,heap     ] GC(43) Archive regions: 2->2
[2025-05-04T23:21:50.205+0000][28.199s][info ][gc,heap     ] GC(43) Humongous regions: 0->0
[2025-05-04T23:21:50.205+0000][28.199s][info ][gc,metaspace] GC(43) Metaspace: 93170K(93824K)->93170K(93824K) NonClass: 81379K(81728K)->81379K(81728K) Class: 11791K(12096K)->11791K(12096K)
[2025-05-04T23:21:50.205+0000][28.199s][info ][gc          ] GC(43) Pause Young (Normal) (G1 Evacuation Pause) 215M->71M(260M) 11.138ms
[2025-05-04T23:21:50.205+0000][28.200s][info ][gc,cpu      ] GC(43) User=0.05s Sys=0.00s Real=0.01s
[2025-05-04T23:21:50.205+0000][28.200s][info ][safepoint   ] Safepoint "G1CollectForAllocation", Time since last: 54574405 ns, Reaching safepoint: 279616 ns, Cleanup: 54303 ns, At safepoint: 11460252 ns, Total: 11794171 ns
[2025-05-04T23:21:51.235+0000][29.230s][debug][safepoint   ] Safepoint synchronization initiated using futex wait barrier. (33 threads)
[2025-05-04T23:21:51.236+0000][29.230s][info ][gc,start    ] GC(44) Pause Young (Normal) (G1 Evacuation Pause)
[2025-05-04T23:21:51.236+0000][29.230s][info ][gc,task     ] GC(44) Using 8 workers of 8 for evacuation
[2025-05-04T23:21:51.253+0000][29.248s][info ][gc,phases   ] GC(44)   Pre Evacuate Collection Set: 0.1ms
[2025-05-04T23:21:51.254+0000][29.248s][info ][gc,phases   ] GC(44)   Merge Heap Roots: 0.1ms
[2025-05-04T23:21:51.254+0000][29.249s][info ][gc,phases   ] GC(44)   Evacuate Collection Set: 13.9ms
[2025-05-04T23:21:51.254+0000][29.249s][info ][gc,phases   ] GC(44)   Post Evacuate Collection Set: 3.2ms
[2025-05-04T23:21:51.255+0000][29.249s][info ][gc,phases   ] GC(44)   Other: 0.4ms
[2025-05-04T23:21:51.255+0000][29.249s][info ][gc,heap     ] GC(44) Eden regions: 72->0(72)
[2025-05-04T23:21:51.255+0000][29.250s][info ][gc,heap     ] GC(44) Survivor regions: 6->6(10)
[2025-05-04T23:21:51.255+0000][29.250s][info ][gc,heap     ] GC(44) Old regions: 30->31
[2025-05-04T23:21:51.255+0000][29.250s][info ][gc,heap     ] GC(44) Archive regions: 2->2
[2025-05-04T23:21:51.255+0000][29.250s][info ][gc,heap     ] GC(44) Humongous regions: 0->0
[2025-05-04T23:21:51.256+0000][29.250s][info ][gc,metaspace] GC(44) Metaspace: 95073K(95744K)->95073K(95744K) NonClass: 83036K(83328K)->83036K(83328K) Class: 12036K(12416K)->12036K(12416K)
[2025-05-04T23:21:51.256+0000][29.250s][info ][gc          ] GC(44) Pause Young (Normal) (G1 Evacuation Pause) 215M->73M(260M) 20.071ms
[2025-05-04T23:21:51.256+0000][29.250s][info ][gc,cpu      ] GC(44) User=0.12s Sys=0.00s Real=0.02s
[2025-05-04T23:21:51.256+0000][29.251s][info ][safepoint   ] Safepoint "G1CollectForAllocation", Time since last: 1030056697 ns, Reaching safepoint: 210712 ns, Cleanup: 92005 ns, At safepoint: 20442263 ns, Total: 20744980 ns
[2025-05-04T23:21:52.501+0000][30.495s][debug][safepoint   ] Safepoint synchronization initiated using futex wait barrier. (42 threads)
[2025-05-04T23:21:52.501+0000][30.496s][info ][safepoint   ] Safepoint "Cleanup", Time since last: 1244431692 ns, Reaching safepoint: 379222 ns, Cleanup: 98206 ns, At safepoint: 24101 ns, Total: 501529 ns
[2025-05-04T23:21:52.506+0000][30.501s][debug][safepoint   ] Safepoint synchronization initiated using futex wait barrier. (42 threads)
[2025-05-04T23:21:52.507+0000][30.501s][info ][gc,start    ] GC(45) Pause Young (Normal) (G1 Evacuation Pause)
[2025-05-04T23:21:52.507+0000][30.501s][info ][gc,task     ] GC(45) Using 8 workers of 8 for evacuation
[2025-05-04T23:21:52.520+0000][30.514s][info ][gc,phases   ] GC(45)   Pre Evacuate Collection Set: 0.1ms
[2025-05-04T23:21:52.520+0000][30.514s][info ][gc,phases   ] GC(45)   Merge Heap Roots: 0.1ms
[2025-05-04T23:21:52.520+0000][30.515s][info ][gc,phases   ] GC(45)   Evacuate Collection Set: 11.3ms
[2025-05-04T23:21:52.520+0000][30.515s][info ][gc,phases   ] GC(45)   Post Evacuate Collection Set: 1.1ms
[2025-05-04T23:21:52.520+0000][30.515s][info ][gc,phases   ] GC(45)   Other: 0.4ms
[2025-05-04T23:21:52.520+0000][30.515s][info ][gc,heap     ] GC(45) Eden regions: 72->0(70)
[2025-05-04T23:21:52.521+0000][30.515s][info ][gc,heap     ] GC(45) Survivor regions: 6->6(10)
[2025-05-04T23:21:52.521+0000][30.515s][info ][gc,heap     ] GC(45) Old regions: 31->33
[2025-05-04T23:21:52.521+0000][30.515s][info ][gc,heap     ] GC(45) Archive regions: 2->2
[2025-05-04T23:21:52.521+0000][30.515s][info ][gc,heap     ] GC(45) Humongous regions: 0->0
[2025-05-04T23:21:52.521+0000][30.515s][info ][gc,metaspace] GC(45) Metaspace: 98531K(99200K)->98531K(99200K) NonClass: 86010K(86400K)->86010K(86400K) Class: 12520K(12800K)->12520K(12800K)
[2025-05-04T23:21:52.521+0000][30.516s][info ][gc          ] GC(45) Pause Young (Normal) (G1 Evacuation Pause) 217M->77M(260M) 14.322ms
[2025-05-04T23:21:52.521+0000][30.516s][info ][gc,cpu      ] GC(45) User=0.08s Sys=0.00s Real=0.01s
[2025-05-04T23:21:52.521+0000][30.516s][info ][safepoint   ] Safepoint "G1CollectForAllocation", Time since last: 5403807 ns, Reaching safepoint: 264315 ns, Cleanup: 14601 ns, At safepoint: 14662434 ns, Total: 14941350 ns
[2025-05-04T23:21:53.435+0000][31.430s][debug][safepoint   ] Safepoint synchronization initiated using futex wait barrier. (42 threads)
[2025-05-04T23:21:53.435+0000][31.430s][info ][gc,start    ] GC(46) Pause Young (Normal) (G1 Evacuation Pause)
[2025-05-04T23:21:53.436+0000][31.430s][info ][gc,task     ] GC(46) Using 8 workers of 8 for evacuation
[2025-05-04T23:21:53.451+0000][31.446s][info ][gc,phases   ] GC(46)   Pre Evacuate Collection Set: 0.1ms
[2025-05-04T23:21:53.452+0000][31.446s][info ][gc,phases   ] GC(46)   Merge Heap Roots: 0.1ms
[2025-05-04T23:21:53.452+0000][31.446s][info ][gc,phases   ] GC(46)   Evacuate Collection Set: 13.6ms
[2025-05-04T23:21:53.452+0000][31.446s][info ][gc,phases   ] GC(46)   Post Evacuate Collection Set: 1.7ms
[2025-05-04T23:21:53.452+0000][31.446s][info ][gc,phases   ] GC(46)   Other: 0.3ms
[2025-05-04T23:21:53.452+0000][31.447s][info ][gc,heap     ] GC(46) Eden regions: 70->0(69)
[2025-05-04T23:21:53.452+0000][31.447s][info ][gc,heap     ] GC(46) Survivor regions: 6->6(10)
[2025-05-04T23:21:53.452+0000][31.447s][info ][gc,heap     ] GC(46) Old regions: 33->34
[2025-05-04T23:21:53.452+0000][31.447s][info ][gc,heap     ] GC(46) Archive regions: 2->2
[2025-05-04T23:21:53.453+0000][31.447s][info ][gc,heap     ] GC(46) Humongous regions: 0->0
[2025-05-04T23:21:53.453+0000][31.447s][info ][gc,metaspace] GC(46) Metaspace: 100568K(101248K)->100568K(101248K) NonClass: 87719K(88064K)->87719K(88064K) Class: 12848K(13184K)->12848K(13184K)
[2025-05-04T23:21:53.454+0000][31.449s][info ][gc          ] GC(46) Pause Young (Normal) (G1 Evacuation Pause) 217M->79M(260M) 18.889ms
[2025-05-04T23:21:53.455+0000][31.449s][info ][gc,cpu      ] GC(46) User=0.13s Sys=0.00s Real=0.02s
[2025-05-04T23:21:53.456+0000][31.450s][info ][safepoint   ] Safepoint "G1CollectForAllocation", Time since last: 913687477 ns, Reaching safepoint: 228513 ns, Cleanup: 74105 ns, At safepoint: 20364658 ns, Total: 20667276 ns
[2025-05-04T23:21:54.205+0000][32.199s][debug][safepoint   ] Safepoint synchronization initiated using futex wait barrier. (42 threads)
[2025-05-04T23:21:54.205+0000][32.200s][info ][gc,start    ] GC(47) Pause Young (Normal) (G1 Evacuation Pause)
[2025-05-04T23:21:54.205+0000][32.200s][info ][gc,task     ] GC(47) Using 8 workers of 8 for evacuation
[2025-05-04T23:21:54.218+0000][32.212s][info ][gc,phases   ] GC(47)   Pre Evacuate Collection Set: 0.2ms
[2025-05-04T23:21:54.218+0000][32.213s][info ][gc,phases   ] GC(47)   Merge Heap Roots: 0.1ms
[2025-05-04T23:21:54.218+0000][32.213s][info ][gc,phases   ] GC(47)   Evacuate Collection Set: 9.7ms
[2025-05-04T23:21:54.219+0000][32.213s][info ][gc,phases   ] GC(47)   Post Evacuate Collection Set: 2.5ms
[2025-05-04T23:21:54.219+0000][32.213s][info ][gc,phases   ] GC(47)   Other: 0.4ms
[2025-05-04T23:21:54.219+0000][32.214s][info ][gc,heap     ] GC(47) Eden regions: 69->0(68)
[2025-05-04T23:21:54.219+0000][32.214s][info ][gc,heap     ] GC(47) Survivor regions: 6->6(10)
[2025-05-04T23:21:54.219+0000][32.214s][info ][gc,heap     ] GC(47) Old regions: 34->35
[2025-05-04T23:21:54.219+0000][32.214s][info ][gc,heap     ] GC(47) Archive regions: 2->2
[2025-05-04T23:21:54.220+0000][32.214s][info ][gc,heap     ] GC(47) Humongous regions: 0->0
[2025-05-04T23:21:54.220+0000][32.214s][info ][gc,metaspace] GC(47) Metaspace: 102325K(103040K)->102325K(103040K) NonClass: 89232K(89600K)->89232K(89600K) Class: 13093K(13440K)->13093K(13440K)
[2025-05-04T23:21:54.220+0000][32.214s][info ][gc          ] GC(47) Pause Young (Normal) (G1 Evacuation Pause) 217M->81M(260M) 14.715ms
[2025-05-04T23:21:54.220+0000][32.214s][info ][gc,cpu      ] GC(47) User=0.08s Sys=0.00s Real=0.01s
[2025-05-04T23:21:54.220+0000][32.215s][info ][safepoint   ] Safepoint "G1CollectForAllocation", Time since last: 748974828 ns, Reaching safepoint: 303818 ns, Cleanup: 56203 ns, At safepoint: 15071862 ns, Total: 15431883 ns
[2025-05-04T23:21:54.809+0000][32.804s][debug][safepoint   ] Safepoint synchronization initiated using futex wait barrier. (54 threads)
[2025-05-04T23:21:54.810+0000][32.804s][info ][gc,start    ] GC(48) Pause Young (Concurrent Start) (Metadata GC Threshold)
[2025-05-04T23:21:54.811+0000][32.805s][info ][gc,task     ] GC(48) Using 8 workers of 8 for evacuation
[2025-05-04T23:21:54.826+0000][32.821s][info ][gc,phases   ] GC(48)   Pre Evacuate Collection Set: 0.3ms
[2025-05-04T23:21:54.826+0000][32.821s][info ][gc,phases   ] GC(48)   Merge Heap Roots: 0.2ms
[2025-05-04T23:21:54.827+0000][32.821s][info ][gc,phases   ] GC(48)   Evacuate Collection Set: 11.9ms
[2025-05-04T23:21:54.827+0000][32.821s][info ][gc,phases   ] GC(48)   Post Evacuate Collection Set: 2.5ms
[2025-05-04T23:21:54.827+0000][32.822s][info ][gc,phases   ] GC(48)   Other: 1.4ms
[2025-05-04T23:21:54.827+0000][32.822s][info ][gc,heap     ] GC(48) Eden regions: 31->0(67)
[2025-05-04T23:21:54.827+0000][32.822s][info ][gc,heap     ] GC(48) Survivor regions: 6->6(10)
[2025-05-04T23:21:54.828+0000][32.822s][info ][gc,heap     ] GC(48) Old regions: 35->36
[2025-05-04T23:21:54.828+0000][32.822s][info ][gc,heap     ] GC(48) Archive regions: 2->2
[2025-05-04T23:21:54.829+0000][32.823s][info ][gc,heap     ] GC(48) Humongous regions: 0->0
[2025-05-04T23:21:54.829+0000][32.824s][info ][gc,metaspace] GC(48) Metaspace: 104725K(105408K)->104725K(105408K) NonClass: 91290K(91648K)->91290K(91648K) Class: 13434K(13760K)->13434K(13760K)
[2025-05-04T23:21:54.830+0000][32.824s][info ][gc          ] GC(48) Pause Young (Concurrent Start) (Metadata GC Threshold) 143M->83M(260M) 19.664ms
[2025-05-04T23:21:54.830+0000][32.824s][info ][gc,cpu      ] GC(48) User=0.12s Sys=0.00s Real=0.02s
[2025-05-04T23:21:54.830+0000][32.825s][info ][gc          ] GC(49) Concurrent Mark Cycle
[2025-05-04T23:21:54.830+0000][32.825s][info ][safepoint   ] Safepoint "CollectForMetadataAllocation", Time since last: 589243892 ns, Reaching safepoint: 377022 ns, Cleanup: 168409 ns, At safepoint: 20291861 ns, Total: 20837292 ns
[2025-05-04T23:21:54.830+0000][32.825s][info ][gc,marking  ] GC(49) Concurrent Clear Claimed Marks
[2025-05-04T23:21:54.846+0000][32.840s][info ][gc,marking  ] GC(49) Concurrent Clear Claimed Marks 15.437ms
[2025-05-04T23:21:54.846+0000][32.841s][info ][gc,marking  ] GC(49) Concurrent Scan Root Regions
[2025-05-04T23:21:54.862+0000][32.857s][info ][gc,marking  ] GC(49) Concurrent Scan Root Regions 16.250ms
[2025-05-04T23:21:54.863+0000][32.857s][info ][gc,marking  ] GC(49) Concurrent Mark
[2025-05-04T23:21:54.863+0000][32.858s][info ][gc,marking  ] GC(49) Concurrent Mark From Roots
[2025-05-04T23:21:54.863+0000][32.858s][info ][gc,task     ] GC(49) Using 2 workers of 2 for marking
[2025-05-04T23:21:54.885+0000][32.880s][debug][safepoint   ] Safepoint synchronization initiated using futex wait barrier. (54 threads)
[2025-05-04T23:21:54.886+0000][32.880s][info ][safepoint   ] Safepoint "CollectForMetadataAllocation", Time since last: 54627423 ns, Reaching safepoint: 650437 ns, Cleanup: 27702 ns, At safepoint: 76504 ns, Total: 754643 ns
[2025-05-04T23:21:54.992+0000][32.987s][info ][gc,marking  ] GC(49) Concurrent Mark From Roots 129.108ms
[2025-05-04T23:21:54.993+0000][32.987s][info ][gc,marking  ] GC(49) Concurrent Preclean
[2025-05-04T23:21:54.993+0000][32.988s][info ][gc,marking  ] GC(49) Concurrent Preclean 0.470ms
[2025-05-04T23:21:54.993+0000][32.988s][debug][safepoint   ] Safepoint synchronization initiated using futex wait barrier. (54 threads)
[2025-05-04T23:21:54.994+0000][32.988s][info ][gc,start    ] GC(49) Pause Remark
[2025-05-04T23:21:55.002+0000][32.996s][info ][gc          ] GC(49) Pause Remark 86M->86M(260M) 7.938ms
[2025-05-04T23:21:55.002+0000][32.997s][info ][gc,cpu      ] GC(49) User=0.04s Sys=0.00s Real=0.00s
[2025-05-04T23:21:55.003+0000][32.997s][info ][safepoint   ] Safepoint "G1PauseRemark", Time since last: 107909970 ns, Reaching safepoint: 331019 ns, Cleanup: 19901 ns, At safepoint: 8690897 ns, Total: 9041817 ns
[2025-05-04T23:21:55.003+0000][32.998s][info ][gc,marking  ] GC(49) Concurrent Mark 140.285ms
[2025-05-04T23:21:55.003+0000][32.998s][info ][gc,marking  ] GC(49) Concurrent Rebuild Remembered Sets
[2025-05-04T23:21:55.064+0000][33.059s][info ][gc,marking  ] GC(49) Concurrent Rebuild Remembered Sets 60.602ms
[2025-05-04T23:21:55.066+0000][33.060s][debug][safepoint   ] Safepoint synchronization initiated using futex wait barrier. (54 threads)
[2025-05-04T23:21:55.066+0000][33.061s][info ][gc,start    ] GC(49) Pause Cleanup
[2025-05-04T23:21:55.066+0000][33.061s][info ][gc          ] GC(49) Pause Cleanup 87M->87M(260M) 0.424ms
[2025-05-04T23:21:55.067+0000][33.061s][info ][gc,cpu      ] GC(49) User=0.00s Sys=0.00s Real=0.00s
[2025-05-04T23:21:55.067+0000][33.061s][info ][safepoint   ] Safepoint "G1PauseCleanup", Time since last: 63174813 ns, Reaching safepoint: 263915 ns, Cleanup: 19001 ns, At safepoint: 851248 ns, Total: 1134164 ns
[2025-05-04T23:21:55.067+0000][33.062s][info ][gc,marking  ] GC(49) Concurrent Cleanup for Next Mark
[2025-05-04T23:21:55.068+0000][33.062s][info ][gc,marking  ] GC(49) Concurrent Cleanup for Next Mark 0.695ms
[2025-05-04T23:21:55.068+0000][33.062s][info ][gc          ] GC(49) Concurrent Mark Cycle 237.937ms
[2025-05-04T23:21:57.067+0000][35.062s][debug][safepoint   ] Safepoint synchronization initiated using futex wait barrier. (52 threads)
[2025-05-04T23:21:57.075+0000][35.069s][info ][safepoint   ] Safepoint "Cleanup", Time since last: 2000391180 ns, Reaching safepoint: 7501929 ns, Cleanup: 27702 ns, At safepoint: 8200 ns, Total: 7537831 ns
[2025-05-04T23:21:58.075+0000][36.070s][debug][safepoint   ] Safepoint synchronization initiated using futex wait barrier. (52 threads)
[2025-05-04T23:21:58.076+0000][36.070s][info ][safepoint   ] Safepoint "Cleanup", Time since last: 1000467906 ns, Reaching safepoint: 343819 ns, Cleanup: 67504 ns, At safepoint: 4100 ns, Total: 415423 ns
[2025-05-04T23:21:59.076+0000][37.071s][debug][safepoint   ] Safepoint synchronization initiated using futex wait barrier. (52 threads)
[2025-05-04T23:21:59.076+0000][37.071s][info ][safepoint   ] Safepoint "Cleanup", Time since last: 1000367900 ns, Reaching safepoint: 290617 ns, Cleanup: 12701 ns, At safepoint: 3300 ns, Total: 306618 ns
[2025-05-04T23:22:00.882+0000][38.877s][debug][safepoint   ] Safepoint synchronization initiated using futex wait barrier. (52 threads)
[2025-05-04T23:22:00.883+0000][38.877s][info ][safepoint   ] Safepoint "Cleanup", Time since last: 1805749650 ns, Reaching safepoint: 611835 ns, Cleanup: 27202 ns, At safepoint: 17501 ns, Total: 656538 ns
[2025-05-04T23:22:01.893+0000][39.888s][debug][safepoint   ] Safepoint synchronization initiated using futex wait barrier. (53 threads)
[2025-05-04T23:22:01.893+0000][39.888s][info ][safepoint   ] Safepoint "Cleanup", Time since last: 1010459147 ns, Reaching safepoint: 213012 ns, Cleanup: 41402 ns, At safepoint: 4101 ns, Total: 258515 ns
[2025-05-04T23:22:02.894+0000][40.888s][debug][safepoint   ] Safepoint synchronization initiated using futex wait barrier. (52 threads)
[2025-05-04T23:22:02.894+0000][40.889s][info ][safepoint   ] Safepoint "Cleanup", Time since last: 1000255777 ns, Reaching safepoint: 332019 ns, Cleanup: 11701 ns, At safepoint: 2800 ns, Total: 346520 ns
[2025-05-04T23:22:06.895+0000][44.889s][debug][safepoint   ] Safepoint synchronization initiated using futex wait barrier. (52 threads)
[2025-05-04T23:22:06.895+0000][44.890s][info ][safepoint   ] Safepoint "Cleanup", Time since last: 4000714592 ns, Reaching safepoint: 341120 ns, Cleanup: 45802 ns, At safepoint: 4001 ns, Total: 390923 ns
[2025-05-04T23:22:07.896+0000][45.890s][debug][safepoint   ] Safepoint synchronization initiated using futex wait barrier. (52 threads)
[2025-05-04T23:22:07.896+0000][45.890s][info ][safepoint   ] Safepoint "Cleanup", Time since last: 1000332682 ns, Reaching safepoint: 230513 ns, Cleanup: 34002 ns, At safepoint: 3600 ns, Total: 268115 ns
[2025-05-04T23:22:12.820+0000][50.817s][debug][safepoint   ] Safepoint synchronization initiated using futex wait barrier. (54 threads)
[2025-05-04T23:22:12.822+0000][50.818s][info ][safepoint   ] Safepoint "Cleanup", Time since last: 4926443596 ns, Reaching safepoint: 1309372 ns, Cleanup: 65204 ns, At safepoint: 29002 ns, Total: 1403578 ns
[2025-05-04T23:22:13.239+0000][51.235s][debug][safepoint   ] Safepoint synchronization initiated using futex wait barrier. (54 threads)
[2025-05-04T23:22:13.239+0000][51.235s][info ][gc,start    ] GC(50) Pause Young (Prepare Mixed) (G1 Evacuation Pause)
[2025-05-04T23:22:13.239+0000][51.235s][info ][gc,task     ] GC(50) Using 8 workers of 8 for evacuation
[2025-05-04T23:22:13.250+0000][51.246s][info ][gc,phases   ] GC(50)   Pre Evacuate Collection Set: 0.2ms
[2025-05-04T23:22:13.250+0000][51.246s][info ][gc,phases   ] GC(50)   Merge Heap Roots: 0.1ms
[2025-05-04T23:22:13.250+0000][51.247s][info ][gc,phases   ] GC(50)   Evacuate Collection Set: 8.4ms
[2025-05-04T23:22:13.251+0000][51.247s][info ][gc,phases   ] GC(50)   Post Evacuate Collection Set: 1.6ms
[2025-05-04T23:22:13.251+0000][51.247s][info ][gc,phases   ] GC(50)   Other: 0.4ms
[2025-05-04T23:22:13.251+0000][51.247s][info ][gc,heap     ] GC(50) Eden regions: 67->0(1)
[2025-05-04T23:22:13.251+0000][51.248s][info ][gc,heap     ] GC(50) Survivor regions: 6->7(10)
[2025-05-04T23:22:13.251+0000][51.248s][info ][gc,heap     ] GC(50) Old regions: 36->36
[2025-05-04T23:22:13.252+0000][51.248s][info ][gc,heap     ] GC(50) Archive regions: 2->2
[2025-05-04T23:22:13.252+0000][51.248s][info ][gc,heap     ] GC(50) Humongous regions: 0->0
[2025-05-04T23:22:13.252+0000][51.248s][info ][gc,metaspace] GC(50) Metaspace: 110461K(111168K)->110461K(111168K) NonClass: 96191K(96576K)->96191K(96576K) Class: 14269K(14592K)->14269K(14592K)
[2025-05-04T23:22:13.252+0000][51.249s][info ][gc          ] GC(50) Pause Young (Prepare Mixed) (G1 Evacuation Pause) 217M->85M(260M) 13.345ms
[2025-05-04T23:22:13.253+0000][51.249s][info ][gc,cpu      ] GC(50) User=0.09s Sys=0.00s Real=0.02s
[2025-05-04T23:22:13.253+0000][51.249s][info ][safepoint   ] Safepoint "G1CollectForAllocation", Time since last: 416908878 ns, Reaching safepoint: 241514 ns, Cleanup: 42702 ns, At safepoint: 13716759 ns, Total: 14000975 ns
[2025-05-04T23:22:13.264+0000][51.260s][debug][safepoint   ] Safepoint synchronization initiated using futex wait barrier. (54 threads)
[2025-05-04T23:22:13.265+0000][51.261s][info ][gc,start    ] GC(51) Pause Young (Mixed) (G1 Evacuation Pause)
[2025-05-04T23:22:13.265+0000][51.261s][info ][gc,task     ] GC(51) Using 8 workers of 8 for evacuation
[2025-05-04T23:22:13.275+0000][51.271s][info ][gc,phases   ] GC(51)   Pre Evacuate Collection Set: 0.2ms
[2025-05-04T23:22:13.275+0000][51.272s][info ][gc,phases   ] GC(51)   Merge Heap Roots: 0.2ms
[2025-05-04T23:22:13.276+0000][51.272s][info ][gc,phases   ] GC(51)   Evacuate Collection Set: 8.7ms
[2025-05-04T23:22:13.276+0000][51.272s][info ][gc,phases   ] GC(51)   Post Evacuate Collection Set: 1.1ms
[2025-05-04T23:22:13.276+0000][51.272s][info ][gc,phases   ] GC(51)   Other: 0.6ms
[2025-05-04T23:22:13.276+0000][51.272s][info ][gc,heap     ] GC(51) Eden regions: 1->0(68)
[2025-05-04T23:22:13.276+0000][51.272s][info ][gc,heap     ] GC(51) Survivor regions: 7->1(1)
[2025-05-04T23:22:13.276+0000][51.272s][info ][gc,heap     ] GC(51) Old regions: 36->41
[2025-05-04T23:22:13.276+0000][51.273s][info ][gc,heap     ] GC(51) Archive regions: 2->2
[2025-05-04T23:22:13.276+0000][51.273s][info ][gc,heap     ] GC(51) Humongous regions: 0->0
[2025-05-04T23:22:13.277+0000][51.273s][info ][gc,metaspace] GC(51) Metaspace: 110503K(111168K)->110503K(111168K) NonClass: 96220K(96576K)->96220K(96576K) Class: 14283K(14592K)->14283K(14592K)
[2025-05-04T23:22:13.277+0000][51.273s][info ][gc          ] GC(51) Pause Young (Mixed) (G1 Evacuation Pause) 87M->83M(260M) 12.110ms
[2025-05-04T23:22:13.277+0000][51.273s][info ][gc,cpu      ] GC(51) User=0.08s Sys=0.00s Real=0.01s
[2025-05-04T23:22:13.277+0000][51.273s][info ][safepoint   ] Safepoint "G1CollectForAllocation", Time since last: 11151918 ns, Reaching safepoint: 559231 ns, Cleanup: 21901 ns, At safepoint: 12474790 ns, Total: 13055922 ns
[2025-05-04T23:22:14.129+0000][52.126s][debug][safepoint   ] Safepoint synchronization initiated using futex wait barrier. (54 threads)
[2025-05-04T23:22:14.130+0000][52.126s][info ][safepoint   ] Safepoint "ICBufferFull", Time since last: 852307181 ns, Reaching safepoint: 257814 ns, Cleanup: 139608 ns, At safepoint: 37102 ns, Total: 434524 ns
[2025-05-04T23:22:14.323+0000][52.319s][debug][safepoint   ] Safepoint synchronization initiated using futex wait barrier. (54 threads)
[2025-05-04T23:22:14.323+0000][52.319s][info ][gc,start    ] GC(52) Pause Young (Concurrent Start) (G1 Evacuation Pause)
[2025-05-04T23:22:14.323+0000][52.320s][info ][gc,task     ] GC(52) Using 8 workers of 8 for evacuation
[2025-05-04T23:22:14.330+0000][52.326s][info ][gc,phases   ] GC(52)   Pre Evacuate Collection Set: 0.2ms
[2025-05-04T23:22:14.330+0000][52.326s][info ][gc,phases   ] GC(52)   Merge Heap Roots: 0.2ms
[2025-05-04T23:22:14.330+0000][52.326s][info ][gc,phases   ] GC(52)   Evacuate Collection Set: 3.1ms
[2025-05-04T23:22:14.330+0000][52.326s][info ][gc,phases   ] GC(52)   Post Evacuate Collection Set: 2.5ms
[2025-05-04T23:22:14.330+0000][52.327s][info ][gc,phases   ] GC(52)   Other: 0.5ms
[2025-05-04T23:22:14.331+0000][52.327s][info ][gc,heap     ] GC(52) Eden regions: 68->0(154)
[2025-05-04T23:22:14.331+0000][52.327s][info ][gc,heap     ] GC(52) Survivor regions: 1->2(9)
[2025-05-04T23:22:14.331+0000][52.327s][info ][gc,heap     ] GC(52) Old regions: 41->41
[2025-05-04T23:22:14.331+0000][52.327s][info ][gc,heap     ] GC(52) Archive regions: 2->2
[2025-05-04T23:22:14.331+0000][52.327s][info ][gc,heap     ] GC(52) Humongous regions: 0->0
[2025-05-04T23:22:14.331+0000][52.327s][info ][gc,metaspace] GC(52) Metaspace: 114301K(115008K)->114301K(115008K) NonClass: 99297K(99648K)->99297K(99648K) Class: 15004K(15360K)->15004K(15360K)
[2025-05-04T23:22:14.331+0000][52.328s][info ][gc          ] GC(52) Pause Young (Concurrent Start) (G1 Evacuation Pause) 219M->85M(520M) 8.222ms
[2025-05-04T23:22:14.331+0000][52.328s][info ][gc,cpu      ] GC(52) User=0.04s Sys=0.00s Real=0.01s
[2025-05-04T23:22:14.332+0000][52.328s][info ][gc          ] GC(53) Concurrent Mark Cycle
[2025-05-04T23:22:14.332+0000][52.328s][info ][safepoint   ] Safepoint "G1CollectForAllocation", Time since last: 193068388 ns, Reaching safepoint: 271015 ns, Cleanup: 42702 ns, At safepoint: 8598376 ns, Total: 8912093 ns
[2025-05-04T23:22:14.333+0000][52.329s][info ][gc,marking  ] GC(53) Concurrent Clear Claimed Marks
[2025-05-04T23:22:14.336+0000][52.332s][info ][gc,marking  ] GC(53) Concurrent Clear Claimed Marks 2.749ms
[2025-05-04T23:22:14.337+0000][52.333s][info ][gc,marking  ] GC(53) Concurrent Scan Root Regions
[2025-05-04T23:22:14.342+0000][52.338s][info ][gc,marking  ] GC(53) Concurrent Scan Root Regions 4.732ms
[2025-05-04T23:22:14.342+0000][52.339s][info ][gc,marking  ] GC(53) Concurrent Mark
[2025-05-04T23:22:14.343+0000][52.340s][info ][gc,marking  ] GC(53) Concurrent Mark From Roots
[2025-05-04T23:22:14.345+0000][52.341s][info ][gc,task     ] GC(53) Using 2 workers of 2 for marking
[2025-05-04T23:22:14.474+0000][52.470s][info ][gc,marking  ] GC(53) Concurrent Mark From Roots 130.952ms
[2025-05-04T23:22:14.475+0000][52.471s][info ][gc,marking  ] GC(53) Concurrent Preclean
[2025-05-04T23:22:14.475+0000][52.472s][info ][gc,marking  ] GC(53) Concurrent Preclean 0.565ms
[2025-05-04T23:22:14.476+0000][52.472s][debug][safepoint   ] Safepoint synchronization initiated using futex wait barrier. (54 threads)
[2025-05-04T23:22:14.476+0000][52.472s][info ][gc,start    ] GC(53) Pause Remark
[2025-05-04T23:22:14.483+0000][52.479s][info ][gc          ] GC(53) Pause Remark 111M->111M(388M) 6.639ms
[2025-05-04T23:22:14.483+0000][52.479s][info ][gc,cpu      ] GC(53) User=0.05s Sys=0.00s Real=0.01s
[2025-05-04T23:22:14.483+0000][52.480s][info ][safepoint   ] Safepoint "G1PauseRemark", Time since last: 144121778 ns, Reaching safepoint: 281616 ns, Cleanup: 22301 ns, At safepoint: 7136195 ns, Total: 7440112 ns
[2025-05-04T23:22:14.483+0000][52.480s][info ][gc,marking  ] GC(53) Concurrent Mark 141.121ms
[2025-05-04T23:22:14.484+0000][52.480s][info ][gc,marking  ] GC(53) Concurrent Rebuild Remembered Sets
[2025-05-04T23:22:14.555+0000][52.551s][info ][gc,marking  ] GC(53) Concurrent Rebuild Remembered Sets 70.815ms
[2025-05-04T23:22:14.555+0000][52.551s][debug][safepoint   ] Safepoint synchronization initiated using futex wait barrier. (54 threads)
[2025-05-04T23:22:14.555+0000][52.551s][info ][gc,start    ] GC(53) Pause Cleanup
[2025-05-04T23:22:14.555+0000][52.552s][info ][gc          ] GC(53) Pause Cleanup 125M->125M(388M) 0.306ms
[2025-05-04T23:22:14.556+0000][52.552s][info ][gc,cpu      ] GC(53) User=0.01s Sys=0.00s Real=0.00s
[2025-05-04T23:22:14.556+0000][52.552s][info ][safepoint   ] Safepoint "G1PauseCleanup", Time since last: 71637466 ns, Reaching safepoint: 216512 ns, Cleanup: 13701 ns, At safepoint: 595533 ns, Total: 825746 ns
[2025-05-04T23:22:14.557+0000][52.553s][info ][gc,marking  ] GC(53) Concurrent Cleanup for Next Mark
[2025-05-04T23:22:14.559+0000][52.555s][info ][gc,marking  ] GC(53) Concurrent Cleanup for Next Mark 2.255ms
[2025-05-04T23:22:14.560+0000][52.556s][info ][gc          ] GC(53) Concurrent Mark Cycle 227.903ms
[2025-05-04T23:22:14.710+0000][52.706s][debug][safepoint   ] ... found polling page loop exception at pc = 0x00007f1705fd2d05, stub =0x00007f170caf5400
[2025-05-04T23:22:15.560+0000][53.556s][debug][safepoint   ] Safepoint synchronization initiated using futex wait barrier. (55 threads)
[2025-05-04T23:22:15.560+0000][53.557s][info ][safepoint   ] Safepoint "ICBufferFull", Time since last: 1004233391 ns, Reaching safepoint: 191710 ns, Cleanup: 105406 ns, At safepoint: 3500 ns, Total: 300616 ns
[2025-05-04T23:22:15.863+0000][53.859s][debug][safepoint   ] Safepoint synchronization initiated using futex wait barrier. (54 threads)
[2025-05-04T23:22:15.863+0000][53.860s][info ][safepoint   ] Safepoint "ICBufferFull", Time since last: 302831364 ns, Reaching safepoint: 189610 ns, Cleanup: 86605 ns, At safepoint: 3100 ns, Total: 279315 ns
[2025-05-04T23:22:16.211+0000][54.207s][debug][safepoint   ] Safepoint synchronization initiated using futex wait barrier. (54 threads)
[2025-05-04T23:22:16.211+0000][54.207s][info ][safepoint   ] Safepoint "ICBufferFull", Time since last: 347503137 ns, Reaching safepoint: 247414 ns, Cleanup: 99905 ns, At safepoint: 4400 ns, Total: 351719 ns
[2025-05-04T23:22:16.842+0000][54.838s][debug][safepoint   ] Safepoint synchronization initiated using futex wait barrier. (54 threads)
[2025-05-04T23:22:16.842+0000][54.838s][info ][safepoint   ] Safepoint "ICBufferFull", Time since last: 630396297 ns, Reaching safepoint: 278315 ns, Cleanup: 123407 ns, At safepoint: 17001 ns, Total: 418723 ns
[2025-05-04T23:22:17.337+0000][55.334s][debug][safepoint   ] Safepoint synchronization initiated using futex wait barrier. (56 threads)
[2025-05-04T23:22:17.338+0000][55.334s][info ][safepoint   ] Safepoint "ICBufferFull", Time since last: 495269917 ns, Reaching safepoint: 273115 ns, Cleanup: 108006 ns, At safepoint: 21701 ns, Total: 402822 ns
[2025-05-04T23:22:17.345+0000][55.341s][debug][safepoint   ] Safepoint synchronization initiated using futex wait barrier. (56 threads)
[2025-05-04T23:22:17.345+0000][55.341s][info ][gc,start    ] GC(54) Pause Young (Prepare Mixed) (G1 Preventive Collection)
[2025-05-04T23:22:17.345+0000][55.341s][info ][gc,task     ] GC(54) Using 8 workers of 8 for evacuation
[2025-05-04T23:22:17.353+0000][55.350s][info ][gc,phases   ] GC(54)   Pre Evacuate Collection Set: 0.2ms
[2025-05-04T23:22:17.354+0000][55.350s][info ][gc,phases   ] GC(54)   Merge Heap Roots: 0.1ms
[2025-05-04T23:22:17.354+0000][55.350s][info ][gc,phases   ] GC(54)   Evacuate Collection Set: 6.7ms
[2025-05-04T23:22:17.354+0000][55.350s][info ][gc,phases   ] GC(54)   Post Evacuate Collection Set: 1.1ms
[2025-05-04T23:22:17.354+0000][55.350s][info ][gc,phases   ] GC(54)   Other: 0.4ms
[2025-05-04T23:22:17.354+0000][55.350s][info ][gc,heap     ] GC(54) Eden regions: 140->0(4)
[2025-05-04T23:22:17.354+0000][55.350s][info ][gc,heap     ] GC(54) Survivor regions: 2->5(20)
[2025-05-04T23:22:17.354+0000][55.351s][info ][gc,heap     ] GC(54) Old regions: 41->41
[2025-05-04T23:22:17.354+0000][55.351s][info ][gc,heap     ] GC(54) Archive regions: 2->2
[2025-05-04T23:22:17.355+0000][55.351s][info ][gc,heap     ] GC(54) Humongous regions: 0->0
[2025-05-04T23:22:17.355+0000][55.351s][info ][gc,metaspace] GC(54) Metaspace: 123451K(124288K)->123451K(124288K) NonClass: 107342K(107776K)->107342K(107776K) Class: 16109K(16512K)->16109K(16512K)
[2025-05-04T23:22:17.355+0000][55.351s][info ][gc          ] GC(54) Pause Young (Prepare Mixed) (G1 Preventive Collection) 365M->91M(388M) 9.860ms
[2025-05-04T23:22:17.355+0000][55.351s][info ][gc,cpu      ] GC(54) User=0.06s Sys=0.00s Real=0.01s
[2025-05-04T23:22:17.355+0000][55.352s][info ][safepoint   ] Safepoint "G1CollectForAllocation", Time since last: 7069291 ns, Reaching safepoint: 248714 ns, Cleanup: 8301 ns, At safepoint: 10306670 ns, Total: 10563685 ns
[2025-05-04T23:22:17.397+0000][55.393s][debug][safepoint   ] Safepoint synchronization initiated using futex wait barrier. (56 threads)
[2025-05-04T23:22:17.397+0000][55.394s][info ][gc,start    ] GC(55) Pause Young (Mixed) (G1 Evacuation Pause)
[2025-05-04T23:22:17.398+0000][55.394s][info ][gc,task     ] GC(55) Using 8 workers of 8 for evacuation
[2025-05-04T23:22:17.405+0000][55.402s][info ][gc,phases   ] GC(55)   Pre Evacuate Collection Set: 0.2ms
[2025-05-04T23:22:17.406+0000][55.402s][info ][gc,phases   ] GC(55)   Merge Heap Roots: 0.1ms
[2025-05-04T23:22:17.406+0000][55.402s][info ][gc,phases   ] GC(55)   Evacuate Collection Set: 6.2ms
[2025-05-04T23:22:17.406+0000][55.402s][info ][gc,phases   ] GC(55)   Post Evacuate Collection Set: 1.2ms
[2025-05-04T23:22:17.406+0000][55.402s][info ][gc,phases   ] GC(55)   Other: 0.5ms
[2025-05-04T23:22:17.406+0000][55.402s][info ][gc,heap     ] GC(55) Eden regions: 4->0(115)
[2025-05-04T23:22:17.406+0000][55.402s][info ][gc,heap     ] GC(55) Survivor regions: 5->1(2)
[2025-05-04T23:22:17.406+0000][55.403s][info ][gc,heap     ] GC(55) Old regions: 41->44
[2025-05-04T23:22:17.406+0000][55.403s][info ][gc,heap     ] GC(55) Archive regions: 2->2
[2025-05-04T23:22:17.406+0000][55.403s][info ][gc,heap     ] GC(55) Humongous regions: 0->0
[2025-05-04T23:22:17.407+0000][55.403s][info ][gc,metaspace] GC(55) Metaspace: 123532K(124352K)->123532K(124352K) NonClass: 107420K(107840K)->107420K(107840K) Class: 16112K(16512K)->16112K(16512K)
[2025-05-04T23:22:17.407+0000][55.403s][info ][gc          ] GC(55) Pause Young (Mixed) (G1 Evacuation Pause) 99M->91M(388M) 9.457ms
[2025-05-04T23:22:17.407+0000][55.403s][info ][gc,cpu      ] GC(55) User=0.06s Sys=0.00s Real=0.01s
[2025-05-04T23:22:17.407+0000][55.403s][info ][safepoint   ] Safepoint "G1CollectForAllocation", Time since last: 41362290 ns, Reaching safepoint: 493627 ns, Cleanup: 39002 ns, At safepoint: 9830944 ns, Total: 10363573 ns
[2025-05-04T23:22:17.898+0000][55.894s][debug][safepoint   ] Safepoint synchronization initiated using futex wait barrier. (56 threads)
[2025-05-04T23:22:17.898+0000][55.894s][info ][safepoint   ] Safepoint "ICBufferFull", Time since last: 490517300 ns, Reaching safepoint: 248714 ns, Cleanup: 113307 ns, At safepoint: 3800 ns, Total: 365821 ns
[2025-05-04T23:22:18.576+0000][56.572s][info ][cds,heap    ] initialize_from_archived_subgraph jdk.internal.math.FDBigInteger 0x00007f16a714d8f0
[2025-05-04T23:22:18.921+0000][56.918s][debug][safepoint   ] Safepoint synchronization initiated using futex wait barrier. (57 threads)
[2025-05-04T23:22:18.922+0000][56.918s][info ][safepoint   ] Safepoint "ICBufferFull", Time since last: 1023503202 ns, Reaching safepoint: 249214 ns, Cleanup: 118607 ns, At safepoint: 30102 ns, Total: 397923 ns
[2025-05-04T23:22:19.016+0000][57.012s][debug][safepoint   ] Safepoint synchronization initiated using futex wait barrier. (57 threads)
[2025-05-04T23:22:19.016+0000][57.012s][info ][gc,start    ] GC(56) Pause Young (Normal) (G1 Evacuation Pause)
[2025-05-04T23:22:19.016+0000][57.013s][info ][gc,task     ] GC(56) Using 8 workers of 8 for evacuation
[2025-05-04T23:22:19.023+0000][57.019s][info ][gc,phases   ] GC(56)   Pre Evacuate Collection Set: 0.1ms
[2025-05-04T23:22:19.023+0000][57.019s][info ][gc,phases   ] GC(56)   Merge Heap Roots: 0.1ms
[2025-05-04T23:22:19.023+0000][57.019s][info ][gc,phases   ] GC(56)   Evacuate Collection Set: 4.2ms
[2025-05-04T23:22:19.023+0000][57.019s][info ][gc,phases   ] GC(56)   Post Evacuate Collection Set: 1.5ms
[2025-05-04T23:22:19.023+0000][57.020s][info ][gc,phases   ] GC(56)   Other: 0.3ms
[2025-05-04T23:22:19.023+0000][57.020s][info ][gc,heap     ] GC(56) Eden regions: 115->0(112)
[2025-05-04T23:22:19.024+0000][57.020s][info ][gc,heap     ] GC(56) Survivor regions: 1->4(15)
[2025-05-04T23:22:19.024+0000][57.020s][info ][gc,heap     ] GC(56) Old regions: 44->44
[2025-05-04T23:22:19.024+0000][57.020s][info ][gc,heap     ] GC(56) Archive regions: 2->2
[2025-05-04T23:22:19.024+0000][57.020s][info ][gc,heap     ] GC(56) Humongous regions: 0->0
[2025-05-04T23:22:19.024+0000][57.020s][info ][gc,metaspace] GC(56) Metaspace: 128540K(129344K)->128540K(129344K) NonClass: 111859K(112256K)->111859K(112256K) Class: 16680K(17088K)->16680K(17088K)
[2025-05-04T23:22:19.024+0000][57.020s][info ][gc          ] GC(56) Pause Young (Normal) (G1 Evacuation Pause) 321M->97M(388M) 7.851ms
[2025-05-04T23:22:19.024+0000][57.020s][info ][gc,cpu      ] GC(56) User=0.03s Sys=0.00s Real=0.01s
[2025-05-04T23:22:19.024+0000][57.021s][info ][safepoint   ] Safepoint "G1CollectForAllocation", Time since last: 93960880 ns, Reaching safepoint: 371921 ns, Cleanup: 12801 ns, At safepoint: 8219270 ns, Total: 8603992 ns
[2025-05-04T23:22:19.776+0000][57.772s][debug][safepoint   ] Safepoint synchronization initiated using futex wait barrier. (57 threads)
[2025-05-04T23:22:19.776+0000][57.773s][info ][safepoint   ] Safepoint "ICBufferFull", Time since last: 751631236 ns, Reaching safepoint: 226013 ns, Cleanup: 104206 ns, At safepoint: 19001 ns, Total: 349220 ns
[2025-05-04T23:22:20.306+0000][58.303s][debug][safepoint   ] Safepoint synchronization initiated using futex wait barrier. (57 threads)
[2025-05-04T23:22:20.307+0000][58.303s][info ][safepoint   ] Safepoint "ICBufferFull", Time since last: 529913741 ns, Reaching safepoint: 640137 ns, Cleanup: 178610 ns, At safepoint: 16401 ns, Total: 835148 ns
[2025-05-04T23:22:21.110+0000][59.106s][debug][safepoint   ] Safepoint synchronization initiated using futex wait barrier. (57 threads)
[2025-05-04T23:22:21.110+0000][59.107s][info ][safepoint   ] Safepoint "ICBufferFull", Time since last: 802905072 ns, Reaching safepoint: 200111 ns, Cleanup: 114207 ns, At safepoint: 3600 ns, Total: 317918 ns
[2025-05-04T23:22:22.049+0000][60.045s][debug][safepoint   ] Safepoint synchronization initiated using futex wait barrier. (57 threads)
[2025-05-04T23:22:22.049+0000][60.046s][info ][safepoint   ] Safepoint "ICBufferFull", Time since last: 938519936 ns, Reaching safepoint: 290817 ns, Cleanup: 124107 ns, At safepoint: 9401 ns, Total: 424325 ns
[2025-05-04T23:22:22.675+0000][60.672s][debug][safepoint   ] Safepoint synchronization initiated using futex wait barrier. (57 threads)
[2025-05-04T23:22:22.676+0000][60.672s][info ][safepoint   ] Safepoint "ICBufferFull", Time since last: 626053045 ns, Reaching safepoint: 267916 ns, Cleanup: 106706 ns, At safepoint: 3900 ns, Total: 378522 ns
[2025-05-04T23:22:22.854+0000][60.850s][debug][safepoint   ] Safepoint synchronization initiated using futex wait barrier. (56 threads)
[2025-05-04T23:22:22.854+0000][60.851s][info ][gc,start    ] GC(57) Pause Young (Normal) (G1 Evacuation Pause)
[2025-05-04T23:22:22.855+0000][60.852s][info ][gc,task     ] GC(57) Using 8 workers of 8 for evacuation
[2025-05-04T23:22:22.866+0000][60.862s][info ][gc,phases   ] GC(57)   Pre Evacuate Collection Set: 0.2ms
[2025-05-04T23:22:22.866+0000][60.863s][info ][gc,phases   ] GC(57)   Merge Heap Roots: 0.1ms
[2025-05-04T23:22:22.866+0000][60.863s][info ][gc,phases   ] GC(57)   Evacuate Collection Set: 7.9ms
[2025-05-04T23:22:22.867+0000][60.863s][info ][gc,phases   ] GC(57)   Post Evacuate Collection Set: 2.0ms
[2025-05-04T23:22:22.867+0000][60.863s][info ][gc,phases   ] GC(57)   Other: 1.5ms
[2025-05-04T23:22:22.867+0000][60.863s][info ][gc,heap     ] GC(57) Eden regions: 112->0(110)
[2025-05-04T23:22:22.867+0000][60.863s][info ][gc,heap     ] GC(57) Survivor regions: 4->6(15)
[2025-05-04T23:22:22.867+0000][60.864s][info ][gc,heap     ] GC(57) Old regions: 44->44
[2025-05-04T23:22:22.867+0000][60.864s][info ][gc,heap     ] GC(57) Archive regions: 2->2
[2025-05-04T23:22:22.868+0000][60.864s][info ][gc,heap     ] GC(57) Humongous regions: 0->0
[2025-05-04T23:22:22.868+0000][60.864s][info ][gc,metaspace] GC(57) Metaspace: 134428K(135232K)->134428K(135232K) NonClass: 117307K(117696K)->117307K(117696K) Class: 17121K(17536K)->17121K(17536K)
[2025-05-04T23:22:22.868+0000][60.864s][info ][gc          ] GC(57) Pause Young (Normal) (G1 Evacuation Pause) 321M->101M(388M) 13.592ms
[2025-05-04T23:22:22.868+0000][60.864s][info ][gc,cpu      ] GC(57) User=0.04s Sys=0.01s Real=0.01s
[2025-05-04T23:22:22.868+0000][60.865s][info ][safepoint   ] Safepoint "G1CollectForAllocation", Time since last: 178276108 ns, Reaching safepoint: 244714 ns, Cleanup: 81904 ns, At safepoint: 14064606 ns, Total: 14391224 ns
[2025-05-04T23:22:23.813+0000][61.809s][debug][safepoint   ] Safepoint synchronization initiated using futex wait barrier. (56 threads)
[2025-05-04T23:22:23.813+0000][61.809s][info ][safepoint   ] Safepoint "ICBufferFull", Time since last: 944138358 ns, Reaching safepoint: 239714 ns, Cleanup: 117206 ns, At safepoint: 3900 ns, Total: 360820 ns
[2025-05-04T23:22:24.813+0000][62.810s][debug][safepoint   ] Safepoint synchronization initiated using futex wait barrier. (57 threads)
[2025-05-04T23:22:24.815+0000][62.812s][info ][safepoint   ] Safepoint "Cleanup", Time since last: 1000408880 ns, Reaching safepoint: 1896009 ns, Cleanup: 78505 ns, At safepoint: 32101 ns, Total: 2006615 ns
[2025-05-04T23:22:25.816+0000][63.812s][debug][safepoint   ] Safepoint synchronization initiated using futex wait barrier. (57 threads)
[2025-05-04T23:22:25.816+0000][63.812s][info ][safepoint   ] Safepoint "Cleanup", Time since last: 1000365278 ns, Reaching safepoint: 203312 ns, Cleanup: 116206 ns, At safepoint: 5501 ns, Total: 325019 ns
[2025-05-04T23:22:26.816+0000][64.813s][debug][safepoint   ] Safepoint synchronization initiated using futex wait barrier. (57 threads)
[2025-05-04T23:22:26.817+0000][64.813s][info ][safepoint   ] Safepoint "Cleanup", Time since last: 1000309165 ns, Reaching safepoint: 447626 ns, Cleanup: 63203 ns, At safepoint: 24302 ns, Total: 535131 ns
[2025-05-04T23:22:27.520+0000][65.516s][debug][safepoint   ] Safepoint synchronization initiated using futex wait barrier. (57 threads)
[2025-05-04T23:22:27.520+0000][65.517s][info ][gc,start    ] GC(58) Pause Young (Normal) (G1 Evacuation Pause)
[2025-05-04T23:22:27.520+0000][65.517s][info ][gc,task     ] GC(58) Using 8 workers of 8 for evacuation
[2025-05-04T23:22:27.529+0000][65.525s][info ][gc,phases   ] GC(58)   Pre Evacuate Collection Set: 0.1ms
[2025-05-04T23:22:27.530+0000][65.526s][info ][gc,phases   ] GC(58)   Merge Heap Roots: 0.1ms
[2025-05-04T23:22:27.530+0000][65.526s][info ][gc,phases   ] GC(58)   Evacuate Collection Set: 5.8ms
[2025-05-04T23:22:27.530+0000][65.526s][info ][gc,phases   ] GC(58)   Post Evacuate Collection Set: 1.9ms
[2025-05-04T23:22:27.530+0000][65.527s][info ][gc,phases   ] GC(58)   Other: 0.5ms
[2025-05-04T23:22:27.530+0000][65.527s][info ][gc,heap     ] GC(58) Eden regions: 110->0(109)
[2025-05-04T23:22:27.531+0000][65.527s][info ][gc,heap     ] GC(58) Survivor regions: 6->7(15)
[2025-05-04T23:22:27.531+0000][65.527s][info ][gc,heap     ] GC(58) Old regions: 44->44
[2025-05-04T23:22:27.531+0000][65.527s][info ][gc,heap     ] GC(58) Archive regions: 2->2
[2025-05-04T23:22:27.531+0000][65.527s][info ][gc,heap     ] GC(58) Humongous regions: 0->0
[2025-05-04T23:22:27.531+0000][65.528s][info ][gc,metaspace] GC(58) Metaspace: 135751K(136576K)->135751K(136576K) NonClass: 118599K(118976K)->118599K(118976K) Class: 17152K(17600K)->17152K(17600K)
[2025-05-04T23:22:27.532+0000][65.528s][info ][gc          ] GC(58) Pause Young (Normal) (G1 Evacuation Pause) 321M->103M(388M) 11.305ms
[2025-05-04T23:22:27.532+0000][65.528s][info ][gc,cpu      ] GC(58) User=0.04s Sys=0.00s Real=0.02s
[2025-05-04T23:22:27.532+0000][65.528s][info ][safepoint   ] Safepoint "G1CollectForAllocation", Time since last: 703075120 ns, Reaching safepoint: 225813 ns, Cleanup: 69504 ns, At safepoint: 11980287 ns, Total: 12275604 ns
[2025-05-04T23:22:28.240+0000][66.236s][debug][safepoint   ] Safepoint synchronization initiated using futex wait barrier. (57 threads)
[2025-05-04T23:22:28.240+0000][66.237s][info ][safepoint   ] Safepoint "ICBufferFull", Time since last: 707636183 ns, Reaching safepoint: 344020 ns, Cleanup: 193711 ns, At safepoint: 16201 ns, Total: 553932 ns
[2025-05-04T23:22:29.502+0000][67.498s][debug][safepoint   ] Safepoint synchronization initiated using futex wait barrier. (57 threads)
[2025-05-04T23:22:29.502+0000][67.498s][debug][safepoint   ] ... found polling page loop exception at pc = 0x00007f170dbd37b0, stub =0x00007f170caf5400
[2025-05-04T23:22:29.502+0000][67.499s][info ][safepoint   ] Safepoint "Cleanup", Time since last: 1261160426 ns, Reaching safepoint: 635437 ns, Cleanup: 97605 ns, At safepoint: 43303 ns, Total: 776345 ns
[2025-05-04T23:22:30.503+0000][68.499s][debug][safepoint   ] Safepoint synchronization initiated using futex wait barrier. (57 threads)
[2025-05-04T23:22:30.503+0000][68.499s][debug][safepoint   ] ... found polling page loop exception at pc = 0x00007f170dd370c4, stub =0x00007f170caf5400
[2025-05-04T23:22:30.503+0000][68.500s][info ][safepoint   ] Safepoint "Cleanup", Time since last: 1000273465 ns, Reaching safepoint: 706640 ns, Cleanup: 71104 ns, At safepoint: 24502 ns, Total: 802246 ns
[2025-05-04T23:22:30.738+0000][68.734s][debug][safepoint   ] Safepoint synchronization initiated using futex wait barrier. (57 threads)
[2025-05-04T23:22:30.738+0000][68.735s][info ][gc,start    ] GC(59) Pause Young (Normal) (G1 Evacuation Pause)
[2025-05-04T23:22:30.738+0000][68.735s][info ][gc,task     ] GC(59) Using 8 workers of 8 for evacuation
[2025-05-04T23:22:30.746+0000][68.742s][info ][gc,phases   ] GC(59)   Pre Evacuate Collection Set: 0.2ms
[2025-05-04T23:22:30.746+0000][68.742s][info ][gc,phases   ] GC(59)   Merge Heap Roots: 0.1ms
[2025-05-04T23:22:30.746+0000][68.742s][info ][gc,phases   ] GC(59)   Evacuate Collection Set: 4.9ms
[2025-05-04T23:22:30.746+0000][68.743s][info ][gc,phases   ] GC(59)   Post Evacuate Collection Set: 2.0ms
[2025-05-04T23:22:30.746+0000][68.743s][info ][gc,phases   ] GC(59)   Other: 0.3ms
[2025-05-04T23:22:30.747+0000][68.743s][info ][gc,heap     ] GC(59) Eden regions: 109->0(108)
[2025-05-04T23:22:30.747+0000][68.743s][info ][gc,heap     ] GC(59) Survivor regions: 7->8(15)
[2025-05-04T23:22:30.747+0000][68.743s][info ][gc,heap     ] GC(59) Old regions: 44->44
[2025-05-04T23:22:30.747+0000][68.743s][info ][gc,heap     ] GC(59) Archive regions: 2->2
[2025-05-04T23:22:30.747+0000][68.743s][info ][gc,heap     ] GC(59) Humongous regions: 0->0
[2025-05-04T23:22:30.747+0000][68.743s][info ][gc,metaspace] GC(59) Metaspace: 136240K(137152K)->136240K(137152K) NonClass: 119082K(119552K)->119082K(119552K) Class: 17158K(17600K)->17158K(17600K)
[2025-05-04T23:22:30.747+0000][68.744s][info ][gc          ] GC(59) Pause Young (Normal) (G1 Evacuation Pause) 321M->104M(388M) 8.932ms
[2025-05-04T23:22:30.747+0000][68.744s][info ][gc,cpu      ] GC(59) User=0.04s Sys=0.00s Real=0.01s
[2025-05-04T23:22:30.748+0000][68.744s][info ][safepoint   ] Safepoint "G1CollectForAllocation", Time since last: 234619055 ns, Reaching safepoint: 242914 ns, Cleanup: 36802 ns, At safepoint: 9637953 ns, Total: 9917669 ns
[2025-05-04T23:22:31.748+0000][69.744s][debug][safepoint   ] Safepoint synchronization initiated using futex wait barrier. (56 threads)
[2025-05-04T23:22:31.748+0000][69.745s][info ][safepoint   ] Safepoint "Cleanup", Time since last: 1000286366 ns, Reaching safepoint: 193711 ns, Cleanup: 54203 ns, At safepoint: 5800 ns, Total: 253714 ns
[2025-05-04T23:22:32.749+0000][70.745s][debug][safepoint   ] Safepoint synchronization initiated using futex wait barrier. (55 threads)
[2025-05-04T23:22:32.749+0000][70.745s][info ][safepoint   ] Safepoint "Cleanup", Time since last: 1000358770 ns, Reaching safepoint: 154209 ns, Cleanup: 73104 ns, At safepoint: 3700 ns, Total: 231013 ns
[2025-05-04T23:22:33.749+0000][71.746s][debug][safepoint   ] Safepoint synchronization initiated using futex wait barrier. (56 threads)
[2025-05-04T23:22:33.750+0000][71.746s][info ][safepoint   ] Safepoint "Cleanup", Time since last: 1000248864 ns, Reaching safepoint: 355820 ns, Cleanup: 69104 ns, At safepoint: 19501 ns, Total: 444425 ns
[2025-05-04T23:22:34.366+0000][72.362s][debug][safepoint   ] Safepoint synchronization initiated using futex wait barrier. (56 threads)
[2025-05-04T23:22:34.366+0000][72.363s][info ][gc,start    ] GC(60) Pause Young (Normal) (G1 Evacuation Pause)
[2025-05-04T23:22:34.367+0000][72.363s][info ][gc,task     ] GC(60) Using 8 workers of 8 for evacuation
[2025-05-04T23:22:34.375+0000][72.371s][info ][gc,phases   ] GC(60)   Pre Evacuate Collection Set: 0.1ms
[2025-05-04T23:22:34.375+0000][72.371s][info ][gc,phases   ] GC(60)   Merge Heap Roots: 0.1ms
[2025-05-04T23:22:34.375+0000][72.372s][info ][gc,phases   ] GC(60)   Evacuate Collection Set: 6.2ms
[2025-05-04T23:22:34.375+0000][72.372s][info ][gc,phases   ] GC(60)   Post Evacuate Collection Set: 1.7ms
[2025-05-04T23:22:34.375+0000][72.372s][info ][gc,phases   ] GC(60)   Other: 0.4ms
[2025-05-04T23:22:34.376+0000][72.372s][info ][gc,heap     ] GC(60) Eden regions: 108->0(108)
[2025-05-04T23:22:34.376+0000][72.372s][info ][gc,heap     ] GC(60) Survivor regions: 8->8(15)
[2025-05-04T23:22:34.376+0000][72.372s][info ][gc,heap     ] GC(60) Old regions: 44->44
[2025-05-04T23:22:34.376+0000][72.372s][info ][gc,heap     ] GC(60) Archive regions: 2->2
[2025-05-04T23:22:34.376+0000][72.372s][info ][gc,heap     ] GC(60) Humongous regions: 0->0
[2025-05-04T23:22:34.376+0000][72.373s][info ][gc,metaspace] GC(60) Metaspace: 136502K(137408K)->136502K(137408K) NonClass: 119342K(119808K)->119342K(119808K) Class: 17159K(17600K)->17159K(17600K)
[2025-05-04T23:22:34.377+0000][72.373s][info ][gc          ] GC(60) Pause Young (Normal) (G1 Evacuation Pause) 320M->103M(388M) 10.140ms
[2025-05-04T23:22:34.377+0000][72.373s][info ][gc,cpu      ] GC(60) User=0.06s Sys=0.00s Real=0.01s
[2025-05-04T23:22:34.377+0000][72.373s][info ][safepoint   ] Safepoint "G1CollectForAllocation", Time since last: 615815074 ns, Reaching safepoint: 691538 ns, Cleanup: 81905 ns, At safepoint: 10491782 ns, Total: 11265225 ns
[2025-05-04T23:22:35.377+0000][73.373s][debug][safepoint   ] Safepoint synchronization initiated using futex wait barrier. (56 threads)
[2025-05-04T23:22:35.378+0000][73.374s][info ][safepoint   ] Safepoint "Cleanup", Time since last: 1000257953 ns, Reaching safepoint: 408123 ns, Cleanup: 74704 ns, At safepoint: 16701 ns, Total: 499528 ns
[2025-05-04T23:22:36.378+0000][74.374s][debug][safepoint   ] Safepoint synchronization initiated using futex wait barrier. (57 threads)
[2025-05-04T23:22:36.379+0000][74.375s][info ][safepoint   ] Safepoint "Cleanup", Time since last: 1000326357 ns, Reaching safepoint: 485327 ns, Cleanup: 113706 ns, At safepoint: 29902 ns, Total: 628935 ns
[2025-05-04T23:22:36.915+0000][74.911s][debug][safepoint   ] Safepoint synchronization initiated using futex wait barrier. (57 threads)
[2025-05-04T23:22:36.916+0000][74.912s][info ][gc,start    ] GC(61) Pause Young (Normal) (G1 Evacuation Pause)
[2025-05-04T23:22:36.916+0000][74.912s][info ][gc,task     ] GC(61) Using 8 workers of 8 for evacuation
[2025-05-04T23:22:36.925+0000][74.921s][info ][gc,phases   ] GC(61)   Pre Evacuate Collection Set: 0.1ms
[2025-05-04T23:22:36.925+0000][74.922s][info ][gc,phases   ] GC(61)   Merge Heap Roots: 0.1ms
[2025-05-04T23:22:36.925+0000][74.922s][info ][gc,phases   ] GC(61)   Evacuate Collection Set: 6.3ms
[2025-05-04T23:22:36.926+0000][74.922s][info ][gc,phases   ] GC(61)   Post Evacuate Collection Set: 2.2ms
[2025-05-04T23:22:36.926+0000][74.922s][info ][gc,phases   ] GC(61)   Other: 0.4ms
[2025-05-04T23:22:36.926+0000][74.922s][info ][gc,heap     ] GC(61) Eden regions: 108->0(109)
[2025-05-04T23:22:36.926+0000][74.922s][info ][gc,heap     ] GC(61) Survivor regions: 8->7(15)
[2025-05-04T23:22:36.926+0000][74.922s][info ][gc,heap     ] GC(61) Old regions: 44->44
[2025-05-04T23:22:36.926+0000][74.923s][info ][gc,heap     ] GC(61) Archive regions: 2->2
[2025-05-04T23:22:36.927+0000][74.923s][info ][gc,heap     ] GC(61) Humongous regions: 1->1
[2025-05-04T23:22:36.927+0000][74.923s][info ][gc,metaspace] GC(61) Metaspace: 136761K(137600K)->136761K(137600K) NonClass: 119589K(120000K)->119589K(120000K) Class: 17171K(17600K)->17171K(17600K)
[2025-05-04T23:22:36.927+0000][74.923s][info ][gc          ] GC(61) Pause Young (Normal) (G1 Evacuation Pause) 321M->105M(388M) 11.243ms
[2025-05-04T23:22:36.927+0000][74.923s][info ][gc,cpu      ] GC(61) User=0.07s Sys=0.00s Real=0.01s
[2025-05-04T23:22:36.927+0000][74.923s][info ][safepoint   ] Safepoint "G1CollectForAllocation", Time since last: 536476795 ns, Reaching safepoint: 390522 ns, Cleanup: 82204 ns, At safepoint: 11597144 ns, Total: 12069870 ns
[2025-05-04T23:22:38.870+0000][76.867s][debug][safepoint   ] Safepoint synchronization initiated using futex wait barrier. (57 threads)
[2025-05-04T23:22:38.871+0000][76.867s][info ][safepoint   ] Safepoint "Cleanup", Time since last: 1943329330 ns, Reaching safepoint: 390022 ns, Cleanup: 172609 ns, At safepoint: 23602 ns, Total: 586233 ns
[2025-05-04T23:22:39.237+0000][77.234s][debug][safepoint   ] Safepoint synchronization initiated using futex wait barrier. (57 threads)
[2025-05-04T23:22:39.238+0000][77.234s][info ][gc,start    ] GC(62) Pause Young (Normal) (G1 Evacuation Pause)
[2025-05-04T23:22:39.238+0000][77.234s][info ][gc,task     ] GC(62) Using 8 workers of 8 for evacuation
[2025-05-04T23:22:39.246+0000][77.242s][info ][gc,phases   ] GC(62)   Pre Evacuate Collection Set: 0.2ms
[2025-05-04T23:22:39.246+0000][77.243s][info ][gc,phases   ] GC(62)   Merge Heap Roots: 0.1ms
[2025-05-04T23:22:39.246+0000][77.243s][info ][gc,phases   ] GC(62)   Evacuate Collection Set: 5.1ms
[2025-05-04T23:22:39.247+0000][77.243s][info ][gc,phases   ] GC(62)   Post Evacuate Collection Set: 2.4ms
[2025-05-04T23:22:39.247+0000][77.243s][info ][gc,phases   ] GC(62)   Other: 0.5ms
[2025-05-04T23:22:39.247+0000][77.243s][info ][gc,heap     ] GC(62) Eden regions: 109->0(109)
[2025-05-04T23:22:39.247+0000][77.243s][info ][gc,heap     ] GC(62) Survivor regions: 7->7(15)
[2025-05-04T23:22:39.247+0000][77.243s][info ][gc,heap     ] GC(62) Old regions: 44->44
[2025-05-04T23:22:39.247+0000][77.243s][info ][gc,heap     ] GC(62) Archive regions: 2->2
[2025-05-04T23:22:39.248+0000][77.244s][info ][gc,heap     ] GC(62) Humongous regions: 5->4
[2025-05-04T23:22:39.248+0000][77.244s][info ][gc,metaspace] GC(62) Metaspace: 136908K(137792K)->136908K(137792K) NonClass: 119735K(120192K)->119735K(120192K) Class: 17172K(17600K)->17172K(17600K)
[2025-05-04T23:22:39.248+0000][77.244s][info ][gc          ] GC(62) Pause Young (Normal) (G1 Evacuation Pause) 331M->110M(388M) 10.114ms
[2025-05-04T23:22:39.248+0000][77.244s][info ][gc,cpu      ] GC(62) User=0.06s Sys=0.00s Real=0.01s
[2025-05-04T23:22:39.248+0000][77.244s][info ][safepoint   ] Safepoint "G1CollectForAllocation", Time since last: 366365047 ns, Reaching safepoint: 292616 ns, Cleanup: 52803 ns, At safepoint: 10483683 ns, Total: 10829102 ns
[2025-05-04T23:22:39.283+0000][77.280s][debug][safepoint   ] Safepoint synchronization initiated using futex wait barrier. (57 threads)
[2025-05-04T23:22:39.284+0000][77.280s][info ][safepoint   ] Safepoint "ICBufferFull", Time since last: 35259258 ns, Reaching safepoint: 230613 ns, Cleanup: 64203 ns, At safepoint: 3100 ns, Total: 297916 ns
[2025-05-04T23:22:39.317+0000][77.313s][debug][safepoint   ] Safepoint synchronization initiated using futex wait barrier. (57 threads)
[2025-05-04T23:22:39.317+0000][77.314s][info ][safepoint   ] Safepoint "ICBufferFull", Time since last: 32786921 ns, Reaching safepoint: 786644 ns, Cleanup: 82205 ns, At safepoint: 9300 ns, Total: 878149 ns
[2025-05-04T23:22:39.423+0000][77.419s][debug][safepoint   ] Safepoint synchronization initiated using futex wait barrier. (57 threads)
[2025-05-04T23:22:39.423+0000][77.420s][info ][safepoint   ] Safepoint "ICBufferFull", Time since last: 105700771 ns, Reaching safepoint: 215812 ns, Cleanup: 89204 ns, At safepoint: 4101 ns, Total: 309117 ns
[2025-05-04T23:22:39.618+0000][77.615s][debug][safepoint   ] Safepoint synchronization initiated using futex wait barrier. (57 threads)
[2025-05-04T23:22:39.619+0000][77.615s][info ][safepoint   ] Safepoint "ICBufferFull", Time since last: 194796318 ns, Reaching safepoint: 225513 ns, Cleanup: 54403 ns, At safepoint: 3700 ns, Total: 283616 ns
[2025-05-04T23:22:40.350+0000][78.347s][debug][safepoint   ] Safepoint synchronization initiated using futex wait barrier. (57 threads)
[2025-05-04T23:22:40.351+0000][78.347s][info ][safepoint   ] Safepoint "ICBufferFull", Time since last: 731942051 ns, Reaching safepoint: 458226 ns, Cleanup: 152008 ns, At safepoint: 13001 ns, Total: 623235 ns
[2025-05-04T23:22:40.840+0000][78.838s][debug][safepoint   ] Safepoint synchronization initiated using futex wait barrier. (57 threads)
[2025-05-04T23:22:40.840+0000][78.839s][info ][safepoint   ] Safepoint "ICBufferFull", Time since last: 490776656 ns, Reaching safepoint: 354420 ns, Cleanup: 170109 ns, At safepoint: 16701 ns, Total: 541230 ns
[2025-05-04T23:22:41.220+0000][79.218s][debug][safepoint   ] Safepoint synchronization initiated using futex wait barrier. (57 threads)
[2025-05-04T23:22:41.220+0000][79.218s][info ][safepoint   ] Safepoint "ICBufferFull", Time since last: 379202961 ns, Reaching safepoint: 222012 ns, Cleanup: 118907 ns, At safepoint: 4200 ns, Total: 345119 ns
[2025-05-04T23:22:42.220+0000][80.218s][debug][safepoint   ] Safepoint synchronization initiated using futex wait barrier. (56 threads)
[2025-05-04T23:22:42.221+0000][80.219s][info ][safepoint   ] Safepoint "Cleanup", Time since last: 1000260878 ns, Reaching safepoint: 274912 ns, Cleanup: 49903 ns, At safepoint: 20501 ns, Total: 345316 ns
[2025-05-04T23:22:43.221+0000][81.219s][debug][safepoint   ] Safepoint synchronization initiated using futex wait barrier. (55 threads)
[2025-05-04T23:22:43.221+0000][81.220s][info ][safepoint   ] Safepoint "Cleanup", Time since last: 1000284952 ns, Reaching safepoint: 350816 ns, Cleanup: 59002 ns, At safepoint: 5001 ns, Total: 414819 ns
[2025-05-04T23:22:43.658+0000][81.657s][debug][safepoint   ] Safepoint synchronization initiated using futex wait barrier. (57 threads)
[2025-05-04T23:22:43.659+0000][81.657s][info ][safepoint   ] Safepoint "ICBufferFull", Time since last: 437226429 ns, Reaching safepoint: 437420 ns, Cleanup: 155507 ns, At safepoint: 40202 ns, Total: 633129 ns
[2025-05-04T23:22:44.020+0000][82.018s][debug][safepoint   ] Safepoint synchronization initiated using futex wait barrier. (57 threads)
[2025-05-04T23:22:44.022+0000][82.020s][info ][safepoint   ] Safepoint "ICBufferFull", Time since last: 361003220 ns, Reaching safepoint: 1690478 ns, Cleanup: 160508 ns, At safepoint: 12000 ns, Total: 1862986 ns
[2025-05-04T23:22:44.324+0000][82.323s][debug][safepoint   ] Safepoint synchronization initiated using futex wait barrier. (57 threads)
[2025-05-04T23:22:44.327+0000][82.325s][info ][gc,start    ] GC(63) Pause Young (Normal) (G1 Evacuation Pause)
[2025-05-04T23:22:44.330+0000][82.328s][info ][gc,task     ] GC(63) Using 8 workers of 8 for evacuation
[2025-05-04T23:22:44.344+0000][82.343s][info ][gc,phases   ] GC(63)   Pre Evacuate Collection Set: 0.2ms
[2025-05-04T23:22:44.345+0000][82.343s][info ][gc,phases   ] GC(63)   Merge Heap Roots: 0.1ms
[2025-05-04T23:22:44.345+0000][82.343s][info ][gc,phases   ] GC(63)   Evacuate Collection Set: 10.0ms
[2025-05-04T23:22:44.345+0000][82.343s][info ][gc,phases   ] GC(63)   Post Evacuate Collection Set: 3.8ms
[2025-05-04T23:22:44.345+0000][82.343s][info ][gc,phases   ] GC(63)   Other: 3.4ms
[2025-05-04T23:22:44.345+0000][82.344s][info ][gc,heap     ] GC(63) Eden regions: 109->0(108)
[2025-05-04T23:22:44.345+0000][82.344s][info ][gc,heap     ] GC(63) Survivor regions: 7->8(15)
[2025-05-04T23:22:44.346+0000][82.344s][info ][gc,heap     ] GC(63) Old regions: 44->44
[2025-05-04T23:22:44.346+0000][82.344s][info ][gc,heap     ] GC(63) Archive regions: 2->2
[2025-05-04T23:22:44.346+0000][82.344s][info ][gc,heap     ] GC(63) Humongous regions: 5->1
[2025-05-04T23:22:44.346+0000][82.344s][info ][gc,metaspace] GC(63) Metaspace: 138902K(139840K)->138902K(139840K) NonClass: 121583K(122048K)->121583K(122048K) Class: 17319K(17792K)->17319K(17792K)
[2025-05-04T23:22:44.347+0000][82.345s][info ][gc          ] GC(63) Pause Young (Normal) (G1 Evacuation Pause) 330M->106M(388M) 20.296ms
[2025-05-04T23:22:44.348+0000][82.346s][info ][gc,cpu      ] GC(63) User=0.08s Sys=0.01s Real=0.02s
[2025-05-04T23:22:44.348+0000][82.346s][info ][safepoint   ] Safepoint "G1CollectForAllocation", Time since last: 302420523 ns, Reaching safepoint: 2338008 ns, Cleanup: 152207 ns, At safepoint: 21220577 ns, Total: 23710792 ns
[2025-05-04T23:22:45.282+0000][83.280s][debug][safepoint   ] Safepoint synchronization initiated using futex wait barrier. (57 threads)
[2025-05-04T23:22:45.282+0000][83.280s][info ][safepoint   ] Safepoint "ICBufferFull", Time since last: 933446375 ns, Reaching safepoint: 303314 ns, Cleanup: 158507 ns, At safepoint: 22501 ns, Total: 484322 ns
[2025-05-04T23:22:46.282+0000][84.281s][debug][safepoint   ] Safepoint synchronization initiated using futex wait barrier. (57 threads)
[2025-05-04T23:22:46.283+0000][84.281s][info ][safepoint   ] Safepoint "Cleanup", Time since last: 1000315554 ns, Reaching safepoint: 348416 ns, Cleanup: 70903 ns, At safepoint: 21101 ns, Total: 440420 ns
[2025-05-04T23:22:46.696+0000][84.694s][debug][safepoint   ] Safepoint synchronization initiated using futex wait barrier. (57 threads)
[2025-05-04T23:22:46.696+0000][84.695s][info ][gc,start    ] GC(64) Pause Young (Normal) (G1 Evacuation Pause)
[2025-05-04T23:22:46.697+0000][84.695s][info ][gc,task     ] GC(64) Using 8 workers of 8 for evacuation
[2025-05-04T23:22:46.709+0000][84.707s][info ][gc,phases   ] GC(64)   Pre Evacuate Collection Set: 0.2ms
[2025-05-04T23:22:46.709+0000][84.707s][info ][gc,phases   ] GC(64)   Merge Heap Roots: 0.1ms
[2025-05-04T23:22:46.709+0000][84.708s][info ][gc,phases   ] GC(64)   Evacuate Collection Set: 10.0ms
[2025-05-04T23:22:46.710+0000][84.708s][info ][gc,phases   ] GC(64)   Post Evacuate Collection Set: 1.5ms
[2025-05-04T23:22:46.710+0000][84.708s][info ][gc,phases   ] GC(64)   Other: 0.5ms
[2025-05-04T23:22:46.710+0000][84.708s][info ][gc,heap     ] GC(64) Eden regions: 108->0(108)
[2025-05-04T23:22:46.710+0000][84.708s][info ][gc,heap     ] GC(64) Survivor regions: 8->8(15)
[2025-05-04T23:22:46.710+0000][84.708s][info ][gc,heap     ] GC(64) Old regions: 44->44
[2025-05-04T23:22:46.710+0000][84.708s][info ][gc,heap     ] GC(64) Archive regions: 2->2
[2025-05-04T23:22:46.710+0000][84.709s][info ][gc,heap     ] GC(64) Humongous regions: 1->0
[2025-05-04T23:22:46.710+0000][84.709s][info ][gc,metaspace] GC(64) Metaspace: 139466K(140352K)->139466K(140352K) NonClass: 122144K(122560K)->122144K(122560K) Class: 17322K(17792K)->17322K(17792K)
[2025-05-04T23:22:46.711+0000][84.709s][info ][gc          ] GC(64) Pause Young (Normal) (G1 Evacuation Pause) 322M->104M(388M) 14.149ms
[2025-05-04T23:22:46.711+0000][84.709s][info ][gc,cpu      ] GC(64) User=0.09s Sys=0.02s Real=0.02s
[2025-05-04T23:22:46.711+0000][84.709s][info ][safepoint   ] Safepoint "G1CollectForAllocation", Time since last: 413203623 ns, Reaching safepoint: 339916 ns, Cleanup: 29401 ns, At safepoint: 14658275 ns, Total: 15027592 ns
[2025-05-04T23:22:47.705+0000][85.703s][debug][safepoint   ] Safepoint synchronization initiated using futex wait barrier. (57 threads)
[2025-05-04T23:22:47.705+0000][85.704s][info ][safepoint   ] Safepoint "ICBufferFull", Time since last: 993844256 ns, Reaching safepoint: 401918 ns, Cleanup: 144807 ns, At safepoint: 30301 ns, Total: 577026 ns
[2025-05-04T23:22:48.221+0000][86.219s][debug][safepoint   ] Safepoint synchronization initiated using futex wait barrier. (57 threads)
[2025-05-04T23:22:48.221+0000][86.219s][info ][gc,start    ] GC(65) Pause Young (Normal) (G1 Evacuation Pause)
[2025-05-04T23:22:48.221+0000][86.219s][info ][gc,task     ] GC(65) Using 8 workers of 8 for evacuation
[2025-05-04T23:22:48.231+0000][86.230s][info ][gc,phases   ] GC(65)   Pre Evacuate Collection Set: 0.1ms
[2025-05-04T23:22:48.232+0000][86.230s][info ][gc,phases   ] GC(65)   Merge Heap Roots: 0.2ms
[2025-05-04T23:22:48.232+0000][86.230s][info ][gc,phases   ] GC(65)   Evacuate Collection Set: 8.2ms
[2025-05-04T23:22:48.232+0000][86.231s][info ][gc,phases   ] GC(65)   Post Evacuate Collection Set: 1.7ms
[2025-05-04T23:22:48.232+0000][86.231s][info ][gc,phases   ] GC(65)   Other: 0.4ms
[2025-05-04T23:22:48.233+0000][86.231s][info ][gc,heap     ] GC(65) Eden regions: 108->0(109)
[2025-05-04T23:22:48.233+0000][86.231s][info ][gc,heap     ] GC(65) Survivor regions: 8->7(15)
[2025-05-04T23:22:48.233+0000][86.231s][info ][gc,heap     ] GC(65) Old regions: 44->45
[2025-05-04T23:22:48.233+0000][86.231s][info ][gc,heap     ] GC(65) Archive regions: 2->2
[2025-05-04T23:22:48.233+0000][86.231s][info ][gc,heap     ] GC(65) Humongous regions: 0->0
[2025-05-04T23:22:48.233+0000][86.232s][info ][gc,metaspace] GC(65) Metaspace: 139837K(140736K)->139837K(140736K) NonClass: 122486K(122944K)->122486K(122944K) Class: 17351K(17792K)->17351K(17792K)
[2025-05-04T23:22:48.233+0000][86.232s][info ][gc          ] GC(65) Pause Young (Normal) (G1 Evacuation Pause) 320M->103M(388M) 12.663ms
[2025-05-04T23:22:48.234+0000][86.232s][info ][gc,cpu      ] GC(65) User=0.06s Sys=0.00s Real=0.01s
[2025-05-04T23:22:48.234+0000][86.232s][info ][safepoint   ] Safepoint "G1CollectForAllocation", Time since last: 515070614 ns, Reaching safepoint: 216410 ns, Cleanup: 32501 ns, At safepoint: 13002999 ns, Total: 13251910 ns
[2025-05-04T23:22:49.234+0000][87.232s][debug][safepoint   ] Safepoint synchronization initiated using futex wait barrier. (55 threads)
[2025-05-04T23:22:49.234+0000][87.233s][debug][safepoint   ] ... found polling page loop exception at pc = 0x00007f170d30c0dc, stub =0x00007f170caf5400
[2025-05-04T23:22:49.234+0000][87.233s][info ][safepoint   ] Safepoint "Cleanup", Time since last: 1000241450 ns, Reaching safepoint: 387518 ns, Cleanup: 23201 ns, At safepoint: 18600 ns, Total: 429319 ns
[2025-05-04T23:22:49.494+0000][87.492s][debug][safepoint   ] Safepoint synchronization initiated using futex wait barrier. (55 threads)
[2025-05-04T23:22:49.494+0000][87.492s][info ][gc,start    ] GC(66) Pause Young (Normal) (G1 Evacuation Pause)
[2025-05-04T23:22:49.494+0000][87.492s][info ][gc,task     ] GC(66) Using 8 workers of 8 for evacuation
[2025-05-04T23:22:49.502+0000][87.501s][info ][gc,phases   ] GC(66)   Pre Evacuate Collection Set: 0.2ms
[2025-05-04T23:22:49.503+0000][87.501s][info ][gc,phases   ] GC(66)   Merge Heap Roots: 0.2ms
[2025-05-04T23:22:49.503+0000][87.501s][info ][gc,phases   ] GC(66)   Evacuate Collection Set: 6.3ms
[2025-05-04T23:22:49.503+0000][87.501s][info ][gc,phases   ] GC(66)   Post Evacuate Collection Set: 1.2ms
[2025-05-04T23:22:49.503+0000][87.501s][info ][gc,phases   ] GC(66)   Other: 0.4ms
[2025-05-04T23:22:49.503+0000][87.501s][info ][gc,heap     ] GC(66) Eden regions: 109->0(112)
[2025-05-04T23:22:49.503+0000][87.501s][info ][gc,heap     ] GC(66) Survivor regions: 7->4(15)
[2025-05-04T23:22:49.503+0000][87.502s][info ][gc,heap     ] GC(66) Old regions: 45->48
[2025-05-04T23:22:49.503+0000][87.502s][info ][gc,heap     ] GC(66) Archive regions: 2->2
[2025-05-04T23:22:49.503+0000][87.502s][info ][gc,heap     ] GC(66) Humongous regions: 0->0
[2025-05-04T23:22:49.504+0000][87.502s][info ][gc,metaspace] GC(66) Metaspace: 140042K(140928K)->140042K(140928K) NonClass: 122691K(123136K)->122691K(123136K) Class: 17351K(17792K)->17351K(17792K)
[2025-05-04T23:22:49.504+0000][87.502s][info ][gc          ] GC(66) Pause Young (Normal) (G1 Evacuation Pause) 321M->104M(388M) 9.799ms
[2025-05-04T23:22:49.504+0000][87.502s][info ][gc,cpu      ] GC(66) User=0.05s Sys=0.00s Real=0.01s
[2025-05-04T23:22:49.504+0000][87.502s][info ][safepoint   ] Safepoint "G1CollectForAllocation", Time since last: 259148231 ns, Reaching safepoint: 261312 ns, Cleanup: 25002 ns, At safepoint: 10194769 ns, Total: 10481083 ns
[2025-05-04T23:22:50.225+0000][88.223s][debug][safepoint   ] Safepoint synchronization initiated using futex wait barrier. (57 threads)
[2025-05-04T23:22:50.226+0000][88.224s][info ][safepoint   ] Safepoint "ICBufferFull", Time since last: 721128970 ns, Reaching safepoint: 357122 ns, Cleanup: 220813 ns, At safepoint: 31402 ns, Total: 609337 ns
[2025-05-04T23:22:50.842+0000][88.841s][debug][safepoint   ] Safepoint synchronization initiated using futex wait barrier. (57 threads)
[2025-05-04T23:22:50.843+0000][88.841s][info ][safepoint   ] Safepoint "ICBufferFull", Time since last: 616531358 ns, Reaching safepoint: 278017 ns, Cleanup: 151509 ns, At safepoint: 21001 ns, Total: 450527 ns
[2025-05-04T23:22:50.843+0000][88.841s][debug][safepoint   ] Safepoint synchronization initiated using futex wait barrier. (57 threads)
[2025-05-04T23:22:50.843+0000][88.842s][info ][safepoint   ] Safepoint "ICBufferFull", Time since last: 226614 ns, Reaching safepoint: 204712 ns, Cleanup: 10200 ns, At safepoint: 16601 ns, Total: 231513 ns
[2025-05-04T23:22:51.342+0000][89.340s][debug][safepoint   ] Safepoint synchronization initiated using futex wait barrier. (59 threads)
[2025-05-04T23:22:51.342+0000][89.340s][info ][safepoint   ] Safepoint "ICBufferFull", Time since last: 498375256 ns, Reaching safepoint: 339121 ns, Cleanup: 163210 ns, At safepoint: 28901 ns, Total: 531232 ns
[2025-05-04T23:22:51.869+0000][89.867s][debug][safepoint   ] Safepoint synchronization initiated using futex wait barrier. (58 threads)
[2025-05-04T23:22:51.869+0000][89.868s][info ][gc,start    ] GC(67) Pause Young (Normal) (G1 Evacuation Pause)
[2025-05-04T23:22:51.870+0000][89.868s][info ][gc,task     ] GC(67) Using 8 workers of 8 for evacuation
[2025-05-04T23:22:51.879+0000][89.878s][info ][gc,phases   ] GC(67)   Pre Evacuate Collection Set: 0.2ms
[2025-05-04T23:22:51.880+0000][89.878s][info ][gc,phases   ] GC(67)   Merge Heap Roots: 0.1ms
[2025-05-04T23:22:51.880+0000][89.878s][info ][gc,phases   ] GC(67)   Evacuate Collection Set: 7.4ms
[2025-05-04T23:22:51.880+0000][89.878s][info ][gc,phases   ] GC(67)   Post Evacuate Collection Set: 1.8ms
[2025-05-04T23:22:51.880+0000][89.878s][info ][gc,phases   ] GC(67)   Other: 0.6ms
[2025-05-04T23:22:51.880+0000][89.879s][info ][gc,heap     ] GC(67) Eden regions: 112->0(109)
[2025-05-04T23:22:51.880+0000][89.879s][info ][gc,heap     ] GC(67) Survivor regions: 4->7(15)
[2025-05-04T23:22:51.880+0000][89.879s][info ][gc,heap     ] GC(67) Old regions: 48->49
[2025-05-04T23:22:51.881+0000][89.879s][info ][gc,heap     ] GC(67) Archive regions: 2->2
[2025-05-04T23:22:51.881+0000][89.879s][info ][gc,heap     ] GC(67) Humongous regions: 0->0
[2025-05-04T23:22:51.881+0000][89.879s][info ][gc,metaspace] GC(67) Metaspace: 141885K(142848K)->141885K(142848K) NonClass: 124295K(124800K)->124295K(124800K) Class: 17590K(18048K)->17590K(18048K)
[2025-05-04T23:22:51.881+0000][89.879s][info ][gc          ] GC(67) Pause Young (Normal) (G1 Evacuation Pause) 328M->111M(388M) 11.492ms
[2025-05-04T23:22:51.881+0000][89.879s][info ][gc,cpu      ] GC(67) User=0.07s Sys=0.00s Real=0.01s
[2025-05-04T23:22:51.881+0000][89.880s][info ][safepoint   ] Safepoint "G1CollectForAllocation", Time since last: 526862369 ns, Reaching safepoint: 287217 ns, Cleanup: 92705 ns, At safepoint: 11927917 ns, Total: 12307839 ns
[2025-05-04T23:22:52.821+0000][90.819s][debug][safepoint   ] Safepoint synchronization initiated using futex wait barrier. (59 threads)
[2025-05-04T23:22:52.822+0000][90.820s][info ][safepoint   ] Safepoint "ICBufferFull", Time since last: 939855693 ns, Reaching safepoint: 291317 ns, Cleanup: 156010 ns, At safepoint: 8300 ns, Total: 455627 ns
[2025-05-04T23:22:53.420+0000][91.418s][info ][gc,heap,exit] Heap
[2025-05-04T23:22:53.420+0000][91.418s][info ][gc,heap,exit]  garbage-first heap   total 397312K, used 215941K [0x0000000745800000, 0x0000000800000000)
[2025-05-04T23:22:53.421+0000][91.419s][info ][gc,heap,exit]   region size 2048K, 57 young (116736K), 7 survivors (14336K)
[2025-05-04T23:22:53.421+0000][91.419s][info ][gc,heap,exit]  Metaspace       used 142735K, committed 143680K, reserved 1179648K
[2025-05-04T23:22:53.421+0000][91.420s][info ][gc,heap,exit]   class space    used 17700K, committed 18176K, reserved 1048576K
[2025-05-04T23:22:53.422+0000][91.420s][debug][safepoint   ] Safepoint synchronization initiated using futex wait barrier. (17 threads)
