[2025-05-04T23:22:53.677+0000][0.036s][info][gc] Using G1
[2025-05-04T23:22:53.680+0000][0.039s][info][gc,init] Version: 17.0.13+11-Debian-2deb12u1 (release)
[2025-05-04T23:22:53.680+0000][0.039s][info][gc,init] CPUs: 8 total, 8 available
[2025-05-04T23:22:53.680+0000][0.039s][info][gc,init] Memory: 11928M
[2025-05-04T23:22:53.680+0000][0.039s][info][gc,init] Large Page Support: Disabled
[2025-05-04T23:22:53.681+0000][0.040s][info][gc,init] NUMA Support: Disabled
[2025-05-04T23:22:53.681+0000][0.040s][info][gc,init] Compressed Oops: Enabled (Zero based)
[2025-05-04T23:22:53.681+0000][0.040s][info][gc,init] Heap Region Size: 2M
[2025-05-04T23:22:53.681+0000][0.040s][info][gc,init] Heap Min Capacity: 8M
[2025-05-04T23:22:53.681+0000][0.040s][info][gc,init] Heap Initial Capacity: 188M
[2025-05-04T23:22:53.681+0000][0.041s][info][gc,init] Heap Max Capacity: 2984M
[2025-05-04T23:22:53.682+0000][0.041s][info][gc,init] Pre-touch: Disabled
[2025-05-04T23:22:53.682+0000][0.041s][info][gc,init] Parallel Workers: 8
[2025-05-04T23:22:53.682+0000][0.041s][info][gc,init] Concurrent Workers: 2
[2025-05-04T23:22:53.682+0000][0.041s][info][gc,init] Concurrent Refinement Workers: 8
[2025-05-04T23:22:53.682+0000][0.042s][info][gc,init] Periodic GC: Disabled
[2025-05-04T23:22:53.688+0000][0.047s][info][gc,metaspace] CDS archive(s) mapped at: [0x00007fb3d3000000-0x00007fb3d3bc9000-0x00007fb3d3bc9000), size 12357632, SharedBaseAddress: 0x00007fb3d3000000, ArchiveRelocationMode: 1.
[2025-05-04T23:22:53.688+0000][0.048s][info][gc,metaspace] Compressed class space mapped at: 0x00007fb3d4000000-0x00007fb414000000, reserved size: 1073741824
[2025-05-04T23:22:53.689+0000][0.048s][info][gc,metaspace] Narrow klass base: 0x00007fb3d3000000, Narrow klass shift: 0, Narrow klass range: 0x100000000
[2025-05-04T23:22:53.695+0000][0.054s][info][cds,heap    ] initialize_from_archived_subgraph java.lang.Module$ArchivedData 0x00007fb3d3183388 (early)
[2025-05-04T23:22:53.696+0000][0.055s][info][cds,heap    ] initialize_from_archived_subgraph java.util.ImmutableCollections 0x00007fb3d3070cd8 (early)
[2025-05-04T23:22:53.699+0000][0.058s][info][cds,heap    ] initialize_from_archived_subgraph java.lang.Integer$IntegerCache 0x00007fb3d3036060 (early)
[2025-05-04T23:22:53.702+0000][0.061s][info][cds,heap    ] initialize_from_archived_subgraph java.lang.module.Configuration 0x00007fb3d3171308 (early)
[2025-05-04T23:22:53.703+0000][0.062s][info][cds,heap    ] initialize_from_archived_subgraph java.lang.ModuleLayer 0x00007fb3d3145c58 (early)
[2025-05-04T23:22:53.703+0000][0.063s][info][cds,heap    ] initialize_from_archived_subgraph jdk.internal.loader.ArchivedClassLoaders 0x00007fb3d31a79f0 (early)
[2025-05-04T23:22:53.704+0000][0.063s][info][cds,heap    ] initialize_from_archived_subgraph jdk.internal.module.ArchivedBootLayer 0x00007fb3d3177f48 (early)
[2025-05-04T23:22:53.705+0000][0.065s][info][cds,heap    ] initialize_from_archived_subgraph sun.util.locale.BaseLocale 0x00007fb3d326bb10
[2025-05-04T23:22:53.714+0000][0.073s][info][cds,heap    ] initialize_from_archived_subgraph java.util.jar.Attributes$Name 0x00007fb3d3199468
[2025-05-04T23:22:53.753+0000][0.112s][info][cds,heap    ] initialize_from_archived_subgraph java.lang.Long$LongCache 0x00007fb3d301f998
[2025-05-04T23:22:53.839+0000][0.199s][info][cds,heap    ] initialize_from_archived_subgraph java.lang.Character$CharacterCache 0x00007fb3d30393e8
[2025-05-04T23:22:54.273+0000][0.632s][debug][safepoint   ] Safepoint synchronization initiated using futex wait barrier. (14 threads)
[2025-05-04T23:22:54.273+0000][0.632s][info ][safepoint   ] Safepoint "ICBufferFull", Time since last: 578885595 ns, Reaching safepoint: 258516 ns, Cleanup: 83305 ns, At safepoint: 3100 ns, Total: 344921 ns
[2025-05-04T23:22:54.331+0000][0.690s][debug][safepoint   ] Safepoint synchronization initiated using futex wait barrier. (14 threads)
[2025-05-04T23:22:54.332+0000][0.691s][info ][gc,start    ] GC(0) Pause Young (Normal) (G1 Evacuation Pause)
[2025-05-04T23:22:54.332+0000][0.692s][info ][gc,task     ] GC(0) Using 4 workers of 8 for evacuation
[2025-05-04T23:22:54.342+0000][0.701s][info ][gc,phases   ] GC(0)   Pre Evacuate Collection Set: 0.1ms
[2025-05-04T23:22:54.342+0000][0.701s][info ][gc,phases   ] GC(0)   Merge Heap Roots: 0.1ms
[2025-05-04T23:22:54.342+0000][0.702s][info ][gc,phases   ] GC(0)   Evacuate Collection Set: 7.5ms
[2025-05-04T23:22:54.343+0000][0.702s][info ][gc,phases   ] GC(0)   Post Evacuate Collection Set: 1.3ms
[2025-05-04T23:22:54.343+0000][0.702s][info ][gc,phases   ] GC(0)   Other: 1.2ms
[2025-05-04T23:22:54.343+0000][0.702s][info ][gc,heap     ] GC(0) Eden regions: 31->0(44)
[2025-05-04T23:22:54.343+0000][0.702s][info ][gc,heap     ] GC(0) Survivor regions: 0->4(4)
[2025-05-04T23:22:54.343+0000][0.702s][info ][gc,heap     ] GC(0) Old regions: 0->1
[2025-05-04T23:22:54.343+0000][0.702s][info ][gc,heap     ] GC(0) Archive regions: 2->2
[2025-05-04T23:22:54.343+0000][0.703s][info ][gc,heap     ] GC(0) Humongous regions: 0->0
[2025-05-04T23:22:54.344+0000][0.703s][info ][gc,metaspace] GC(0) Metaspace: 2486K(2688K)->2486K(2688K) NonClass: 2250K(2368K)->2250K(2368K) Class: 236K(320K)->236K(320K)
[2025-05-04T23:22:54.344+0000][0.703s][info ][gc          ] GC(0) Pause Young (Normal) (G1 Evacuation Pause) 63M->10M(192M) 12.108ms
[2025-05-04T23:22:54.344+0000][0.703s][info ][gc,cpu      ] GC(0) User=0.03s Sys=0.01s Real=0.01s
[2025-05-04T23:22:54.344+0000][0.703s][info ][safepoint   ] Safepoint "G1CollectForAllocation", Time since last: 57991686 ns, Reaching safepoint: 315819 ns, Cleanup: 25401 ns, At safepoint: 12488351 ns, Total: 12829571 ns
[2025-05-04T23:22:55.117+0000][1.476s][debug][safepoint   ] Safepoint synchronization initiated using futex wait barrier. (15 threads)
[2025-05-04T23:22:55.118+0000][1.477s][info ][gc,start    ] GC(1) Pause Young (Normal) (G1 Evacuation Pause)
[2025-05-04T23:22:55.118+0000][1.477s][info ][gc,task     ] GC(1) Using 4 workers of 8 for evacuation
[2025-05-04T23:22:55.126+0000][1.485s][info ][gc,phases   ] GC(1)   Pre Evacuate Collection Set: 0.1ms
[2025-05-04T23:22:55.127+0000][1.486s][info ][gc,phases   ] GC(1)   Merge Heap Roots: 0.1ms
[2025-05-04T23:22:55.127+0000][1.486s][info ][gc,phases   ] GC(1)   Evacuate Collection Set: 6.8ms
[2025-05-04T23:22:55.127+0000][1.486s][info ][gc,phases   ] GC(1)   Post Evacuate Collection Set: 1.2ms
[2025-05-04T23:22:55.127+0000][1.486s][info ][gc,phases   ] GC(1)   Other: 0.5ms
[2025-05-04T23:22:55.127+0000][1.486s][info ][gc,heap     ] GC(1) Eden regions: 44->0(54)
[2025-05-04T23:22:55.127+0000][1.486s][info ][gc,heap     ] GC(1) Survivor regions: 4->2(6)
[2025-05-04T23:22:55.127+0000][1.486s][info ][gc,heap     ] GC(1) Old regions: 1->5
[2025-05-04T23:22:55.127+0000][1.487s][info ][gc,heap     ] GC(1) Archive regions: 2->2
[2025-05-04T23:22:55.128+0000][1.487s][info ][gc,heap     ] GC(1) Humongous regions: 0->0
[2025-05-04T23:22:55.128+0000][1.487s][info ][gc,metaspace] GC(1) Metaspace: 6220K(6592K)->6220K(6592K) NonClass: 5461K(5632K)->5461K(5632K) Class: 758K(960K)->758K(960K)
[2025-05-04T23:22:55.128+0000][1.487s][info ][gc          ] GC(1) Pause Young (Normal) (G1 Evacuation Pause) 98M->13M(192M) 10.187ms
[2025-05-04T23:22:55.128+0000][1.487s][info ][gc,cpu      ] GC(1) User=0.01s Sys=0.04s Real=0.01s
[2025-05-04T23:22:55.128+0000][1.487s][info ][safepoint   ] Safepoint "G1CollectForAllocation", Time since last: 773009163 ns, Reaching safepoint: 278417 ns, Cleanup: 188712 ns, At safepoint: 10535733 ns, Total: 11002862 ns
[2025-05-04T23:22:56.306+0000][2.665s][debug][safepoint   ] Safepoint synchronization initiated using futex wait barrier. (14 threads)
[2025-05-04T23:22:56.318+0000][2.677s][debug][safepoint   ] ... found polling page loop exception at pc = 0x00007fb43915abda, stub =0x00007fb438af5400
[2025-05-04T23:22:56.321+0000][2.681s][info ][safepoint   ] Safepoint "Cleanup", Time since last: 1177847797 ns, Reaching safepoint: 15380725 ns, Cleanup: 105206 ns, At safepoint: 56203 ns, Total: 15542134 ns
[2025-05-04T23:22:56.432+0000][2.791s][debug][safepoint   ] Safepoint synchronization initiated using futex wait barrier. (14 threads)
[2025-05-04T23:22:56.466+0000][2.825s][info ][gc,start    ] GC(2) Pause Young (Normal) (G1 Evacuation Pause)
[2025-05-04T23:22:56.468+0000][2.827s][info ][gc,task     ] GC(2) Using 4 workers of 8 for evacuation
[2025-05-04T23:22:56.474+0000][2.833s][info ][gc,phases   ] GC(2)   Pre Evacuate Collection Set: 0.2ms
[2025-05-04T23:22:56.475+0000][2.834s][info ][gc,phases   ] GC(2)   Merge Heap Roots: 0.1ms
[2025-05-04T23:22:56.476+0000][2.835s][info ][gc,phases   ] GC(2)   Evacuate Collection Set: 3.5ms
[2025-05-04T23:22:56.477+0000][2.836s][info ][gc,phases   ] GC(2)   Post Evacuate Collection Set: 1.9ms
[2025-05-04T23:22:56.477+0000][2.836s][info ][gc,phases   ] GC(2)   Other: 2.5ms
[2025-05-04T23:22:56.478+0000][2.837s][info ][gc,heap     ] GC(2) Eden regions: 54->0(54)
[2025-05-04T23:22:56.481+0000][2.840s][info ][gc,heap     ] GC(2) Survivor regions: 2->2(7)
[2025-05-04T23:22:56.481+0000][2.840s][info ][gc,heap     ] GC(2) Old regions: 5->5
[2025-05-04T23:22:56.486+0000][2.845s][info ][gc,heap     ] GC(2) Archive regions: 2->2
[2025-05-04T23:22:56.501+0000][2.860s][info ][gc,heap     ] GC(2) Humongous regions: 0->0
[2025-05-04T23:22:56.502+0000][2.861s][info ][gc,metaspace] GC(2) Metaspace: 10977K(11328K)->10977K(11328K) NonClass: 9542K(9728K)->9542K(9728K) Class: 1434K(1600K)->1434K(1600K)
[2025-05-04T23:22:56.502+0000][2.861s][info ][gc          ] GC(2) Pause Young (Normal) (G1 Evacuation Pause) 121M->14M(192M) 36.241ms
[2025-05-04T23:22:56.503+0000][2.862s][info ][gc,cpu      ] GC(2) User=0.05s Sys=0.01s Real=0.04s
[2025-05-04T23:22:56.503+0000][2.862s][info ][safepoint   ] Safepoint "G1CollectForAllocation", Time since last: 110131620 ns, Reaching safepoint: 34335164 ns, Cleanup: 70704 ns, At safepoint: 37105230 ns, Total: 71511098 ns
[2025-05-04T23:22:56.961+0000][3.320s][debug][safepoint   ] Safepoint synchronization initiated using futex wait barrier. (15 threads)
[2025-05-04T23:22:56.961+0000][3.320s][info ][safepoint   ] Safepoint "ICBufferFull", Time since last: 457443696 ns, Reaching safepoint: 350221 ns, Cleanup: 76405 ns, At safepoint: 43102 ns, Total: 469728 ns
[2025-05-04T23:22:57.246+0000][3.605s][debug][safepoint   ] Safepoint synchronization initiated using futex wait barrier. (16 threads)
[2025-05-04T23:22:57.247+0000][3.606s][info ][safepoint   ] Safepoint "ICBufferFull", Time since last: 285077636 ns, Reaching safepoint: 415225 ns, Cleanup: 113506 ns, At safepoint: 37903 ns, Total: 566634 ns
[2025-05-04T23:22:57.496+0000][3.855s][debug][safepoint   ] Safepoint synchronization initiated using futex wait barrier. (16 threads)
[2025-05-04T23:22:57.496+0000][3.855s][info ][gc,start    ] GC(3) Pause Young (Normal) (G1 Evacuation Pause)
[2025-05-04T23:22:57.496+0000][3.855s][info ][gc,task     ] GC(3) Using 4 workers of 8 for evacuation
[2025-05-04T23:22:57.504+0000][3.863s][info ][gc,phases   ] GC(3)   Pre Evacuate Collection Set: 0.2ms
[2025-05-04T23:22:57.506+0000][3.865s][info ][gc,phases   ] GC(3)   Merge Heap Roots: 0.1ms
[2025-05-04T23:22:57.506+0000][3.865s][info ][gc,phases   ] GC(3)   Evacuate Collection Set: 5.9ms
[2025-05-04T23:22:57.506+0000][3.865s][info ][gc,phases   ] GC(3)   Post Evacuate Collection Set: 1.3ms
[2025-05-04T23:22:57.506+0000][3.865s][info ][gc,phases   ] GC(3)   Other: 0.5ms
[2025-05-04T23:22:57.506+0000][3.865s][info ][gc,heap     ] GC(3) Eden regions: 54->0(52)
[2025-05-04T23:22:57.507+0000][3.866s][info ][gc,heap     ] GC(3) Survivor regions: 2->4(7)
[2025-05-04T23:22:57.507+0000][3.866s][info ][gc,heap     ] GC(3) Old regions: 5->5
[2025-05-04T23:22:57.507+0000][3.866s][info ][gc,heap     ] GC(3) Archive regions: 2->2
[2025-05-04T23:22:57.507+0000][3.866s][info ][gc,heap     ] GC(3) Humongous regions: 0->0
[2025-05-04T23:22:57.508+0000][3.867s][info ][gc,metaspace] GC(3) Metaspace: 14563K(14912K)->14563K(14912K) NonClass: 12681K(12864K)->12681K(12864K) Class: 1882K(2048K)->1882K(2048K)
[2025-05-04T23:22:57.508+0000][3.867s][info ][gc          ] GC(3) Pause Young (Normal) (G1 Evacuation Pause) 122M->17M(192M) 11.733ms
[2025-05-04T23:22:57.508+0000][3.867s][info ][gc,cpu      ] GC(3) User=0.05s Sys=0.00s Real=0.01s
[2025-05-04T23:22:57.508+0000][3.867s][info ][safepoint   ] Safepoint "G1CollectForAllocation", Time since last: 248832756 ns, Reaching safepoint: 498630 ns, Cleanup: 40903 ns, At safepoint: 12205733 ns, Total: 12745266 ns
[2025-05-04T23:22:57.826+0000][4.185s][info ][cds,heap    ] initialize_from_archived_subgraph java.lang.Byte$ByteCache 0x00007fb3d30395f8
[2025-05-04T23:22:57.826+0000][4.185s][info ][cds,heap    ] initialize_from_archived_subgraph java.lang.Short$ShortCache 0x00007fb3d303fce8
[2025-05-04T23:22:58.008+0000][4.367s][debug][safepoint   ] Safepoint synchronization initiated using futex wait barrier. (16 threads)
[2025-05-04T23:22:58.009+0000][4.368s][info ][gc,start    ] GC(4) Pause Young (Normal) (G1 Evacuation Pause)
[2025-05-04T23:22:58.009+0000][4.368s][info ][gc,task     ] GC(4) Using 4 workers of 8 for evacuation
[2025-05-04T23:22:58.016+0000][4.375s][info ][gc,phases   ] GC(4)   Pre Evacuate Collection Set: 0.1ms
[2025-05-04T23:22:58.016+0000][4.375s][info ][gc,phases   ] GC(4)   Merge Heap Roots: 0.1ms
[2025-05-04T23:22:58.016+0000][4.376s][info ][gc,phases   ] GC(4)   Evacuate Collection Set: 5.8ms
[2025-05-04T23:22:58.017+0000][4.376s][info ][gc,phases   ] GC(4)   Post Evacuate Collection Set: 1.0ms
[2025-05-04T23:22:58.017+0000][4.376s][info ][gc,phases   ] GC(4)   Other: 0.4ms
[2025-05-04T23:22:58.017+0000][4.376s][info ][gc,heap     ] GC(4) Eden regions: 52->0(51)
[2025-05-04T23:22:58.017+0000][4.376s][info ][gc,heap     ] GC(4) Survivor regions: 4->5(7)
[2025-05-04T23:22:58.017+0000][4.376s][info ][gc,heap     ] GC(4) Old regions: 5->5
[2025-05-04T23:22:58.017+0000][4.377s][info ][gc,heap     ] GC(4) Archive regions: 2->2
[2025-05-04T23:22:58.018+0000][4.377s][info ][gc,heap     ] GC(4) Humongous regions: 0->0
[2025-05-04T23:22:58.018+0000][4.377s][info ][gc,metaspace] GC(4) Metaspace: 17270K(17600K)->17270K(17600K) NonClass: 14923K(15104K)->14923K(15104K) Class: 2347K(2496K)->2347K(2496K)
[2025-05-04T23:22:58.018+0000][4.377s][info ][gc          ] GC(4) Pause Young (Normal) (G1 Evacuation Pause) 121M->19M(192M) 9.304ms
[2025-05-04T23:22:58.018+0000][4.377s][info ][gc,cpu      ] GC(4) User=0.04s Sys=0.00s Real=0.00s
[2025-05-04T23:22:58.018+0000][4.377s][info ][safepoint   ] Safepoint "G1CollectForAllocation", Time since last: 499799816 ns, Reaching safepoint: 445828 ns, Cleanup: 80405 ns, At safepoint: 9767908 ns, Total: 10294141 ns
[2025-05-04T23:22:58.373+0000][4.732s][debug][safepoint   ] Safepoint synchronization initiated using futex wait barrier. (16 threads)
[2025-05-04T23:22:58.373+0000][4.732s][info ][gc,start    ] GC(5) Pause Young (Concurrent Start) (Metadata GC Threshold)
[2025-05-04T23:22:58.374+0000][4.733s][info ][gc,task     ] GC(5) Using 4 workers of 8 for evacuation
[2025-05-04T23:22:58.382+0000][4.742s][info ][gc,phases   ] GC(5)   Pre Evacuate Collection Set: 0.2ms
[2025-05-04T23:22:58.383+0000][4.742s][info ][gc,phases   ] GC(5)   Merge Heap Roots: 0.1ms
[2025-05-04T23:22:58.383+0000][4.742s][info ][gc,phases   ] GC(5)   Evacuate Collection Set: 7.1ms
[2025-05-04T23:22:58.383+0000][4.742s][info ][gc,phases   ] GC(5)   Post Evacuate Collection Set: 1.2ms
[2025-05-04T23:22:58.383+0000][4.743s][info ][gc,phases   ] GC(5)   Other: 0.6ms
[2025-05-04T23:22:58.384+0000][4.743s][info ][gc,heap     ] GC(5) Eden regions: 36->0(51)
[2025-05-04T23:22:58.384+0000][4.743s][info ][gc,heap     ] GC(5) Survivor regions: 5->5(7)
[2025-05-04T23:22:58.384+0000][4.743s][info ][gc,heap     ] GC(5) Old regions: 5->6
[2025-05-04T23:22:58.384+0000][4.743s][info ][gc,heap     ] GC(5) Archive regions: 2->2
[2025-05-04T23:22:58.385+0000][4.744s][info ][gc,heap     ] GC(5) Humongous regions: 0->0
[2025-05-04T23:22:58.385+0000][4.744s][info ][gc,metaspace] GC(5) Metaspace: 21190K(21504K)->21190K(21504K) NonClass: 18427K(18560K)->18427K(18560K) Class: 2763K(2944K)->2763K(2944K)
[2025-05-04T23:22:58.385+0000][4.744s][info ][gc          ] GC(5) Pause Young (Concurrent Start) (Metadata GC Threshold) 91M->21M(192M) 11.441ms
[2025-05-04T23:22:58.385+0000][4.744s][info ][gc,cpu      ] GC(5) User=0.05s Sys=0.01s Real=0.01s
[2025-05-04T23:22:58.385+0000][4.744s][info ][gc          ] GC(6) Concurrent Mark Cycle
[2025-05-04T23:22:58.385+0000][4.744s][info ][gc,marking  ] GC(6) Concurrent Clear Claimed Marks
[2025-05-04T23:22:58.385+0000][4.744s][info ][safepoint   ] Safepoint "CollectForMetadataAllocation", Time since last: 354437566 ns, Reaching safepoint: 450328 ns, Cleanup: 66004 ns, At safepoint: 11861038 ns, Total: 12377370 ns
[2025-05-04T23:22:58.385+0000][4.745s][info ][gc,marking  ] GC(6) Concurrent Clear Claimed Marks 0.162ms
[2025-05-04T23:22:58.386+0000][4.745s][info ][gc,marking  ] GC(6) Concurrent Scan Root Regions
[2025-05-04T23:22:58.391+0000][4.750s][info ][gc,marking  ] GC(6) Concurrent Scan Root Regions 5.682ms
[2025-05-04T23:22:58.392+0000][4.751s][info ][gc,marking  ] GC(6) Concurrent Mark
[2025-05-04T23:22:58.392+0000][4.751s][info ][gc,marking  ] GC(6) Concurrent Mark From Roots
[2025-05-04T23:22:58.392+0000][4.752s][info ][gc,task     ] GC(6) Using 2 workers of 2 for marking
[2025-05-04T23:22:58.401+0000][4.760s][info ][gc,marking  ] GC(6) Concurrent Mark From Roots 8.595ms
[2025-05-04T23:22:58.401+0000][4.760s][info ][gc,marking  ] GC(6) Concurrent Preclean
[2025-05-04T23:22:58.401+0000][4.761s][info ][gc,marking  ] GC(6) Concurrent Preclean 0.337ms
[2025-05-04T23:22:58.402+0000][4.761s][debug][safepoint   ] Safepoint synchronization initiated using futex wait barrier. (16 threads)
[2025-05-04T23:22:58.402+0000][4.761s][debug][safepoint   ] ... found polling page loop exception at pc = 0x00007fb4390e784e, stub =0x00007fb438af5400
[2025-05-04T23:22:58.402+0000][4.761s][info ][gc,start    ] GC(6) Pause Remark
[2025-05-04T23:22:58.406+0000][4.765s][info ][gc          ] GC(6) Pause Remark 25M->25M(100M) 3.525ms
[2025-05-04T23:22:58.406+0000][4.765s][info ][gc,cpu      ] GC(6) User=0.01s Sys=0.00s Real=0.00s
[2025-05-04T23:22:58.406+0000][4.766s][info ][safepoint   ] Safepoint "G1PauseRemark", Time since last: 16508428 ns, Reaching safepoint: 635440 ns, Cleanup: 23401 ns, At safepoint: 4046252 ns, Total: 4705093 ns
[2025-05-04T23:22:58.407+0000][4.766s][info ][gc,marking  ] GC(6) Concurrent Mark 14.707ms
[2025-05-04T23:22:58.407+0000][4.766s][info ][gc,marking  ] GC(6) Concurrent Rebuild Remembered Sets
[2025-05-04T23:22:58.412+0000][4.772s][info ][gc,marking  ] GC(6) Concurrent Rebuild Remembered Sets 5.417ms
[2025-05-04T23:22:58.413+0000][4.772s][debug][safepoint   ] Safepoint synchronization initiated using futex wait barrier. (16 threads)
[2025-05-04T23:22:58.413+0000][4.773s][debug][safepoint   ] ... found polling page loop exception at pc = 0x00007fb431a547e9, stub =0x00007fb438af5400
[2025-05-04T23:22:58.414+0000][4.773s][info ][gc,start    ] GC(6) Pause Cleanup
[2025-05-04T23:22:58.414+0000][4.773s][info ][gc          ] GC(6) Pause Cleanup 27M->27M(100M) 0.280ms
[2025-05-04T23:22:58.414+0000][4.774s][info ][gc,cpu      ] GC(6) User=0.01s Sys=0.00s Real=0.00s
[2025-05-04T23:22:58.415+0000][4.774s][info ][safepoint   ] Safepoint "G1PauseCleanup", Time since last: 6692417 ns, Reaching safepoint: 714844 ns, Cleanup: 9401 ns, At safepoint: 886555 ns, Total: 1610800 ns
[2025-05-04T23:22:58.415+0000][4.774s][info ][gc,marking  ] GC(6) Concurrent Cleanup for Next Mark
[2025-05-04T23:22:58.416+0000][4.775s][info ][gc,marking  ] GC(6) Concurrent Cleanup for Next Mark 0.811ms
[2025-05-04T23:22:58.416+0000][4.775s][info ][gc          ] GC(6) Concurrent Mark Cycle 30.892ms
[2025-05-04T23:22:58.630+0000][4.990s][debug][safepoint   ] Safepoint synchronization initiated using futex wait barrier. (16 threads)
[2025-05-04T23:22:58.631+0000][4.990s][debug][safepoint   ] ... found polling page loop exception at pc = 0x00007fb4390d94be, stub =0x00007fb438af5400
[2025-05-04T23:22:58.631+0000][4.990s][info ][gc,start    ] GC(7) Pause Young (Prepare Mixed) (G1 Preventive Collection)
[2025-05-04T23:22:58.631+0000][4.990s][info ][gc,task     ] GC(7) Using 4 workers of 8 for evacuation
[2025-05-04T23:22:58.639+0000][4.998s][info ][gc,phases   ] GC(7)   Pre Evacuate Collection Set: 0.1ms
[2025-05-04T23:22:58.639+0000][4.999s][info ][gc,phases   ] GC(7)   Merge Heap Roots: 0.1ms
[2025-05-04T23:22:58.640+0000][4.999s][info ][gc,phases   ] GC(7)   Evacuate Collection Set: 6.6ms
[2025-05-04T23:22:58.640+0000][4.999s][info ][gc,phases   ] GC(7)   Post Evacuate Collection Set: 1.1ms
[2025-05-04T23:22:58.640+0000][4.999s][info ][gc,phases   ] GC(7)   Other: 0.3ms
[2025-05-04T23:22:58.640+0000][4.999s][info ][gc,heap     ] GC(7) Eden regions: 30->0(1)
[2025-05-04T23:22:58.640+0000][4.999s][info ][gc,heap     ] GC(7) Survivor regions: 5->4(7)
[2025-05-04T23:22:58.640+0000][5.000s][info ][gc,heap     ] GC(7) Old regions: 6->8
[2025-05-04T23:22:58.641+0000][5.000s][info ][gc,heap     ] GC(7) Archive regions: 2->2
[2025-05-04T23:22:58.641+0000][5.000s][info ][gc,heap     ] GC(7) Humongous regions: 0->0
[2025-05-04T23:22:58.641+0000][5.000s][info ][gc,metaspace] GC(7) Metaspace: 23414K(23808K)->23414K(23808K) NonClass: 20359K(20544K)->20359K(20544K) Class: 3055K(3264K)->3055K(3264K)
[2025-05-04T23:22:58.641+0000][5.000s][info ][gc          ] GC(7) Pause Young (Prepare Mixed) (G1 Preventive Collection) 81M->23M(120M) 9.909ms
[2025-05-04T23:22:58.641+0000][5.000s][info ][gc,cpu      ] GC(7) User=0.03s Sys=0.00s Real=0.01s
[2025-05-04T23:22:58.641+0000][5.000s][info ][safepoint   ] Safepoint "G1CollectForAllocation", Time since last: 215788634 ns, Reaching safepoint: 391925 ns, Cleanup: 64804 ns, At safepoint: 10213536 ns, Total: 10670265 ns
[2025-05-04T23:22:58.648+0000][5.007s][debug][safepoint   ] Safepoint synchronization initiated using futex wait barrier. (16 threads)
[2025-05-04T23:22:58.649+0000][5.008s][info ][safepoint   ] Safepoint "G1CollectForAllocation", Time since last: 7182047 ns, Reaching safepoint: 434627 ns, Cleanup: 12501 ns, At safepoint: 46203 ns, Total: 493331 ns
[2025-05-04T23:22:58.649+0000][5.008s][debug][safepoint   ] Safepoint synchronization initiated using futex wait barrier. (16 threads)
[2025-05-04T23:22:58.649+0000][5.008s][info ][gc,start    ] GC(8) Pause Young (Mixed) (GCLocker Initiated GC)
[2025-05-04T23:22:58.650+0000][5.009s][info ][gc,task     ] GC(8) Using 4 workers of 8 for evacuation
[2025-05-04T23:22:58.656+0000][5.015s][info ][gc,phases   ] GC(8)   Pre Evacuate Collection Set: 0.1ms
[2025-05-04T23:22:58.656+0000][5.015s][info ][gc,phases   ] GC(8)   Merge Heap Roots: 0.0ms
[2025-05-04T23:22:58.656+0000][5.016s][info ][gc,phases   ] GC(8)   Evacuate Collection Set: 5.5ms
[2025-05-04T23:22:58.657+0000][5.016s][info ][gc,phases   ] GC(8)   Post Evacuate Collection Set: 0.8ms
[2025-05-04T23:22:58.657+0000][5.016s][info ][gc,phases   ] GC(8)   Other: 0.3ms
[2025-05-04T23:22:58.657+0000][5.016s][info ][gc,heap     ] GC(8) Eden regions: 1->0(34)
[2025-05-04T23:22:58.657+0000][5.016s][info ][gc,heap     ] GC(8) Survivor regions: 4->1(1)
[2025-05-04T23:22:58.657+0000][5.016s][info ][gc,heap     ] GC(8) Old regions: 8->11
[2025-05-04T23:22:58.657+0000][5.016s][info ][gc,heap     ] GC(8) Archive regions: 2->2
[2025-05-04T23:22:58.657+0000][5.016s][info ][gc,heap     ] GC(8) Humongous regions: 0->0
[2025-05-04T23:22:58.657+0000][5.017s][info ][gc,metaspace] GC(8) Metaspace: 23423K(23808K)->23423K(23808K) NonClass: 20365K(20544K)->20365K(20544K) Class: 3058K(3264K)->3058K(3264K)
[2025-05-04T23:22:58.658+0000][5.017s][info ][gc          ] GC(8) Pause Young (Mixed) (GCLocker Initiated GC) 25M->24M(120M) 8.130ms
[2025-05-04T23:22:58.658+0000][5.017s][info ][gc,cpu      ] GC(8) User=0.02s Sys=0.00s Real=0.00s
[2025-05-04T23:22:58.658+0000][5.017s][info ][safepoint   ] Safepoint "G1CollectForAllocation", Time since last: 348921 ns, Reaching safepoint: 175211 ns, Cleanup: 3300 ns, At safepoint: 8491529 ns, Total: 8670040 ns
[2025-05-04T23:22:59.086+0000][5.445s][debug][safepoint   ] Safepoint synchronization initiated using futex wait barrier. (15 threads)
[2025-05-04T23:22:59.146+0000][5.505s][info ][gc,start    ] GC(9) Pause Young (Normal) (G1 Evacuation Pause)
[2025-05-04T23:22:59.150+0000][5.510s][info ][gc,task     ] GC(9) Using 3 workers of 8 for evacuation
[2025-05-04T23:22:59.162+0000][5.521s][info ][gc,phases   ] GC(9)   Pre Evacuate Collection Set: 0.1ms
[2025-05-04T23:22:59.171+0000][5.530s][info ][gc,phases   ] GC(9)   Merge Heap Roots: 0.1ms
[2025-05-04T23:22:59.171+0000][5.530s][info ][gc,phases   ] GC(9)   Evacuate Collection Set: 5.9ms
[2025-05-04T23:22:59.171+0000][5.530s][info ][gc,phases   ] GC(9)   Post Evacuate Collection Set: 5.1ms
[2025-05-04T23:22:59.171+0000][5.530s][info ][gc,phases   ] GC(9)   Other: 4.8ms
[2025-05-04T23:22:59.172+0000][5.531s][info ][gc,heap     ] GC(9) Eden regions: 34->0(31)
[2025-05-04T23:22:59.173+0000][5.532s][info ][gc,heap     ] GC(9) Survivor regions: 1->4(5)
[2025-05-04T23:22:59.174+0000][5.533s][info ][gc,heap     ] GC(9) Old regions: 11->11
[2025-05-04T23:22:59.174+0000][5.533s][info ][gc,heap     ] GC(9) Archive regions: 2->2
[2025-05-04T23:22:59.175+0000][5.534s][info ][gc,heap     ] GC(9) Humongous regions: 0->0
[2025-05-04T23:22:59.175+0000][5.535s][info ][gc,metaspace] GC(9) Metaspace: 24550K(24896K)->24550K(24896K) NonClass: 21357K(21504K)->21357K(21504K) Class: 3193K(3392K)->3193K(3392K)
[2025-05-04T23:22:59.176+0000][5.535s][info ][gc          ] GC(9) Pause Young (Normal) (G1 Evacuation Pause) 92M->29M(120M) 30.006ms
[2025-05-04T23:22:59.176+0000][5.536s][info ][gc,cpu      ] GC(9) User=0.12s Sys=0.00s Real=0.03s
[2025-05-04T23:22:59.177+0000][5.536s][info ][safepoint   ] Safepoint "G1CollectForAllocation", Time since last: 428290864 ns, Reaching safepoint: 59919131 ns, Cleanup: 85205 ns, At safepoint: 30515600 ns, Total: 90519936 ns
[2025-05-04T23:22:59.304+0000][5.663s][debug][safepoint   ] Safepoint synchronization initiated using futex wait barrier. (15 threads)
[2025-05-04T23:22:59.304+0000][5.663s][info ][gc,start    ] GC(10) Pause Young (Normal) (G1 Evacuation Pause)
[2025-05-04T23:22:59.304+0000][5.664s][info ][gc,task     ] GC(10) Using 2 workers of 8 for evacuation
[2025-05-04T23:22:59.330+0000][5.689s][info ][gc,phases   ] GC(10)   Pre Evacuate Collection Set: 0.2ms
[2025-05-04T23:22:59.331+0000][5.690s][info ][gc,phases   ] GC(10)   Merge Heap Roots: 0.1ms
[2025-05-04T23:22:59.331+0000][5.690s][info ][gc,phases   ] GC(10)   Evacuate Collection Set: 23.4ms
[2025-05-04T23:22:59.331+0000][5.690s][info ][gc,phases   ] GC(10)   Post Evacuate Collection Set: 1.4ms
[2025-05-04T23:22:59.331+0000][5.691s][info ][gc,phases   ] GC(10)   Other: 0.4ms
[2025-05-04T23:22:59.332+0000][5.691s][info ][gc,heap     ] GC(10) Eden regions: 31->0(26)
[2025-05-04T23:22:59.332+0000][5.691s][info ][gc,heap     ] GC(10) Survivor regions: 4->5(5)
[2025-05-04T23:22:59.332+0000][5.691s][info ][gc,heap     ] GC(10) Old regions: 11->14
[2025-05-04T23:22:59.332+0000][5.691s][info ][gc,heap     ] GC(10) Archive regions: 2->2
[2025-05-04T23:22:59.333+0000][5.692s][info ][gc,heap     ] GC(10) Humongous regions: 0->0
[2025-05-04T23:22:59.333+0000][5.692s][info ][gc,metaspace] GC(10) Metaspace: 24562K(24896K)->24562K(24896K) NonClass: 21367K(21504K)->21367K(21504K) Class: 3194K(3392K)->3194K(3392K)
[2025-05-04T23:22:59.333+0000][5.692s][info ][gc          ] GC(10) Pause Young (Normal) (G1 Evacuation Pause) 91M->38M(120M) 28.642ms
[2025-05-04T23:22:59.333+0000][5.692s][info ][gc,cpu      ] GC(10) User=0.14s Sys=0.00s Real=0.03s
[2025-05-04T23:22:59.333+0000][5.693s][info ][safepoint   ] Safepoint "G1CollectForAllocation", Time since last: 127301925 ns, Reaching safepoint: 249716 ns, Cleanup: 59203 ns, At safepoint: 29205519 ns, Total: 29514438 ns
[2025-05-04T23:22:59.635+0000][5.994s][debug][safepoint   ] Safepoint synchronization initiated using futex wait barrier. (15 threads)
[2025-05-04T23:22:59.635+0000][5.994s][info ][gc,start    ] GC(11) Pause Young (Normal) (G1 Evacuation Pause)
[2025-05-04T23:22:59.635+0000][5.994s][info ][gc,task     ] GC(11) Using 2 workers of 8 for evacuation
[2025-05-04T23:22:59.649+0000][6.008s][info ][gc,phases   ] GC(11)   Pre Evacuate Collection Set: 0.1ms
[2025-05-04T23:22:59.649+0000][6.008s][info ][gc,phases   ] GC(11)   Merge Heap Roots: 0.1ms
[2025-05-04T23:22:59.649+0000][6.008s][info ][gc,phases   ] GC(11)   Evacuate Collection Set: 11.9ms
[2025-05-04T23:22:59.649+0000][6.009s][info ][gc,phases   ] GC(11)   Post Evacuate Collection Set: 1.3ms
[2025-05-04T23:22:59.650+0000][6.009s][info ][gc,phases   ] GC(11)   Other: 0.3ms
[2025-05-04T23:22:59.650+0000][6.009s][info ][gc,heap     ] GC(11) Eden regions: 26->0(74)
[2025-05-04T23:22:59.650+0000][6.009s][info ][gc,heap     ] GC(11) Survivor regions: 5->3(4)
[2025-05-04T23:22:59.650+0000][6.009s][info ][gc,heap     ] GC(11) Old regions: 14->18
[2025-05-04T23:22:59.650+0000][6.009s][info ][gc,heap     ] GC(11) Archive regions: 2->2
[2025-05-04T23:22:59.650+0000][6.009s][info ][gc,heap     ] GC(11) Humongous regions: 0->0
[2025-05-04T23:22:59.650+0000][6.009s][info ][gc,metaspace] GC(11) Metaspace: 24775K(25152K)->24775K(25152K) NonClass: 21552K(21760K)->21552K(21760K) Class: 3222K(3392K)->3222K(3392K)
[2025-05-04T23:22:59.650+0000][6.010s][info ][gc          ] GC(11) Pause Young (Normal) (G1 Evacuation Pause) 90M->43M(258M) 15.522ms
[2025-05-04T23:22:59.651+0000][6.010s][info ][gc,cpu      ] GC(11) User=0.04s Sys=0.00s Real=0.02s
[2025-05-04T23:22:59.651+0000][6.010s][info ][safepoint   ] Safepoint "G1CollectForAllocation", Time since last: 301126147 ns, Reaching safepoint: 247115 ns, Cleanup: 43803 ns, At safepoint: 15804484 ns, Total: 16095402 ns
[2025-05-04T23:23:00.343+0000][6.702s][debug][safepoint   ] Safepoint synchronization initiated using futex wait barrier. (15 threads)
[2025-05-04T23:23:00.343+0000][6.702s][info ][safepoint   ] Safepoint "ICBufferFull", Time since last: 691927177 ns, Reaching safepoint: 247816 ns, Cleanup: 146509 ns, At safepoint: 5000 ns, Total: 399325 ns
[2025-05-04T23:23:00.807+0000][7.166s][debug][safepoint   ] Safepoint synchronization initiated using futex wait barrier. (15 threads)
[2025-05-04T23:23:00.808+0000][7.167s][info ][gc,start    ] GC(12) Pause Young (Normal) (G1 Evacuation Pause)
[2025-05-04T23:23:00.808+0000][7.167s][info ][gc,task     ] GC(12) Using 6 workers of 8 for evacuation
[2025-05-04T23:23:00.816+0000][7.175s][info ][gc,phases   ] GC(12)   Pre Evacuate Collection Set: 0.1ms
[2025-05-04T23:23:00.816+0000][7.175s][info ][gc,phases   ] GC(12)   Merge Heap Roots: 0.1ms
[2025-05-04T23:23:00.816+0000][7.175s][info ][gc,phases   ] GC(12)   Evacuate Collection Set: 7.3ms
[2025-05-04T23:23:00.816+0000][7.176s][info ][gc,phases   ] GC(12)   Post Evacuate Collection Set: 0.7ms
[2025-05-04T23:23:00.817+0000][7.176s][info ][gc,phases   ] GC(12)   Other: 0.3ms
[2025-05-04T23:23:00.817+0000][7.176s][info ][gc,heap     ] GC(12) Eden regions: 74->0(69)
[2025-05-04T23:23:00.817+0000][7.176s][info ][gc,heap     ] GC(12) Survivor regions: 3->8(10)
[2025-05-04T23:23:00.817+0000][7.176s][info ][gc,heap     ] GC(12) Old regions: 18->18
[2025-05-04T23:23:00.817+0000][7.176s][info ][gc,heap     ] GC(12) Archive regions: 2->2
[2025-05-04T23:23:00.817+0000][7.176s][info ][gc,heap     ] GC(12) Humongous regions: 0->0
[2025-05-04T23:23:00.817+0000][7.176s][info ][gc,metaspace] GC(12) Metaspace: 25204K(25600K)->25204K(25600K) NonClass: 21938K(22144K)->21938K(22144K) Class: 3265K(3456K)->3265K(3456K)
[2025-05-04T23:23:00.817+0000][7.176s][info ][gc          ] GC(12) Pause Young (Normal) (G1 Evacuation Pause) 191M->52M(258M) 9.706ms
[2025-05-04T23:23:00.817+0000][7.176s][info ][gc,cpu      ] GC(12) User=0.02s Sys=0.04s Real=0.01s
[2025-05-04T23:23:00.818+0000][7.177s][info ][safepoint   ] Safepoint "G1CollectForAllocation", Time since last: 464156597 ns, Reaching safepoint: 298819 ns, Cleanup: 59403 ns, At safepoint: 9976821 ns, Total: 10335043 ns
[2025-05-04T23:23:01.351+0000][7.710s][debug][safepoint   ] Safepoint synchronization initiated using futex wait barrier. (16 threads)
[2025-05-04T23:23:01.351+0000][7.710s][info ][gc,start    ] GC(13) Pause Young (Normal) (G1 Evacuation Pause)
[2025-05-04T23:23:01.351+0000][7.711s][info ][gc,task     ] GC(13) Using 6 workers of 8 for evacuation
[2025-05-04T23:23:01.362+0000][7.721s][info ][gc,phases   ] GC(13)   Pre Evacuate Collection Set: 0.1ms
[2025-05-04T23:23:01.362+0000][7.721s][info ][gc,phases   ] GC(13)   Merge Heap Roots: 0.1ms
[2025-05-04T23:23:01.362+0000][7.722s][info ][gc,phases   ] GC(13)   Evacuate Collection Set: 8.0ms
[2025-05-04T23:23:01.363+0000][7.722s][info ][gc,phases   ] GC(13)   Post Evacuate Collection Set: 2.1ms
[2025-05-04T23:23:01.363+0000][7.722s][info ][gc,phases   ] GC(13)   Other: 0.4ms
[2025-05-04T23:23:01.363+0000][7.722s][info ][gc,heap     ] GC(13) Eden regions: 69->0(70)
[2025-05-04T23:23:01.363+0000][7.722s][info ][gc,heap     ] GC(13) Survivor regions: 8->7(10)
[2025-05-04T23:23:01.363+0000][7.722s][info ][gc,heap     ] GC(13) Old regions: 18->21
[2025-05-04T23:23:01.363+0000][7.722s][info ][gc,heap     ] GC(13) Archive regions: 2->2
[2025-05-04T23:23:01.363+0000][7.722s][info ][gc,heap     ] GC(13) Humongous regions: 0->0
[2025-05-04T23:23:01.363+0000][7.722s][info ][gc,metaspace] GC(13) Metaspace: 26247K(26624K)->26247K(26624K) NonClass: 22904K(23104K)->22904K(23104K) Class: 3343K(3520K)->3343K(3520K)
[2025-05-04T23:23:01.363+0000][7.723s][info ][gc          ] GC(13) Pause Young (Normal) (G1 Evacuation Pause) 190M->56M(258M) 12.122ms
[2025-05-04T23:23:01.364+0000][7.723s][info ][gc,cpu      ] GC(13) User=0.07s Sys=0.00s Real=0.01s
[2025-05-04T23:23:01.364+0000][7.723s][info ][safepoint   ] Safepoint "G1CollectForAllocation", Time since last: 533155193 ns, Reaching safepoint: 531733 ns, Cleanup: 71305 ns, At safepoint: 12456075 ns, Total: 13059113 ns
[2025-05-04T23:23:01.844+0000][8.203s][debug][safepoint   ] Safepoint synchronization initiated using futex wait barrier. (15 threads)
[2025-05-04T23:23:01.844+0000][8.203s][info ][gc,start    ] GC(14) Pause Young (Normal) (G1 Evacuation Pause)
[2025-05-04T23:23:01.844+0000][8.203s][info ][gc,task     ] GC(14) Using 6 workers of 8 for evacuation
[2025-05-04T23:23:01.851+0000][8.210s][info ][gc,phases   ] GC(14)   Pre Evacuate Collection Set: 0.1ms
[2025-05-04T23:23:01.851+0000][8.211s][info ][gc,phases   ] GC(14)   Merge Heap Roots: 0.1ms
[2025-05-04T23:23:01.852+0000][8.211s][info ][gc,phases   ] GC(14)   Evacuate Collection Set: 5.9ms
[2025-05-04T23:23:01.852+0000][8.211s][info ][gc,phases   ] GC(14)   Post Evacuate Collection Set: 1.0ms
[2025-05-04T23:23:01.852+0000][8.211s][info ][gc,phases   ] GC(14)   Other: 0.3ms
[2025-05-04T23:23:01.852+0000][8.211s][info ][gc,heap     ] GC(14) Eden regions: 70->0(72)
[2025-05-04T23:23:01.852+0000][8.211s][info ][gc,heap     ] GC(14) Survivor regions: 7->4(10)
[2025-05-04T23:23:01.852+0000][8.211s][info ][gc,heap     ] GC(14) Old regions: 21->26
[2025-05-04T23:23:01.852+0000][8.211s][info ][gc,heap     ] GC(14) Archive regions: 2->2
[2025-05-04T23:23:01.852+0000][8.211s][info ][gc,heap     ] GC(14) Humongous regions: 0->0
[2025-05-04T23:23:01.852+0000][8.211s][info ][gc,metaspace] GC(14) Metaspace: 28315K(28672K)->28315K(28672K) NonClass: 24770K(24960K)->24770K(24960K) Class: 3545K(3712K)->3545K(3712K)
[2025-05-04T23:23:01.852+0000][8.212s][info ][gc          ] GC(14) Pause Young (Normal) (G1 Evacuation Pause) 196M->58M(258M) 8.607ms
[2025-05-04T23:23:01.853+0000][8.212s][info ][gc,cpu      ] GC(14) User=0.04s Sys=0.00s Real=0.01s
[2025-05-04T23:23:01.853+0000][8.212s][info ][safepoint   ] Safepoint "G1CollectForAllocation", Time since last: 479886676 ns, Reaching safepoint: 182612 ns, Cleanup: 41002 ns, At safepoint: 8827150 ns, Total: 9050764 ns
[2025-05-04T23:23:02.756+0000][9.115s][debug][safepoint   ] Safepoint synchronization initiated using futex wait barrier. (15 threads)
[2025-05-04T23:23:02.756+0000][9.115s][info ][gc,start    ] GC(15) Pause Young (Normal) (G1 Evacuation Pause)
[2025-05-04T23:23:02.756+0000][9.115s][info ][gc,task     ] GC(15) Using 6 workers of 8 for evacuation
[2025-05-04T23:23:02.761+0000][9.120s][info ][gc,phases   ] GC(15)   Pre Evacuate Collection Set: 0.2ms
[2025-05-04T23:23:02.761+0000][9.120s][info ][gc,phases   ] GC(15)   Merge Heap Roots: 0.1ms
[2025-05-04T23:23:02.761+0000][9.120s][info ][gc,phases   ] GC(15)   Evacuate Collection Set: 3.4ms
[2025-05-04T23:23:02.761+0000][9.120s][info ][gc,phases   ] GC(15)   Post Evacuate Collection Set: 0.9ms
[2025-05-04T23:23:02.761+0000][9.121s][info ][gc,phases   ] GC(15)   Other: 0.3ms
[2025-05-04T23:23:02.762+0000][9.121s][info ][gc,heap     ] GC(15) Eden regions: 72->0(73)
[2025-05-04T23:23:02.762+0000][9.121s][info ][gc,heap     ] GC(15) Survivor regions: 4->4(10)
[2025-05-04T23:23:02.762+0000][9.121s][info ][gc,heap     ] GC(15) Old regions: 26->26
[2025-05-04T23:23:02.762+0000][9.121s][info ][gc,heap     ] GC(15) Archive regions: 2->2
[2025-05-04T23:23:02.762+0000][9.121s][info ][gc,heap     ] GC(15) Humongous regions: 0->0
[2025-05-04T23:23:02.762+0000][9.121s][info ][gc,metaspace] GC(15) Metaspace: 34283K(34624K)->34283K(34624K) NonClass: 30038K(30208K)->30038K(30208K) Class: 4245K(4416K)->4245K(4416K)
[2025-05-04T23:23:02.762+0000][9.121s][info ][gc          ] GC(15) Pause Young (Normal) (G1 Evacuation Pause) 202M->59M(258M) 6.211ms
[2025-05-04T23:23:02.762+0000][9.122s][info ][gc,cpu      ] GC(15) User=0.04s Sys=0.00s Real=0.01s
[2025-05-04T23:23:02.763+0000][9.122s][info ][safepoint   ] Safepoint "G1CollectForAllocation", Time since last: 903096924 ns, Reaching safepoint: 191812 ns, Cleanup: 116007 ns, At safepoint: 6476703 ns, Total: 6784522 ns
[2025-05-04T23:23:03.684+0000][10.043s][debug][safepoint   ] Safepoint synchronization initiated using futex wait barrier. (15 threads)
[2025-05-04T23:23:03.684+0000][10.044s][debug][safepoint   ] ... found polling page loop exception at pc = 0x00007fb43915abda, stub =0x00007fb438af5400
[2025-05-04T23:23:03.685+0000][10.044s][info ][gc,start    ] GC(16) Pause Young (Concurrent Start) (Metadata GC Threshold)
[2025-05-04T23:23:03.685+0000][10.044s][info ][gc,task     ] GC(16) Using 6 workers of 8 for evacuation
[2025-05-04T23:23:03.692+0000][10.051s][info ][gc,phases   ] GC(16)   Pre Evacuate Collection Set: 0.2ms
[2025-05-04T23:23:03.692+0000][10.051s][info ][gc,phases   ] GC(16)   Merge Heap Roots: 0.2ms
[2025-05-04T23:23:03.692+0000][10.051s][info ][gc,phases   ] GC(16)   Evacuate Collection Set: 4.5ms
[2025-05-04T23:23:03.693+0000][10.052s][info ][gc,phases   ] GC(16)   Post Evacuate Collection Set: 1.4ms
[2025-05-04T23:23:03.693+0000][10.052s][info ][gc,phases   ] GC(16)   Other: 0.5ms
[2025-05-04T23:23:03.693+0000][10.052s][info ][gc,heap     ] GC(16) Eden regions: 67->0(72)
[2025-05-04T23:23:03.693+0000][10.052s][info ][gc,heap     ] GC(16) Survivor regions: 4->5(10)
[2025-05-04T23:23:03.693+0000][10.052s][info ][gc,heap     ] GC(16) Old regions: 26->26
[2025-05-04T23:23:03.693+0000][10.052s][info ][gc,heap     ] GC(16) Archive regions: 2->2
[2025-05-04T23:23:03.693+0000][10.053s][info ][gc,heap     ] GC(16) Humongous regions: 0->0
[2025-05-04T23:23:03.694+0000][10.053s][info ][gc,metaspace] GC(16) Metaspace: 36049K(36416K)->36049K(36416K) NonClass: 31577K(31744K)->31577K(31744K) Class: 4472K(4672K)->4472K(4672K)
[2025-05-04T23:23:03.694+0000][10.053s][info ][gc          ] GC(16) Pause Young (Concurrent Start) (Metadata GC Threshold) 192M->61M(258M) 8.858ms
[2025-05-04T23:23:03.694+0000][10.053s][info ][gc,cpu      ] GC(16) User=0.04s Sys=0.00s Real=0.01s
[2025-05-04T23:23:03.694+0000][10.053s][info ][gc          ] GC(17) Concurrent Mark Cycle
[2025-05-04T23:23:03.694+0000][10.053s][info ][safepoint   ] Safepoint "CollectForMetadataAllocation", Time since last: 921591776 ns, Reaching safepoint: 550734 ns, Cleanup: 160010 ns, At safepoint: 9373484 ns, Total: 10084228 ns
[2025-05-04T23:23:03.698+0000][10.058s][info ][gc,marking  ] GC(17) Concurrent Clear Claimed Marks
[2025-05-04T23:23:03.700+0000][10.059s][info ][gc,marking  ] GC(17) Concurrent Clear Claimed Marks 1.141ms
[2025-05-04T23:23:03.700+0000][10.059s][info ][gc,marking  ] GC(17) Concurrent Scan Root Regions
[2025-05-04T23:23:03.704+0000][10.063s][info ][gc,marking  ] GC(17) Concurrent Scan Root Regions 3.636ms
[2025-05-04T23:23:03.704+0000][10.063s][info ][gc,marking  ] GC(17) Concurrent Mark
[2025-05-04T23:23:03.704+0000][10.063s][info ][gc,marking  ] GC(17) Concurrent Mark From Roots
[2025-05-04T23:23:03.704+0000][10.063s][info ][gc,task     ] GC(17) Using 2 workers of 2 for marking
[2025-05-04T23:23:03.749+0000][10.108s][info ][gc,marking  ] GC(17) Concurrent Mark From Roots 44.538ms
[2025-05-04T23:23:03.749+0000][10.108s][info ][gc,marking  ] GC(17) Concurrent Preclean
[2025-05-04T23:23:03.749+0000][10.109s][info ][gc,marking  ] GC(17) Concurrent Preclean 0.526ms
[2025-05-04T23:23:03.750+0000][10.109s][debug][safepoint   ] Safepoint synchronization initiated using futex wait barrier. (15 threads)
[2025-05-04T23:23:03.751+0000][10.110s][info ][gc,start    ] GC(17) Pause Remark
[2025-05-04T23:23:03.754+0000][10.113s][info ][gc          ] GC(17) Pause Remark 67M->67M(234M) 2.812ms
[2025-05-04T23:23:03.754+0000][10.113s][info ][gc,cpu      ] GC(17) User=0.01s Sys=0.00s Real=0.00s
[2025-05-04T23:23:03.754+0000][10.113s][info ][safepoint   ] Safepoint "G1PauseRemark", Time since last: 55508155 ns, Reaching safepoint: 1157072 ns, Cleanup: 21702 ns, At safepoint: 3144996 ns, Total: 4323770 ns
[2025-05-04T23:23:03.754+0000][10.113s][info ][gc,marking  ] GC(17) Concurrent Mark 50.290ms
[2025-05-04T23:23:03.754+0000][10.113s][info ][gc,marking  ] GC(17) Concurrent Rebuild Remembered Sets
[2025-05-04T23:23:03.754+0000][10.113s][debug][safepoint   ] Safepoint synchronization initiated using futex wait barrier. (15 threads)
[2025-05-04T23:23:03.755+0000][10.114s][info ][safepoint   ] Safepoint "CollectForMetadataAllocation", Time since last: 220713 ns, Reaching safepoint: 360723 ns, Cleanup: 4100 ns, At safepoint: 49903 ns, Total: 414726 ns
[2025-05-04T23:23:03.774+0000][10.133s][info ][gc,marking  ] GC(17) Concurrent Rebuild Remembered Sets 19.794ms
[2025-05-04T23:23:03.775+0000][10.134s][debug][safepoint   ] Safepoint synchronization initiated using futex wait barrier. (15 threads)
[2025-05-04T23:23:03.775+0000][10.134s][info ][gc,start    ] GC(17) Pause Cleanup
[2025-05-04T23:23:03.775+0000][10.134s][info ][gc          ] GC(17) Pause Cleanup 69M->69M(234M) 0.255ms
[2025-05-04T23:23:03.775+0000][10.134s][info ][gc,cpu      ] GC(17) User=0.00s Sys=0.00s Real=0.00s
[2025-05-04T23:23:03.775+0000][10.134s][info ][safepoint   ] Safepoint "G1PauseCleanup", Time since last: 19838035 ns, Reaching safepoint: 261816 ns, Cleanup: 4301 ns, At safepoint: 471229 ns, Total: 737346 ns
[2025-05-04T23:23:03.775+0000][10.135s][info ][gc,marking  ] GC(17) Concurrent Cleanup for Next Mark
[2025-05-04T23:23:03.778+0000][10.137s][info ][gc,marking  ] GC(17) Concurrent Cleanup for Next Mark 2.315ms
[2025-05-04T23:23:03.778+0000][10.137s][info ][gc          ] GC(17) Concurrent Mark Cycle 84.149ms
[2025-05-04T23:23:04.544+0000][10.904s][debug][safepoint   ] Safepoint synchronization initiated using futex wait barrier. (15 threads)
[2025-05-04T23:23:04.545+0000][10.904s][info ][gc,start    ] GC(18) Pause Young (Prepare Mixed) (G1 Evacuation Pause)
[2025-05-04T23:23:04.546+0000][10.905s][info ][gc,task     ] GC(18) Using 5 workers of 8 for evacuation
[2025-05-04T23:23:04.553+0000][10.912s][info ][gc,phases   ] GC(18)   Pre Evacuate Collection Set: 0.1ms
[2025-05-04T23:23:04.553+0000][10.912s][info ][gc,phases   ] GC(18)   Merge Heap Roots: 0.1ms
[2025-05-04T23:23:04.553+0000][10.912s][info ][gc,phases   ] GC(18)   Evacuate Collection Set: 5.7ms
[2025-05-04T23:23:04.553+0000][10.913s][info ][gc,phases   ] GC(18)   Post Evacuate Collection Set: 1.0ms
[2025-05-04T23:23:04.554+0000][10.913s][info ][gc,phases   ] GC(18)   Other: 0.8ms
[2025-05-04T23:23:04.554+0000][10.913s][info ][gc,heap     ] GC(18) Eden regions: 65->0(1)
[2025-05-04T23:23:04.554+0000][10.913s][info ][gc,heap     ] GC(18) Survivor regions: 5->5(9)
[2025-05-04T23:23:04.554+0000][10.913s][info ][gc,heap     ] GC(18) Old regions: 25->25
[2025-05-04T23:23:04.554+0000][10.913s][info ][gc,heap     ] GC(18) Archive regions: 2->2
[2025-05-04T23:23:04.554+0000][10.913s][info ][gc,heap     ] GC(18) Humongous regions: 0->0
[2025-05-04T23:23:04.554+0000][10.913s][info ][gc,metaspace] GC(18) Metaspace: 38993K(39360K)->38993K(39360K) NonClass: 34081K(34240K)->34081K(34240K) Class: 4911K(5120K)->4911K(5120K)
[2025-05-04T23:23:04.554+0000][10.913s][info ][gc          ] GC(18) Pause Young (Prepare Mixed) (G1 Evacuation Pause) 191M->60M(234M) 9.078ms
[2025-05-04T23:23:04.554+0000][10.914s][info ][gc,cpu      ] GC(18) User=0.04s Sys=0.00s Real=0.01s
[2025-05-04T23:23:04.555+0000][10.914s][info ][safepoint   ] Safepoint "G1CollectForAllocation", Time since last: 769185187 ns, Reaching safepoint: 576136 ns, Cleanup: 126608 ns, At safepoint: 9475190 ns, Total: 10177934 ns
[2025-05-04T23:23:04.562+0000][10.921s][debug][safepoint   ] Safepoint synchronization initiated using futex wait barrier. (15 threads)
[2025-05-04T23:23:04.562+0000][10.921s][info ][gc,start    ] GC(19) Pause Young (Mixed) (G1 Evacuation Pause)
[2025-05-04T23:23:04.562+0000][10.922s][info ][gc,task     ] GC(19) Using 5 workers of 8 for evacuation
[2025-05-04T23:23:04.569+0000][10.928s][info ][gc,phases   ] GC(19)   Pre Evacuate Collection Set: 0.2ms
[2025-05-04T23:23:04.569+0000][10.928s][info ][gc,phases   ] GC(19)   Merge Heap Roots: 0.1ms
[2025-05-04T23:23:04.569+0000][10.928s][info ][gc,phases   ] GC(19)   Evacuate Collection Set: 5.2ms
[2025-05-04T23:23:04.569+0000][10.929s][info ][gc,phases   ] GC(19)   Post Evacuate Collection Set: 0.8ms
[2025-05-04T23:23:04.570+0000][10.929s][info ][gc,phases   ] GC(19)   Other: 0.4ms
[2025-05-04T23:23:04.570+0000][10.929s][info ][gc,heap     ] GC(19) Eden regions: 1->0(66)
[2025-05-04T23:23:04.570+0000][10.929s][info ][gc,heap     ] GC(19) Survivor regions: 5->1(1)
[2025-05-04T23:23:04.570+0000][10.929s][info ][gc,heap     ] GC(19) Old regions: 25->29
[2025-05-04T23:23:04.570+0000][10.929s][info ][gc,heap     ] GC(19) Archive regions: 2->2
[2025-05-04T23:23:04.570+0000][10.929s][info ][gc,heap     ] GC(19) Humongous regions: 0->0
[2025-05-04T23:23:04.570+0000][10.930s][info ][gc,metaspace] GC(19) Metaspace: 39026K(39424K)->39026K(39424K) NonClass: 34108K(34304K)->34108K(34304K) Class: 4917K(5120K)->4917K(5120K)
[2025-05-04T23:23:04.571+0000][10.930s][info ][gc          ] GC(19) Pause Young (Mixed) (G1 Evacuation Pause) 62M->60M(234M) 8.266ms
[2025-05-04T23:23:04.571+0000][10.930s][info ][gc,cpu      ] GC(19) User=0.03s Sys=0.00s Real=0.01s
[2025-05-04T23:23:04.571+0000][10.930s][info ][safepoint   ] Safepoint "G1CollectForAllocation", Time since last: 7315755 ns, Reaching safepoint: 285118 ns, Cleanup: 17501 ns, At safepoint: 8624037 ns, Total: 8926656 ns
[2025-05-04T23:23:05.629+0000][11.988s][debug][safepoint   ] Safepoint synchronization initiated using futex wait barrier. (15 threads)
[2025-05-04T23:23:05.631+0000][11.990s][info ][gc,start    ] GC(20) Pause Young (Normal) (G1 Evacuation Pause)
[2025-05-04T23:23:05.631+0000][11.990s][info ][gc,task     ] GC(20) Using 5 workers of 8 for evacuation
[2025-05-04T23:23:05.637+0000][11.996s][info ][gc,phases   ] GC(20)   Pre Evacuate Collection Set: 0.1ms
[2025-05-04T23:23:05.640+0000][11.999s][info ][gc,phases   ] GC(20)   Merge Heap Roots: 0.2ms
[2025-05-04T23:23:05.640+0000][11.999s][info ][gc,phases   ] GC(20)   Evacuate Collection Set: 3.0ms
[2025-05-04T23:23:05.641+0000][12.000s][info ][gc,phases   ] GC(20)   Post Evacuate Collection Set: 2.1ms
[2025-05-04T23:23:05.641+0000][12.000s][info ][gc,phases   ] GC(20)   Other: 0.7ms
[2025-05-04T23:23:05.641+0000][12.000s][info ][gc,heap     ] GC(20) Eden regions: 66->0(138)
[2025-05-04T23:23:05.642+0000][12.001s][info ][gc,heap     ] GC(20) Survivor regions: 1->2(9)
[2025-05-04T23:23:05.642+0000][12.001s][info ][gc,heap     ] GC(20) Old regions: 29->29
[2025-05-04T23:23:05.642+0000][12.001s][info ][gc,heap     ] GC(20) Archive regions: 2->2
[2025-05-04T23:23:05.642+0000][12.001s][info ][gc,heap     ] GC(20) Humongous regions: 0->0
[2025-05-04T23:23:05.642+0000][12.001s][info ][gc,metaspace] GC(20) Metaspace: 41561K(41984K)->41561K(41984K) NonClass: 36293K(36544K)->36293K(36544K) Class: 5267K(5440K)->5267K(5440K)
[2025-05-04T23:23:05.642+0000][12.002s][info ][gc          ] GC(20) Pause Young (Normal) (G1 Evacuation Pause) 192M->61M(468M) 11.668ms
[2025-05-04T23:23:05.643+0000][12.002s][info ][gc,cpu      ] GC(20) User=0.05s Sys=0.00s Real=0.01s
[2025-05-04T23:23:05.643+0000][12.002s][info ][safepoint   ] Safepoint "G1CollectForAllocation", Time since last: 1058250384 ns, Reaching safepoint: 1454590 ns, Cleanup: 195212 ns, At safepoint: 12109354 ns, Total: 13759156 ns
[2025-05-04T23:23:05.698+0000][12.057s][debug][safepoint   ] ... found polling page loop exception at pc = 0x00007fb4394a5af8, stub =0x00007fb438af5400
[2025-05-04T23:23:06.776+0000][13.135s][debug][safepoint   ] Safepoint synchronization initiated using futex wait barrier. (15 threads)
[2025-05-04T23:23:06.777+0000][13.136s][info ][safepoint   ] Safepoint "ICBufferFull", Time since last: 1133263480 ns, Reaching safepoint: 257114 ns, Cleanup: 144009 ns, At safepoint: 5500 ns, Total: 406623 ns
[2025-05-04T23:23:07.780+0000][14.139s][debug][safepoint   ] Safepoint synchronization initiated using futex wait barrier. (16 threads)
[2025-05-04T23:23:07.780+0000][14.139s][info ][safepoint   ] Safepoint "ICBufferFull", Time since last: 1003251693 ns, Reaching safepoint: 359820 ns, Cleanup: 152909 ns, At safepoint: 21701 ns, Total: 534430 ns
[2025-05-04T23:23:07.962+0000][14.321s][debug][safepoint   ] Safepoint synchronization initiated using futex wait barrier. (16 threads)
[2025-05-04T23:23:07.963+0000][14.322s][info ][gc,start    ] GC(21) Pause Young (Normal) (G1 Evacuation Pause)
[2025-05-04T23:23:07.963+0000][14.322s][info ][gc,task     ] GC(21) Using 8 workers of 8 for evacuation
[2025-05-04T23:23:07.970+0000][14.329s][info ][gc,phases   ] GC(21)   Pre Evacuate Collection Set: 0.2ms
[2025-05-04T23:23:07.970+0000][14.330s][info ][gc,phases   ] GC(21)   Merge Heap Roots: 0.1ms
[2025-05-04T23:23:07.971+0000][14.330s][info ][gc,phases   ] GC(21)   Evacuate Collection Set: 5.2ms
[2025-05-04T23:23:07.971+0000][14.330s][info ][gc,phases   ] GC(21)   Post Evacuate Collection Set: 1.6ms
[2025-05-04T23:23:07.971+0000][14.330s][info ][gc,phases   ] GC(21)   Other: 0.5ms
[2025-05-04T23:23:07.971+0000][14.330s][info ][gc,heap     ] GC(21) Eden regions: 138->0(136)
[2025-05-04T23:23:07.971+0000][14.330s][info ][gc,heap     ] GC(21) Survivor regions: 2->4(18)
[2025-05-04T23:23:07.971+0000][14.330s][info ][gc,heap     ] GC(21) Old regions: 29->29
[2025-05-04T23:23:07.971+0000][14.331s][info ][gc,heap     ] GC(21) Archive regions: 2->2
[2025-05-04T23:23:07.971+0000][14.331s][info ][gc,heap     ] GC(21) Humongous regions: 0->0
[2025-05-04T23:23:07.972+0000][14.331s][info ][gc,metaspace] GC(21) Metaspace: 49892K(50304K)->49892K(50304K) NonClass: 43505K(43712K)->43505K(43712K) Class: 6387K(6592K)->6387K(6592K)
[2025-05-04T23:23:07.972+0000][14.331s][info ][gc          ] GC(21) Pause Young (Normal) (G1 Evacuation Pause) 337M->66M(468M) 9.231ms
[2025-05-04T23:23:07.972+0000][14.331s][info ][gc,cpu      ] GC(21) User=0.06s Sys=0.00s Real=0.01s
[2025-05-04T23:23:07.972+0000][14.331s][info ][safepoint   ] Safepoint "G1CollectForAllocation", Time since last: 181809419 ns, Reaching safepoint: 286217 ns, Cleanup: 47602 ns, At safepoint: 9543447 ns, Total: 9877266 ns
[2025-05-04T23:23:09.380+0000][15.739s][debug][safepoint   ] Safepoint synchronization initiated using futex wait barrier. (17 threads)
[2025-05-04T23:23:09.380+0000][15.739s][info ][safepoint   ] Safepoint "Cleanup", Time since last: 1407934584 ns, Reaching safepoint: 331519 ns, Cleanup: 37002 ns, At safepoint: 18801 ns, Total: 387322 ns
[2025-05-04T23:23:09.600+0000][15.959s][debug][safepoint   ] Safepoint synchronization initiated using futex wait barrier. (18 threads)
[2025-05-04T23:23:09.600+0000][15.959s][info ][safepoint   ] Safepoint "ICBufferFull", Time since last: 219543082 ns, Reaching safepoint: 245214 ns, Cleanup: 99505 ns, At safepoint: 3101 ns, Total: 347820 ns
[2025-05-04T23:23:10.626+0000][16.987s][debug][safepoint   ] Safepoint synchronization initiated using futex wait barrier. (18 threads)
[2025-05-04T23:23:10.626+0000][16.987s][info ][safepoint   ] Safepoint "Cleanup", Time since last: 1027370974 ns, Reaching safepoint: 352221 ns, Cleanup: 77804 ns, At safepoint: 17101 ns, Total: 447126 ns
[2025-05-04T23:23:10.816+0000][17.177s][debug][safepoint   ] Safepoint synchronization initiated using futex wait barrier. (20 threads)
[2025-05-04T23:23:10.816+0000][17.177s][info ][gc,start    ] GC(22) Pause Young (Concurrent Start) (Metadata GC Threshold)
[2025-05-04T23:23:10.816+0000][17.177s][info ][gc,task     ] GC(22) Using 8 workers of 8 for evacuation
[2025-05-04T23:23:10.824+0000][17.185s][info ][gc,phases   ] GC(22)   Pre Evacuate Collection Set: 0.2ms
[2025-05-04T23:23:10.824+0000][17.185s][info ][gc,phases   ] GC(22)   Merge Heap Roots: 0.1ms
[2025-05-04T23:23:10.825+0000][17.186s][info ][gc,phases   ] GC(22)   Evacuate Collection Set: 5.2ms
[2025-05-04T23:23:10.825+0000][17.186s][info ][gc,phases   ] GC(22)   Post Evacuate Collection Set: 1.6ms
[2025-05-04T23:23:10.825+0000][17.186s][info ][gc,phases   ] GC(22)   Other: 0.5ms
[2025-05-04T23:23:10.825+0000][17.186s][info ][gc,heap     ] GC(22) Eden regions: 130->0(134)
[2025-05-04T23:23:10.825+0000][17.186s][info ][gc,heap     ] GC(22) Survivor regions: 4->6(18)
[2025-05-04T23:23:10.826+0000][17.186s][info ][gc,heap     ] GC(22) Old regions: 29->29
[2025-05-04T23:23:10.826+0000][17.187s][info ][gc,heap     ] GC(22) Archive regions: 2->2
[2025-05-04T23:23:10.826+0000][17.187s][info ][gc,heap     ] GC(22) Humongous regions: 0->0
[2025-05-04T23:23:10.826+0000][17.187s][info ][gc,metaspace] GC(22) Metaspace: 60774K(61248K)->60774K(61248K) NonClass: 53043K(53248K)->53043K(53248K) Class: 7731K(8000K)->7731K(8000K)
[2025-05-04T23:23:10.826+0000][17.187s][info ][gc          ] GC(22) Pause Young (Concurrent Start) (Metadata GC Threshold) 326M->70M(468M) 10.168ms
[2025-05-04T23:23:10.827+0000][17.187s][info ][gc,cpu      ] GC(22) User=0.03s Sys=0.01s Real=0.01s
[2025-05-04T23:23:10.827+0000][17.188s][info ][gc          ] GC(23) Concurrent Mark Cycle
[2025-05-04T23:23:10.827+0000][17.188s][info ][safepoint   ] Safepoint "CollectForMetadataAllocation", Time since last: 189646968 ns, Reaching safepoint: 223313 ns, Cleanup: 28001 ns, At safepoint: 10567206 ns, Total: 10818520 ns
[2025-05-04T23:23:10.827+0000][17.188s][info ][gc,marking  ] GC(23) Concurrent Clear Claimed Marks
[2025-05-04T23:23:10.827+0000][17.188s][info ][gc,marking  ] GC(23) Concurrent Clear Claimed Marks 0.316ms
[2025-05-04T23:23:10.827+0000][17.188s][info ][gc,marking  ] GC(23) Concurrent Scan Root Regions
[2025-05-04T23:23:10.832+0000][17.193s][info ][gc,marking  ] GC(23) Concurrent Scan Root Regions 4.812ms
[2025-05-04T23:23:10.833+0000][17.193s][info ][gc,marking  ] GC(23) Concurrent Mark
[2025-05-04T23:23:10.833+0000][17.194s][info ][gc,marking  ] GC(23) Concurrent Mark From Roots
[2025-05-04T23:23:10.833+0000][17.194s][info ][gc,task     ] GC(23) Using 2 workers of 2 for marking
[2025-05-04T23:23:10.877+0000][17.238s][info ][gc,marking  ] GC(23) Concurrent Mark From Roots 44.035ms
[2025-05-04T23:23:10.877+0000][17.238s][info ][gc,marking  ] GC(23) Concurrent Preclean
[2025-05-04T23:23:10.878+0000][17.238s][info ][gc,marking  ] GC(23) Concurrent Preclean 0.387ms
[2025-05-04T23:23:10.878+0000][17.239s][debug][safepoint   ] Safepoint synchronization initiated using futex wait barrier. (20 threads)
[2025-05-04T23:23:10.878+0000][17.239s][info ][gc,start    ] GC(23) Pause Remark
[2025-05-04T23:23:10.882+0000][17.243s][info ][gc          ] GC(23) Pause Remark 81M->81M(288M) 4.003ms
[2025-05-04T23:23:10.882+0000][17.243s][info ][gc,cpu      ] GC(23) User=0.02s Sys=0.00s Real=0.00s
[2025-05-04T23:23:10.883+0000][17.243s][info ][safepoint   ] Safepoint "G1PauseRemark", Time since last: 50975321 ns, Reaching safepoint: 335419 ns, Cleanup: 5701 ns, At safepoint: 4386051 ns, Total: 4727171 ns
[2025-05-04T23:23:10.883+0000][17.244s][info ][gc,marking  ] GC(23) Concurrent Mark 50.092ms
[2025-05-04T23:23:10.883+0000][17.244s][info ][gc,marking  ] GC(23) Concurrent Rebuild Remembered Sets
[2025-05-04T23:23:10.916+0000][17.277s][info ][gc,marking  ] GC(23) Concurrent Rebuild Remembered Sets 33.171ms
[2025-05-04T23:23:10.918+0000][17.279s][debug][safepoint   ] Safepoint synchronization initiated using futex wait barrier. (21 threads)
[2025-05-04T23:23:10.919+0000][17.279s][info ][gc,start    ] GC(23) Pause Cleanup
[2025-05-04T23:23:10.919+0000][17.280s][info ][gc          ] GC(23) Pause Cleanup 85M->85M(288M) 0.427ms
[2025-05-04T23:23:10.919+0000][17.280s][info ][gc,cpu      ] GC(23) User=0.00s Sys=0.00s Real=0.00s
[2025-05-04T23:23:10.919+0000][17.280s][info ][safepoint   ] Safepoint "G1PauseCleanup", Time since last: 35571439 ns, Reaching safepoint: 359720 ns, Cleanup: 52603 ns, At safepoint: 888051 ns, Total: 1300374 ns
[2025-05-04T23:23:10.920+0000][17.280s][info ][gc,marking  ] GC(23) Concurrent Cleanup for Next Mark
[2025-05-04T23:23:10.921+0000][17.282s][info ][gc,marking  ] GC(23) Concurrent Cleanup for Next Mark 1.832ms
[2025-05-04T23:23:10.922+0000][17.283s][info ][gc          ] GC(23) Concurrent Mark Cycle 94.901ms
[2025-05-04T23:23:11.994+0000][18.355s][debug][safepoint   ] Safepoint synchronization initiated using futex wait barrier. (21 threads)
[2025-05-04T23:23:11.996+0000][18.356s][info ][safepoint   ] Safepoint "ICBufferFull", Time since last: 1074459974 ns, Reaching safepoint: 215912 ns, Cleanup: 1560690 ns, At safepoint: 34402 ns, Total: 1811004 ns
[2025-05-04T23:23:12.134+0000][18.494s][debug][safepoint   ] Safepoint synchronization initiated using futex wait barrier. (21 threads)
[2025-05-04T23:23:12.134+0000][18.495s][info ][gc,start    ] GC(24) Pause Young (Prepare Mixed) (G1 Evacuation Pause)
[2025-05-04T23:23:12.134+0000][18.495s][info ][gc,task     ] GC(24) Using 7 workers of 8 for evacuation
[2025-05-04T23:23:12.141+0000][18.502s][info ][gc,phases   ] GC(24)   Pre Evacuate Collection Set: 0.1ms
[2025-05-04T23:23:12.141+0000][18.502s][info ][gc,phases   ] GC(24)   Merge Heap Roots: 0.1ms
[2025-05-04T23:23:12.141+0000][18.502s][info ][gc,phases   ] GC(24)   Evacuate Collection Set: 5.4ms
[2025-05-04T23:23:12.141+0000][18.502s][info ][gc,phases   ] GC(24)   Post Evacuate Collection Set: 1.1ms
[2025-05-04T23:23:12.141+0000][18.502s][info ][gc,phases   ] GC(24)   Other: 0.3ms
[2025-05-04T23:23:12.142+0000][18.502s][info ][gc,heap     ] GC(24) Eden regions: 80->0(1)
[2025-05-04T23:23:12.142+0000][18.502s][info ][gc,heap     ] GC(24) Survivor regions: 6->7(11)
[2025-05-04T23:23:12.142+0000][18.503s][info ][gc,heap     ] GC(24) Old regions: 29->29
[2025-05-04T23:23:12.142+0000][18.503s][info ][gc,heap     ] GC(24) Archive regions: 2->2
[2025-05-04T23:23:12.142+0000][18.503s][info ][gc,heap     ] GC(24) Humongous regions: 0->0
[2025-05-04T23:23:12.142+0000][18.503s][info ][gc,metaspace] GC(24) Metaspace: 63883K(64256K)->63883K(64256K) NonClass: 55710K(55872K)->55710K(55872K) Class: 8173K(8384K)->8173K(8384K)
[2025-05-04T23:23:12.142+0000][18.503s][info ][gc          ] GC(24) Pause Young (Prepare Mixed) (G1 Evacuation Pause) 230M->71M(288M) 8.405ms
[2025-05-04T23:23:12.142+0000][18.503s][info ][gc,cpu      ] GC(24) User=0.04s Sys=0.00s Real=0.01s
[2025-05-04T23:23:12.142+0000][18.503s][info ][safepoint   ] Safepoint "G1CollectForAllocation", Time since last: 137896702 ns, Reaching safepoint: 177110 ns, Cleanup: 12601 ns, At safepoint: 8668397 ns, Total: 8858108 ns
[2025-05-04T23:23:12.149+0000][18.510s][debug][safepoint   ] Safepoint synchronization initiated using futex wait barrier. (21 threads)
[2025-05-04T23:23:12.149+0000][18.510s][info ][gc,start    ] GC(25) Pause Young (Mixed) (G1 Evacuation Pause)
[2025-05-04T23:23:12.149+0000][18.510s][info ][gc,task     ] GC(25) Using 6 workers of 8 for evacuation
[2025-05-04T23:23:12.158+0000][18.518s][info ][gc,phases   ] GC(25)   Pre Evacuate Collection Set: 0.1ms
[2025-05-04T23:23:12.158+0000][18.519s][info ][gc,phases   ] GC(25)   Merge Heap Roots: 0.1ms
[2025-05-04T23:23:12.158+0000][18.519s][info ][gc,phases   ] GC(25)   Evacuate Collection Set: 6.9ms
[2025-05-04T23:23:12.158+0000][18.519s][info ][gc,phases   ] GC(25)   Post Evacuate Collection Set: 1.0ms
[2025-05-04T23:23:12.158+0000][18.519s][info ][gc,phases   ] GC(25)   Other: 0.3ms
[2025-05-04T23:23:12.158+0000][18.519s][info ][gc,heap     ] GC(25) Eden regions: 1->0(85)
[2025-05-04T23:23:12.159+0000][18.519s][info ][gc,heap     ] GC(25) Survivor regions: 7->1(1)
[2025-05-04T23:23:12.159+0000][18.520s][info ][gc,heap     ] GC(25) Old regions: 29->34
[2025-05-04T23:23:12.159+0000][18.520s][info ][gc,heap     ] GC(25) Archive regions: 2->2
[2025-05-04T23:23:12.159+0000][18.520s][info ][gc,heap     ] GC(25) Humongous regions: 0->0
[2025-05-04T23:23:12.159+0000][18.520s][info ][gc,metaspace] GC(25) Metaspace: 63900K(64320K)->63900K(64320K) NonClass: 55724K(55936K)->55724K(55936K) Class: 8176K(8384K)->8176K(8384K)
[2025-05-04T23:23:12.159+0000][18.520s][info ][gc          ] GC(25) Pause Young (Mixed) (G1 Evacuation Pause) 73M->71M(288M) 10.146ms
[2025-05-04T23:23:12.159+0000][18.520s][info ][gc,cpu      ] GC(25) User=0.04s Sys=0.00s Real=0.01s
[2025-05-04T23:23:12.160+0000][18.520s][info ][safepoint   ] Safepoint "G1CollectForAllocation", Time since last: 6501572 ns, Reaching safepoint: 205912 ns, Cleanup: 3400 ns, At safepoint: 10507902 ns, Total: 10717214 ns
[2025-05-04T23:23:12.719+0000][19.080s][debug][safepoint   ] Safepoint synchronization initiated using futex wait barrier. (20 threads)
[2025-05-04T23:23:12.719+0000][19.080s][info ][safepoint   ] Safepoint "ICBufferFull", Time since last: 559294452 ns, Reaching safepoint: 334119 ns, Cleanup: 79104 ns, At safepoint: 3400 ns, Total: 416623 ns
[2025-05-04T23:23:13.030+0000][19.390s][debug][safepoint   ] Safepoint synchronization initiated using futex wait barrier. (21 threads)
[2025-05-04T23:23:13.030+0000][19.391s][info ][gc,start    ] GC(26) Pause Young (Normal) (G1 Evacuation Pause)
[2025-05-04T23:23:13.031+0000][19.391s][info ][gc,task     ] GC(26) Using 6 workers of 8 for evacuation
[2025-05-04T23:23:13.035+0000][19.396s][info ][gc,phases   ] GC(26)   Pre Evacuate Collection Set: 0.1ms
[2025-05-04T23:23:13.036+0000][19.397s][info ][gc,phases   ] GC(26)   Merge Heap Roots: 0.1ms
[2025-05-04T23:23:13.036+0000][19.397s][info ][gc,phases   ] GC(26)   Evacuate Collection Set: 3.1ms
[2025-05-04T23:23:13.036+0000][19.397s][info ][gc,phases   ] GC(26)   Post Evacuate Collection Set: 1.2ms
[2025-05-04T23:23:13.036+0000][19.397s][info ][gc,phases   ] GC(26)   Other: 0.6ms
[2025-05-04T23:23:13.036+0000][19.397s][info ][gc,heap     ] GC(26) Eden regions: 85->0(84)
[2025-05-04T23:23:13.037+0000][19.397s][info ][gc,heap     ] GC(26) Survivor regions: 1->2(11)
[2025-05-04T23:23:13.037+0000][19.398s][info ][gc,heap     ] GC(26) Old regions: 34->34
[2025-05-04T23:23:13.037+0000][19.398s][info ][gc,heap     ] GC(26) Archive regions: 2->2
[2025-05-04T23:23:13.037+0000][19.398s][info ][gc,heap     ] GC(26) Humongous regions: 0->0
[2025-05-04T23:23:13.037+0000][19.398s][info ][gc,metaspace] GC(26) Metaspace: 68185K(68672K)->68185K(68672K) NonClass: 59426K(59648K)->59426K(59648K) Class: 8759K(9024K)->8759K(9024K)
[2025-05-04T23:23:13.037+0000][19.398s][info ][gc          ] GC(26) Pause Young (Normal) (G1 Evacuation Pause) 241M->72M(288M) 6.949ms
[2025-05-04T23:23:13.037+0000][19.398s][info ][gc,cpu      ] GC(26) User=0.04s Sys=0.00s Real=0.01s
[2025-05-04T23:23:13.037+0000][19.398s][info ][safepoint   ] Safepoint "G1CollectForAllocation", Time since last: 310321384 ns, Reaching safepoint: 484928 ns, Cleanup: 83204 ns, At safepoint: 7252716 ns, Total: 7820848 ns
[2025-05-04T23:23:13.385+0000][19.745s][debug][safepoint   ] Safepoint synchronization initiated using futex wait barrier. (21 threads)
[2025-05-04T23:23:13.385+0000][19.746s][info ][safepoint   ] Safepoint "ICBufferFull", Time since last: 347035187 ns, Reaching safepoint: 276916 ns, Cleanup: 116607 ns, At safepoint: 19101 ns, Total: 412624 ns
[2025-05-04T23:23:13.803+0000][20.164s][debug][safepoint   ] Safepoint synchronization initiated using futex wait barrier. (21 threads)
[2025-05-04T23:23:13.804+0000][20.165s][info ][safepoint   ] Safepoint "ICBufferFull", Time since last: 418524584 ns, Reaching safepoint: 355021 ns, Cleanup: 122307 ns, At safepoint: 10000 ns, Total: 487328 ns
[2025-05-04T23:23:14.096+0000][20.456s][debug][safepoint   ] Safepoint synchronization initiated using futex wait barrier. (21 threads)
[2025-05-04T23:23:14.096+0000][20.457s][info ][gc,start    ] GC(27) Pause Young (Normal) (G1 Evacuation Pause)
[2025-05-04T23:23:14.096+0000][20.457s][info ][gc,task     ] GC(27) Using 6 workers of 8 for evacuation
[2025-05-04T23:23:14.101+0000][20.462s][info ][gc,phases   ] GC(27)   Pre Evacuate Collection Set: 0.1ms
[2025-05-04T23:23:14.101+0000][20.462s][info ][gc,phases   ] GC(27)   Merge Heap Roots: 0.1ms
[2025-05-04T23:23:14.101+0000][20.462s][info ][gc,phases   ] GC(27)   Evacuate Collection Set: 3.4ms
[2025-05-04T23:23:14.101+0000][20.462s][info ][gc,phases   ] GC(27)   Post Evacuate Collection Set: 0.8ms
[2025-05-04T23:23:14.102+0000][20.462s][info ][gc,phases   ] GC(27)   Other: 0.6ms
[2025-05-04T23:23:14.102+0000][20.463s][info ][gc,heap     ] GC(27) Eden regions: 84->0(83)
[2025-05-04T23:23:14.102+0000][20.463s][info ][gc,heap     ] GC(27) Survivor regions: 2->3(11)
[2025-05-04T23:23:14.102+0000][20.463s][info ][gc,heap     ] GC(27) Old regions: 34->34
[2025-05-04T23:23:14.102+0000][20.463s][info ][gc,heap     ] GC(27) Archive regions: 2->2
[2025-05-04T23:23:14.102+0000][20.463s][info ][gc,heap     ] GC(27) Humongous regions: 0->0
[2025-05-04T23:23:14.102+0000][20.463s][info ][gc,metaspace] GC(27) Metaspace: 72988K(73408K)->72988K(73408K) NonClass: 63651K(63872K)->63651K(63872K) Class: 9336K(9536K)->9336K(9536K)
[2025-05-04T23:23:14.102+0000][20.463s][info ][gc          ] GC(27) Pause Young (Normal) (G1 Evacuation Pause) 240M->75M(288M) 6.443ms
[2025-05-04T23:23:14.103+0000][20.463s][info ][gc,cpu      ] GC(27) User=0.03s Sys=0.00s Real=0.01s
[2025-05-04T23:23:14.103+0000][20.464s][info ][safepoint   ] Safepoint "G1CollectForAllocation", Time since last: 291674110 ns, Reaching safepoint: 279216 ns, Cleanup: 124507 ns, At safepoint: 6802890 ns, Total: 7206613 ns
[2025-05-04T23:23:14.680+0000][21.040s][debug][safepoint   ] Safepoint synchronization initiated using futex wait barrier. (19 threads)
[2025-05-04T23:23:14.680+0000][21.041s][info ][gc,start    ] GC(28) Pause Young (Normal) (G1 Evacuation Pause)
[2025-05-04T23:23:14.680+0000][21.041s][info ][gc,task     ] GC(28) Using 6 workers of 8 for evacuation
[2025-05-04T23:23:14.686+0000][21.046s][info ][gc,phases   ] GC(28)   Pre Evacuate Collection Set: 0.1ms
[2025-05-04T23:23:14.686+0000][21.047s][info ][gc,phases   ] GC(28)   Merge Heap Roots: 0.1ms
[2025-05-04T23:23:14.686+0000][21.047s][info ][gc,phases   ] GC(28)   Evacuate Collection Set: 3.9ms
[2025-05-04T23:23:14.686+0000][21.047s][info ][gc,phases   ] GC(28)   Post Evacuate Collection Set: 1.0ms
[2025-05-04T23:23:14.687+0000][21.047s][info ][gc,phases   ] GC(28)   Other: 0.5ms
[2025-05-04T23:23:14.687+0000][21.048s][info ][gc,heap     ] GC(28) Eden regions: 83->0(82)
[2025-05-04T23:23:14.687+0000][21.048s][info ][gc,heap     ] GC(28) Survivor regions: 3->4(11)
[2025-05-04T23:23:14.687+0000][21.048s][info ][gc,heap     ] GC(28) Old regions: 34->34
[2025-05-04T23:23:14.687+0000][21.048s][info ][gc,heap     ] GC(28) Archive regions: 2->2
[2025-05-04T23:23:14.688+0000][21.049s][info ][gc,heap     ] GC(28) Humongous regions: 0->0
[2025-05-04T23:23:14.688+0000][21.049s][info ][gc,metaspace] GC(28) Metaspace: 77929K(78400K)->77929K(78400K) NonClass: 67723K(67968K)->67723K(67968K) Class: 10206K(10432K)->10206K(10432K)
[2025-05-04T23:23:14.688+0000][21.049s][info ][gc          ] GC(28) Pause Young (Normal) (G1 Evacuation Pause) 241M->76M(288M) 8.051ms
[2025-05-04T23:23:14.688+0000][21.049s][info ][gc,cpu      ] GC(28) User=0.02s Sys=0.00s Real=0.01s
[2025-05-04T23:23:14.688+0000][21.049s][info ][safepoint   ] Safepoint "G1CollectForAllocation", Time since last: 576797440 ns, Reaching safepoint: 383122 ns, Cleanup: 59403 ns, At safepoint: 8340278 ns, Total: 8782803 ns
[2025-05-04T23:23:14.923+0000][21.284s][debug][safepoint   ] Safepoint synchronization initiated using futex wait barrier. (21 threads)
[2025-05-04T23:23:14.924+0000][21.284s][info ][safepoint   ] Safepoint "ICBufferFull", Time since last: 234287820 ns, Reaching safepoint: 720642 ns, Cleanup: 129807 ns, At safepoint: 18301 ns, Total: 868750 ns
[2025-05-04T23:23:15.024+0000][21.385s][debug][safepoint   ] Safepoint synchronization initiated using futex wait barrier. (21 threads)
[2025-05-04T23:23:15.024+0000][21.385s][info ][safepoint   ] Safepoint "ICBufferFull", Time since last: 100418652 ns, Reaching safepoint: 246514 ns, Cleanup: 87805 ns, At safepoint: 3000 ns, Total: 337319 ns
[2025-05-04T23:23:15.076+0000][21.437s][debug][safepoint   ] Safepoint synchronization initiated using futex wait barrier. (21 threads)
[2025-05-04T23:23:15.077+0000][21.438s][info ][safepoint   ] Safepoint "ICBufferFull", Time since last: 51934375 ns, Reaching safepoint: 331919 ns, Cleanup: 68804 ns, At safepoint: 22202 ns, Total: 422925 ns
[2025-05-04T23:23:15.149+0000][21.510s][debug][safepoint   ] Safepoint synchronization initiated using futex wait barrier. (21 threads)
[2025-05-04T23:23:15.150+0000][21.510s][info ][safepoint   ] Safepoint "ICBufferFull", Time since last: 72671562 ns, Reaching safepoint: 205412 ns, Cleanup: 76004 ns, At safepoint: 2801 ns, Total: 284217 ns
[2025-05-04T23:23:15.280+0000][21.641s][debug][safepoint   ] Safepoint synchronization initiated using futex wait barrier. (21 threads)
[2025-05-04T23:23:15.281+0000][21.642s][info ][safepoint   ] Safepoint "ICBufferFull", Time since last: 130838294 ns, Reaching safepoint: 213112 ns, Cleanup: 81105 ns, At safepoint: 3500 ns, Total: 297717 ns
[2025-05-04T23:23:15.471+0000][21.832s][debug][safepoint   ] Safepoint synchronization initiated using futex wait barrier. (21 threads)
[2025-05-04T23:23:15.471+0000][21.832s][info ][safepoint   ] Safepoint "ICBufferFull", Time since last: 190260199 ns, Reaching safepoint: 303417 ns, Cleanup: 118707 ns, At safepoint: 36902 ns, Total: 459026 ns
[2025-05-04T23:23:15.683+0000][22.043s][debug][safepoint   ] Safepoint synchronization initiated using futex wait barrier. (21 threads)
[2025-05-04T23:23:15.683+0000][22.044s][info ][gc,start    ] GC(29) Pause Young (Normal) (G1 Evacuation Pause)
[2025-05-04T23:23:15.683+0000][22.044s][info ][gc,task     ] GC(29) Using 6 workers of 8 for evacuation
[2025-05-04T23:23:15.689+0000][22.050s][info ][gc,phases   ] GC(29)   Pre Evacuate Collection Set: 0.1ms
[2025-05-04T23:23:15.689+0000][22.050s][info ][gc,phases   ] GC(29)   Merge Heap Roots: 0.1ms
[2025-05-04T23:23:15.689+0000][22.050s][info ][gc,phases   ] GC(29)   Evacuate Collection Set: 4.8ms
[2025-05-04T23:23:15.689+0000][22.050s][info ][gc,phases   ] GC(29)   Post Evacuate Collection Set: 0.9ms
[2025-05-04T23:23:15.689+0000][22.050s][info ][gc,phases   ] GC(29)   Other: 0.3ms
[2025-05-04T23:23:15.690+0000][22.050s][info ][gc,heap     ] GC(29) Eden regions: 82->0(81)
[2025-05-04T23:23:15.690+0000][22.050s][info ][gc,heap     ] GC(29) Survivor regions: 4->5(11)
[2025-05-04T23:23:15.690+0000][22.051s][info ][gc,heap     ] GC(29) Old regions: 34->34
[2025-05-04T23:23:15.690+0000][22.051s][info ][gc,heap     ] GC(29) Archive regions: 2->2
[2025-05-04T23:23:15.690+0000][22.051s][info ][gc,heap     ] GC(29) Humongous regions: 0->0
[2025-05-04T23:23:15.690+0000][22.051s][info ][gc,metaspace] GC(29) Metaspace: 81437K(81920K)->81437K(81920K) NonClass: 70778K(71040K)->70778K(71040K) Class: 10659K(10880K)->10659K(10880K)
[2025-05-04T23:23:15.690+0000][22.051s][info ][gc          ] GC(29) Pause Young (Normal) (G1 Evacuation Pause) 240M->79M(288M) 7.214ms
[2025-05-04T23:23:15.690+0000][22.051s][info ][gc,cpu      ] GC(29) User=0.04s Sys=0.00s Real=0.01s
[2025-05-04T23:23:15.690+0000][22.051s][info ][safepoint   ] Safepoint "G1CollectForAllocation", Time since last: 211097392 ns, Reaching safepoint: 192811 ns, Cleanup: 27301 ns, At safepoint: 7417525 ns, Total: 7637637 ns
[2025-05-04T23:23:16.318+0000][22.679s][debug][safepoint   ] Safepoint synchronization initiated using futex wait barrier. (21 threads)
[2025-05-04T23:23:16.319+0000][22.680s][info ][safepoint   ] Safepoint "ICBufferFull", Time since last: 627813562 ns, Reaching safepoint: 532831 ns, Cleanup: 133207 ns, At safepoint: 11701 ns, Total: 677739 ns
[2025-05-04T23:23:16.677+0000][23.038s][debug][safepoint   ] Safepoint synchronization initiated using futex wait barrier. (20 threads)
[2025-05-04T23:23:16.678+0000][23.039s][info ][gc,start    ] GC(30) Pause Young (Normal) (G1 Evacuation Pause)
[2025-05-04T23:23:16.678+0000][23.039s][info ][gc,task     ] GC(30) Using 6 workers of 8 for evacuation
[2025-05-04T23:23:16.689+0000][23.049s][info ][gc,phases   ] GC(30)   Pre Evacuate Collection Set: 0.1ms
[2025-05-04T23:23:16.693+0000][23.053s][info ][gc,phases   ] GC(30)   Merge Heap Roots: 0.1ms
[2025-05-04T23:23:16.694+0000][23.055s][info ][gc,phases   ] GC(30)   Evacuate Collection Set: 7.7ms
[2025-05-04T23:23:16.695+0000][23.056s][info ][gc,phases   ] GC(30)   Post Evacuate Collection Set: 1.8ms
[2025-05-04T23:23:16.695+0000][23.056s][info ][gc,phases   ] GC(30)   Other: 1.2ms
[2025-05-04T23:23:16.696+0000][23.057s][info ][gc,heap     ] GC(30) Eden regions: 81->0(80)
[2025-05-04T23:23:16.697+0000][23.058s][info ][gc,heap     ] GC(30) Survivor regions: 5->6(11)
[2025-05-04T23:23:16.698+0000][23.058s][info ][gc,heap     ] GC(30) Old regions: 34->34
[2025-05-04T23:23:16.698+0000][23.059s][info ][gc,heap     ] GC(30) Archive regions: 2->2
[2025-05-04T23:23:16.698+0000][23.059s][info ][gc,heap     ] GC(30) Humongous regions: 0->0
[2025-05-04T23:23:16.699+0000][23.059s][info ][gc,metaspace] GC(30) Metaspace: 84545K(85120K)->84545K(85120K) NonClass: 73500K(73792K)->73500K(73792K) Class: 11045K(11328K)->11045K(11328K)
[2025-05-04T23:23:16.699+0000][23.060s][info ][gc          ] GC(30) Pause Young (Normal) (G1 Evacuation Pause) 241M->80M(288M) 21.108ms
[2025-05-04T23:23:16.699+0000][23.060s][info ][gc,cpu      ] GC(30) User=0.09s Sys=0.00s Real=0.02s
[2025-05-04T23:23:16.700+0000][23.060s][info ][safepoint   ] Safepoint "G1CollectForAllocation", Time since last: 358396430 ns, Reaching safepoint: 430224 ns, Cleanup: 96206 ns, At safepoint: 21897254 ns, Total: 22423684 ns
[2025-05-04T23:23:17.321+0000][23.681s][debug][safepoint   ] Safepoint synchronization initiated using futex wait barrier. (21 threads)
[2025-05-04T23:23:17.406+0000][23.767s][info ][safepoint   ] Safepoint "ICBufferFull", Time since last: 621098177 ns, Reaching safepoint: 85173779 ns, Cleanup: 193011 ns, At safepoint: 10001 ns, Total: 85376791 ns
[2025-05-04T23:23:18.259+0000][24.620s][debug][safepoint   ] Safepoint synchronization initiated using futex wait barrier. (21 threads)
[2025-05-04T23:23:18.267+0000][24.628s][info ][safepoint   ] Safepoint "ICBufferFull", Time since last: 853059164 ns, Reaching safepoint: 8100364 ns, Cleanup: 153809 ns, At safepoint: 24701 ns, Total: 8278874 ns
[2025-05-04T23:23:18.433+0000][24.794s][debug][safepoint   ] Safepoint synchronization initiated using futex wait barrier. (21 threads)
[2025-05-04T23:23:18.433+0000][24.794s][info ][gc,start    ] GC(31) Pause Young (Normal) (G1 Evacuation Pause)
[2025-05-04T23:23:18.434+0000][24.794s][info ][gc,task     ] GC(31) Using 6 workers of 8 for evacuation
[2025-05-04T23:23:18.446+0000][24.807s][info ][gc,phases   ] GC(31)   Pre Evacuate Collection Set: 0.1ms
[2025-05-04T23:23:18.446+0000][24.807s][info ][gc,phases   ] GC(31)   Merge Heap Roots: 0.1ms
[2025-05-04T23:23:18.447+0000][24.807s][info ][gc,phases   ] GC(31)   Evacuate Collection Set: 11.0ms
[2025-05-04T23:23:18.447+0000][24.808s][info ][gc,phases   ] GC(31)   Post Evacuate Collection Set: 1.3ms
[2025-05-04T23:23:18.447+0000][24.808s][info ][gc,phases   ] GC(31)   Other: 0.4ms
[2025-05-04T23:23:18.447+0000][24.808s][info ][gc,heap     ] GC(31) Eden regions: 80->0(77)
[2025-05-04T23:23:18.447+0000][24.808s][info ][gc,heap     ] GC(31) Survivor regions: 6->8(11)
[2025-05-04T23:23:18.447+0000][24.808s][info ][gc,heap     ] GC(31) Old regions: 34->34
[2025-05-04T23:23:18.447+0000][24.808s][info ][gc,heap     ] GC(31) Archive regions: 2->2
[2025-05-04T23:23:18.447+0000][24.808s][info ][gc,heap     ] GC(31) Humongous regions: 0->0
[2025-05-04T23:23:18.447+0000][24.808s][info ][gc,metaspace] GC(31) Metaspace: 87695K(88256K)->87695K(88256K) NonClass: 76435K(76736K)->76435K(76736K) Class: 11260K(11520K)->11260K(11520K)
[2025-05-04T23:23:18.448+0000][24.808s][info ][gc          ] GC(31) Pause Young (Normal) (G1 Evacuation Pause) 240M->84M(288M) 14.205ms
[2025-05-04T23:23:18.448+0000][24.809s][info ][gc,cpu      ] GC(31) User=0.09s Sys=0.00s Real=0.02s
[2025-05-04T23:23:18.448+0000][24.809s][info ][safepoint   ] Safepoint "G1CollectForAllocation", Time since last: 165665690 ns, Reaching safepoint: 287316 ns, Cleanup: 20202 ns, At safepoint: 14525832 ns, Total: 14833350 ns
[2025-05-04T23:23:19.457+0000][25.818s][debug][safepoint   ] Safepoint synchronization initiated using futex wait barrier. (25 threads)
[2025-05-04T23:23:19.458+0000][25.819s][info ][safepoint   ] Safepoint "Cleanup", Time since last: 1009276712 ns, Reaching safepoint: 543232 ns, Cleanup: 106306 ns, At safepoint: 39202 ns, Total: 688740 ns
[2025-05-04T23:23:19.493+0000][25.854s][debug][safepoint   ] ... found polling page loop exception at pc = 0x00007fb439761b27, stub =0x00007fb438af5400
[2025-05-04T23:23:19.733+0000][26.094s][debug][safepoint   ] Safepoint synchronization initiated using futex wait barrier. (25 threads)
[2025-05-04T23:23:19.734+0000][26.094s][info ][gc,start    ] GC(32) Pause Young (Normal) (G1 Evacuation Pause)
[2025-05-04T23:23:19.734+0000][26.095s][info ][gc,task     ] GC(32) Using 8 workers of 8 for evacuation
[2025-05-04T23:23:19.760+0000][26.121s][info ][gc,phases   ] GC(32)   Pre Evacuate Collection Set: 0.2ms
[2025-05-04T23:23:19.767+0000][26.127s][info ][gc,phases   ] GC(32)   Merge Heap Roots: 0.1ms
[2025-05-04T23:23:19.774+0000][26.135s][info ][gc,phases   ] GC(32)   Evacuate Collection Set: 23.8ms
[2025-05-04T23:23:19.776+0000][26.137s][info ][gc,phases   ] GC(32)   Post Evacuate Collection Set: 1.8ms
[2025-05-04T23:23:19.780+0000][26.141s][info ][gc,phases   ] GC(32)   Other: 0.5ms
[2025-05-04T23:23:19.782+0000][26.142s][info ][gc,heap     ] GC(32) Eden regions: 77->0(74)
[2025-05-04T23:23:19.783+0000][26.144s][info ][gc,heap     ] GC(32) Survivor regions: 8->8(11)
[2025-05-04T23:23:19.801+0000][26.162s][info ][gc,heap     ] GC(32) Old regions: 34->37
[2025-05-04T23:23:19.807+0000][26.168s][info ][gc,heap     ] GC(32) Archive regions: 2->2
[2025-05-04T23:23:19.810+0000][26.171s][info ][gc,heap     ] GC(32) Humongous regions: 0->0
[2025-05-04T23:23:19.811+0000][26.172s][info ][gc,metaspace] GC(32) Metaspace: 90766K(91328K)->90766K(91328K) NonClass: 79196K(79488K)->79196K(79488K) Class: 11570K(11840K)->11570K(11840K)
[2025-05-04T23:23:19.815+0000][26.176s][info ][gc          ] GC(32) Pause Young (Normal) (G1 Evacuation Pause) 238M->89M(288M) 81.061ms
[2025-05-04T23:23:19.815+0000][26.176s][info ][gc,cpu      ] GC(32) User=0.24s Sys=0.01s Real=0.08s
[2025-05-04T23:23:19.815+0000][26.176s][info ][safepoint   ] Safepoint "G1CollectForAllocation", Time since last: 275498881 ns, Reaching safepoint: 160209 ns, Cleanup: 114907 ns, At safepoint: 81753983 ns, Total: 82029099 ns
[2025-05-04T23:23:20.566+0000][26.927s][debug][safepoint   ] Safepoint synchronization initiated using futex wait barrier. (25 threads)
[2025-05-04T23:23:20.567+0000][26.927s][info ][safepoint   ] Safepoint "ICBufferFull", Time since last: 750787506 ns, Reaching safepoint: 307817 ns, Cleanup: 108206 ns, At safepoint: 3301 ns, Total: 419324 ns
[2025-05-04T23:23:20.958+0000][27.319s][debug][safepoint   ] Safepoint synchronization initiated using futex wait barrier. (25 threads)
[2025-05-04T23:23:20.958+0000][27.319s][info ][gc,start    ] GC(33) Pause Young (Normal) (G1 Evacuation Pause)
[2025-05-04T23:23:20.959+0000][27.319s][info ][gc,task     ] GC(33) Using 8 workers of 8 for evacuation
[2025-05-04T23:23:20.970+0000][27.331s][info ][gc,phases   ] GC(33)   Pre Evacuate Collection Set: 0.1ms
[2025-05-04T23:23:20.970+0000][27.331s][info ][gc,phases   ] GC(33)   Merge Heap Roots: 0.1ms
[2025-05-04T23:23:20.971+0000][27.331s][info ][gc,phases   ] GC(33)   Evacuate Collection Set: 9.6ms
[2025-05-04T23:23:20.971+0000][27.331s][info ][gc,phases   ] GC(33)   Post Evacuate Collection Set: 1.5ms
[2025-05-04T23:23:20.971+0000][27.332s][info ][gc,phases   ] GC(33)   Other: 0.4ms
[2025-05-04T23:23:20.971+0000][27.332s][info ][gc,heap     ] GC(33) Eden regions: 74->0(73)
[2025-05-04T23:23:20.971+0000][27.332s][info ][gc,heap     ] GC(33) Survivor regions: 8->8(11)
[2025-05-04T23:23:20.971+0000][27.332s][info ][gc,heap     ] GC(33) Old regions: 37->38
[2025-05-04T23:23:20.972+0000][27.332s][info ][gc,heap     ] GC(33) Archive regions: 2->2
[2025-05-04T23:23:20.972+0000][27.333s][info ][gc,heap     ] GC(33) Humongous regions: 0->0
[2025-05-04T23:23:20.972+0000][27.333s][info ][gc,metaspace] GC(33) Metaspace: 95471K(96000K)->95471K(96000K) NonClass: 83059K(83328K)->83059K(83328K) Class: 12412K(12672K)->12412K(12672K)
[2025-05-04T23:23:20.972+0000][27.333s][info ][gc          ] GC(33) Pause Young (Normal) (G1 Evacuation Pause) 237M->91M(288M) 13.905ms
[2025-05-04T23:23:20.972+0000][27.333s][info ][gc,cpu      ] GC(33) User=0.07s Sys=0.00s Real=0.01s
[2025-05-04T23:23:20.973+0000][27.333s][info ][safepoint   ] Safepoint "G1CollectForAllocation", Time since last: 391355717 ns, Reaching safepoint: 417124 ns, Cleanup: 83405 ns, At safepoint: 14223514 ns, Total: 14724043 ns
[2025-05-04T23:23:21.820+0000][28.181s][debug][safepoint   ] Safepoint synchronization initiated using futex wait barrier. (25 threads)
[2025-05-04T23:23:21.822+0000][28.183s][info ][gc,start    ] GC(34) Pause Young (Normal) (G1 Evacuation Pause)
[2025-05-04T23:23:21.822+0000][28.183s][info ][gc,task     ] GC(34) Using 8 workers of 8 for evacuation
[2025-05-04T23:23:21.843+0000][28.204s][info ][gc,phases   ] GC(34)   Pre Evacuate Collection Set: 0.2ms
[2025-05-04T23:23:21.845+0000][28.206s][info ][gc,phases   ] GC(34)   Merge Heap Roots: 0.1ms
[2025-05-04T23:23:21.846+0000][28.207s][info ][gc,phases   ] GC(34)   Evacuate Collection Set: 18.7ms
[2025-05-04T23:23:21.848+0000][28.209s][info ][gc,phases   ] GC(34)   Post Evacuate Collection Set: 1.5ms
[2025-05-04T23:23:21.848+0000][28.209s][info ][gc,phases   ] GC(34)   Other: 0.5ms
[2025-05-04T23:23:21.849+0000][28.210s][info ][gc,heap     ] GC(34) Eden regions: 73->0(72)
[2025-05-04T23:23:21.849+0000][28.210s][info ][gc,heap     ] GC(34) Survivor regions: 8->8(11)
[2025-05-04T23:23:21.850+0000][28.211s][info ][gc,heap     ] GC(34) Old regions: 38->39
[2025-05-04T23:23:21.851+0000][28.212s][info ][gc,heap     ] GC(34) Archive regions: 2->2
[2025-05-04T23:23:21.852+0000][28.213s][info ][gc,heap     ] GC(34) Humongous regions: 0->0
[2025-05-04T23:23:21.852+0000][28.213s][info ][gc,metaspace] GC(34) Metaspace: 98613K(99136K)->98613K(99136K) NonClass: 85696K(85952K)->85696K(85952K) Class: 12916K(13184K)->12916K(13184K)
[2025-05-04T23:23:21.852+0000][28.213s][info ][gc          ] GC(34) Pause Young (Normal) (G1 Evacuation Pause) 237M->95M(288M) 30.513ms
[2025-05-04T23:23:21.852+0000][28.213s][info ][gc,cpu      ] GC(34) User=0.11s Sys=0.00s Real=0.03s
[2025-05-04T23:23:21.853+0000][28.214s][info ][safepoint   ] Safepoint "G1CollectForAllocation", Time since last: 847464544 ns, Reaching safepoint: 1539389 ns, Cleanup: 124207 ns, At safepoint: 31082580 ns, Total: 32746176 ns
[2025-05-04T23:23:22.828+0000][29.189s][debug][safepoint   ] Safepoint synchronization initiated using futex wait barrier. (26 threads)
[2025-05-04T23:23:22.828+0000][29.189s][info ][gc,start    ] GC(35) Pause Young (Concurrent Start) (Metadata GC Threshold)
[2025-05-04T23:23:22.829+0000][29.190s][info ][gc,task     ] GC(35) Using 8 workers of 8 for evacuation
[2025-05-04T23:23:22.839+0000][29.200s][info ][gc,phases   ] GC(35)   Pre Evacuate Collection Set: 0.2ms
[2025-05-04T23:23:22.840+0000][29.200s][info ][gc,phases   ] GC(35)   Merge Heap Roots: 0.2ms
[2025-05-04T23:23:22.840+0000][29.201s][info ][gc,phases   ] GC(35)   Evacuate Collection Set: 8.6ms
[2025-05-04T23:23:22.840+0000][29.201s][info ][gc,phases   ] GC(35)   Post Evacuate Collection Set: 1.1ms
[2025-05-04T23:23:22.840+0000][29.201s][info ][gc,phases   ] GC(35)   Other: 0.6ms
[2025-05-04T23:23:22.840+0000][29.201s][info ][gc,heap     ] GC(35) Eden regions: 42->0(73)
[2025-05-04T23:23:22.841+0000][29.201s][info ][gc,heap     ] GC(35) Survivor regions: 8->6(10)
[2025-05-04T23:23:22.841+0000][29.201s][info ][gc,heap     ] GC(35) Old regions: 39->42
[2025-05-04T23:23:22.841+0000][29.202s][info ][gc,heap     ] GC(35) Archive regions: 2->2
[2025-05-04T23:23:22.841+0000][29.202s][info ][gc,heap     ] GC(35) Humongous regions: 0->0
[2025-05-04T23:23:22.841+0000][29.202s][info ][gc,metaspace] GC(35) Metaspace: 102019K(102528K)->102019K(102528K) NonClass: 88678K(88960K)->88678K(88960K) Class: 13341K(13568K)->13341K(13568K)
[2025-05-04T23:23:22.841+0000][29.202s][info ][gc          ] GC(35) Pause Young (Concurrent Start) (Metadata GC Threshold) 178M->95M(288M) 12.635ms
[2025-05-04T23:23:22.841+0000][29.202s][info ][gc,cpu      ] GC(35) User=0.07s Sys=0.00s Real=0.01s
[2025-05-04T23:23:22.841+0000][29.202s][info ][gc          ] GC(36) Concurrent Mark Cycle
[2025-05-04T23:23:22.841+0000][29.202s][info ][safepoint   ] Safepoint "CollectForMetadataAllocation", Time since last: 975242040 ns, Reaching safepoint: 280416 ns, Cleanup: 97805 ns, At safepoint: 13000947 ns, Total: 13379168 ns
[2025-05-04T23:23:22.842+0000][29.202s][info ][gc,marking  ] GC(36) Concurrent Clear Claimed Marks
[2025-05-04T23:23:22.842+0000][29.203s][info ][gc,marking  ] GC(36) Concurrent Clear Claimed Marks 0.356ms
[2025-05-04T23:23:22.842+0000][29.203s][info ][gc,marking  ] GC(36) Concurrent Scan Root Regions
[2025-05-04T23:23:22.852+0000][29.213s][info ][gc,marking  ] GC(36) Concurrent Scan Root Regions 9.753ms
[2025-05-04T23:23:22.852+0000][29.213s][info ][gc,marking  ] GC(36) Concurrent Mark
[2025-05-04T23:23:22.852+0000][29.213s][info ][gc,marking  ] GC(36) Concurrent Mark From Roots
[2025-05-04T23:23:22.852+0000][29.213s][info ][gc,task     ] GC(36) Using 2 workers of 2 for marking
[2025-05-04T23:23:22.930+0000][29.291s][debug][safepoint   ] Safepoint synchronization initiated using futex wait barrier. (26 threads)
[2025-05-04T23:23:22.931+0000][29.292s][info ][safepoint   ] Safepoint "CollectForMetadataAllocation", Time since last: 88950013 ns, Reaching safepoint: 542431 ns, Cleanup: 9501 ns, At safepoint: 92005 ns, Total: 643937 ns
[2025-05-04T23:23:22.973+0000][29.333s][info ][gc,marking  ] GC(36) Concurrent Mark From Roots 120.291ms
[2025-05-04T23:23:22.974+0000][29.335s][info ][gc,marking  ] GC(36) Concurrent Preclean
[2025-05-04T23:23:22.975+0000][29.336s][info ][gc,marking  ] GC(36) Concurrent Preclean 1.177ms
[2025-05-04T23:23:22.976+0000][29.336s][debug][safepoint   ] Safepoint synchronization initiated using futex wait barrier. (28 threads)
[2025-05-04T23:23:22.976+0000][29.337s][debug][safepoint   ] ... found polling page loop exception at pc = 0x00007fb439571f68, stub =0x00007fb438af5400
[2025-05-04T23:23:22.976+0000][29.337s][info ][gc,start    ] GC(36) Pause Remark
[2025-05-04T23:23:22.984+0000][29.345s][info ][gc          ] GC(36) Pause Remark 106M->106M(288M) 8.276ms
[2025-05-04T23:23:22.985+0000][29.345s][info ][gc,cpu      ] GC(36) User=0.05s Sys=0.00s Real=0.01s
[2025-05-04T23:23:22.985+0000][29.346s][info ][safepoint   ] Safepoint "G1PauseRemark", Time since last: 44501458 ns, Reaching safepoint: 365521 ns, Cleanup: 17201 ns, At safepoint: 8781204 ns, Total: 9163926 ns
[2025-05-04T23:23:22.987+0000][29.348s][info ][gc,marking  ] GC(36) Concurrent Mark 134.644ms
[2025-05-04T23:23:22.987+0000][29.348s][info ][gc,marking  ] GC(36) Concurrent Rebuild Remembered Sets
[2025-05-04T23:23:23.039+0000][29.400s][info ][gc,marking  ] GC(36) Concurrent Rebuild Remembered Sets 52.448ms
[2025-05-04T23:23:23.040+0000][29.401s][debug][safepoint   ] Safepoint synchronization initiated using futex wait barrier. (28 threads)
[2025-05-04T23:23:23.040+0000][29.401s][info ][gc,start    ] GC(36) Pause Cleanup
[2025-05-04T23:23:23.040+0000][29.401s][info ][gc          ] GC(36) Pause Cleanup 113M->113M(288M) 0.404ms
[2025-05-04T23:23:23.041+0000][29.402s][info ][gc,cpu      ] GC(36) User=0.00s Sys=0.00s Real=0.00s
[2025-05-04T23:23:23.041+0000][29.402s][info ][safepoint   ] Safepoint "G1PauseCleanup", Time since last: 54976660 ns, Reaching safepoint: 282316 ns, Cleanup: 32802 ns, At safepoint: 917453 ns, Total: 1232571 ns
[2025-05-04T23:23:23.041+0000][29.402s][info ][gc,marking  ] GC(36) Concurrent Cleanup for Next Mark
[2025-05-04T23:23:23.042+0000][29.403s][info ][gc,marking  ] GC(36) Concurrent Cleanup for Next Mark 0.864ms
[2025-05-04T23:23:23.042+0000][29.403s][info ][gc          ] GC(36) Concurrent Mark Cycle 201.062ms
[2025-05-04T23:23:24.069+0000][30.430s][debug][safepoint   ] Safepoint synchronization initiated using futex wait barrier. (28 threads)
[2025-05-04T23:23:24.069+0000][30.430s][info ][safepoint   ] Safepoint "Cleanup", Time since last: 1027761770 ns, Reaching safepoint: 478328 ns, Cleanup: 71804 ns, At safepoint: 30002 ns, Total: 580134 ns
[2025-05-04T23:23:24.166+0000][30.527s][debug][safepoint   ] Safepoint synchronization initiated using futex wait barrier. (28 threads)
[2025-05-04T23:23:24.166+0000][30.527s][info ][gc,start    ] GC(37) Pause Young (Prepare Mixed) (G1 Evacuation Pause)
[2025-05-04T23:23:24.166+0000][30.527s][info ][gc,task     ] GC(37) Using 8 workers of 8 for evacuation
[2025-05-04T23:23:24.174+0000][30.535s][info ][gc,phases   ] GC(37)   Pre Evacuate Collection Set: 0.1ms
[2025-05-04T23:23:24.175+0000][30.536s][info ][gc,phases   ] GC(37)   Merge Heap Roots: 0.1ms
[2025-05-04T23:23:24.175+0000][30.536s][info ][gc,phases   ] GC(37)   Evacuate Collection Set: 5.8ms
[2025-05-04T23:23:24.175+0000][30.536s][info ][gc,phases   ] GC(37)   Post Evacuate Collection Set: 1.7ms
[2025-05-04T23:23:24.175+0000][30.536s][info ][gc,phases   ] GC(37)   Other: 0.4ms
[2025-05-04T23:23:24.176+0000][30.536s][info ][gc,heap     ] GC(37) Eden regions: 73->0(1)
[2025-05-04T23:23:24.176+0000][30.537s][info ][gc,heap     ] GC(37) Survivor regions: 6->6(10)
[2025-05-04T23:23:24.176+0000][30.537s][info ][gc,heap     ] GC(37) Old regions: 42->43
[2025-05-04T23:23:24.176+0000][30.537s][info ][gc,heap     ] GC(37) Archive regions: 2->2
[2025-05-04T23:23:24.176+0000][30.537s][info ][gc,heap     ] GC(37) Humongous regions: 0->0
[2025-05-04T23:23:24.176+0000][30.537s][info ][gc,metaspace] GC(37) Metaspace: 105362K(105984K)->105362K(105984K) NonClass: 91489K(91840K)->91489K(91840K) Class: 13873K(14144K)->13873K(14144K)
[2025-05-04T23:23:24.177+0000][30.537s][info ][gc          ] GC(37) Pause Young (Prepare Mixed) (G1 Evacuation Pause) 241M->98M(288M) 10.200ms
[2025-05-04T23:23:24.177+0000][30.538s][info ][gc,cpu      ] GC(37) User=0.02s Sys=0.03s Real=0.01s
[2025-05-04T23:23:24.177+0000][30.538s][info ][safepoint   ] Safepoint "G1CollectForAllocation", Time since last: 96802563 ns, Reaching safepoint: 240714 ns, Cleanup: 20901 ns, At safepoint: 10630311 ns, Total: 10891926 ns
[2025-05-04T23:23:24.186+0000][30.547s][debug][safepoint   ] Safepoint synchronization initiated using futex wait barrier. (28 threads)
[2025-05-04T23:23:24.186+0000][30.547s][info ][gc,start    ] GC(38) Pause Young (Mixed) (G1 Evacuation Pause)
[2025-05-04T23:23:24.187+0000][30.548s][info ][gc,task     ] GC(38) Using 8 workers of 8 for evacuation
[2025-05-04T23:23:24.195+0000][30.556s][info ][gc,phases   ] GC(38)   Pre Evacuate Collection Set: 0.2ms
[2025-05-04T23:23:24.195+0000][30.556s][info ][gc,phases   ] GC(38)   Merge Heap Roots: 0.1ms
[2025-05-04T23:23:24.195+0000][30.556s][info ][gc,phases   ] GC(38)   Evacuate Collection Set: 5.9ms
[2025-05-04T23:23:24.196+0000][30.557s][info ][gc,phases   ] GC(38)   Post Evacuate Collection Set: 1.8ms
[2025-05-04T23:23:24.196+0000][30.557s][info ][gc,phases   ] GC(38)   Other: 0.6ms
[2025-05-04T23:23:24.196+0000][30.557s][info ][gc,heap     ] GC(38) Eden regions: 1->0(74)
[2025-05-04T23:23:24.196+0000][30.557s][info ][gc,heap     ] GC(38) Survivor regions: 6->1(1)
[2025-05-04T23:23:24.196+0000][30.557s][info ][gc,heap     ] GC(38) Old regions: 43->47
[2025-05-04T23:23:24.197+0000][30.557s][info ][gc,heap     ] GC(38) Archive regions: 2->2
[2025-05-04T23:23:24.197+0000][30.558s][info ][gc,heap     ] GC(38) Humongous regions: 0->0
[2025-05-04T23:23:24.197+0000][30.558s][info ][gc,metaspace] GC(38) Metaspace: 105427K(106048K)->105427K(106048K) NonClass: 91544K(91840K)->91544K(91840K) Class: 13882K(14208K)->13882K(14208K)
[2025-05-04T23:23:24.197+0000][30.558s][info ][gc          ] GC(38) Pause Young (Mixed) (G1 Evacuation Pause) 100M->97M(288M) 10.596ms
[2025-05-04T23:23:24.197+0000][30.558s][info ][gc,cpu      ] GC(38) User=0.05s Sys=0.00s Real=0.02s
[2025-05-04T23:23:24.197+0000][30.558s][info ][safepoint   ] Safepoint "G1CollectForAllocation", Time since last: 9103724 ns, Reaching safepoint: 318118 ns, Cleanup: 27402 ns, At safepoint: 10883325 ns, Total: 11228845 ns
[2025-05-04T23:23:25.198+0000][31.558s][debug][safepoint   ] Safepoint synchronization initiated using futex wait barrier. (31 threads)
[2025-05-04T23:23:25.255+0000][31.615s][info ][safepoint   ] Safepoint "Cleanup", Time since last: 1000277091 ns, Reaching safepoint: 56920871 ns, Cleanup: 117507 ns, At safepoint: 39902 ns, Total: 57078280 ns
[2025-05-04T23:23:25.681+0000][32.042s][debug][safepoint   ] Safepoint synchronization initiated using futex wait barrier. (37 threads)
[2025-05-04T23:23:25.682+0000][32.043s][info ][gc,start    ] GC(39) Pause Young (Concurrent Start) (G1 Evacuation Pause)
[2025-05-04T23:23:25.682+0000][32.043s][info ][gc,task     ] GC(39) Using 8 workers of 8 for evacuation
[2025-05-04T23:23:25.690+0000][32.051s][info ][gc,phases   ] GC(39)   Pre Evacuate Collection Set: 0.2ms
[2025-05-04T23:23:25.691+0000][32.051s][info ][gc,phases   ] GC(39)   Merge Heap Roots: 0.1ms
[2025-05-04T23:23:25.691+0000][32.052s][info ][gc,phases   ] GC(39)   Evacuate Collection Set: 5.6ms
[2025-05-04T23:23:25.691+0000][32.052s][info ][gc,phases   ] GC(39)   Post Evacuate Collection Set: 2.1ms
[2025-05-04T23:23:25.691+0000][32.052s][info ][gc,phases   ] GC(39)   Other: 0.5ms
[2025-05-04T23:23:25.691+0000][32.052s][info ][gc,heap     ] GC(39) Eden regions: 74->0(72)
[2025-05-04T23:23:25.691+0000][32.052s][info ][gc,heap     ] GC(39) Survivor regions: 1->3(10)
[2025-05-04T23:23:25.692+0000][32.052s][info ][gc,heap     ] GC(39) Old regions: 47->47
[2025-05-04T23:23:25.692+0000][32.052s][info ][gc,heap     ] GC(39) Archive regions: 2->2
[2025-05-04T23:23:25.692+0000][32.053s][info ][gc,heap     ] GC(39) Humongous regions: 0->0
[2025-05-04T23:23:25.692+0000][32.053s][info ][gc,metaspace] GC(39) Metaspace: 107853K(108544K)->107853K(108544K) NonClass: 93778K(94144K)->93778K(94144K) Class: 14074K(14400K)->14074K(14400K)
[2025-05-04T23:23:25.692+0000][32.053s][info ][gc          ] GC(39) Pause Young (Concurrent Start) (G1 Evacuation Pause) 245M->100M(288M) 10.380ms
[2025-05-04T23:23:25.692+0000][32.053s][info ][gc,cpu      ] GC(39) User=0.07s Sys=0.00s Real=0.01s
[2025-05-04T23:23:25.692+0000][32.053s][info ][gc          ] GC(40) Concurrent Mark Cycle
[2025-05-04T23:23:25.693+0000][32.053s][info ][gc,marking  ] GC(40) Concurrent Clear Claimed Marks
[2025-05-04T23:23:25.692+0000][32.053s][info ][safepoint   ] Safepoint "G1CollectForAllocation", Time since last: 426477412 ns, Reaching safepoint: 431925 ns, Cleanup: 91705 ns, At safepoint: 10808521 ns, Total: 11332151 ns
[2025-05-04T23:23:25.693+0000][32.054s][info ][gc,marking  ] GC(40) Concurrent Clear Claimed Marks 0.215ms
[2025-05-04T23:23:25.694+0000][32.055s][info ][gc,marking  ] GC(40) Concurrent Scan Root Regions
[2025-05-04T23:23:25.699+0000][32.060s][info ][gc,marking  ] GC(40) Concurrent Scan Root Regions 5.724ms
[2025-05-04T23:23:25.700+0000][32.061s][info ][gc,marking  ] GC(40) Concurrent Mark
[2025-05-04T23:23:25.700+0000][32.061s][info ][gc,marking  ] GC(40) Concurrent Mark From Roots
[2025-05-04T23:23:25.700+0000][32.061s][info ][gc,task     ] GC(40) Using 2 workers of 2 for marking
[2025-05-04T23:23:25.850+0000][32.211s][info ][gc,marking  ] GC(40) Concurrent Mark From Roots 150.480ms
[2025-05-04T23:23:25.851+0000][32.211s][info ][gc,marking  ] GC(40) Concurrent Preclean
[2025-05-04T23:23:25.851+0000][32.212s][info ][gc,marking  ] GC(40) Concurrent Preclean 0.525ms
[2025-05-04T23:23:25.851+0000][32.212s][debug][safepoint   ] Safepoint synchronization initiated using futex wait barrier. (37 threads)
[2025-05-04T23:23:25.852+0000][32.213s][info ][gc,start    ] GC(40) Pause Remark
[2025-05-04T23:23:25.860+0000][32.220s][info ][gc          ] GC(40) Pause Remark 116M->116M(288M) 7.848ms
[2025-05-04T23:23:25.861+0000][32.221s][info ][gc,cpu      ] GC(40) User=0.06s Sys=0.00s Real=0.01s
[2025-05-04T23:23:25.861+0000][32.222s][info ][safepoint   ] Safepoint "G1PauseRemark", Time since last: 158941436 ns, Reaching safepoint: 302017 ns, Cleanup: 53403 ns, At safepoint: 9212229 ns, Total: 9567649 ns
[2025-05-04T23:23:25.862+0000][32.223s][info ][gc,marking  ] GC(40) Concurrent Mark 162.021ms
[2025-05-04T23:23:25.862+0000][32.223s][info ][gc,marking  ] GC(40) Concurrent Rebuild Remembered Sets
[2025-05-04T23:23:25.926+0000][32.287s][info ][gc,marking  ] GC(40) Concurrent Rebuild Remembered Sets 63.793ms
[2025-05-04T23:23:25.926+0000][32.287s][debug][safepoint   ] Safepoint synchronization initiated using futex wait barrier. (37 threads)
[2025-05-04T23:23:25.926+0000][32.287s][info ][gc,start    ] GC(40) Pause Cleanup
[2025-05-04T23:23:25.927+0000][32.288s][info ][gc          ] GC(40) Pause Cleanup 122M->122M(288M) 0.353ms
[2025-05-04T23:23:25.927+0000][32.288s][info ][gc,cpu      ] GC(40) User=0.01s Sys=0.00s Real=0.01s
[2025-05-04T23:23:25.927+0000][32.288s][info ][safepoint   ] Safepoint "G1PauseCleanup", Time since last: 65110743 ns, Reaching safepoint: 317718 ns, Cleanup: 15501 ns, At safepoint: 718641 ns, Total: 1051860 ns
[2025-05-04T23:23:25.927+0000][32.288s][info ][gc,marking  ] GC(40) Concurrent Cleanup for Next Mark
[2025-05-04T23:23:25.928+0000][32.289s][info ][gc,marking  ] GC(40) Concurrent Cleanup for Next Mark 0.408ms
[2025-05-04T23:23:25.928+0000][32.289s][info ][gc          ] GC(40) Concurrent Mark Cycle 235.649ms
[2025-05-04T23:23:26.137+0000][32.498s][debug][safepoint   ] ... found polling page loop exception at pc = 0x00007fb43959afa7, stub =0x00007fb438af5400
[2025-05-04T23:23:26.618+0000][32.979s][debug][safepoint   ] Safepoint synchronization initiated using futex wait barrier. (41 threads)
[2025-05-04T23:23:26.619+0000][32.979s][info ][gc,start    ] GC(41) Pause Young (Prepare Mixed) (G1 Evacuation Pause)
[2025-05-04T23:23:26.619+0000][32.980s][info ][gc,task     ] GC(41) Using 8 workers of 8 for evacuation
[2025-05-04T23:23:26.629+0000][32.990s][info ][gc,phases   ] GC(41)   Pre Evacuate Collection Set: 0.2ms
[2025-05-04T23:23:26.629+0000][32.990s][info ][gc,phases   ] GC(41)   Merge Heap Roots: 0.1ms
[2025-05-04T23:23:26.630+0000][32.990s][info ][gc,phases   ] GC(41)   Evacuate Collection Set: 7.3ms
[2025-05-04T23:23:26.630+0000][32.991s][info ][gc,phases   ] GC(41)   Post Evacuate Collection Set: 2.4ms
[2025-05-04T23:23:26.630+0000][32.991s][info ][gc,phases   ] GC(41)   Other: 0.6ms
[2025-05-04T23:23:26.630+0000][32.991s][info ][gc,heap     ] GC(41) Eden regions: 72->0(2)
[2025-05-04T23:23:26.630+0000][32.991s][info ][gc,heap     ] GC(41) Survivor regions: 3->5(10)
[2025-05-04T23:23:26.631+0000][32.992s][info ][gc,heap     ] GC(41) Old regions: 47->47
[2025-05-04T23:23:26.632+0000][32.993s][info ][gc,heap     ] GC(41) Archive regions: 2->2
[2025-05-04T23:23:26.632+0000][32.993s][info ][gc,heap     ] GC(41) Humongous regions: 0->0
[2025-05-04T23:23:26.633+0000][32.994s][info ][gc,metaspace] GC(41) Metaspace: 110384K(111040K)->110384K(111040K) NonClass: 96020K(96384K)->96020K(96384K) Class: 14363K(14656K)->14363K(14656K)
[2025-05-04T23:23:26.633+0000][32.994s][info ][gc          ] GC(41) Pause Young (Prepare Mixed) (G1 Evacuation Pause) 244M->104M(288M) 14.704ms
[2025-05-04T23:23:26.633+0000][32.994s][info ][gc,cpu      ] GC(41) User=0.05s Sys=0.01s Real=0.01s
[2025-05-04T23:23:26.634+0000][32.994s][info ][safepoint   ] Safepoint "G1CollectForAllocation", Time since last: 690927411 ns, Reaching safepoint: 337419 ns, Cleanup: 87305 ns, At safepoint: 15161672 ns, Total: 15586396 ns
[2025-05-04T23:23:26.643+0000][33.004s][debug][safepoint   ] Safepoint synchronization initiated using futex wait barrier. (41 threads)
[2025-05-04T23:23:26.643+0000][33.004s][info ][gc,start    ] GC(42) Pause Young (Mixed) (G1 Evacuation Pause)
[2025-05-04T23:23:26.643+0000][33.004s][info ][gc,task     ] GC(42) Using 8 workers of 8 for evacuation
[2025-05-04T23:23:26.653+0000][33.014s][info ][gc,phases   ] GC(42)   Pre Evacuate Collection Set: 0.2ms
[2025-05-04T23:23:26.654+0000][33.015s][info ][gc,phases   ] GC(42)   Merge Heap Roots: 0.1ms
[2025-05-04T23:23:26.654+0000][33.015s][info ][gc,phases   ] GC(42)   Evacuate Collection Set: 7.4ms
[2025-05-04T23:23:26.654+0000][33.015s][info ][gc,phases   ] GC(42)   Post Evacuate Collection Set: 2.1ms
[2025-05-04T23:23:26.654+0000][33.015s][info ][gc,phases   ] GC(42)   Other: 0.4ms
[2025-05-04T23:23:26.655+0000][33.016s][info ][gc,heap     ] GC(42) Eden regions: 2->0(70)
[2025-05-04T23:23:26.655+0000][33.016s][info ][gc,heap     ] GC(42) Survivor regions: 5->1(1)
[2025-05-04T23:23:26.655+0000][33.016s][info ][gc,heap     ] GC(42) Old regions: 47->51
[2025-05-04T23:23:26.655+0000][33.016s][info ][gc,heap     ] GC(42) Archive regions: 2->2
[2025-05-04T23:23:26.655+0000][33.016s][info ][gc,heap     ] GC(42) Humongous regions: 0->0
[2025-05-04T23:23:26.655+0000][33.016s][info ][gc,metaspace] GC(42) Metaspace: 110384K(111040K)->110384K(111040K) NonClass: 96021K(96384K)->96021K(96384K) Class: 14363K(14656K)->14363K(14656K)
[2025-05-04T23:23:26.656+0000][33.016s][info ][gc          ] GC(42) Pause Young (Mixed) (G1 Evacuation Pause) 108M->103M(288M) 12.411ms
[2025-05-04T23:23:26.656+0000][33.017s][info ][gc,cpu      ] GC(42) User=0.08s Sys=0.00s Real=0.01s
[2025-05-04T23:23:26.656+0000][33.017s][info ][safepoint   ] Safepoint "G1CollectForAllocation", Time since last: 9213729 ns, Reaching safepoint: 231414 ns, Cleanup: 11500 ns, At safepoint: 12873040 ns, Total: 13115954 ns
[2025-05-04T23:23:27.600+0000][33.961s][debug][safepoint   ] Safepoint synchronization initiated using futex wait barrier. (42 threads)
[2025-05-04T23:23:27.601+0000][33.962s][info ][safepoint   ] Safepoint "ICBufferFull", Time since last: 944312975 ns, Reaching safepoint: 324818 ns, Cleanup: 151509 ns, At safepoint: 26201 ns, Total: 502528 ns
[2025-05-04T23:23:28.493+0000][34.854s][debug][safepoint   ] Safepoint synchronization initiated using futex wait barrier. (42 threads)
[2025-05-04T23:23:28.494+0000][34.855s][info ][safepoint   ] Safepoint "ICBufferFull", Time since last: 892686707 ns, Reaching safepoint: 357121 ns, Cleanup: 162909 ns, At safepoint: 28402 ns, Total: 548432 ns
[2025-05-04T23:23:28.872+0000][35.233s][debug][safepoint   ] Safepoint synchronization initiated using futex wait barrier. (42 threads)
[2025-05-04T23:23:28.876+0000][35.237s][info ][gc,start    ] GC(43) Pause Young (Normal) (G1 Evacuation Pause)
[2025-05-04T23:23:28.876+0000][35.237s][info ][gc,task     ] GC(43) Using 8 workers of 8 for evacuation
[2025-05-04T23:23:28.884+0000][35.244s][info ][gc,phases   ] GC(43)   Pre Evacuate Collection Set: 0.4ms
[2025-05-04T23:23:28.884+0000][35.245s][info ][gc,phases   ] GC(43)   Merge Heap Roots: 0.3ms
[2025-05-04T23:23:28.884+0000][35.245s][info ][gc,phases   ] GC(43)   Evacuate Collection Set: 4.5ms
[2025-05-04T23:23:28.884+0000][35.245s][info ][gc,phases   ] GC(43)   Post Evacuate Collection Set: 1.4ms
[2025-05-04T23:23:28.884+0000][35.245s][info ][gc,phases   ] GC(43)   Other: 1.2ms
[2025-05-04T23:23:28.884+0000][35.245s][info ][gc,heap     ] GC(43) Eden regions: 70->0(69)
[2025-05-04T23:23:28.885+0000][35.245s][info ][gc,heap     ] GC(43) Survivor regions: 1->2(9)
[2025-05-04T23:23:28.885+0000][35.246s][info ][gc,heap     ] GC(43) Old regions: 51->51
[2025-05-04T23:23:28.887+0000][35.247s][info ][gc,heap     ] GC(43) Archive regions: 2->2
[2025-05-04T23:23:28.887+0000][35.248s][info ][gc,heap     ] GC(43) Humongous regions: 0->0
[2025-05-04T23:23:28.887+0000][35.248s][info ][gc,metaspace] GC(43) Metaspace: 114797K(115456K)->114797K(115456K) NonClass: 99991K(100352K)->99991K(100352K) Class: 14806K(15104K)->14806K(15104K)
[2025-05-04T23:23:28.887+0000][35.248s][info ][gc          ] GC(43) Pause Young (Normal) (G1 Evacuation Pause) 243M->106M(288M) 11.410ms
[2025-05-04T23:23:28.887+0000][35.248s][info ][gc,cpu      ] GC(43) User=0.04s Sys=0.01s Real=0.02s
[2025-05-04T23:23:28.888+0000][35.249s][info ][safepoint   ] Safepoint "G1CollectForAllocation", Time since last: 378028127 ns, Reaching safepoint: 3592907 ns, Cleanup: 41202 ns, At safepoint: 12116296 ns, Total: 15750405 ns
[2025-05-04T23:23:29.889+0000][36.250s][debug][safepoint   ] Safepoint synchronization initiated using futex wait barrier. (42 threads)
[2025-05-04T23:23:29.889+0000][36.250s][info ][safepoint   ] Safepoint "Cleanup", Time since last: 1001241747 ns, Reaching safepoint: 314418 ns, Cleanup: 43102 ns, At safepoint: 23801 ns, Total: 381321 ns
[2025-05-04T23:23:30.417+0000][36.778s][debug][safepoint   ] Safepoint synchronization initiated using futex wait barrier. (42 threads)
[2025-05-04T23:23:30.418+0000][36.778s][info ][gc,start    ] GC(44) Pause Young (Normal) (G1 Evacuation Pause)
[2025-05-04T23:23:30.418+0000][36.779s][info ][gc,task     ] GC(44) Using 8 workers of 8 for evacuation
[2025-05-04T23:23:30.426+0000][36.787s][info ][gc,phases   ] GC(44)   Pre Evacuate Collection Set: 0.1ms
[2025-05-04T23:23:30.426+0000][36.787s][info ][gc,phases   ] GC(44)   Merge Heap Roots: 0.1ms
[2025-05-04T23:23:30.426+0000][36.787s][info ][gc,phases   ] GC(44)   Evacuate Collection Set: 5.2ms
[2025-05-04T23:23:30.426+0000][36.787s][info ][gc,phases   ] GC(44)   Post Evacuate Collection Set: 2.4ms
[2025-05-04T23:23:30.427+0000][36.787s][info ][gc,phases   ] GC(44)   Other: 0.4ms
[2025-05-04T23:23:30.427+0000][36.788s][info ][gc,heap     ] GC(44) Eden regions: 69->0(67)
[2025-05-04T23:23:30.427+0000][36.788s][info ][gc,heap     ] GC(44) Survivor regions: 2->4(9)
[2025-05-04T23:23:30.427+0000][36.788s][info ][gc,heap     ] GC(44) Old regions: 51->51
[2025-05-04T23:23:30.427+0000][36.788s][info ][gc,heap     ] GC(44) Archive regions: 2->2
[2025-05-04T23:23:30.427+0000][36.788s][info ][gc,heap     ] GC(44) Humongous regions: 0->0
[2025-05-04T23:23:30.427+0000][36.788s][info ][gc,metaspace] GC(44) Metaspace: 116450K(117120K)->116450K(117120K) NonClass: 101478K(101824K)->101478K(101824K) Class: 14971K(15296K)->14971K(15296K)
[2025-05-04T23:23:30.427+0000][36.788s][info ][gc          ] GC(44) Pause Young (Normal) (G1 Evacuation Pause) 244M->109M(288M) 9.899ms
[2025-05-04T23:23:30.428+0000][36.788s][info ][gc,cpu      ] GC(44) User=0.04s Sys=0.01s Real=0.01s
[2025-05-04T23:23:30.428+0000][36.789s][info ][safepoint   ] Safepoint "G1CollectForAllocation", Time since last: 527853385 ns, Reaching safepoint: 239314 ns, Cleanup: 35702 ns, At safepoint: 10307494 ns, Total: 10582510 ns
[2025-05-04T23:23:31.435+0000][37.796s][debug][safepoint   ] Safepoint synchronization initiated using futex wait barrier. (45 threads)
[2025-05-04T23:23:31.452+0000][37.813s][info ][safepoint   ] Safepoint "Cleanup", Time since last: 1007562705 ns, Reaching safepoint: 16730263 ns, Cleanup: 112107 ns, At safepoint: 58203 ns, Total: 16900573 ns
[2025-05-04T23:23:32.088+0000][38.449s][debug][safepoint   ] Safepoint synchronization initiated using futex wait barrier. (46 threads)
[2025-05-04T23:23:32.089+0000][38.450s][info ][gc,start    ] GC(45) Pause Young (Normal) (G1 Evacuation Pause)
[2025-05-04T23:23:32.089+0000][38.450s][info ][gc,task     ] GC(45) Using 8 workers of 8 for evacuation
[2025-05-04T23:23:32.102+0000][38.463s][info ][gc,phases   ] GC(45)   Pre Evacuate Collection Set: 0.4ms
[2025-05-04T23:23:32.102+0000][38.463s][info ][gc,phases   ] GC(45)   Merge Heap Roots: 0.2ms
[2025-05-04T23:23:32.102+0000][38.463s][info ][gc,phases   ] GC(45)   Evacuate Collection Set: 10.7ms
[2025-05-04T23:23:32.103+0000][38.463s][info ][gc,phases   ] GC(45)   Post Evacuate Collection Set: 1.7ms
[2025-05-04T23:23:32.103+0000][38.464s][info ][gc,phases   ] GC(45)   Other: 0.4ms
[2025-05-04T23:23:32.103+0000][38.464s][info ][gc,heap     ] GC(45) Eden regions: 67->0(62)
[2025-05-04T23:23:32.103+0000][38.464s][info ][gc,heap     ] GC(45) Survivor regions: 4->7(9)
[2025-05-04T23:23:32.103+0000][38.464s][info ][gc,heap     ] GC(45) Old regions: 51->51
[2025-05-04T23:23:32.104+0000][38.465s][info ][gc,heap     ] GC(45) Archive regions: 2->2
[2025-05-04T23:23:32.105+0000][38.465s][info ][gc,heap     ] GC(45) Humongous regions: 0->0
[2025-05-04T23:23:32.105+0000][38.466s][info ][gc,metaspace] GC(45) Metaspace: 121292K(122048K)->121292K(122048K) NonClass: 105785K(106176K)->105785K(106176K) Class: 15506K(15872K)->15506K(15872K)
[2025-05-04T23:23:32.105+0000][38.466s][info ][gc          ] GC(45) Pause Young (Normal) (G1 Evacuation Pause) 243M->114M(288M) 16.688ms
[2025-05-04T23:23:32.106+0000][38.466s][info ][gc,cpu      ] GC(45) User=0.08s Sys=0.00s Real=0.01s
[2025-05-04T23:23:32.106+0000][38.467s][info ][safepoint   ] Safepoint "G1CollectForAllocation", Time since last: 635958912 ns, Reaching safepoint: 320919 ns, Cleanup: 50002 ns, At safepoint: 17086384 ns, Total: 17457305 ns
[2025-05-04T23:23:33.294+0000][39.655s][debug][safepoint   ] Safepoint synchronization initiated using futex wait barrier. (54 threads)
[2025-05-04T23:23:33.294+0000][39.655s][debug][safepoint   ] ... found polling page loop exception at pc = 0x00007fb4391adb0d, stub =0x00007fb438af5400
[2025-05-04T23:23:33.294+0000][39.655s][info ][safepoint   ] Safepoint "Cleanup", Time since last: 1187981692 ns, Reaching safepoint: 548032 ns, Cleanup: 160209 ns, At safepoint: 47203 ns, Total: 755444 ns
[2025-05-04T23:23:33.365+0000][39.726s][debug][safepoint   ] Safepoint synchronization initiated using futex wait barrier. (54 threads)
[2025-05-04T23:23:33.365+0000][39.726s][info ][gc,start    ] GC(46) Pause Young (Normal) (G1 Evacuation Pause)
[2025-05-04T23:23:33.366+0000][39.726s][info ][gc,task     ] GC(46) Using 8 workers of 8 for evacuation
[2025-05-04T23:23:33.381+0000][39.742s][info ][gc,phases   ] GC(46)   Pre Evacuate Collection Set: 0.2ms
[2025-05-04T23:23:33.382+0000][39.743s][info ][gc,phases   ] GC(46)   Merge Heap Roots: 0.1ms
[2025-05-04T23:23:33.383+0000][39.743s][info ][gc,phases   ] GC(46)   Evacuate Collection Set: 13.2ms
[2025-05-04T23:23:33.383+0000][39.744s][info ][gc,phases   ] GC(46)   Post Evacuate Collection Set: 1.4ms
[2025-05-04T23:23:33.383+0000][39.744s][info ][gc,phases   ] GC(46)   Other: 0.5ms
[2025-05-04T23:23:33.383+0000][39.744s][info ][gc,heap     ] GC(46) Eden regions: 62->0(63)
[2025-05-04T23:23:33.383+0000][39.744s][info ][gc,heap     ] GC(46) Survivor regions: 7->6(9)
[2025-05-04T23:23:33.384+0000][39.744s][info ][gc,heap     ] GC(46) Old regions: 51->52
[2025-05-04T23:23:33.384+0000][39.745s][info ][gc,heap     ] GC(46) Archive regions: 2->2
[2025-05-04T23:23:33.384+0000][39.745s][info ][gc,heap     ] GC(46) Humongous regions: 0->0
[2025-05-04T23:23:33.384+0000][39.745s][info ][gc,metaspace] GC(46) Metaspace: 127807K(128832K)->127807K(128832K) NonClass: 111492K(112064K)->111492K(112064K) Class: 16315K(16768K)->16315K(16768K)
[2025-05-04T23:23:33.385+0000][39.745s][info ][gc          ] GC(46) Pause Young (Normal) (G1 Evacuation Pause) 238M->117M(288M) 19.096ms
[2025-05-04T23:23:33.385+0000][39.746s][info ][gc,cpu      ] GC(46) User=0.13s Sys=0.00s Real=0.02s
[2025-05-04T23:23:33.385+0000][39.746s][info ][safepoint   ] Safepoint "G1CollectForAllocation", Time since last: 70515659 ns, Reaching safepoint: 388023 ns, Cleanup: 20101 ns, At safepoint: 19550425 ns, Total: 19958549 ns
[2025-05-04T23:23:34.351+0000][40.712s][debug][safepoint   ] Safepoint synchronization initiated using futex wait barrier. (53 threads)
[2025-05-04T23:23:34.351+0000][40.712s][info ][gc,start    ] GC(47) Pause Young (Normal) (G1 Evacuation Pause)
[2025-05-04T23:23:34.351+0000][40.712s][info ][gc,task     ] GC(47) Using 8 workers of 8 for evacuation
[2025-05-04T23:23:34.360+0000][40.721s][info ][gc,phases   ] GC(47)   Pre Evacuate Collection Set: 0.2ms
[2025-05-04T23:23:34.361+0000][40.722s][info ][gc,phases   ] GC(47)   Merge Heap Roots: 0.1ms
[2025-05-04T23:23:34.361+0000][40.722s][info ][gc,phases   ] GC(47)   Evacuate Collection Set: 6.4ms
[2025-05-04T23:23:34.361+0000][40.722s][info ][gc,phases   ] GC(47)   Post Evacuate Collection Set: 2.0ms
[2025-05-04T23:23:34.362+0000][40.722s][info ][gc,phases   ] GC(47)   Other: 0.4ms
[2025-05-04T23:23:34.362+0000][40.723s][info ][gc,heap     ] GC(47) Eden regions: 63->0(63)
[2025-05-04T23:23:34.362+0000][40.723s][info ][gc,heap     ] GC(47) Survivor regions: 6->5(9)
[2025-05-04T23:23:34.362+0000][40.723s][info ][gc,heap     ] GC(47) Old regions: 52->54
[2025-05-04T23:23:34.362+0000][40.723s][info ][gc,heap     ] GC(47) Archive regions: 2->2
[2025-05-04T23:23:34.363+0000][40.723s][info ][gc,heap     ] GC(47) Humongous regions: 0->0
[2025-05-04T23:23:34.363+0000][40.724s][info ][gc,metaspace] GC(47) Metaspace: 131988K(132992K)->131988K(132992K) NonClass: 115321K(115840K)->115321K(115840K) Class: 16667K(17152K)->16667K(17152K)
[2025-05-04T23:23:34.363+0000][40.724s][info ][gc          ] GC(47) Pause Young (Normal) (G1 Evacuation Pause) 243M->118M(288M) 11.775ms
[2025-05-04T23:23:34.363+0000][40.724s][info ][gc,cpu      ] GC(47) User=0.06s Sys=0.00s Real=0.01s
[2025-05-04T23:23:34.363+0000][40.724s][info ][safepoint   ] Safepoint "G1CollectForAllocation", Time since last: 965964011 ns, Reaching safepoint: 224813 ns, Cleanup: 31102 ns, At safepoint: 12061894 ns, Total: 12317809 ns
[2025-05-04T23:23:34.945+0000][41.305s][debug][safepoint   ] Safepoint synchronization initiated using futex wait barrier. (54 threads)
[2025-05-04T23:23:34.945+0000][41.306s][info ][gc,start    ] GC(48) Pause Young (Normal) (G1 Evacuation Pause)
[2025-05-04T23:23:34.945+0000][41.306s][info ][gc,task     ] GC(48) Using 8 workers of 8 for evacuation
[2025-05-04T23:23:34.953+0000][41.314s][info ][gc,phases   ] GC(48)   Pre Evacuate Collection Set: 0.1ms
[2025-05-04T23:23:34.954+0000][41.315s][info ][gc,phases   ] GC(48)   Merge Heap Roots: 0.1ms
[2025-05-04T23:23:34.954+0000][41.315s][info ][gc,phases   ] GC(48)   Evacuate Collection Set: 5.7ms
[2025-05-04T23:23:34.954+0000][41.315s][info ][gc,phases   ] GC(48)   Post Evacuate Collection Set: 1.8ms
[2025-05-04T23:23:34.954+0000][41.315s][info ][gc,phases   ] GC(48)   Other: 0.6ms
[2025-05-04T23:23:34.955+0000][41.315s][info ][gc,heap     ] GC(48) Eden regions: 63->0(61)
[2025-05-04T23:23:34.955+0000][41.316s][info ][gc,heap     ] GC(48) Survivor regions: 5->6(9)
[2025-05-04T23:23:34.955+0000][41.316s][info ][gc,heap     ] GC(48) Old regions: 54->54
[2025-05-04T23:23:34.955+0000][41.316s][info ][gc,heap     ] GC(48) Archive regions: 2->2
[2025-05-04T23:23:34.955+0000][41.316s][info ][gc,heap     ] GC(48) Humongous regions: 0->0
[2025-05-04T23:23:34.955+0000][41.316s][info ][gc,metaspace] GC(48) Metaspace: 134977K(136000K)->134977K(136000K) NonClass: 117970K(118528K)->117970K(118528K) Class: 17006K(17472K)->17006K(17472K)
[2025-05-04T23:23:34.955+0000][41.316s][info ][gc          ] GC(48) Pause Young (Normal) (G1 Evacuation Pause) 244M->120M(288M) 10.275ms
[2025-05-04T23:23:34.955+0000][41.316s][info ][gc,cpu      ] GC(48) User=0.07s Sys=0.00s Real=0.01s
[2025-05-04T23:23:34.956+0000][41.317s][info ][safepoint   ] Safepoint "G1CollectForAllocation", Time since last: 581362169 ns, Reaching safepoint: 357621 ns, Cleanup: 52403 ns, At safepoint: 10664314 ns, Total: 11074338 ns
[2025-05-04T23:23:35.294+0000][41.655s][debug][safepoint   ] ... found polling page loop exception at pc = 0x00007fb4397a72a4, stub =0x00007fb438af5400
[2025-05-04T23:23:35.831+0000][42.192s][debug][safepoint   ] Safepoint synchronization initiated using futex wait barrier. (55 threads)
[2025-05-04T23:23:35.832+0000][42.193s][info ][gc,start    ] GC(49) Pause Young (Normal) (G1 Evacuation Pause)
[2025-05-04T23:23:35.832+0000][42.193s][info ][gc,task     ] GC(49) Using 8 workers of 8 for evacuation
[2025-05-04T23:23:35.850+0000][42.211s][info ][gc,phases   ] GC(49)   Pre Evacuate Collection Set: 0.2ms
[2025-05-04T23:23:35.850+0000][42.211s][info ][gc,phases   ] GC(49)   Merge Heap Roots: 0.1ms
[2025-05-04T23:23:35.850+0000][42.211s][info ][gc,phases   ] GC(49)   Evacuate Collection Set: 12.8ms
[2025-05-04T23:23:35.851+0000][42.211s][info ][gc,phases   ] GC(49)   Post Evacuate Collection Set: 4.6ms
[2025-05-04T23:23:35.851+0000][42.211s][info ][gc,phases   ] GC(49)   Other: 0.5ms
[2025-05-04T23:23:35.851+0000][42.212s][info ][gc,heap     ] GC(49) Eden regions: 61->0(58)
[2025-05-04T23:23:35.851+0000][42.212s][info ][gc,heap     ] GC(49) Survivor regions: 6->6(9)
[2025-05-04T23:23:35.851+0000][42.212s][info ][gc,heap     ] GC(49) Old regions: 54->57
[2025-05-04T23:23:35.851+0000][42.212s][info ][gc,heap     ] GC(49) Archive regions: 2->2
[2025-05-04T23:23:35.851+0000][42.212s][info ][gc,heap     ] GC(49) Humongous regions: 0->0
[2025-05-04T23:23:35.851+0000][42.212s][info ][gc,metaspace] GC(49) Metaspace: 136952K(137984K)->136952K(137984K) NonClass: 119843K(120384K)->119843K(120384K) Class: 17109K(17600K)->17109K(17600K)
[2025-05-04T23:23:35.851+0000][42.212s][info ][gc          ] GC(49) Pause Young (Normal) (G1 Evacuation Pause) 242M->124M(288M) 19.555ms
[2025-05-04T23:23:35.852+0000][42.212s][info ][gc,cpu      ] GC(49) User=0.12s Sys=0.01s Real=0.02s
[2025-05-04T23:23:35.854+0000][42.215s][info ][safepoint   ] Safepoint "G1CollectForAllocation", Time since last: 875805120 ns, Reaching safepoint: 288716 ns, Cleanup: 117407 ns, At safepoint: 22168776 ns, Total: 22574899 ns
[2025-05-04T23:23:36.531+0000][42.892s][debug][safepoint   ] Safepoint synchronization initiated using futex wait barrier. (55 threads)
[2025-05-04T23:23:36.531+0000][42.892s][info ][gc,start    ] GC(50) Pause Young (Normal) (G1 Evacuation Pause)
[2025-05-04T23:23:36.531+0000][42.892s][info ][gc,task     ] GC(50) Using 8 workers of 8 for evacuation
[2025-05-04T23:23:36.545+0000][42.906s][info ][gc,phases   ] GC(50)   Pre Evacuate Collection Set: 0.2ms
[2025-05-04T23:23:36.546+0000][42.906s][info ][gc,phases   ] GC(50)   Merge Heap Roots: 0.1ms
[2025-05-04T23:23:36.546+0000][42.907s][info ][gc,phases   ] GC(50)   Evacuate Collection Set: 11.2ms
[2025-05-04T23:23:36.546+0000][42.907s][info ][gc,phases   ] GC(50)   Post Evacuate Collection Set: 2.2ms
[2025-05-04T23:23:36.546+0000][42.907s][info ][gc,phases   ] GC(50)   Other: 0.5ms
[2025-05-04T23:23:36.546+0000][42.907s][info ][gc,heap     ] GC(50) Eden regions: 58->0(55)
[2025-05-04T23:23:36.546+0000][42.907s][info ][gc,heap     ] GC(50) Survivor regions: 6->7(8)
[2025-05-04T23:23:36.546+0000][42.907s][info ][gc,heap     ] GC(50) Old regions: 57->58
[2025-05-04T23:23:36.547+0000][42.907s][info ][gc,heap     ] GC(50) Archive regions: 2->2
[2025-05-04T23:23:36.547+0000][42.907s][info ][gc,heap     ] GC(50) Humongous regions: 0->0
[2025-05-04T23:23:36.547+0000][42.908s][info ][gc,metaspace] GC(50) Metaspace: 138854K(139904K)->138854K(139904K) NonClass: 121662K(122240K)->121662K(122240K) Class: 17192K(17664K)->17192K(17664K)
[2025-05-04T23:23:36.547+0000][42.908s][info ][gc          ] GC(50) Pause Young (Normal) (G1 Evacuation Pause) 240M->129M(288M) 15.701ms
[2025-05-04T23:23:36.547+0000][42.908s][info ][gc,cpu      ] GC(50) User=0.11s Sys=0.01s Real=0.02s
[2025-05-04T23:23:36.547+0000][42.908s][info ][safepoint   ] Safepoint "G1CollectForAllocation", Time since last: 676777763 ns, Reaching safepoint: 281416 ns, Cleanup: 70004 ns, At safepoint: 16047624 ns, Total: 16399044 ns
[2025-05-04T23:23:37.117+0000][43.478s][debug][safepoint   ] Safepoint synchronization initiated using futex wait barrier. (59 threads)
[2025-05-04T23:23:37.117+0000][43.478s][info ][gc,start    ] GC(51) Pause Young (Normal) (G1 Evacuation Pause)
[2025-05-04T23:23:37.118+0000][43.478s][info ][gc,task     ] GC(51) Using 8 workers of 8 for evacuation
[2025-05-04T23:23:37.132+0000][43.493s][info ][gc,phases   ] GC(51)   Pre Evacuate Collection Set: 0.6ms
[2025-05-04T23:23:37.132+0000][43.493s][info ][gc,phases   ] GC(51)   Merge Heap Roots: 0.1ms
[2025-05-04T23:23:37.132+0000][43.493s][info ][gc,phases   ] GC(51)   Evacuate Collection Set: 11.5ms
[2025-05-04T23:23:37.132+0000][43.493s][info ][gc,phases   ] GC(51)   Post Evacuate Collection Set: 1.8ms
[2025-05-04T23:23:37.133+0000][43.493s][info ][gc,phases   ] GC(51)   Other: 0.7ms
[2025-05-04T23:23:37.133+0000][43.494s][info ][gc,heap     ] GC(51) Eden regions: 55->0(54)
[2025-05-04T23:23:37.133+0000][43.494s][info ][gc,heap     ] GC(51) Survivor regions: 7->5(8)
[2025-05-04T23:23:37.133+0000][43.494s][info ][gc,heap     ] GC(51) Old regions: 58->62
[2025-05-04T23:23:37.133+0000][43.494s][info ][gc,heap     ] GC(51) Archive regions: 2->2
[2025-05-04T23:23:37.133+0000][43.494s][info ][gc,heap     ] GC(51) Humongous regions: 0->0
[2025-05-04T23:23:37.133+0000][43.494s][info ][gc,metaspace] GC(51) Metaspace: 141076K(142144K)->141076K(142144K) NonClass: 123745K(124288K)->123745K(124288K) Class: 17331K(17856K)->17331K(17856K)
[2025-05-04T23:23:37.133+0000][43.494s][info ][gc          ] GC(51) Pause Young (Normal) (G1 Evacuation Pause) 239M->133M(288M) 16.292ms
[2025-05-04T23:23:37.134+0000][43.494s][info ][gc,cpu      ] GC(51) User=0.08s Sys=0.00s Real=0.01s
[2025-05-04T23:23:37.134+0000][43.495s][info ][safepoint   ] Safepoint "G1CollectForAllocation", Time since last: 569613492 ns, Reaching safepoint: 245314 ns, Cleanup: 55304 ns, At safepoint: 16708762 ns, Total: 17009380 ns
[2025-05-04T23:23:37.656+0000][44.017s][info ][cds,heap    ] initialize_from_archived_subgraph jdk.internal.math.FDBigInteger 0x00007fb3d314d8f0
[2025-05-04T23:23:37.960+0000][44.321s][debug][safepoint   ] Safepoint synchronization initiated using futex wait barrier. (64 threads)
[2025-05-04T23:23:37.961+0000][44.322s][info ][gc,start    ] GC(52) Pause Young (Normal) (G1 Evacuation Pause)
[2025-05-04T23:23:37.961+0000][44.322s][info ][gc,task     ] GC(52) Using 8 workers of 8 for evacuation
[2025-05-04T23:23:37.970+0000][44.331s][info ][gc,phases   ] GC(52)   Pre Evacuate Collection Set: 0.1ms
[2025-05-04T23:23:37.971+0000][44.331s][info ][gc,phases   ] GC(52)   Merge Heap Roots: 0.1ms
[2025-05-04T23:23:37.971+0000][44.332s][info ][gc,phases   ] GC(52)   Evacuate Collection Set: 7.8ms
[2025-05-04T23:23:37.971+0000][44.332s][info ][gc,phases   ] GC(52)   Post Evacuate Collection Set: 1.1ms
[2025-05-04T23:23:37.971+0000][44.332s][info ][gc,phases   ] GC(52)   Other: 0.4ms
[2025-05-04T23:23:37.971+0000][44.332s][info ][gc,heap     ] GC(52) Eden regions: 54->0(53)
[2025-05-04T23:23:37.971+0000][44.332s][info ][gc,heap     ] GC(52) Survivor regions: 5->6(8)
[2025-05-04T23:23:37.971+0000][44.332s][info ][gc,heap     ] GC(52) Old regions: 62->62
[2025-05-04T23:23:37.972+0000][44.332s][info ][gc,heap     ] GC(52) Archive regions: 2->2
[2025-05-04T23:23:37.972+0000][44.333s][info ][gc,heap     ] GC(52) Humongous regions: 0->0
[2025-05-04T23:23:37.972+0000][44.333s][info ][gc,metaspace] GC(52) Metaspace: 145527K(146624K)->145527K(146624K) NonClass: 127729K(128320K)->127729K(128320K) Class: 17798K(18304K)->17798K(18304K)
[2025-05-04T23:23:37.972+0000][44.333s][info ][gc          ] GC(52) Pause Young (Normal) (G1 Evacuation Pause) 241M->134M(288M) 11.200ms
[2025-05-04T23:23:37.972+0000][44.333s][info ][gc,cpu      ] GC(52) User=0.07s Sys=0.00s Real=0.01s
[2025-05-04T23:23:37.972+0000][44.333s][info ][safepoint   ] Safepoint "G1CollectForAllocation", Time since last: 826429371 ns, Reaching safepoint: 457226 ns, Cleanup: 93005 ns, At safepoint: 11658468 ns, Total: 12208699 ns
[2025-05-04T23:23:38.570+0000][44.931s][debug][safepoint   ] Safepoint synchronization initiated using futex wait barrier. (76 threads)
[2025-05-04T23:23:38.571+0000][44.931s][info ][gc,start    ] GC(53) Pause Young (Normal) (G1 Evacuation Pause)
[2025-05-04T23:23:38.571+0000][44.932s][info ][gc,task     ] GC(53) Using 8 workers of 8 for evacuation
[2025-05-04T23:23:38.579+0000][44.940s][info ][gc,phases   ] GC(53)   Pre Evacuate Collection Set: 0.2ms
[2025-05-04T23:23:38.580+0000][44.940s][info ][gc,phases   ] GC(53)   Merge Heap Roots: 0.2ms
[2025-05-04T23:23:38.580+0000][44.941s][info ][gc,phases   ] GC(53)   Evacuate Collection Set: 6.6ms
[2025-05-04T23:23:38.580+0000][44.941s][info ][gc,phases   ] GC(53)   Post Evacuate Collection Set: 1.3ms
[2025-05-04T23:23:38.580+0000][44.941s][info ][gc,phases   ] GC(53)   Other: 0.4ms
[2025-05-04T23:23:38.580+0000][44.941s][info ][gc,heap     ] GC(53) Eden regions: 53->0(53)
[2025-05-04T23:23:38.580+0000][44.941s][info ][gc,heap     ] GC(53) Survivor regions: 6->5(8)
[2025-05-04T23:23:38.581+0000][44.941s][info ][gc,heap     ] GC(53) Old regions: 62->64
[2025-05-04T23:23:38.581+0000][44.942s][info ][gc,heap     ] GC(53) Archive regions: 2->2
[2025-05-04T23:23:38.581+0000][44.942s][info ][gc,heap     ] GC(53) Humongous regions: 0->0
[2025-05-04T23:23:38.581+0000][44.942s][info ][gc,metaspace] GC(53) Metaspace: 148138K(149184K)->148138K(149184K) NonClass: 130029K(130560K)->130029K(130560K) Class: 18108K(18624K)->18108K(18624K)
[2025-05-04T23:23:38.581+0000][44.942s][info ][gc          ] GC(53) Pause Young (Normal) (G1 Evacuation Pause) 240M->136M(288M) 10.632ms
[2025-05-04T23:23:38.581+0000][44.942s][info ][gc,cpu      ] GC(53) User=0.06s Sys=0.00s Real=0.01s
[2025-05-04T23:23:38.582+0000][44.943s][info ][safepoint   ] Safepoint "G1CollectForAllocation", Time since last: 597794140 ns, Reaching safepoint: 285816 ns, Cleanup: 38603 ns, At safepoint: 11124637 ns, Total: 11449056 ns
[2025-05-04T23:23:39.044+0000][45.405s][debug][safepoint   ] Safepoint synchronization initiated using futex wait barrier. (77 threads)
[2025-05-04T23:23:39.044+0000][45.405s][info ][gc,start    ] GC(54) Pause Young (Normal) (G1 Evacuation Pause)
[2025-05-04T23:23:39.045+0000][45.405s][info ][gc,task     ] GC(54) Using 8 workers of 8 for evacuation
[2025-05-04T23:23:39.053+0000][45.414s][info ][gc,phases   ] GC(54)   Pre Evacuate Collection Set: 0.3ms
[2025-05-04T23:23:39.053+0000][45.414s][info ][gc,phases   ] GC(54)   Merge Heap Roots: 0.1ms
[2025-05-04T23:23:39.053+0000][45.414s][info ][gc,phases   ] GC(54)   Evacuate Collection Set: 5.9ms
[2025-05-04T23:23:39.053+0000][45.414s][info ][gc,phases   ] GC(54)   Post Evacuate Collection Set: 1.6ms
[2025-05-04T23:23:39.054+0000][45.414s][info ][gc,phases   ] GC(54)   Other: 0.5ms
[2025-05-04T23:23:39.054+0000][45.415s][info ][gc,heap     ] GC(54) Eden regions: 53->0(53)
[2025-05-04T23:23:39.054+0000][45.415s][info ][gc,heap     ] GC(54) Survivor regions: 5->5(8)
[2025-05-04T23:23:39.054+0000][45.415s][info ][gc,heap     ] GC(54) Old regions: 64->64
[2025-05-04T23:23:39.054+0000][45.415s][info ][gc,heap     ] GC(54) Archive regions: 2->2
[2025-05-04T23:23:39.054+0000][45.415s][info ][gc,heap     ] GC(54) Humongous regions: 0->0
[2025-05-04T23:23:39.054+0000][45.415s][info ][gc,metaspace] GC(54) Metaspace: 149333K(150400K)->149333K(150400K) NonClass: 131053K(131584K)->131053K(131584K) Class: 18280K(18816K)->18280K(18816K)
[2025-05-04T23:23:39.054+0000][45.415s][info ][gc          ] GC(54) Pause Young (Normal) (G1 Evacuation Pause) 242M->137M(288M) 9.899ms
[2025-05-04T23:23:39.054+0000][45.415s][info ][gc,cpu      ] GC(54) User=0.07s Sys=0.00s Real=0.01s
[2025-05-04T23:23:39.055+0000][45.416s][info ][safepoint   ] Safepoint "G1CollectForAllocation", Time since last: 462326781 ns, Reaching safepoint: 309517 ns, Cleanup: 35502 ns, At safepoint: 10323692 ns, Total: 10668711 ns
[2025-05-04T23:23:39.591+0000][45.952s][debug][safepoint   ] Safepoint synchronization initiated using futex wait barrier. (78 threads)
[2025-05-04T23:23:39.591+0000][45.952s][info ][gc,start    ] GC(55) Pause Young (Normal) (G1 Evacuation Pause)
[2025-05-04T23:23:39.592+0000][45.952s][info ][gc,task     ] GC(55) Using 8 workers of 8 for evacuation
[2025-05-04T23:23:39.600+0000][45.961s][info ][gc,phases   ] GC(55)   Pre Evacuate Collection Set: 0.1ms
[2025-05-04T23:23:39.601+0000][45.961s][info ][gc,phases   ] GC(55)   Merge Heap Roots: 0.1ms
[2025-05-04T23:23:39.601+0000][45.961s][info ][gc,phases   ] GC(55)   Evacuate Collection Set: 6.9ms
[2025-05-04T23:23:39.601+0000][45.962s][info ][gc,phases   ] GC(55)   Post Evacuate Collection Set: 1.3ms
[2025-05-04T23:23:39.601+0000][45.962s][info ][gc,phases   ] GC(55)   Other: 0.4ms
[2025-05-04T23:23:39.601+0000][45.962s][info ][gc,heap     ] GC(55) Eden regions: 53->0(50)
[2025-05-04T23:23:39.601+0000][45.962s][info ][gc,heap     ] GC(55) Survivor regions: 5->6(8)
[2025-05-04T23:23:39.601+0000][45.962s][info ][gc,heap     ] GC(55) Old regions: 64->65
[2025-05-04T23:23:39.601+0000][45.962s][info ][gc,heap     ] GC(55) Archive regions: 2->2
[2025-05-04T23:23:39.601+0000][45.962s][info ][gc,heap     ] GC(55) Humongous regions: 0->0
[2025-05-04T23:23:39.602+0000][45.962s][info ][gc,metaspace] GC(55) Metaspace: 150363K(151488K)->150363K(151488K) NonClass: 131951K(132544K)->131951K(132544K) Class: 18411K(18944K)->18411K(18944K)
[2025-05-04T23:23:39.602+0000][45.962s][info ][gc          ] GC(55) Pause Young (Normal) (G1 Evacuation Pause) 243M->142M(288M) 10.221ms
[2025-05-04T23:23:39.602+0000][45.963s][info ][gc,cpu      ] GC(55) User=0.07s Sys=0.00s Real=0.01s
[2025-05-04T23:23:39.602+0000][45.963s][info ][safepoint   ] Safepoint "G1CollectForAllocation", Time since last: 536139408 ns, Reaching safepoint: 422625 ns, Cleanup: 101805 ns, At safepoint: 10593107 ns, Total: 11117537 ns
[2025-05-04T23:23:40.176+0000][46.537s][debug][safepoint   ] Safepoint synchronization initiated using futex wait barrier. (78 threads)
[2025-05-04T23:23:40.177+0000][46.537s][info ][gc,start    ] GC(56) Pause Young (Normal) (G1 Evacuation Pause)
[2025-05-04T23:23:40.177+0000][46.538s][info ][gc,task     ] GC(56) Using 8 workers of 8 for evacuation
[2025-05-04T23:23:40.191+0000][46.551s][info ][gc,phases   ] GC(56)   Pre Evacuate Collection Set: 0.2ms
[2025-05-04T23:23:40.191+0000][46.552s][info ][gc,phases   ] GC(56)   Merge Heap Roots: 0.2ms
[2025-05-04T23:23:40.191+0000][46.552s][info ][gc,phases   ] GC(56)   Evacuate Collection Set: 11.2ms
[2025-05-04T23:23:40.191+0000][46.552s][info ][gc,phases   ] GC(56)   Post Evacuate Collection Set: 1.9ms
[2025-05-04T23:23:40.191+0000][46.552s][info ][gc,phases   ] GC(56)   Other: 0.4ms
[2025-05-04T23:23:40.191+0000][46.552s][info ][gc,heap     ] GC(56) Eden regions: 50->0(75)
[2025-05-04T23:23:40.191+0000][46.552s][info ][gc,heap     ] GC(56) Survivor regions: 6->5(7)
[2025-05-04T23:23:40.192+0000][46.552s][info ][gc,heap     ] GC(56) Old regions: 65->67
[2025-05-04T23:23:40.192+0000][46.553s][info ][gc,heap     ] GC(56) Archive regions: 2->2
[2025-05-04T23:23:40.192+0000][46.553s][info ][gc,heap     ] GC(56) Humongous regions: 0->0
[2025-05-04T23:23:40.192+0000][46.553s][info ][gc,metaspace] GC(56) Metaspace: 151069K(152128K)->151069K(152128K) NonClass: 132530K(133056K)->132530K(133056K) Class: 18539K(19072K)->18539K(19072K)
[2025-05-04T23:23:40.192+0000][46.553s][info ][gc          ] GC(56) Pause Young (Normal) (G1 Evacuation Pause) 242M->144M(346M) 15.534ms
[2025-05-04T23:23:40.192+0000][46.553s][info ][gc,cpu      ] GC(56) User=0.08s Sys=0.03s Real=0.02s
[2025-05-04T23:23:40.193+0000][46.553s][info ][safepoint   ] Safepoint "G1CollectForAllocation", Time since last: 574195789 ns, Reaching safepoint: 294016 ns, Cleanup: 93806 ns, At safepoint: 16019117 ns, Total: 16406939 ns
[2025-05-04T23:23:40.937+0000][47.299s][debug][safepoint   ] Safepoint synchronization initiated using futex wait barrier. (78 threads)
[2025-05-04T23:23:40.938+0000][47.300s][info ][gc,start    ] GC(57) Pause Young (Normal) (G1 Evacuation Pause)
[2025-05-04T23:23:40.938+0000][47.300s][info ][gc,task     ] GC(57) Using 8 workers of 8 for evacuation
[2025-05-04T23:23:40.948+0000][47.310s][info ][gc,phases   ] GC(57)   Pre Evacuate Collection Set: 0.2ms
[2025-05-04T23:23:40.948+0000][47.310s][info ][gc,phases   ] GC(57)   Merge Heap Roots: 0.1ms
[2025-05-04T23:23:40.948+0000][47.311s][info ][gc,phases   ] GC(57)   Evacuate Collection Set: 7.3ms
[2025-05-04T23:23:40.949+0000][47.311s][info ][gc,phases   ] GC(57)   Post Evacuate Collection Set: 1.9ms
[2025-05-04T23:23:40.949+0000][47.311s][info ][gc,phases   ] GC(57)   Other: 0.4ms
[2025-05-04T23:23:40.949+0000][47.311s][info ][gc,heap     ] GC(57) Eden regions: 75->0(74)
[2025-05-04T23:23:40.950+0000][47.312s][info ][gc,heap     ] GC(57) Survivor regions: 5->6(10)
[2025-05-04T23:23:40.950+0000][47.312s][info ][gc,heap     ] GC(57) Old regions: 67->67
[2025-05-04T23:23:40.950+0000][47.312s][info ][gc,heap     ] GC(57) Archive regions: 2->2
[2025-05-04T23:23:40.950+0000][47.312s][info ][gc,heap     ] GC(57) Humongous regions: 0->0
[2025-05-04T23:23:40.950+0000][47.313s][info ][gc,metaspace] GC(57) Metaspace: 153107K(154176K)->153107K(154176K) NonClass: 134272K(134848K)->134272K(134848K) Class: 18835K(19328K)->18835K(19328K)
[2025-05-04T23:23:40.951+0000][47.313s][info ][gc          ] GC(57) Pause Young (Normal) (G1 Evacuation Pause) 294M->147M(346M) 13.107ms
[2025-05-04T23:23:40.951+0000][47.313s][info ][gc,cpu      ] GC(57) User=0.06s Sys=0.01s Real=0.01s
[2025-05-04T23:23:40.951+0000][47.313s][info ][safepoint   ] Safepoint "G1CollectForAllocation", Time since last: 745867822 ns, Reaching safepoint: 271515 ns, Cleanup: 51303 ns, At safepoint: 13855894 ns, Total: 14178712 ns
[2025-05-04T23:23:41.704+0000][48.066s][debug][safepoint   ] Safepoint synchronization initiated using futex wait barrier. (77 threads)
[2025-05-04T23:23:41.704+0000][48.066s][info ][gc,start    ] GC(58) Pause Young (Normal) (G1 Evacuation Pause)
[2025-05-04T23:23:41.704+0000][48.066s][info ][gc,task     ] GC(58) Using 8 workers of 8 for evacuation
[2025-05-04T23:23:41.716+0000][48.078s][info ][gc,phases   ] GC(58)   Pre Evacuate Collection Set: 0.2ms
[2025-05-04T23:23:41.716+0000][48.078s][info ][gc,phases   ] GC(58)   Merge Heap Roots: 0.1ms
[2025-05-04T23:23:41.716+0000][48.078s][info ][gc,phases   ] GC(58)   Evacuate Collection Set: 9.5ms
[2025-05-04T23:23:41.716+0000][48.078s][info ][gc,phases   ] GC(58)   Post Evacuate Collection Set: 1.5ms
[2025-05-04T23:23:41.716+0000][48.079s][info ][gc,phases   ] GC(58)   Other: 0.4ms
[2025-05-04T23:23:41.717+0000][48.079s][info ][gc,heap     ] GC(58) Eden regions: 74->0(72)
[2025-05-04T23:23:41.717+0000][48.079s][info ][gc,heap     ] GC(58) Survivor regions: 6->5(10)
[2025-05-04T23:23:41.717+0000][48.079s][info ][gc,heap     ] GC(58) Old regions: 67->70
[2025-05-04T23:23:41.717+0000][48.079s][info ][gc,heap     ] GC(58) Archive regions: 2->2
[2025-05-04T23:23:41.717+0000][48.079s][info ][gc,heap     ] GC(58) Humongous regions: 0->0
[2025-05-04T23:23:41.717+0000][48.080s][info ][gc,metaspace] GC(58) Metaspace: 154820K(155968K)->154820K(155968K) NonClass: 135753K(136384K)->135753K(136384K) Class: 19066K(19584K)->19066K(19584K)
[2025-05-04T23:23:41.718+0000][48.080s][info ][gc          ] GC(58) Pause Young (Normal) (G1 Evacuation Pause) 295M->150M(346M) 13.633ms
[2025-05-04T23:23:41.718+0000][48.080s][info ][gc,cpu      ] GC(58) User=0.10s Sys=0.00s Real=0.02s
[2025-05-04T23:23:41.718+0000][48.080s][info ][safepoint   ] Safepoint "G1CollectForAllocation", Time since last: 752202584 ns, Reaching safepoint: 244214 ns, Cleanup: 126107 ns, At safepoint: 14079307 ns, Total: 14449628 ns
[2025-05-04T23:23:42.363+0000][48.725s][debug][safepoint   ] Safepoint synchronization initiated using futex wait barrier. (87 threads)
[2025-05-04T23:23:42.363+0000][48.725s][info ][gc,start    ] GC(59) Pause Young (Normal) (G1 Evacuation Pause)
[2025-05-04T23:23:42.364+0000][48.726s][info ][gc,task     ] GC(59) Using 8 workers of 8 for evacuation
[2025-05-04T23:23:42.373+0000][48.735s][info ][gc,phases   ] GC(59)   Pre Evacuate Collection Set: 0.1ms
[2025-05-04T23:23:42.373+0000][48.735s][info ][gc,phases   ] GC(59)   Merge Heap Roots: 0.1ms
[2025-05-04T23:23:42.373+0000][48.735s][info ][gc,phases   ] GC(59)   Evacuate Collection Set: 7.4ms
[2025-05-04T23:23:42.374+0000][48.736s][info ][gc,phases   ] GC(59)   Post Evacuate Collection Set: 1.4ms
[2025-05-04T23:23:42.374+0000][48.736s][info ][gc,phases   ] GC(59)   Other: 0.4ms
[2025-05-04T23:23:42.374+0000][48.736s][info ][gc,heap     ] GC(59) Eden regions: 72->0(71)
[2025-05-04T23:23:42.374+0000][48.736s][info ][gc,heap     ] GC(59) Survivor regions: 5->6(10)
[2025-05-04T23:23:42.374+0000][48.736s][info ][gc,heap     ] GC(59) Old regions: 70->70
[2025-05-04T23:23:42.374+0000][48.736s][info ][gc,heap     ] GC(59) Archive regions: 2->2
[2025-05-04T23:23:42.374+0000][48.737s][info ][gc,heap     ] GC(59) Humongous regions: 0->0
[2025-05-04T23:23:42.375+0000][48.737s][info ][gc,metaspace] GC(59) Metaspace: 156518K(157632K)->156518K(157632K) NonClass: 137148K(137728K)->137148K(137728K) Class: 19369K(19904K)->19369K(19904K)
[2025-05-04T23:23:42.375+0000][48.737s][info ][gc          ] GC(59) Pause Young (Normal) (G1 Evacuation Pause) 294M->152M(346M) 11.345ms
[2025-05-04T23:23:42.375+0000][48.737s][info ][gc,cpu      ] GC(59) User=0.06s Sys=0.00s Real=0.01s
[2025-05-04T23:23:42.375+0000][48.737s][info ][safepoint   ] Safepoint "G1CollectForAllocation", Time since last: 644959241 ns, Reaching safepoint: 300117 ns, Cleanup: 33602 ns, At safepoint: 11743273 ns, Total: 12076992 ns
[2025-05-04T23:23:43.022+0000][49.384s][debug][safepoint   ] Safepoint synchronization initiated using futex wait barrier. (138 threads)
[2025-05-04T23:23:43.028+0000][49.390s][debug][safepoint   ] ... found polling page loop exception at pc = 0x00007fb43915abda, stub =0x00007fb438af5400
[2025-05-04T23:23:43.028+0000][49.390s][info ][safepoint   ] Safepoint "ICBufferFull", Time since last: 647028460 ns, Reaching safepoint: 6068448 ns, Cleanup: 156208 ns, At safepoint: 78705 ns, Total: 6303361 ns
[2025-05-04T23:23:43.230+0000][49.592s][debug][safepoint   ] Safepoint synchronization initiated using futex wait barrier. (156 threads)
[2025-05-04T23:23:43.231+0000][49.593s][info ][gc,start    ] GC(60) Pause Young (Normal) (G1 Evacuation Pause)
[2025-05-04T23:23:43.231+0000][49.593s][info ][gc,task     ] GC(60) Using 8 workers of 8 for evacuation
[2025-05-04T23:23:43.247+0000][49.609s][info ][gc,phases   ] GC(60)   Pre Evacuate Collection Set: 0.2ms
[2025-05-04T23:23:43.247+0000][49.609s][info ][gc,phases   ] GC(60)   Merge Heap Roots: 0.2ms
[2025-05-04T23:23:43.247+0000][49.610s][info ][gc,phases   ] GC(60)   Evacuate Collection Set: 14.2ms
[2025-05-04T23:23:43.248+0000][49.610s][info ][gc,phases   ] GC(60)   Post Evacuate Collection Set: 1.6ms
[2025-05-04T23:23:43.248+0000][49.610s][info ][gc,phases   ] GC(60)   Other: 0.4ms
[2025-05-04T23:23:43.248+0000][49.610s][info ][gc,heap     ] GC(60) Eden regions: 71->0(66)
[2025-05-04T23:23:43.248+0000][49.610s][info ][gc,heap     ] GC(60) Survivor regions: 6->8(10)
[2025-05-04T23:23:43.248+0000][49.610s][info ][gc,heap     ] GC(60) Old regions: 70->71
[2025-05-04T23:23:43.248+0000][49.610s][info ][gc,heap     ] GC(60) Archive regions: 2->2
[2025-05-04T23:23:43.248+0000][49.610s][info ][gc,heap     ] GC(60) Humongous regions: 0->0
[2025-05-04T23:23:43.248+0000][49.610s][info ][gc,metaspace] GC(60) Metaspace: 160062K(161280K)->160062K(161280K) NonClass: 140234K(140864K)->140234K(140864K) Class: 19827K(20416K)->19827K(20416K)
[2025-05-04T23:23:43.248+0000][49.611s][info ][gc          ] GC(60) Pause Young (Normal) (G1 Evacuation Pause) 294M->157M(346M) 17.750ms
[2025-05-04T23:23:43.249+0000][49.611s][info ][gc,cpu      ] GC(60) User=0.13s Sys=0.00s Real=0.02s
[2025-05-04T23:23:43.249+0000][49.611s][info ][safepoint   ] Safepoint "G1CollectForAllocation", Time since last: 201919265 ns, Reaching safepoint: 267316 ns, Cleanup: 45202 ns, At safepoint: 18257146 ns, Total: 18569664 ns
[2025-05-04T23:23:43.586+0000][49.948s][debug][safepoint   ] Safepoint synchronization initiated using futex wait barrier. (183 threads)
[2025-05-04T23:23:43.587+0000][49.949s][info ][gc,start    ] GC(61) Pause Young (Normal) (G1 Evacuation Pause)
[2025-05-04T23:23:43.587+0000][49.949s][info ][gc,task     ] GC(61) Using 8 workers of 8 for evacuation
[2025-05-04T23:23:43.604+0000][49.966s][info ][gc,phases   ] GC(61)   Pre Evacuate Collection Set: 0.2ms
[2025-05-04T23:23:43.604+0000][49.966s][info ][gc,phases   ] GC(61)   Merge Heap Roots: 0.2ms
[2025-05-04T23:23:43.604+0000][49.966s][info ][gc,phases   ] GC(61)   Evacuate Collection Set: 13.9ms
[2025-05-04T23:23:43.604+0000][49.966s][info ][gc,phases   ] GC(61)   Post Evacuate Collection Set: 2.3ms
[2025-05-04T23:23:43.604+0000][49.966s][info ][gc,phases   ] GC(61)   Other: 0.4ms
[2025-05-04T23:23:43.604+0000][49.966s][info ][gc,heap     ] GC(61) Eden regions: 66->0(67)
[2025-05-04T23:23:43.604+0000][49.967s][info ][gc,heap     ] GC(61) Survivor regions: 8->6(10)
[2025-05-04T23:23:43.605+0000][49.967s][info ][gc,heap     ] GC(61) Old regions: 71->74
[2025-05-04T23:23:43.605+0000][49.967s][info ][gc,heap     ] GC(61) Archive regions: 2->2
[2025-05-04T23:23:43.605+0000][49.967s][info ][gc,heap     ] GC(61) Humongous regions: 0->0
[2025-05-04T23:23:43.605+0000][49.967s][info ][gc,metaspace] GC(61) Metaspace: 162685K(163904K)->162685K(163904K) NonClass: 142576K(143232K)->142576K(143232K) Class: 20109K(20672K)->20109K(20672K)
[2025-05-04T23:23:43.605+0000][49.967s][info ][gc          ] GC(61) Pause Young (Normal) (G1 Evacuation Pause) 289M->159M(346M) 18.200ms
[2025-05-04T23:23:43.605+0000][49.967s][info ][gc,cpu      ] GC(61) User=0.12s Sys=0.00s Real=0.01s
[2025-05-04T23:23:43.606+0000][49.968s][info ][safepoint   ] Safepoint "G1CollectForAllocation", Time since last: 337382024 ns, Reaching safepoint: 282517 ns, Cleanup: 137107 ns, At safepoint: 18837079 ns, Total: 19256703 ns
[2025-05-04T23:23:44.107+0000][50.469s][debug][safepoint   ] Safepoint synchronization initiated using futex wait barrier. (186 threads)
[2025-05-04T23:23:44.108+0000][50.470s][info ][gc,start    ] GC(62) Pause Young (Normal) (G1 Evacuation Pause)
[2025-05-04T23:23:44.108+0000][50.470s][info ][gc,task     ] GC(62) Using 8 workers of 8 for evacuation
[2025-05-04T23:23:44.120+0000][50.482s][info ][gc,phases   ] GC(62)   Pre Evacuate Collection Set: 0.2ms
[2025-05-04T23:23:44.120+0000][50.482s][info ][gc,phases   ] GC(62)   Merge Heap Roots: 0.2ms
[2025-05-04T23:23:44.120+0000][50.482s][info ][gc,phases   ] GC(62)   Evacuate Collection Set: 9.8ms
[2025-05-04T23:23:44.120+0000][50.482s][info ][gc,phases   ] GC(62)   Post Evacuate Collection Set: 1.3ms
[2025-05-04T23:23:44.120+0000][50.482s][info ][gc,phases   ] GC(62)   Other: 0.5ms
[2025-05-04T23:23:44.120+0000][50.482s][info ][gc,heap     ] GC(62) Eden regions: 67->0(65)
[2025-05-04T23:23:44.120+0000][50.482s][info ][gc,heap     ] GC(62) Survivor regions: 6->7(10)
[2025-05-04T23:23:44.121+0000][50.483s][info ][gc,heap     ] GC(62) Old regions: 74->74
[2025-05-04T23:23:44.121+0000][50.483s][info ][gc,heap     ] GC(62) Archive regions: 2->2
[2025-05-04T23:23:44.121+0000][50.483s][info ][gc,heap     ] GC(62) Humongous regions: 0->0
[2025-05-04T23:23:44.121+0000][50.483s][info ][gc,metaspace] GC(62) Metaspace: 164534K(165696K)->164534K(165696K) NonClass: 144172K(144768K)->144172K(144768K) Class: 20361K(20928K)->20361K(20928K)
[2025-05-04T23:23:44.121+0000][50.483s][info ][gc          ] GC(62) Pause Young (Normal) (G1 Evacuation Pause) 293M->162M(346M) 13.569ms
[2025-05-04T23:23:44.121+0000][50.484s][info ][gc,cpu      ] GC(62) User=0.08s Sys=0.00s Real=0.01s
[2025-05-04T23:23:44.123+0000][50.485s][info ][safepoint   ] Safepoint "G1CollectForAllocation", Time since last: 501520426 ns, Reaching safepoint: 314318 ns, Cleanup: 130408 ns, At safepoint: 15255573 ns, Total: 15700299 ns
[2025-05-04T23:23:44.780+0000][51.142s][debug][safepoint   ] Safepoint synchronization initiated using futex wait barrier. (200 threads)
[2025-05-04T23:23:44.781+0000][51.143s][info ][safepoint   ] Safepoint "ICBufferFull", Time since last: 657060835 ns, Reaching safepoint: 549732 ns, Cleanup: 196611 ns, At safepoint: 58003 ns, Total: 804346 ns
[2025-05-04T23:23:45.076+0000][51.438s][debug][safepoint   ] Safepoint synchronization initiated using futex wait barrier. (216 threads)
[2025-05-04T23:23:45.079+0000][51.441s][info ][safepoint   ] Safepoint "ICBufferFull", Time since last: 287771883 ns, Reaching safepoint: 8787603 ns, Cleanup: 191611 ns, At safepoint: 1653295 ns, Total: 10632509 ns
[2025-05-04T23:23:45.081+0000][51.443s][debug][safepoint   ] Safepoint synchronization initiated using futex wait barrier. (216 threads)
[2025-05-04T23:23:45.081+0000][51.443s][info ][safepoint   ] Safepoint "ICBufferFull", Time since last: 1902209 ns, Reaching safepoint: 360221 ns, Cleanup: 15700 ns, At safepoint: 79705 ns, Total: 455626 ns
[2025-05-04T23:23:45.127+0000][51.490s][debug][safepoint   ] Safepoint synchronization initiated using futex wait barrier. (216 threads)
[2025-05-04T23:23:45.128+0000][51.490s][info ][gc,start    ] GC(63) Pause Young (Normal) (G1 Evacuation Pause)
[2025-05-04T23:23:45.128+0000][51.490s][info ][gc,task     ] GC(63) Using 8 workers of 8 for evacuation
[2025-05-04T23:23:45.144+0000][51.506s][info ][gc,phases   ] GC(63)   Pre Evacuate Collection Set: 0.3ms
[2025-05-04T23:23:45.144+0000][51.506s][info ][gc,phases   ] GC(63)   Merge Heap Roots: 0.2ms
[2025-05-04T23:23:45.145+0000][51.507s][info ][gc,phases   ] GC(63)   Evacuate Collection Set: 12.6ms
[2025-05-04T23:23:45.145+0000][51.507s][info ][gc,phases   ] GC(63)   Post Evacuate Collection Set: 1.8ms
[2025-05-04T23:23:45.145+0000][51.507s][info ][gc,phases   ] GC(63)   Other: 0.7ms
[2025-05-04T23:23:45.146+0000][51.508s][info ][gc,heap     ] GC(63) Eden regions: 65->0(95)
[2025-05-04T23:23:45.146+0000][51.508s][info ][gc,heap     ] GC(63) Survivor regions: 7->6(9)
[2025-05-04T23:23:45.146+0000][51.508s][info ][gc,heap     ] GC(63) Old regions: 74->77
[2025-05-04T23:23:45.146+0000][51.508s][info ][gc,heap     ] GC(63) Archive regions: 2->2
[2025-05-04T23:23:45.146+0000][51.508s][info ][gc,heap     ] GC(63) Humongous regions: 0->0
[2025-05-04T23:23:45.146+0000][51.508s][info ][gc,metaspace] GC(63) Metaspace: 167630K(168832K)->167630K(168832K) NonClass: 146885K(147520K)->146885K(147520K) Class: 20744K(21312K)->20744K(21312K)
[2025-05-04T23:23:45.147+0000][51.509s][info ][gc          ] GC(63) Pause Young (Normal) (G1 Evacuation Pause) 292M->166M(416M) 18.551ms
[2025-05-04T23:23:45.147+0000][51.509s][info ][gc,cpu      ] GC(63) User=0.11s Sys=0.01s Real=0.02s
[2025-05-04T23:23:45.148+0000][51.510s][info ][safepoint   ] Safepoint "G1CollectForAllocation", Time since last: 46046837 ns, Reaching safepoint: 392323 ns, Cleanup: 130607 ns, At safepoint: 19690628 ns, Total: 20213558 ns
[2025-05-04T23:23:45.636+0000][51.998s][debug][safepoint   ] Safepoint synchronization initiated using futex wait barrier. (217 threads)
[2025-05-04T23:23:45.636+0000][51.998s][info ][safepoint   ] Safepoint "ICBufferFull", Time since last: 487851243 ns, Reaching safepoint: 267315 ns, Cleanup: 116107 ns, At safepoint: 39702 ns, Total: 423124 ns
[2025-05-04T23:23:46.636+0000][52.998s][debug][safepoint   ] Safepoint synchronization initiated using futex wait barrier. (215 threads)
[2025-05-04T23:23:46.637+0000][52.999s][info ][safepoint   ] Safepoint "Cleanup", Time since last: 1000302500 ns, Reaching safepoint: 283117 ns, Cleanup: 74404 ns, At safepoint: 19001 ns, Total: 376522 ns
[2025-05-04T23:23:47.899+0000][54.261s][debug][safepoint   ] Safepoint synchronization initiated using futex wait barrier. (218 threads)
[2025-05-04T23:23:47.900+0000][54.262s][info ][safepoint   ] Safepoint "Cleanup", Time since last: 1262708434 ns, Reaching safepoint: 244715 ns, Cleanup: 59103 ns, At safepoint: 6300 ns, Total: 310118 ns
[2025-05-04T23:23:48.824+0000][55.186s][debug][safepoint   ] Safepoint synchronization initiated using futex wait barrier. (217 threads)
[2025-05-04T23:23:48.824+0000][55.186s][info ][gc,start    ] GC(64) Pause Young (Concurrent Start) (G1 Humongous Allocation)
[2025-05-04T23:23:48.824+0000][55.186s][info ][gc,task     ] GC(64) Using 8 workers of 8 for evacuation
[2025-05-04T23:23:48.833+0000][55.195s][info ][gc,phases   ] GC(64)   Pre Evacuate Collection Set: 0.4ms
[2025-05-04T23:23:48.834+0000][55.196s][info ][gc,phases   ] GC(64)   Merge Heap Roots: 0.2ms
[2025-05-04T23:23:48.834+0000][55.196s][info ][gc,phases   ] GC(64)   Evacuate Collection Set: 5.9ms
[2025-05-04T23:23:48.834+0000][55.196s][info ][gc,phases   ] GC(64)   Post Evacuate Collection Set: 1.8ms
[2025-05-04T23:23:48.834+0000][55.196s][info ][gc,phases   ] GC(64)   Other: 0.5ms
[2025-05-04T23:23:48.834+0000][55.197s][info ][gc,heap     ] GC(64) Eden regions: 70->0(92)
[2025-05-04T23:23:48.835+0000][55.197s][info ][gc,heap     ] GC(64) Survivor regions: 6->7(13)
[2025-05-04T23:23:48.835+0000][55.197s][info ][gc,heap     ] GC(64) Old regions: 77->77
[2025-05-04T23:23:48.835+0000][55.197s][info ][gc,heap     ] GC(64) Archive regions: 2->2
[2025-05-04T23:23:48.835+0000][55.197s][info ][gc,heap     ] GC(64) Humongous regions: 15->2
[2025-05-04T23:23:48.835+0000][55.197s][info ][gc,metaspace] GC(64) Metaspace: 171647K(172928K)->171647K(172928K) NonClass: 150434K(151104K)->150434K(151104K) Class: 21212K(21824K)->21212K(21824K)
[2025-05-04T23:23:48.836+0000][55.198s][info ][gc          ] GC(64) Pause Young (Concurrent Start) (G1 Humongous Allocation) 335M->171M(416M) 11.270ms
[2025-05-04T23:23:48.836+0000][55.198s][info ][gc,cpu      ] GC(64) User=0.04s Sys=0.00s Real=0.02s
[2025-05-04T23:23:48.836+0000][55.198s][info ][gc          ] GC(65) Concurrent Undo Cycle
[2025-05-04T23:23:48.836+0000][55.198s][info ][gc,marking  ] GC(65) Concurrent Cleanup for Next Mark
[2025-05-04T23:23:48.836+0000][55.198s][info ][safepoint   ] Safepoint "G1TryInitiateConcMark", Time since last: 924280448 ns, Reaching safepoint: 290917 ns, Cleanup: 30901 ns, At safepoint: 11642467 ns, Total: 11964285 ns
[2025-05-04T23:23:48.838+0000][55.200s][info ][gc,marking  ] GC(65) Concurrent Cleanup for Next Mark 1.739ms
[2025-05-04T23:23:48.838+0000][55.200s][info ][gc          ] GC(65) Concurrent Undo Cycle 2.149ms
[2025-05-04T23:23:49.339+0000][55.701s][debug][safepoint   ] Safepoint synchronization initiated using futex wait barrier. (219 threads)
[2025-05-04T23:23:49.340+0000][55.702s][info ][safepoint   ] Safepoint "ICBufferFull", Time since last: 503386537 ns, Reaching safepoint: 366221 ns, Cleanup: 148008 ns, At safepoint: 39903 ns, Total: 554132 ns
[2025-05-04T23:23:49.598+0000][55.960s][debug][safepoint   ] Safepoint synchronization initiated using futex wait barrier. (219 threads)
[2025-05-04T23:23:49.598+0000][55.960s][info ][gc,start    ] GC(66) Pause Young (Normal) (G1 Evacuation Pause)
[2025-05-04T23:23:49.599+0000][55.961s][info ][gc,task     ] GC(66) Using 8 workers of 8 for evacuation
[2025-05-04T23:23:49.608+0000][55.970s][info ][gc,phases   ] GC(66)   Pre Evacuate Collection Set: 0.2ms
[2025-05-04T23:23:49.608+0000][55.970s][info ][gc,phases   ] GC(66)   Merge Heap Roots: 0.1ms
[2025-05-04T23:23:49.608+0000][55.971s][info ][gc,phases   ] GC(66)   Evacuate Collection Set: 7.7ms
[2025-05-04T23:23:49.609+0000][55.971s][info ][gc,phases   ] GC(66)   Post Evacuate Collection Set: 1.2ms
[2025-05-04T23:23:49.609+0000][55.971s][info ][gc,phases   ] GC(66)   Other: 0.4ms
[2025-05-04T23:23:49.609+0000][55.971s][info ][gc,heap     ] GC(66) Eden regions: 92->0(87)
[2025-05-04T23:23:49.609+0000][55.971s][info ][gc,heap     ] GC(66) Survivor regions: 7->10(13)
[2025-05-04T23:23:49.609+0000][55.971s][info ][gc,heap     ] GC(66) Old regions: 77->77
[2025-05-04T23:23:49.609+0000][55.971s][info ][gc,heap     ] GC(66) Archive regions: 2->2
[2025-05-04T23:23:49.610+0000][55.972s][info ][gc,heap     ] GC(66) Humongous regions: 16->1
[2025-05-04T23:23:49.610+0000][55.972s][info ][gc,metaspace] GC(66) Metaspace: 174670K(175872K)->174670K(175872K) NonClass: 153096K(153728K)->153096K(153728K) Class: 21574K(22144K)->21574K(22144K)
[2025-05-04T23:23:49.610+0000][55.972s][info ][gc          ] GC(66) Pause Young (Normal) (G1 Evacuation Pause) 383M->176M(416M) 11.516ms
[2025-05-04T23:23:49.610+0000][55.972s][info ][gc,cpu      ] GC(66) User=0.06s Sys=0.00s Real=0.01s
[2025-05-04T23:23:49.610+0000][55.972s][info ][safepoint   ] Safepoint "G1CollectForAllocation", Time since last: 257728764 ns, Reaching safepoint: 687039 ns, Cleanup: 100106 ns, At safepoint: 12100793 ns, Total: 12887938 ns
[2025-05-04T23:23:50.090+0000][56.452s][debug][safepoint   ] Safepoint synchronization initiated using futex wait barrier. (220 threads)
[2025-05-04T23:23:50.091+0000][56.453s][info ][safepoint   ] Safepoint "ICBufferFull", Time since last: 479895591 ns, Reaching safepoint: 402623 ns, Cleanup: 116207 ns, At safepoint: 9200 ns, Total: 528030 ns
[2025-05-04T23:23:51.091+0000][57.453s][debug][safepoint   ] Safepoint synchronization initiated using futex wait barrier. (220 threads)
[2025-05-04T23:23:51.092+0000][57.454s][info ][safepoint   ] Safepoint "Cleanup", Time since last: 1000278701 ns, Reaching safepoint: 315818 ns, Cleanup: 129508 ns, At safepoint: 16001 ns, Total: 461327 ns
[2025-05-04T23:23:57.818+0000][64.180s][debug][safepoint   ] Safepoint synchronization initiated using futex wait barrier. (218 threads)
[2025-05-04T23:23:57.819+0000][64.181s][info ][safepoint   ] Safepoint "Cleanup", Time since last: 6726746701 ns, Reaching safepoint: 606635 ns, Cleanup: 36402 ns, At safepoint: 41602 ns, Total: 684639 ns
[2025-05-04T23:23:58.441+0000][64.803s][debug][safepoint   ] Safepoint synchronization initiated using futex wait barrier. (219 threads)
[2025-05-04T23:23:58.446+0000][64.808s][info ][gc,start    ] GC(67) Pause Young (Normal) (G1 Evacuation Pause)
[2025-05-04T23:23:58.446+0000][64.808s][info ][gc,task     ] GC(67) Using 8 workers of 8 for evacuation
[2025-05-04T23:23:58.469+0000][64.831s][info ][gc,phases   ] GC(67)   Pre Evacuate Collection Set: 0.2ms
[2025-05-04T23:23:58.470+0000][64.832s][info ][gc,phases   ] GC(67)   Merge Heap Roots: 0.1ms
[2025-05-04T23:23:58.470+0000][64.832s][info ][gc,phases   ] GC(67)   Evacuate Collection Set: 20.1ms
[2025-05-04T23:23:58.470+0000][64.832s][info ][gc,phases   ] GC(67)   Post Evacuate Collection Set: 2.0ms
[2025-05-04T23:23:58.470+0000][64.832s][info ][gc,phases   ] GC(67)   Other: 0.8ms
[2025-05-04T23:23:58.470+0000][64.832s][info ][gc,heap     ] GC(67) Eden regions: 87->0(86)
[2025-05-04T23:23:58.470+0000][64.832s][info ][gc,heap     ] GC(67) Survivor regions: 10->7(13)
[2025-05-04T23:23:58.470+0000][64.832s][info ][gc,heap     ] GC(67) Old regions: 77->82
[2025-05-04T23:23:58.470+0000][64.832s][info ][gc,heap     ] GC(67) Archive regions: 2->2
[2025-05-04T23:23:58.470+0000][64.832s][info ][gc,heap     ] GC(67) Humongous regions: 1->1
[2025-05-04T23:23:58.471+0000][64.833s][info ][gc,metaspace] GC(67) Metaspace: 179269K(180544K)->179269K(180544K) NonClass: 157236K(157888K)->157236K(157888K) Class: 22032K(22656K)->22032K(22656K)
[2025-05-04T23:23:58.471+0000][64.833s][info ][gc          ] GC(67) Pause Young (Normal) (G1 Evacuation Pause) 350M->180M(416M) 24.673ms
[2025-05-04T23:23:58.471+0000][64.833s][info ][gc,cpu      ] GC(67) User=0.18s Sys=0.00s Real=0.02s
[2025-05-04T23:23:58.472+0000][64.834s][info ][safepoint   ] Safepoint "G1CollectForAllocation", Time since last: 622254723 ns, Reaching safepoint: 4628165 ns, Cleanup: 79505 ns, At safepoint: 25795176 ns, Total: 30502846 ns
[2025-05-04T23:23:59.473+0000][65.835s][debug][safepoint   ] Safepoint synchronization initiated using futex wait barrier. (219 threads)
[2025-05-04T23:23:59.476+0000][65.838s][info ][safepoint   ] Safepoint "Cleanup", Time since last: 1001157515 ns, Reaching safepoint: 2814761 ns, Cleanup: 89405 ns, At safepoint: 130708 ns, Total: 3034874 ns
[2025-05-04T23:23:59.587+0000][65.949s][debug][safepoint   ] Safepoint synchronization initiated using futex wait barrier. (219 threads)
[2025-05-04T23:23:59.587+0000][65.949s][info ][gc,start    ] GC(68) Pause Young (Concurrent Start) (Metadata GC Threshold)
[2025-05-04T23:23:59.587+0000][65.950s][info ][gc,task     ] GC(68) Using 8 workers of 8 for evacuation
[2025-05-04T23:23:59.595+0000][65.957s][info ][gc,phases   ] GC(68)   Pre Evacuate Collection Set: 0.3ms
[2025-05-04T23:23:59.595+0000][65.957s][info ][gc,phases   ] GC(68)   Merge Heap Roots: 0.1ms
[2025-05-04T23:23:59.596+0000][65.958s][info ][gc,phases   ] GC(68)   Evacuate Collection Set: 5.2ms
[2025-05-04T23:23:59.596+0000][65.958s][info ][gc,phases   ] GC(68)   Post Evacuate Collection Set: 1.4ms
[2025-05-04T23:23:59.596+0000][65.958s][info ][gc,phases   ] GC(68)   Other: 0.5ms
[2025-05-04T23:23:59.597+0000][65.959s][info ][gc,heap     ] GC(68) Eden regions: 40->0(88)
[2025-05-04T23:23:59.597+0000][65.959s][info ][gc,heap     ] GC(68) Survivor regions: 7->7(12)
[2025-05-04T23:23:59.597+0000][65.959s][info ][gc,heap     ] GC(68) Old regions: 82->82
[2025-05-04T23:23:59.597+0000][65.959s][info ][gc,heap     ] GC(68) Archive regions: 2->2
[2025-05-04T23:23:59.597+0000][65.959s][info ][gc,heap     ] GC(68) Humongous regions: 3->1
[2025-05-04T23:23:59.597+0000][65.960s][info ][gc,metaspace] GC(68) Metaspace: 180006K(181248K)->180006K(181248K) NonClass: 157865K(158528K)->157865K(158528K) Class: 22140K(22720K)->22140K(22720K)
[2025-05-04T23:23:59.598+0000][65.960s][info ][gc          ] GC(68) Pause Young (Concurrent Start) (Metadata GC Threshold) 262M->179M(416M) 10.332ms
[2025-05-04T23:23:59.598+0000][65.960s][info ][gc,cpu      ] GC(68) User=0.05s Sys=0.00s Real=0.01s
[2025-05-04T23:23:59.598+0000][65.960s][info ][gc          ] GC(69) Concurrent Mark Cycle
[2025-05-04T23:23:59.598+0000][65.960s][info ][gc,marking  ] GC(69) Concurrent Clear Claimed Marks
[2025-05-04T23:23:59.598+0000][65.960s][info ][safepoint   ] Safepoint "CollectForMetadataAllocation", Time since last: 111000754 ns, Reaching safepoint: 273116 ns, Cleanup: 14001 ns, At safepoint: 10963527 ns, Total: 11250644 ns
[2025-05-04T23:23:59.598+0000][65.960s][info ][gc,marking  ] GC(69) Concurrent Clear Claimed Marks 0.272ms
[2025-05-04T23:23:59.599+0000][65.961s][info ][gc,marking  ] GC(69) Concurrent Scan Root Regions
[2025-05-04T23:23:59.605+0000][65.967s][info ][gc,marking  ] GC(69) Concurrent Scan Root Regions 6.260ms
[2025-05-04T23:23:59.606+0000][65.968s][info ][gc,marking  ] GC(69) Concurrent Mark
[2025-05-04T23:23:59.606+0000][65.968s][info ][gc,marking  ] GC(69) Concurrent Mark From Roots
[2025-05-04T23:23:59.607+0000][65.969s][info ][gc,task     ] GC(69) Using 2 workers of 2 for marking
[2025-05-04T23:23:59.785+0000][66.147s][info ][gc,marking  ] GC(69) Concurrent Mark From Roots 178.977ms
[2025-05-04T23:23:59.785+0000][66.147s][info ][gc,marking  ] GC(69) Concurrent Preclean
[2025-05-04T23:23:59.786+0000][66.148s][info ][gc,marking  ] GC(69) Concurrent Preclean 0.372ms
[2025-05-04T23:23:59.786+0000][66.148s][debug][safepoint   ] Safepoint synchronization initiated using futex wait barrier. (218 threads)
[2025-05-04T23:23:59.786+0000][66.148s][info ][gc,start    ] GC(69) Pause Remark
[2025-05-04T23:23:59.804+0000][66.166s][info ][gc          ] GC(69) Pause Remark 197M->195M(416M) 17.636ms
[2025-05-04T23:23:59.804+0000][66.166s][info ][gc,cpu      ] GC(69) User=0.12s Sys=0.00s Real=0.01s
[2025-05-04T23:23:59.806+0000][66.168s][info ][safepoint   ] Safepoint "G1PauseRemark", Time since last: 187690245 ns, Reaching safepoint: 143809 ns, Cleanup: 42202 ns, At safepoint: 19822335 ns, Total: 20008346 ns
[2025-05-04T23:23:59.816+0000][66.178s][info ][gc,marking  ] GC(69) Concurrent Mark 210.251ms
[2025-05-04T23:23:59.816+0000][66.178s][info ][gc,marking  ] GC(69) Concurrent Rebuild Remembered Sets
[2025-05-04T23:23:59.973+0000][66.335s][info ][gc,marking  ] GC(69) Concurrent Rebuild Remembered Sets 157.216ms
[2025-05-04T23:23:59.974+0000][66.336s][debug][safepoint   ] Safepoint synchronization initiated using futex wait barrier. (219 threads)
[2025-05-04T23:23:59.987+0000][66.349s][info ][gc,start    ] GC(69) Pause Cleanup
[2025-05-04T23:23:59.988+0000][66.350s][info ][gc          ] GC(69) Pause Cleanup 206M->206M(416M) 0.422ms
[2025-05-04T23:23:59.988+0000][66.350s][info ][gc,cpu      ] GC(69) User=0.00s Sys=0.00s Real=0.00s
[2025-05-04T23:23:59.988+0000][66.350s][info ][safepoint   ] Safepoint "G1PauseCleanup", Time since last: 167852809 ns, Reaching safepoint: 13263759 ns, Cleanup: 30702 ns, At safepoint: 830548 ns, Total: 14125009 ns
[2025-05-04T23:23:59.988+0000][66.350s][info ][gc,marking  ] GC(69) Concurrent Cleanup for Next Mark
[2025-05-04T23:23:59.989+0000][66.351s][info ][gc,marking  ] GC(69) Concurrent Cleanup for Next Mark 1.173ms
[2025-05-04T23:23:59.990+0000][66.352s][info ][gc          ] GC(69) Concurrent Mark Cycle 391.701ms
[2025-05-04T23:24:01.400+0000][67.762s][debug][safepoint   ] Safepoint synchronization initiated using futex wait barrier. (220 threads)
[2025-05-04T23:24:01.425+0000][67.787s][info ][safepoint   ] Safepoint "Cleanup", Time since last: 1411970633 ns, Reaching safepoint: 25214243 ns, Cleanup: 166010 ns, At safepoint: 53503 ns, Total: 25433756 ns
[2025-05-04T23:24:05.310+0000][71.672s][debug][safepoint   ] Safepoint synchronization initiated using futex wait barrier. (220 threads)
[2025-05-04T23:24:05.311+0000][71.673s][info ][safepoint   ] Safepoint "ICBufferFull", Time since last: 3884837559 ns, Reaching safepoint: 302117 ns, Cleanup: 161610 ns, At safepoint: 36002 ns, Total: 499729 ns
[2025-05-04T23:24:05.505+0000][71.867s][debug][safepoint   ] Safepoint synchronization initiated using futex wait barrier. (220 threads)
[2025-05-04T23:24:05.507+0000][71.869s][info ][gc,start    ] GC(70) Pause Young (Prepare Mixed) (G1 Evacuation Pause)
[2025-05-04T23:24:05.508+0000][71.870s][info ][gc,task     ] GC(70) Using 8 workers of 8 for evacuation
[2025-05-04T23:24:05.522+0000][71.884s][info ][gc,phases   ] GC(70)   Pre Evacuate Collection Set: 0.2ms
[2025-05-04T23:24:05.522+0000][71.884s][info ][gc,phases   ] GC(70)   Merge Heap Roots: 0.2ms
[2025-05-04T23:24:05.522+0000][71.884s][info ][gc,phases   ] GC(70)   Evacuate Collection Set: 10.7ms
[2025-05-04T23:24:05.522+0000][71.885s][info ][gc,phases   ] GC(70)   Post Evacuate Collection Set: 2.1ms
[2025-05-04T23:24:05.523+0000][71.885s][info ][gc,phases   ] GC(70)   Other: 1.4ms
[2025-05-04T23:24:05.523+0000][71.885s][info ][gc,heap     ] GC(70) Eden regions: 88->0(1)
[2025-05-04T23:24:05.523+0000][71.885s][info ][gc,heap     ] GC(70) Survivor regions: 7->10(12)
[2025-05-04T23:24:05.523+0000][71.885s][info ][gc,heap     ] GC(70) Old regions: 82->82
[2025-05-04T23:24:05.523+0000][71.885s][info ][gc,heap     ] GC(70) Archive regions: 2->2
[2025-05-04T23:24:05.523+0000][71.885s][info ][gc,heap     ] GC(70) Humongous regions: 1->0
[2025-05-04T23:24:05.523+0000][71.885s][info ][gc,metaspace] GC(70) Metaspace: 181264K(182528K)->181264K(182528K) NonClass: 158963K(159616K)->158963K(159616K) Class: 22301K(22912K)->22301K(22912K)
[2025-05-04T23:24:05.523+0000][71.885s][info ][gc          ] GC(70) Pause Young (Prepare Mixed) (G1 Evacuation Pause) 355M->183M(416M) 16.055ms
[2025-05-04T23:24:05.524+0000][71.886s][info ][gc,cpu      ] GC(70) User=0.08s Sys=0.00s Real=0.01s
[2025-05-04T23:24:05.524+0000][71.886s][info ][safepoint   ] Safepoint "G1CollectForAllocation", Time since last: 194426159 ns, Reaching safepoint: 2024014 ns, Cleanup: 76304 ns, At safepoint: 16611837 ns, Total: 18712155 ns
[2025-05-04T23:24:05.526+0000][71.888s][debug][safepoint   ] Safepoint synchronization initiated using futex wait barrier. (220 threads)
[2025-05-04T23:24:05.526+0000][71.888s][info ][gc,start    ] GC(71) Pause Young (Mixed) (G1 Evacuation Pause)
[2025-05-04T23:24:05.526+0000][71.888s][info ][gc,task     ] GC(71) Using 8 workers of 8 for evacuation
[2025-05-04T23:24:05.545+0000][71.907s][info ][gc,phases   ] GC(71)   Pre Evacuate Collection Set: 0.3ms
[2025-05-04T23:24:05.545+0000][71.907s][info ][gc,phases   ] GC(71)   Merge Heap Roots: 0.2ms
[2025-05-04T23:24:05.545+0000][71.907s][info ][gc,phases   ] GC(71)   Evacuate Collection Set: 16.3ms
[2025-05-04T23:24:05.545+0000][71.907s][info ][gc,phases   ] GC(71)   Post Evacuate Collection Set: 1.2ms
[2025-05-04T23:24:05.545+0000][71.907s][info ][gc,phases   ] GC(71)   Other: 0.6ms
[2025-05-04T23:24:05.545+0000][71.907s][info ][gc,heap     ] GC(71) Eden regions: 1->0(95)
[2025-05-04T23:24:05.546+0000][71.908s][info ][gc,heap     ] GC(71) Survivor regions: 10->2(2)
[2025-05-04T23:24:05.546+0000][71.908s][info ][gc,heap     ] GC(71) Old regions: 82->80
[2025-05-04T23:24:05.546+0000][71.908s][info ][gc,heap     ] GC(71) Archive regions: 2->2
[2025-05-04T23:24:05.546+0000][71.908s][info ][gc,heap     ] GC(71) Humongous regions: 0->0
[2025-05-04T23:24:05.546+0000][71.908s][info ][gc,metaspace] GC(71) Metaspace: 181266K(182528K)->181266K(182528K) NonClass: 158965K(159616K)->158965K(159616K) Class: 22301K(22912K)->22301K(22912K)
[2025-05-04T23:24:05.546+0000][71.908s][info ][gc          ] GC(71) Pause Young (Mixed) (G1 Evacuation Pause) 185M->164M(416M) 20.133ms
[2025-05-04T23:24:05.546+0000][71.908s][info ][gc,cpu      ] GC(71) User=0.13s Sys=0.00s Real=0.02s
[2025-05-04T23:24:05.547+0000][71.909s][info ][safepoint   ] Safepoint "G1CollectForAllocation", Time since last: 1934709 ns, Reaching safepoint: 354320 ns, Cleanup: 4700 ns, At safepoint: 20540658 ns, Total: 20899678 ns
[2025-05-04T23:24:06.548+0000][72.911s][debug][safepoint   ] Safepoint synchronization initiated using futex wait barrier. (219 threads)
[2025-05-04T23:24:06.551+0000][72.913s][info ][safepoint   ] Safepoint "Cleanup", Time since last: 1001846071 ns, Reaching safepoint: 2650650 ns, Cleanup: 178310 ns, At safepoint: 57803 ns, Total: 2886763 ns
[2025-05-04T23:24:07.738+0000][74.100s][debug][safepoint   ] Safepoint synchronization initiated using futex wait barrier. (222 threads)
[2025-05-04T23:24:07.745+0000][74.107s][info ][safepoint   ] Safepoint "ICBufferFull", Time since last: 1186712192 ns, Reaching safepoint: 6482966 ns, Cleanup: 178510 ns, At safepoint: 69604 ns, Total: 6731080 ns
[2025-05-04T23:24:08.052+0000][74.414s][debug][safepoint   ] Safepoint synchronization initiated using futex wait barrier. (222 threads)
[2025-05-04T23:24:08.053+0000][74.415s][info ][gc,start    ] GC(72) Pause Young (Normal) (G1 Evacuation Pause)
[2025-05-04T23:24:08.053+0000][74.416s][info ][gc,task     ] GC(72) Using 8 workers of 8 for evacuation
[2025-05-04T23:24:08.065+0000][74.427s][info ][gc,phases   ] GC(72)   Pre Evacuate Collection Set: 0.3ms
[2025-05-04T23:24:08.065+0000][74.427s][info ][gc,phases   ] GC(72)   Merge Heap Roots: 0.1ms
[2025-05-04T23:24:08.066+0000][74.428s][info ][gc,phases   ] GC(72)   Evacuate Collection Set: 7.4ms
[2025-05-04T23:24:08.066+0000][74.428s][info ][gc,phases   ] GC(72)   Post Evacuate Collection Set: 3.4ms
[2025-05-04T23:24:08.067+0000][74.429s][info ][gc,phases   ] GC(72)   Other: 1.1ms
[2025-05-04T23:24:08.067+0000][74.429s][info ][gc,heap     ] GC(72) Eden regions: 95->0(91)
[2025-05-04T23:24:08.067+0000][74.429s][info ][gc,heap     ] GC(72) Survivor regions: 2->3(13)
[2025-05-04T23:24:08.067+0000][74.429s][info ][gc,heap     ] GC(72) Old regions: 80->80
[2025-05-04T23:24:08.067+0000][74.429s][info ][gc,heap     ] GC(72) Archive regions: 2->2
[2025-05-04T23:24:08.067+0000][74.429s][info ][gc,heap     ] GC(72) Humongous regions: 3->3
[2025-05-04T23:24:08.067+0000][74.429s][info ][gc,metaspace] GC(72) Metaspace: 182555K(183872K)->182555K(183872K) NonClass: 160128K(160832K)->160128K(160832K) Class: 22427K(23040K)->22427K(23040K)
[2025-05-04T23:24:08.067+0000][74.429s][info ][gc          ] GC(72) Pause Young (Normal) (G1 Evacuation Pause) 360M->172M(416M) 14.655ms
[2025-05-04T23:24:08.068+0000][74.430s][info ][gc,cpu      ] GC(72) User=0.09s Sys=0.00s Real=0.02s
[2025-05-04T23:24:08.068+0000][74.430s][info ][safepoint   ] Safepoint "G1CollectForAllocation", Time since last: 307442030 ns, Reaching safepoint: 367320 ns, Cleanup: 78905 ns, At safepoint: 15355665 ns, Total: 15801890 ns
[2025-05-04T23:24:09.164+0000][75.526s][debug][safepoint   ] Safepoint synchronization initiated using futex wait barrier. (226 threads)
[2025-05-04T23:24:09.165+0000][75.527s][info ][safepoint   ] Safepoint "Cleanup", Time since last: 1095829270 ns, Reaching safepoint: 417423 ns, Cleanup: 154509 ns, At safepoint: 62703 ns, Total: 634635 ns
[2025-05-04T23:24:10.676+0000][77.040s][debug][safepoint   ] Safepoint synchronization initiated using futex wait barrier. (225 threads)
[2025-05-04T23:24:10.677+0000][77.041s][info ][safepoint   ] Safepoint "Cleanup", Time since last: 1513843533 ns, Reaching safepoint: 321016 ns, Cleanup: 51203 ns, At safepoint: 9200 ns, Total: 381419 ns
[2025-05-04T23:24:20.678+0000][87.042s][debug][safepoint   ] Safepoint synchronization initiated using futex wait barrier. (225 threads)
[2025-05-04T23:24:20.679+0000][87.043s][info ][safepoint   ] Safepoint "Cleanup", Time since last: 10001478060 ns, Reaching safepoint: 304917 ns, Cleanup: 11901 ns, At safepoint: 4900 ns, Total: 321718 ns
[2025-05-04T23:24:21.679+0000][88.043s][debug][safepoint   ] Safepoint synchronization initiated using futex wait barrier. (225 threads)
[2025-05-04T23:24:21.679+0000][88.043s][info ][safepoint   ] Safepoint "Cleanup", Time since last: 1000280440 ns, Reaching safepoint: 502029 ns, Cleanup: 15101 ns, At safepoint: 7800 ns, Total: 524930 ns
[2025-05-04T23:24:23.680+0000][90.044s][debug][safepoint   ] Safepoint synchronization initiated using futex wait barrier. (225 threads)
[2025-05-04T23:24:23.680+0000][90.044s][info ][safepoint   ] Safepoint "Cleanup", Time since last: 2000371369 ns, Reaching safepoint: 221813 ns, Cleanup: 10600 ns, At safepoint: 4901 ns, Total: 237314 ns
[2025-05-04T23:24:26.681+0000][93.044s][debug][safepoint   ] Safepoint synchronization initiated using futex wait barrier. (225 threads)
[2025-05-04T23:24:26.681+0000][93.045s][info ][safepoint   ] Safepoint "Cleanup", Time since last: 3000458822 ns, Reaching safepoint: 306718 ns, Cleanup: 17801 ns, At safepoint: 6800 ns, Total: 331319 ns
[2025-05-04T23:24:31.682+0000][98.046s][debug][safepoint   ] Safepoint synchronization initiated using futex wait barrier. (225 threads)
[2025-05-04T23:24:31.682+0000][98.046s][info ][safepoint   ] Safepoint "Cleanup", Time since last: 5000787254 ns, Reaching safepoint: 531330 ns, Cleanup: 24402 ns, At safepoint: 6500 ns, Total: 562232 ns
[2025-05-04T23:24:35.683+0000][102.047s][debug][safepoint   ] Safepoint synchronization initiated using futex wait barrier. (225 threads)
[2025-05-04T23:24:35.683+0000][102.047s][info ][safepoint   ] Safepoint "Cleanup", Time since last: 4000693077 ns, Reaching safepoint: 427723 ns, Cleanup: 17101 ns, At safepoint: 9301 ns, Total: 454125 ns
[2025-05-04T23:24:41.682+0000][108.048s][debug][safepoint   ] Safepoint synchronization initiated using futex wait barrier. (225 threads)
[2025-05-04T23:24:41.682+0000][108.049s][info ][safepoint   ] Safepoint "Cleanup", Time since last: 6001033545 ns, Reaching safepoint: 250214 ns, Cleanup: 12801 ns, At safepoint: 5300 ns, Total: 268315 ns
[2025-05-04T23:24:42.683+0000][109.049s][debug][safepoint   ] Safepoint synchronization initiated using futex wait barrier. (225 threads)
[2025-05-04T23:24:42.683+0000][109.049s][info ][safepoint   ] Safepoint "Cleanup", Time since last: 1000253106 ns, Reaching safepoint: 325612 ns, Cleanup: 15101 ns, At safepoint: 7300 ns, Total: 348013 ns
[2025-05-04T23:24:50.470+0000][116.837s][debug][safepoint   ] Safepoint synchronization initiated using futex wait barrier. (218 threads)
[2025-05-04T23:24:50.482+0000][116.848s][info ][gc,start    ] GC(73) Pause Young (Normal) (G1 Evacuation Pause)
[2025-05-04T23:24:50.482+0000][116.848s][info ][gc,task     ] GC(73) Using 8 workers of 8 for evacuation
[2025-05-04T23:24:50.500+0000][116.866s][info ][gc,phases   ] GC(73)   Pre Evacuate Collection Set: 0.3ms
[2025-05-04T23:24:50.500+0000][116.867s][info ][gc,phases   ] GC(73)   Merge Heap Roots: 0.2ms
[2025-05-04T23:24:50.501+0000][116.867s][info ][gc,phases   ] GC(73)   Evacuate Collection Set: 8.3ms
[2025-05-04T23:24:50.501+0000][116.867s][info ][gc,phases   ] GC(73)   Post Evacuate Collection Set: 8.2ms
[2025-05-04T23:24:50.509+0000][116.875s][info ][gc,phases   ] GC(73)   Other: 1.3ms
[2025-05-04T23:24:50.509+0000][116.875s][info ][gc,heap     ] GC(73) Eden regions: 91->0(90)
[2025-05-04T23:24:50.509+0000][116.876s][info ][gc,heap     ] GC(73) Survivor regions: 3->4(12)
[2025-05-04T23:24:50.510+0000][116.876s][info ][gc,heap     ] GC(73) Old regions: 80->80
[2025-05-04T23:24:50.510+0000][116.876s][info ][gc,heap     ] GC(73) Archive regions: 2->2
[2025-05-04T23:24:50.510+0000][116.876s][info ][gc,heap     ] GC(73) Humongous regions: 5->3
[2025-05-04T23:24:50.511+0000][116.877s][info ][gc,metaspace] GC(73) Metaspace: 183510K(184832K)->183510K(184832K) NonClass: 160979K(161664K)->160979K(161664K) Class: 22531K(23168K)->22531K(23168K)
[2025-05-04T23:24:50.511+0000][116.877s][info ][gc          ] GC(73) Pause Young (Normal) (G1 Evacuation Pause) 358M->174M(416M) 29.295ms
[2025-05-04T23:24:50.511+0000][116.878s][info ][gc,cpu      ] GC(73) User=0.08s Sys=0.03s Real=0.02s
[2025-05-04T23:24:50.512+0000][116.878s][info ][safepoint   ] Safepoint "G1CollectForAllocation", Time since last: 7787612173 ns, Reaching safepoint: 11014227 ns, Cleanup: 100610 ns, At safepoint: 30396435 ns, Total: 41511272 ns
[2025-05-04T23:24:51.513+0000][117.880s][debug][safepoint   ] Safepoint synchronization initiated using futex wait barrier. (215 threads)
[2025-05-04T23:24:51.514+0000][117.880s][info ][safepoint   ] Safepoint "Cleanup", Time since last: 1001270293 ns, Reaching safepoint: 265425 ns, Cleanup: 75107 ns, At safepoint: 7700 ns, Total: 348232 ns
[2025-05-04T23:24:52.514+0000][118.880s][debug][safepoint   ] Safepoint synchronization initiated using futex wait barrier. (217 threads)
[2025-05-04T23:24:52.514+0000][118.880s][info ][safepoint   ] Safepoint "Cleanup", Time since last: 1000241197 ns, Reaching safepoint: 230622 ns, Cleanup: 26202 ns, At safepoint: 5801 ns, Total: 262625 ns
[2025-05-04T23:24:56.794+0000][123.160s][debug][safepoint   ] Safepoint synchronization initiated using futex wait barrier. (217 threads)
[2025-05-04T23:24:56.794+0000][123.161s][info ][safepoint   ] Safepoint "Cleanup", Time since last: 4279795466 ns, Reaching safepoint: 301017 ns, Cleanup: 115407 ns, At safepoint: 29102 ns, Total: 445526 ns
[2025-05-04T23:24:57.795+0000][124.161s][debug][safepoint   ] Safepoint synchronization initiated using futex wait barrier. (216 threads)
[2025-05-04T23:24:57.796+0000][124.162s][info ][safepoint   ] Safepoint "Cleanup", Time since last: 1000521207 ns, Reaching safepoint: 744442 ns, Cleanup: 21302 ns, At safepoint: 14801 ns, Total: 780545 ns
[2025-05-04T23:24:58.796+0000][125.163s][debug][safepoint   ] Safepoint synchronization initiated using futex wait barrier. (217 threads)
[2025-05-04T23:24:58.797+0000][125.163s][info ][safepoint   ] Safepoint "Cleanup", Time since last: 1000567833 ns, Reaching safepoint: 379125 ns, Cleanup: 26602 ns, At safepoint: 5601 ns, Total: 411328 ns
[2025-05-04T23:25:03.798+0000][130.164s][debug][safepoint   ] Safepoint synchronization initiated using futex wait barrier. (215 threads)
[2025-05-04T23:25:03.798+0000][130.164s][info ][safepoint   ] Safepoint "Cleanup", Time since last: 5000919753 ns, Reaching safepoint: 485033 ns, Cleanup: 58004 ns, At safepoint: 11801 ns, Total: 554838 ns
[2025-05-04T23:25:10.798+0000][137.166s][debug][safepoint   ] Safepoint synchronization initiated using futex wait barrier. (215 threads)
[2025-05-04T23:25:10.798+0000][137.166s][info ][safepoint   ] Safepoint "Cleanup", Time since last: 7001250825 ns, Reaching safepoint: 643237 ns, Cleanup: 56104 ns, At safepoint: 22401 ns, Total: 721742 ns
[2025-05-04T23:25:13.799+0000][140.167s][debug][safepoint   ] Safepoint synchronization initiated using futex wait barrier. (215 threads)
[2025-05-04T23:25:13.800+0000][140.168s][info ][safepoint   ] Safepoint "Cleanup", Time since last: 3000938618 ns, Reaching safepoint: 399924 ns, Cleanup: 13801 ns, At safepoint: 5900 ns, Total: 419625 ns
[2025-05-04T23:25:15.800+0000][142.168s][debug][safepoint   ] Safepoint synchronization initiated using futex wait barrier. (215 threads)
[2025-05-04T23:25:15.801+0000][142.169s][info ][safepoint   ] Safepoint "Cleanup", Time since last: 2000512346 ns, Reaching safepoint: 220913 ns, Cleanup: 29802 ns, At safepoint: 5600 ns, Total: 256315 ns
[2025-05-04T23:25:17.065+0000][143.433s][debug][safepoint   ] Safepoint synchronization initiated using futex wait barrier. (216 threads)
[2025-05-04T23:25:17.066+0000][143.434s][info ][gc,start    ] GC(74) Pause Young (Normal) (G1 Evacuation Pause)
[2025-05-04T23:25:17.066+0000][143.434s][info ][gc,task     ] GC(74) Using 8 workers of 8 for evacuation
[2025-05-04T23:25:17.073+0000][143.441s][info ][gc,phases   ] GC(74)   Pre Evacuate Collection Set: 0.2ms
[2025-05-04T23:25:17.073+0000][143.441s][info ][gc,phases   ] GC(74)   Merge Heap Roots: 0.1ms
[2025-05-04T23:25:17.073+0000][143.441s][info ][gc,phases   ] GC(74)   Evacuate Collection Set: 4.6ms
[2025-05-04T23:25:17.073+0000][143.441s][info ][gc,phases   ] GC(74)   Post Evacuate Collection Set: 1.6ms
[2025-05-04T23:25:17.074+0000][143.441s][info ][gc,phases   ] GC(74)   Other: 0.5ms
[2025-05-04T23:25:17.074+0000][143.442s][info ][gc,heap     ] GC(74) Eden regions: 90->0(91)
[2025-05-04T23:25:17.074+0000][143.442s][info ][gc,heap     ] GC(74) Survivor regions: 4->5(12)
[2025-05-04T23:25:17.074+0000][143.442s][info ][gc,heap     ] GC(74) Old regions: 80->80
[2025-05-04T23:25:17.074+0000][143.442s][info ][gc,heap     ] GC(74) Archive regions: 2->2
[2025-05-04T23:25:17.074+0000][143.442s][info ][gc,heap     ] GC(74) Humongous regions: 7->3
[2025-05-04T23:25:17.074+0000][143.442s][info ][gc,metaspace] GC(74) Metaspace: 184407K(185728K)->184407K(185728K) NonClass: 161842K(162560K)->161842K(162560K) Class: 22565K(23168K)->22565K(23168K)
[2025-05-04T23:25:17.074+0000][143.442s][info ][gc          ] GC(74) Pause Young (Normal) (G1 Evacuation Pause) 362M->176M(416M) 8.678ms
[2025-05-04T23:25:17.075+0000][143.443s][info ][gc,cpu      ] GC(74) User=0.05s Sys=0.00s Real=0.01s
[2025-05-04T23:25:17.075+0000][143.443s][info ][safepoint   ] Safepoint "G1CollectForAllocation", Time since last: 1264823847 ns, Reaching safepoint: 326019 ns, Cleanup: 29202 ns, At safepoint: 9259739 ns, Total: 9614960 ns
[2025-05-04T23:25:18.075+0000][144.443s][debug][safepoint   ] Safepoint synchronization initiated using futex wait barrier. (216 threads)
[2025-05-04T23:25:18.076+0000][144.444s][info ][safepoint   ] Safepoint "Cleanup", Time since last: 1000358647 ns, Reaching safepoint: 470528 ns, Cleanup: 32802 ns, At safepoint: 7100 ns, Total: 510430 ns
[2025-05-04T23:25:28.078+0000][154.446s][debug][safepoint   ] Safepoint synchronization initiated using futex wait barrier. (215 threads)
[2025-05-04T23:25:28.078+0000][154.446s][info ][safepoint   ] Safepoint "Cleanup", Time since last: 10001775494 ns, Reaching safepoint: 398624 ns, Cleanup: 28501 ns, At safepoint: 9101 ns, Total: 436226 ns
[2025-05-04T23:25:34.079+0000][160.447s][debug][safepoint   ] Safepoint synchronization initiated using futex wait barrier. (215 threads)
[2025-05-04T23:25:34.079+0000][160.447s][info ][safepoint   ] Safepoint "Cleanup", Time since last: 6000868031 ns, Reaching safepoint: 465728 ns, Cleanup: 12901 ns, At safepoint: 5700 ns, Total: 484329 ns
[2025-05-04T23:25:39.080+0000][165.448s][debug][safepoint   ] Safepoint synchronization initiated using futex wait barrier. (215 threads)
[2025-05-04T23:25:39.080+0000][165.448s][info ][safepoint   ] Safepoint "Cleanup", Time since last: 5000728928 ns, Reaching safepoint: 275216 ns, Cleanup: 14401 ns, At safepoint: 7000 ns, Total: 296617 ns
[2025-05-04T23:25:40.081+0000][166.449s][debug][safepoint   ] Safepoint synchronization initiated using futex wait barrier. (215 threads)
[2025-05-04T23:25:40.081+0000][166.449s][info ][safepoint   ] Safepoint "Cleanup", Time since last: 1000262511 ns, Reaching safepoint: 292617 ns, Cleanup: 12601 ns, At safepoint: 4600 ns, Total: 309818 ns
[2025-05-04T23:25:43.080+0000][169.449s][debug][safepoint   ] Safepoint synchronization initiated using futex wait barrier. (214 threads)
[2025-05-04T23:25:43.081+0000][169.450s][info ][safepoint   ] Safepoint "Cleanup", Time since last: 3000478114 ns, Reaching safepoint: 364121 ns, Cleanup: 12100 ns, At safepoint: 4901 ns, Total: 381122 ns
[2025-05-04T23:25:47.081+0000][173.451s][debug][safepoint   ] Safepoint synchronization initiated using futex wait barrier. (212 threads)
[2025-05-04T23:25:47.082+0000][173.451s][info ][safepoint   ] Safepoint "Cleanup", Time since last: 4000758593 ns, Reaching safepoint: 290517 ns, Cleanup: 15801 ns, At safepoint: 6200 ns, Total: 312518 ns
[2025-05-04T23:25:48.082+0000][174.451s][debug][safepoint   ] Safepoint synchronization initiated using futex wait barrier. (212 threads)
[2025-05-04T23:25:48.082+0000][174.452s][info ][safepoint   ] Safepoint "Cleanup", Time since last: 1000306179 ns, Reaching safepoint: 293117 ns, Cleanup: 14201 ns, At safepoint: 5500 ns, Total: 312818 ns
[2025-05-04T23:25:51.083+0000][177.452s][debug][safepoint   ] Safepoint synchronization initiated using futex wait barrier. (212 threads)
[2025-05-04T23:25:51.083+0000][177.452s][info ][safepoint   ] Safepoint "Cleanup", Time since last: 3000548215 ns, Reaching safepoint: 242914 ns, Cleanup: 12801 ns, At safepoint: 5401 ns, Total: 261116 ns
[2025-05-04T23:25:52.084+0000][178.453s][debug][safepoint   ] Safepoint synchronization initiated using futex wait barrier. (212 threads)
[2025-05-04T23:25:52.084+0000][178.453s][info ][safepoint   ] Safepoint "Cleanup", Time since last: 1000488589 ns, Reaching safepoint: 311918 ns, Cleanup: 11201 ns, At safepoint: 4700 ns, Total: 327819 ns
[2025-05-04T23:25:53.084+0000][179.453s][debug][safepoint   ] Safepoint synchronization initiated using futex wait barrier. (212 threads)
[2025-05-04T23:25:53.085+0000][179.454s][info ][safepoint   ] Safepoint "Cleanup", Time since last: 1000296678 ns, Reaching safepoint: 608635 ns, Cleanup: 16401 ns, At safepoint: 10201 ns, Total: 635237 ns
[2025-05-04T23:26:12.821+0000][199.192s][debug][safepoint   ] Safepoint synchronization initiated using futex wait barrier. (210 threads)
[2025-05-04T23:26:12.822+0000][199.192s][info ][safepoint   ] Safepoint "Cleanup", Time since last: 19737675068 ns, Reaching safepoint: 474827 ns, Cleanup: 16001 ns, At safepoint: 7500 ns, Total: 498328 ns
[2025-05-04T23:26:15.822+0000][202.193s][debug][safepoint   ] Safepoint synchronization initiated using futex wait barrier. (210 threads)
[2025-05-04T23:26:15.823+0000][202.193s][info ][safepoint   ] Safepoint "Cleanup", Time since last: 3000600549 ns, Reaching safepoint: 245714 ns, Cleanup: 14601 ns, At safepoint: 5100 ns, Total: 265415 ns
[2025-05-04T23:26:16.823+0000][203.193s][debug][safepoint   ] Safepoint synchronization initiated using futex wait barrier. (210 threads)
[2025-05-04T23:26:16.826+0000][203.196s][info ][safepoint   ] Safepoint "Cleanup", Time since last: 1000264887 ns, Reaching safepoint: 3038676 ns, Cleanup: 20201 ns, At safepoint: 12800 ns, Total: 3071677 ns
[2025-05-04T23:26:30.830+0000][217.201s][debug][safepoint   ] Safepoint synchronization initiated using futex wait barrier. (210 threads)
[2025-05-04T23:26:30.831+0000][217.201s][info ][safepoint   ] Safepoint "Cleanup", Time since last: 14004447576 ns, Reaching safepoint: 186910 ns, Cleanup: 17901 ns, At safepoint: 10101 ns, Total: 214912 ns
[2025-05-04T23:26:43.830+0000][230.203s][debug][safepoint   ] Safepoint synchronization initiated using futex wait barrier. (209 threads)
[2025-05-04T23:26:43.830+0000][230.203s][info ][safepoint   ] Safepoint "Cleanup", Time since last: 13001721133 ns, Reaching safepoint: 288416 ns, Cleanup: 10200 ns, At safepoint: 4701 ns, Total: 303317 ns
[2025-05-04T23:26:48.831+0000][235.204s][debug][safepoint   ] Safepoint synchronization initiated using futex wait barrier. (207 threads)
[2025-05-04T23:26:48.832+0000][235.204s][info ][safepoint   ] Safepoint "Cleanup", Time since last: 5000909229 ns, Reaching safepoint: 232013 ns, Cleanup: 17501 ns, At safepoint: 5501 ns, Total: 255015 ns
[2025-05-04T23:26:50.832+0000][237.205s][debug][safepoint   ] Safepoint synchronization initiated using futex wait barrier. (207 threads)
[2025-05-04T23:26:50.832+0000][237.205s][info ][safepoint   ] Safepoint "Cleanup", Time since last: 2000345983 ns, Reaching safepoint: 262114 ns, Cleanup: 33202 ns, At safepoint: 7101 ns, Total: 302417 ns
[2025-05-04T23:26:57.863+0000][244.236s][debug][safepoint   ] Safepoint synchronization initiated using futex wait barrier. (205 threads)
[2025-05-04T23:26:57.870+0000][244.243s][info ][safepoint   ] Safepoint "Cleanup", Time since last: 7030765629 ns, Reaching safepoint: 6953296 ns, Cleanup: 40803 ns, At safepoint: 14901 ns, Total: 7009000 ns
[2025-05-04T23:26:58.871+0000][245.244s][debug][safepoint   ] Safepoint synchronization initiated using futex wait barrier. (206 threads)
[2025-05-04T23:26:58.871+0000][245.244s][info ][safepoint   ] Safepoint "Cleanup", Time since last: 1000740321 ns, Reaching safepoint: 263415 ns, Cleanup: 18501 ns, At safepoint: 4800 ns, Total: 286716 ns
[2025-05-04T23:27:06.872+0000][253.245s][debug][safepoint   ] Safepoint synchronization initiated using futex wait barrier. (205 threads)
[2025-05-04T23:27:06.927+0000][253.299s][info ][safepoint   ] Safepoint "Cleanup", Time since last: 8001184946 ns, Reaching safepoint: 54231796 ns, Cleanup: 15501 ns, At safepoint: 10001 ns, Total: 54257298 ns
[2025-05-04T23:27:30.948+0000][277.322s][debug][safepoint   ] Safepoint synchronization initiated using futex wait barrier. (205 threads)
[2025-05-04T23:27:30.948+0000][277.322s][info ][safepoint   ] Safepoint "Cleanup", Time since last: 24022691644 ns, Reaching safepoint: 398823 ns, Cleanup: 21801 ns, At safepoint: 9601 ns, Total: 430225 ns
[2025-05-04T23:27:39.246+0000][285.620s][debug][safepoint   ] Safepoint synchronization initiated using futex wait barrier. (205 threads)
[2025-05-04T23:27:39.247+0000][285.621s][info ][gc,start    ] GC(75) Pause Young (Normal) (G1 Evacuation Pause)
[2025-05-04T23:27:39.247+0000][285.621s][info ][gc,task     ] GC(75) Using 8 workers of 8 for evacuation
[2025-05-04T23:27:39.254+0000][285.628s][info ][gc,phases   ] GC(75)   Pre Evacuate Collection Set: 0.3ms
[2025-05-04T23:27:39.254+0000][285.628s][info ][gc,phases   ] GC(75)   Merge Heap Roots: 0.2ms
[2025-05-04T23:27:39.255+0000][285.629s][info ][gc,phases   ] GC(75)   Evacuate Collection Set: 4.2ms
[2025-05-04T23:27:39.256+0000][285.630s][info ][gc,phases   ] GC(75)   Post Evacuate Collection Set: 1.3ms
[2025-05-04T23:27:39.259+0000][285.633s][info ][gc,phases   ] GC(75)   Other: 1.4ms
[2025-05-04T23:27:39.260+0000][285.634s][info ][gc,heap     ] GC(75) Eden regions: 91->0(92)
[2025-05-04T23:27:39.260+0000][285.634s][info ][gc,heap     ] GC(75) Survivor regions: 5->5(12)
[2025-05-04T23:27:39.260+0000][285.634s][info ][gc,heap     ] GC(75) Old regions: 80->80
[2025-05-04T23:27:39.260+0000][285.634s][info ][gc,heap     ] GC(75) Archive regions: 2->2
[2025-05-04T23:27:39.260+0000][285.634s][info ][gc,heap     ] GC(75) Humongous regions: 3->3
[2025-05-04T23:27:39.261+0000][285.635s][info ][gc,metaspace] GC(75) Metaspace: 184644K(185984K)->184644K(185984K) NonClass: 162074K(162752K)->162074K(162752K) Class: 22569K(23232K)->22569K(23232K)
[2025-05-04T23:27:39.261+0000][285.635s][info ][gc          ] GC(75) Pause Young (Normal) (G1 Evacuation Pause) 358M->176M(416M) 14.688ms
[2025-05-04T23:27:39.262+0000][285.636s][info ][gc,cpu      ] GC(75) User=0.04s Sys=0.00s Real=0.01s
[2025-05-04T23:27:39.262+0000][285.636s][info ][safepoint   ] Safepoint "G1CollectForAllocation", Time since last: 8297814469 ns, Reaching safepoint: 380120 ns, Cleanup: 9701 ns, At safepoint: 15372011 ns, Total: 15761832 ns
[2025-05-04T23:27:43.260+0000][289.637s][debug][safepoint   ] Safepoint synchronization initiated using futex wait barrier. (205 threads)
[2025-05-04T23:27:43.261+0000][289.637s][info ][safepoint   ] Safepoint "Cleanup", Time since last: 4000882924 ns, Reaching safepoint: 348118 ns, Cleanup: 17501 ns, At safepoint: 8400 ns, Total: 374019 ns
[2025-05-04T23:27:49.262+0000][295.638s][debug][safepoint   ] Safepoint synchronization initiated using futex wait barrier. (203 threads)
[2025-05-04T23:27:49.262+0000][295.639s][info ][safepoint   ] Safepoint "Cleanup", Time since last: 6001079772 ns, Reaching safepoint: 436124 ns, Cleanup: 18101 ns, At safepoint: 8701 ns, Total: 462926 ns
[2025-05-04T23:27:51.263+0000][297.639s][debug][safepoint   ] Safepoint synchronization initiated using futex wait barrier. (203 threads)
[2025-05-04T23:27:51.263+0000][297.640s][info ][safepoint   ] Safepoint "Cleanup", Time since last: 2000681289 ns, Reaching safepoint: 280216 ns, Cleanup: 14300 ns, At safepoint: 4601 ns, Total: 299117 ns
[2025-05-04T23:28:00.265+0000][306.641s][debug][safepoint   ] Safepoint synchronization initiated using futex wait barrier. (202 threads)
[2025-05-04T23:28:00.265+0000][306.641s][info ][safepoint   ] Safepoint "Cleanup", Time since last: 9001271839 ns, Reaching safepoint: 289616 ns, Cleanup: 12001 ns, At safepoint: 5000 ns, Total: 306617 ns
[2025-05-04T23:28:01.265+0000][307.642s][debug][safepoint   ] Safepoint synchronization initiated using futex wait barrier. (202 threads)
[2025-05-04T23:28:01.265+0000][307.642s][info ][safepoint   ] Safepoint "Cleanup", Time since last: 1000294187 ns, Reaching safepoint: 241313 ns, Cleanup: 12601 ns, At safepoint: 5300 ns, Total: 259214 ns
[2025-05-04T23:28:04.266+0000][310.642s][debug][safepoint   ] Safepoint synchronization initiated using futex wait barrier. (202 threads)
[2025-05-04T23:28:04.266+0000][310.643s][info ][safepoint   ] Safepoint "Cleanup", Time since last: 3000558154 ns, Reaching safepoint: 232613 ns, Cleanup: 12701 ns, At safepoint: 5200 ns, Total: 250514 ns
[2025-05-04T23:28:23.267+0000][329.645s][debug][safepoint   ] Safepoint synchronization initiated using futex wait barrier. (202 threads)
[2025-05-04T23:28:23.267+0000][329.645s][info ][safepoint   ] Safepoint "Cleanup", Time since last: 19002209911 ns, Reaching safepoint: 289517 ns, Cleanup: 16301 ns, At safepoint: 11200 ns, Total: 317018 ns
[2025-05-04T23:28:24.268+0000][330.646s][debug][safepoint   ] Safepoint synchronization initiated using futex wait barrier. (202 threads)
[2025-05-04T23:28:24.268+0000][330.646s][info ][safepoint   ] Safepoint "Cleanup", Time since last: 1000364140 ns, Reaching safepoint: 461726 ns, Cleanup: 21901 ns, At safepoint: 9201 ns, Total: 492828 ns
[2025-05-04T23:28:25.269+0000][331.646s][debug][safepoint   ] Safepoint synchronization initiated using futex wait barrier. (202 threads)
[2025-05-04T23:28:25.274+0000][331.652s][info ][safepoint   ] Safepoint "Cleanup", Time since last: 1000368639 ns, Reaching safepoint: 5775129 ns, Cleanup: 89305 ns, At safepoint: 26102 ns, Total: 5890536 ns
[2025-05-04T23:28:31.276+0000][337.654s][debug][safepoint   ] Safepoint synchronization initiated using futex wait barrier. (202 threads)
[2025-05-04T23:28:31.276+0000][337.654s][info ][safepoint   ] Safepoint "Cleanup", Time since last: 6001530195 ns, Reaching safepoint: 383022 ns, Cleanup: 23101 ns, At safepoint: 13001 ns, Total: 419124 ns
[2025-05-04T23:28:43.277+0000][349.656s][debug][safepoint   ] Safepoint synchronization initiated using futex wait barrier. (202 threads)
[2025-05-04T23:28:43.278+0000][349.657s][info ][safepoint   ] Safepoint "Cleanup", Time since last: 12001729167 ns, Reaching safepoint: 670437 ns, Cleanup: 23402 ns, At safepoint: 15900 ns, Total: 709739 ns
[2025-05-04T23:28:44.279+0000][350.658s][debug][safepoint   ] Safepoint synchronization initiated using futex wait barrier. (204 threads)
[2025-05-04T23:28:44.280+0000][350.659s][info ][safepoint   ] Safepoint "Cleanup", Time since last: 1001735324 ns, Reaching safepoint: 277815 ns, Cleanup: 68004 ns, At safepoint: 5500 ns, Total: 351319 ns
[2025-05-04T23:28:47.280+0000][353.659s][debug][safepoint   ] Safepoint synchronization initiated using futex wait barrier. (201 threads)
[2025-05-04T23:28:47.280+0000][353.660s][info ][safepoint   ] Safepoint "Cleanup", Time since last: 3000503208 ns, Reaching safepoint: 314517 ns, Cleanup: 25102 ns, At safepoint: 11900 ns, Total: 351519 ns
[2025-05-04T23:28:50.283+0000][356.662s][debug][safepoint   ] Safepoint synchronization initiated using futex wait barrier. (200 threads)
[2025-05-04T23:28:50.283+0000][356.662s][info ][safepoint   ] Safepoint "Cleanup", Time since last: 3002077196 ns, Reaching safepoint: 238013 ns, Cleanup: 12200 ns, At safepoint: 4601 ns, Total: 254814 ns
[2025-05-04T23:28:52.054+0000][358.433s][debug][safepoint   ] Safepoint synchronization initiated using futex wait barrier. (201 threads)
[2025-05-04T23:28:52.054+0000][358.433s][info ][safepoint   ] Safepoint "Cleanup", Time since last: 1770728219 ns, Reaching safepoint: 373921 ns, Cleanup: 56103 ns, At safepoint: 39703 ns, Total: 469727 ns
[2025-05-04T23:28:53.054+0000][359.433s][debug][safepoint   ] Safepoint synchronization initiated using futex wait barrier. (201 threads)
[2025-05-04T23:28:53.055+0000][359.434s][info ][safepoint   ] Safepoint "Cleanup", Time since last: 1000308920 ns, Reaching safepoint: 338019 ns, Cleanup: 23502 ns, At safepoint: 8600 ns, Total: 370121 ns
[2025-05-04T23:29:02.914+0000][369.293s][debug][safepoint   ] Safepoint synchronization initiated using futex wait barrier. (200 threads)
[2025-05-04T23:29:02.914+0000][369.293s][info ][safepoint   ] Safepoint "Cleanup", Time since last: 9858845678 ns, Reaching safepoint: 251114 ns, Cleanup: 33202 ns, At safepoint: 6700 ns, Total: 291016 ns
[2025-05-04T23:29:06.915+0000][373.294s][debug][safepoint   ] Safepoint synchronization initiated using futex wait barrier. (201 threads)
[2025-05-04T23:29:06.915+0000][373.294s][info ][safepoint   ] Safepoint "Cleanup", Time since last: 4000729569 ns, Reaching safepoint: 680534 ns, Cleanup: 37102 ns, At safepoint: 48302 ns, Total: 765938 ns
[2025-05-04T23:29:07.297+0000][373.676s][debug][safepoint   ] Safepoint synchronization initiated using futex wait barrier. (207 threads)
[2025-05-04T23:29:07.297+0000][373.676s][info ][gc,start    ] GC(76) Pause Young (Normal) (G1 Evacuation Pause)
[2025-05-04T23:29:07.297+0000][373.677s][info ][gc,task     ] GC(76) Using 8 workers of 8 for evacuation
[2025-05-04T23:29:07.305+0000][373.684s][info ][gc,phases   ] GC(76)   Pre Evacuate Collection Set: 0.3ms
[2025-05-04T23:29:07.306+0000][373.685s][info ][gc,phases   ] GC(76)   Merge Heap Roots: 0.1ms
[2025-05-04T23:29:07.306+0000][373.685s][info ][gc,phases   ] GC(76)   Evacuate Collection Set: 5.9ms
[2025-05-04T23:29:07.306+0000][373.685s][info ][gc,phases   ] GC(76)   Post Evacuate Collection Set: 1.2ms
[2025-05-04T23:29:07.306+0000][373.685s][info ][gc,phases   ] GC(76)   Other: 0.7ms
[2025-05-04T23:29:07.306+0000][373.685s][info ][gc,heap     ] GC(76) Eden regions: 92->0(90)
[2025-05-04T23:29:07.306+0000][373.685s][info ][gc,heap     ] GC(76) Survivor regions: 5->6(13)
[2025-05-04T23:29:07.306+0000][373.685s][info ][gc,heap     ] GC(76) Old regions: 80->80
[2025-05-04T23:29:07.306+0000][373.686s][info ][gc,heap     ] GC(76) Archive regions: 2->2
[2025-05-04T23:29:07.306+0000][373.686s][info ][gc,heap     ] GC(76) Humongous regions: 3->3
[2025-05-04T23:29:07.307+0000][373.686s][info ][gc,metaspace] GC(76) Metaspace: 186705K(188032K)->186705K(188032K) NonClass: 163980K(164672K)->163980K(164672K) Class: 22724K(23360K)->22724K(23360K)
[2025-05-04T23:29:07.307+0000][373.686s][info ][gc          ] GC(76) Pause Young (Normal) (G1 Evacuation Pause) 360M->178M(416M) 9.601ms
[2025-05-04T23:29:07.307+0000][373.686s][info ][gc,cpu      ] GC(76) User=0.05s Sys=0.00s Real=0.01s
[2025-05-04T23:29:07.308+0000][373.687s][info ][safepoint   ] Safepoint "G1CollectForAllocation", Time since last: 381239610 ns, Reaching safepoint: 320416 ns, Cleanup: 178109 ns, At safepoint: 10529125 ns, Total: 11027650 ns
[2025-05-04T23:29:08.308+0000][374.687s][debug][safepoint   ] Safepoint synchronization initiated using futex wait barrier. (209 threads)
[2025-05-04T23:29:08.308+0000][374.687s][info ][safepoint   ] Safepoint "Cleanup", Time since last: 1000341878 ns, Reaching safepoint: 234112 ns, Cleanup: 85104 ns, At safepoint: 6100 ns, Total: 325316 ns
[2025-05-04T23:29:09.308+0000][375.688s][debug][safepoint   ] Safepoint synchronization initiated using futex wait barrier. (208 threads)
[2025-05-04T23:29:09.309+0000][375.688s][info ][safepoint   ] Safepoint "Cleanup", Time since last: 1000238173 ns, Reaching safepoint: 257113 ns, Cleanup: 39502 ns, At safepoint: 4901 ns, Total: 301516 ns
[2025-05-04T23:29:10.309+0000][376.688s][debug][safepoint   ] Safepoint synchronization initiated using futex wait barrier. (208 threads)
[2025-05-04T23:29:10.309+0000][376.689s][info ][safepoint   ] Safepoint "Cleanup", Time since last: 1000278375 ns, Reaching safepoint: 248812 ns, Cleanup: 38602 ns, At safepoint: 6200 ns, Total: 293614 ns
[2025-05-04T23:29:11.307+0000][377.689s][debug][safepoint   ] Safepoint synchronization initiated using futex wait barrier. (208 threads)
[2025-05-04T23:29:11.308+0000][377.689s][info ][safepoint   ] Safepoint "Cleanup", Time since last: 1000257374 ns, Reaching safepoint: 290515 ns, Cleanup: 16201 ns, At safepoint: 6000 ns, Total: 312716 ns
[2025-05-04T23:29:12.308+0000][378.689s][debug][safepoint   ] Safepoint synchronization initiated using futex wait barrier. (208 threads)
[2025-05-04T23:29:12.309+0000][378.690s][info ][safepoint   ] Safepoint "Cleanup", Time since last: 1000376180 ns, Reaching safepoint: 637932 ns, Cleanup: 68703 ns, At safepoint: 319816 ns, Total: 1026451 ns
[2025-05-04T23:29:13.309+0000][379.691s][debug][safepoint   ] Safepoint synchronization initiated using futex wait barrier. (208 threads)
[2025-05-04T23:29:13.310+0000][379.691s][info ][safepoint   ] Safepoint "Cleanup", Time since last: 1000572290 ns, Reaching safepoint: 309916 ns, Cleanup: 41002 ns, At safepoint: 6900 ns, Total: 357818 ns
[2025-05-04T23:29:14.311+0000][380.692s][debug][safepoint   ] Safepoint synchronization initiated using futex wait barrier. (209 threads)
[2025-05-04T23:29:14.311+0000][380.692s][info ][safepoint   ] Safepoint "Cleanup", Time since last: 1000665695 ns, Reaching safepoint: 319316 ns, Cleanup: 36901 ns, At safepoint: 11001 ns, Total: 367218 ns
[2025-05-04T23:29:15.311+0000][381.693s][debug][safepoint   ] Safepoint synchronization initiated using futex wait barrier. (209 threads)
[2025-05-04T23:29:15.312+0000][381.693s][info ][safepoint   ] Safepoint "Cleanup", Time since last: 1000418093 ns, Reaching safepoint: 352819 ns, Cleanup: 31302 ns, At safepoint: 6000 ns, Total: 390121 ns
[2025-05-04T23:29:16.312+0000][382.694s][debug][safepoint   ] Safepoint synchronization initiated using futex wait barrier. (209 threads)
[2025-05-04T23:29:16.312+0000][382.694s][info ][safepoint   ] Safepoint "Cleanup", Time since last: 1000367091 ns, Reaching safepoint: 254514 ns, Cleanup: 14700 ns, At safepoint: 5201 ns, Total: 274415 ns
[2025-05-04T23:29:17.313+0000][383.694s][debug][safepoint   ] Safepoint synchronization initiated using futex wait barrier. (209 threads)
[2025-05-04T23:29:17.313+0000][383.694s][info ][safepoint   ] Safepoint "Cleanup", Time since last: 1000233083 ns, Reaching safepoint: 275415 ns, Cleanup: 12601 ns, At safepoint: 4800 ns, Total: 292816 ns
[2025-05-04T23:29:18.313+0000][384.695s][debug][safepoint   ] Safepoint synchronization initiated using futex wait barrier. (209 threads)
[2025-05-04T23:29:18.313+0000][384.695s][info ][safepoint   ] Safepoint "Cleanup", Time since last: 1000337589 ns, Reaching safepoint: 253614 ns, Cleanup: 30402 ns, At safepoint: 6000 ns, Total: 290016 ns
[2025-05-04T23:29:19.314+0000][385.695s][debug][safepoint   ] Safepoint synchronization initiated using futex wait barrier. (209 threads)
[2025-05-04T23:29:19.314+0000][385.696s][info ][safepoint   ] Safepoint "Cleanup", Time since last: 1000292387 ns, Reaching safepoint: 255814 ns, Cleanup: 12501 ns, At safepoint: 6000 ns, Total: 274315 ns
[2025-05-04T23:29:20.314+0000][386.696s][debug][safepoint   ] Safepoint synchronization initiated using futex wait barrier. (209 threads)
[2025-05-04T23:29:20.315+0000][386.696s][info ][safepoint   ] Safepoint "Cleanup", Time since last: 1000327389 ns, Reaching safepoint: 222912 ns, Cleanup: 28801 ns, At safepoint: 5001 ns, Total: 256714 ns
[2025-05-04T23:29:21.315+0000][387.696s][debug][safepoint   ] Safepoint synchronization initiated using futex wait barrier. (209 threads)
[2025-05-04T23:29:21.315+0000][387.697s][info ][safepoint   ] Safepoint "Cleanup", Time since last: 1000241384 ns, Reaching safepoint: 325017 ns, Cleanup: 11101 ns, At safepoint: 5800 ns, Total: 341918 ns
[2025-05-04T23:29:22.316+0000][388.697s][debug][safepoint   ] Safepoint synchronization initiated using futex wait barrier. (209 threads)
[2025-05-04T23:29:22.316+0000][388.698s][info ][safepoint   ] Safepoint "Cleanup", Time since last: 1000436595 ns, Reaching safepoint: 317717 ns, Cleanup: 12601 ns, At safepoint: 5900 ns, Total: 336218 ns
[2025-05-04T23:29:25.539+0000][391.921s][debug][safepoint   ] Safepoint synchronization initiated using futex wait barrier. (209 threads)
[2025-05-04T23:29:25.540+0000][391.921s][info ][gc,start    ] GC(77) Pause Young (Normal) (G1 Evacuation Pause)
[2025-05-04T23:29:25.540+0000][391.921s][info ][gc,task     ] GC(77) Using 8 workers of 8 for evacuation
[2025-05-04T23:29:25.549+0000][391.931s][info ][gc,phases   ] GC(77)   Pre Evacuate Collection Set: 0.2ms
[2025-05-04T23:29:25.549+0000][391.931s][info ][gc,phases   ] GC(77)   Merge Heap Roots: 0.1ms
[2025-05-04T23:29:25.550+0000][391.931s][info ][gc,phases   ] GC(77)   Evacuate Collection Set: 7.3ms
[2025-05-04T23:29:25.550+0000][391.932s][info ][gc,phases   ] GC(77)   Post Evacuate Collection Set: 1.4ms
[2025-05-04T23:29:25.550+0000][391.932s][info ][gc,phases   ] GC(77)   Other: 0.4ms
[2025-05-04T23:29:25.550+0000][391.932s][info ][gc,heap     ] GC(77) Eden regions: 90->0(84)
[2025-05-04T23:29:25.550+0000][391.932s][info ][gc,heap     ] GC(77) Survivor regions: 6->9(12)
[2025-05-04T23:29:25.551+0000][391.932s][info ][gc,heap     ] GC(77) Old regions: 80->80
[2025-05-04T23:29:25.551+0000][391.932s][info ][gc,heap     ] GC(77) Archive regions: 2->2
[2025-05-04T23:29:25.551+0000][391.933s][info ][gc,heap     ] GC(77) Humongous regions: 3->3
[2025-05-04T23:29:25.551+0000][391.933s][info ][gc,metaspace] GC(77) Metaspace: 187572K(188992K)->187572K(188992K) NonClass: 164802K(165568K)->164802K(165568K) Class: 22770K(23424K)->22770K(23424K)
[2025-05-04T23:29:25.551+0000][391.933s][info ][gc          ] GC(77) Pause Young (Normal) (G1 Evacuation Pause) 358M->183M(416M) 11.632ms
[2025-05-04T23:29:25.552+0000][391.933s][info ][gc,cpu      ] GC(77) User=0.07s Sys=0.00s Real=0.01s
[2025-05-04T23:29:25.552+0000][391.933s][info ][safepoint   ] Safepoint "G1CollectForAllocation", Time since last: 3223348000 ns, Reaching safepoint: 328318 ns, Cleanup: 17501 ns, At safepoint: 12207688 ns, Total: 12553507 ns
[2025-05-04T23:29:30.553+0000][396.934s][debug][safepoint   ] Safepoint synchronization initiated using futex wait barrier. (209 threads)
[2025-05-04T23:29:30.553+0000][396.935s][info ][safepoint   ] Safepoint "Cleanup", Time since last: 5001006422 ns, Reaching safepoint: 442826 ns, Cleanup: 30802 ns, At safepoint: 8800 ns, Total: 482428 ns
[2025-05-04T23:29:31.554+0000][397.935s][debug][safepoint   ] Safepoint synchronization initiated using futex wait barrier. (209 threads)
[2025-05-04T23:29:31.554+0000][397.936s][info ][safepoint   ] Safepoint "Cleanup", Time since last: 1000448472 ns, Reaching safepoint: 251814 ns, Cleanup: 14501 ns, At safepoint: 5600 ns, Total: 271915 ns
[2025-05-04T23:29:32.458+0000][398.840s][debug][safepoint   ] Safepoint synchronization initiated using futex wait barrier. (217 threads)
[2025-05-04T23:29:32.459+0000][398.840s][info ][safepoint   ] Safepoint "ICBufferFull", Time since last: 903867624 ns, Reaching safepoint: 412123 ns, Cleanup: 133308 ns, At safepoint: 75604 ns, Total: 621035 ns
[2025-05-04T23:29:32.459+0000][398.841s][debug][safepoint   ] Safepoint synchronization initiated using futex wait barrier. (217 threads)
[2025-05-04T23:29:32.459+0000][398.841s][info ][safepoint   ] Safepoint "ICBufferFull", Time since last: 352020 ns, Reaching safepoint: 283317 ns, Cleanup: 7200 ns, At safepoint: 60204 ns, Total: 350721 ns
[2025-05-04T23:29:33.460+0000][399.841s][debug][safepoint   ] Safepoint synchronization initiated using futex wait barrier. (215 threads)
[2025-05-04T23:29:33.460+0000][399.842s][info ][safepoint   ] Safepoint "Cleanup", Time since last: 1000382167 ns, Reaching safepoint: 278916 ns, Cleanup: 27702 ns, At safepoint: 116207 ns, Total: 422825 ns
[2025-05-04T23:29:41.460+0000][407.843s][debug][safepoint   ] Safepoint synchronization initiated using futex wait barrier. (215 threads)
[2025-05-04T23:29:41.460+0000][407.843s][info ][safepoint   ] Safepoint "Cleanup", Time since last: 8001145793 ns, Reaching safepoint: 282316 ns, Cleanup: 20201 ns, At safepoint: 11401 ns, Total: 313918 ns
[2025-05-04T23:29:43.461+0000][409.844s][debug][safepoint   ] Safepoint synchronization initiated using futex wait barrier. (215 threads)
[2025-05-04T23:29:43.461+0000][409.844s][info ][safepoint   ] Safepoint "Cleanup", Time since last: 2000423571 ns, Reaching safepoint: 271615 ns, Cleanup: 46703 ns, At safepoint: 6800 ns, Total: 325118 ns
[2025-05-04T23:29:45.462+0000][411.844s][debug][safepoint   ] Safepoint synchronization initiated using futex wait barrier. (214 threads)
[2025-05-04T23:29:45.462+0000][411.845s][info ][safepoint   ] Safepoint "Cleanup", Time since last: 2000423171 ns, Reaching safepoint: 336319 ns, Cleanup: 11601 ns, At safepoint: 4800 ns, Total: 352720 ns
[2025-05-04T23:29:47.462+0000][413.845s][debug][safepoint   ] Safepoint synchronization initiated using futex wait barrier. (214 threads)
[2025-05-04T23:29:47.463+0000][413.845s][info ][safepoint   ] Safepoint "Cleanup", Time since last: 2000542211 ns, Reaching safepoint: 244814 ns, Cleanup: 11701 ns, At safepoint: 5400 ns, Total: 261915 ns
[2025-05-04T23:29:48.463+0000][414.846s][debug][safepoint   ] Safepoint synchronization initiated using futex wait barrier. (214 threads)
[2025-05-04T23:29:48.463+0000][414.846s][info ][safepoint   ] Safepoint "Cleanup", Time since last: 1000261121 ns, Reaching safepoint: 261515 ns, Cleanup: 43503 ns, At safepoint: 6800 ns, Total: 311818 ns
[2025-05-04T23:29:49.464+0000][415.846s][debug][safepoint   ] Safepoint synchronization initiated using futex wait barrier. (214 threads)
[2025-05-04T23:29:49.464+0000][415.847s][info ][safepoint   ] Safepoint "Cleanup", Time since last: 1000260921 ns, Reaching safepoint: 257915 ns, Cleanup: 14100 ns, At safepoint: 6201 ns, Total: 278216 ns
[2025-05-04T23:29:51.464+0000][417.847s][debug][safepoint   ] Safepoint synchronization initiated using futex wait barrier. (214 threads)
[2025-05-04T23:29:51.464+0000][417.847s][info ][safepoint   ] Safepoint "Cleanup", Time since last: 2000360232 ns, Reaching safepoint: 291417 ns, Cleanup: 18601 ns, At safepoint: 5400 ns, Total: 315418 ns
[2025-05-04T23:29:57.938+0000][424.321s][debug][safepoint   ] Safepoint synchronization initiated using futex wait barrier. (214 threads)
[2025-05-04T23:29:57.939+0000][424.321s][info ][safepoint   ] Safepoint "Cleanup", Time since last: 6473802586 ns, Reaching safepoint: 349920 ns, Cleanup: 18301 ns, At safepoint: 10300 ns, Total: 378521 ns
[2025-05-04T23:29:58.939+0000][425.322s][debug][safepoint   ] Safepoint synchronization initiated using futex wait barrier. (214 threads)
[2025-05-04T23:29:58.939+0000][425.322s][info ][safepoint   ] Safepoint "Cleanup", Time since last: 1000429856 ns, Reaching safepoint: 221813 ns, Cleanup: 11200 ns, At safepoint: 5101 ns, Total: 238114 ns
[2025-05-04T23:30:00.155+0000][426.538s][debug][safepoint   ] Safepoint synchronization initiated using futex wait barrier. (214 threads)
[2025-05-04T23:30:00.156+0000][426.538s][info ][safepoint   ] Safepoint "Cleanup", Time since last: 1215856663 ns, Reaching safepoint: 424024 ns, Cleanup: 78005 ns, At safepoint: 13300 ns, Total: 515329 ns
[2025-05-04T23:30:01.156+0000][427.539s][debug][safepoint   ] Safepoint synchronization initiated using futex wait barrier. (214 threads)
[2025-05-04T23:30:01.157+0000][427.539s][info ][safepoint   ] Safepoint "Cleanup", Time since last: 1000408155 ns, Reaching safepoint: 393523 ns, Cleanup: 14600 ns, At safepoint: 5301 ns, Total: 413424 ns
[2025-05-04T23:30:05.157+0000][431.540s][debug][safepoint   ] Safepoint synchronization initiated using futex wait barrier. (214 threads)
[2025-05-04T23:30:05.157+0000][431.540s][info ][safepoint   ] Safepoint "Cleanup", Time since last: 4000699918 ns, Reaching safepoint: 223713 ns, Cleanup: 11000 ns, At safepoint: 4801 ns, Total: 239514 ns
[2025-05-04T23:30:10.158+0000][436.541s][debug][safepoint   ] Safepoint synchronization initiated using futex wait barrier. (214 threads)
[2025-05-04T23:30:10.159+0000][436.541s][info ][safepoint   ] Safepoint "Cleanup", Time since last: 5000667597 ns, Reaching safepoint: 464427 ns, Cleanup: 21001 ns, At safepoint: 45502 ns, Total: 530930 ns
[2025-05-04T23:30:17.159+0000][443.543s][debug][safepoint   ] Safepoint synchronization initiated using futex wait barrier. (214 threads)
[2025-05-04T23:30:17.159+0000][443.543s][info ][safepoint   ] Safepoint "Cleanup", Time since last: 7001393299 ns, Reaching safepoint: 569129 ns, Cleanup: 23501 ns, At safepoint: 70203 ns, Total: 662833 ns
[2025-05-04T23:30:18.160+0000][444.544s][debug][safepoint   ] Safepoint synchronization initiated using futex wait barrier. (212 threads)
[2025-05-04T23:30:18.160+0000][444.544s][info ][safepoint   ] Safepoint "Cleanup", Time since last: 1000345779 ns, Reaching safepoint: 239812 ns, Cleanup: 24301 ns, At safepoint: 6500 ns, Total: 270613 ns
[2025-05-04T23:30:20.160+0000][446.544s][debug][safepoint   ] Safepoint synchronization initiated using futex wait barrier. (212 threads)
[2025-05-04T23:30:20.161+0000][446.545s][info ][safepoint   ] Safepoint "Cleanup", Time since last: 2000331296 ns, Reaching safepoint: 292416 ns, Cleanup: 18801 ns, At safepoint: 12401 ns, Total: 323618 ns
[2025-05-04T23:30:26.162+0000][452.546s][debug][safepoint   ] Safepoint synchronization initiated using futex wait barrier. (212 threads)
[2025-05-04T23:30:26.162+0000][452.546s][info ][safepoint   ] Safepoint "Cleanup", Time since last: 6001107833 ns, Reaching safepoint: 376621 ns, Cleanup: 29402 ns, At safepoint: 13000 ns, Total: 419023 ns
[2025-05-04T23:30:27.163+0000][453.547s][debug][safepoint   ] Safepoint synchronization initiated using futex wait barrier. (212 threads)
[2025-05-04T23:30:27.163+0000][453.547s][info ][safepoint   ] Safepoint "Cleanup", Time since last: 1000401049 ns, Reaching safepoint: 275813 ns, Cleanup: 21801 ns, At safepoint: 11401 ns, Total: 309015 ns
[2025-05-04T23:30:28.375+0000][454.759s][debug][safepoint   ] Safepoint synchronization initiated using futex wait barrier. (212 threads)
[2025-05-04T23:30:28.375+0000][454.759s][info ][safepoint   ] Safepoint "Cleanup", Time since last: 1211920466 ns, Reaching safepoint: 446021 ns, Cleanup: 36101 ns, At safepoint: 34602 ns, Total: 516724 ns
[2025-05-04T23:30:29.376+0000][455.760s][debug][safepoint   ] Safepoint synchronization initiated using futex wait barrier. (212 threads)
[2025-05-04T23:30:29.376+0000][455.760s][info ][safepoint   ] Safepoint "Cleanup", Time since last: 1000307932 ns, Reaching safepoint: 231711 ns, Cleanup: 47002 ns, At safepoint: 9700 ns, Total: 288413 ns
[2025-05-04T23:30:34.345+0000][460.729s][debug][safepoint   ] Safepoint synchronization initiated using futex wait barrier. (212 threads)
[2025-05-04T23:30:34.346+0000][460.730s][info ][gc,start    ] GC(78) Pause Young (Normal) (G1 Evacuation Pause)
[2025-05-04T23:30:34.346+0000][460.730s][info ][gc,task     ] GC(78) Using 8 workers of 8 for evacuation
[2025-05-04T23:30:34.367+0000][460.751s][info ][gc,phases   ] GC(78)   Pre Evacuate Collection Set: 0.4ms
[2025-05-04T23:30:34.367+0000][460.751s][info ][gc,phases   ] GC(78)   Merge Heap Roots: 0.3ms
[2025-05-04T23:30:34.368+0000][460.752s][info ][gc,phases   ] GC(78)   Evacuate Collection Set: 16.6ms
[2025-05-04T23:30:34.368+0000][460.752s][info ][gc,phases   ] GC(78)   Post Evacuate Collection Set: 2.6ms
[2025-05-04T23:30:34.369+0000][460.753s][info ][gc,phases   ] GC(78)   Other: 1.1ms
[2025-05-04T23:30:34.369+0000][460.753s][info ][gc,heap     ] GC(78) Eden regions: 84->0(84)
[2025-05-04T23:30:34.369+0000][460.753s][info ][gc,heap     ] GC(78) Survivor regions: 9->8(12)
[2025-05-04T23:30:34.370+0000][460.754s][info ][gc,heap     ] GC(78) Old regions: 80->82
[2025-05-04T23:30:34.370+0000][460.754s][info ][gc,heap     ] GC(78) Archive regions: 2->2
[2025-05-04T23:30:34.370+0000][460.754s][info ][gc,heap     ] GC(78) Humongous regions: 3->3
[2025-05-04T23:30:34.371+0000][460.755s][info ][gc,metaspace] GC(78) Metaspace: 189236K(190656K)->189236K(190656K) NonClass: 166259K(166976K)->166259K(166976K) Class: 22977K(23680K)->22977K(23680K)
[2025-05-04T23:30:34.371+0000][460.755s][info ][gc          ] GC(78) Pause Young (Normal) (G1 Evacuation Pause) 351M->186M(416M) 25.539ms
[2025-05-04T23:30:34.372+0000][460.756s][info ][gc,cpu      ] GC(78) User=0.14s Sys=0.00s Real=0.02s
[2025-05-04T23:30:34.374+0000][460.758s][info ][safepoint   ] Safepoint "G1CollectForAllocation", Time since last: 4969431636 ns, Reaching safepoint: 427920 ns, Cleanup: 9601 ns, At safepoint: 27916824 ns, Total: 28354345 ns
[2025-05-04T23:30:35.375+0000][461.759s][debug][safepoint   ] Safepoint synchronization initiated using futex wait barrier. (212 threads)
[2025-05-04T23:30:35.375+0000][461.759s][info ][safepoint   ] Safepoint "Cleanup", Time since last: 1000747660 ns, Reaching safepoint: 771397 ns, Cleanup: 78900 ns, At safepoint: 19700 ns, Total: 869997 ns
[2025-05-04T23:30:41.375+0000][467.761s][debug][safepoint   ] Safepoint synchronization initiated using futex wait barrier. (212 threads)
[2025-05-04T23:30:41.375+0000][467.761s][info ][safepoint   ] Safepoint "Cleanup", Time since last: 6001460474 ns, Reaching safepoint: 242513 ns, Cleanup: 17501 ns, At safepoint: 8001 ns, Total: 268015 ns
[2025-05-04T23:30:42.376+0000][468.761s][debug][safepoint   ] Safepoint synchronization initiated using futex wait barrier. (212 threads)
[2025-05-04T23:30:42.376+0000][468.762s][info ][safepoint   ] Safepoint "Cleanup", Time since last: 1000256317 ns, Reaching safepoint: 365920 ns, Cleanup: 54403 ns, At safepoint: 27302 ns, Total: 447625 ns
[2025-05-04T23:30:43.377+0000][469.762s][debug][safepoint   ] Safepoint synchronization initiated using futex wait barrier. (212 threads)
[2025-05-04T23:30:43.377+0000][469.763s][info ][safepoint   ] Safepoint "Cleanup", Time since last: 1000563684 ns, Reaching safepoint: 732341 ns, Cleanup: 21201 ns, At safepoint: 8301 ns, Total: 761843 ns
[2025-05-04T23:30:44.378+0000][470.763s][debug][safepoint   ] Safepoint synchronization initiated using futex wait barrier. (212 threads)
[2025-05-04T23:30:44.378+0000][470.764s][info ][safepoint   ] Safepoint "Cleanup", Time since last: 1000308992 ns, Reaching safepoint: 284916 ns, Cleanup: 15001 ns, At safepoint: 6800 ns, Total: 306717 ns
[2025-05-04T23:30:49.379+0000][475.765s][debug][safepoint   ] Safepoint synchronization initiated using futex wait barrier. (212 threads)
[2025-05-04T23:30:49.379+0000][475.765s][info ][safepoint   ] Safepoint "Cleanup", Time since last: 5000963830 ns, Reaching safepoint: 327218 ns, Cleanup: 124807 ns, At safepoint: 30402 ns, Total: 482427 ns
[2025-05-04T23:30:50.380+0000][476.766s][debug][safepoint   ] Safepoint synchronization initiated using futex wait barrier. (212 threads)
[2025-05-04T23:30:50.380+0000][476.766s][info ][safepoint   ] Safepoint "Cleanup", Time since last: 1000366396 ns, Reaching safepoint: 304017 ns, Cleanup: 13000 ns, At safepoint: 5301 ns, Total: 322318 ns
[2025-05-04T23:30:51.380+0000][477.766s][debug][safepoint   ] Safepoint synchronization initiated using futex wait barrier. (212 threads)
[2025-05-04T23:30:51.381+0000][477.767s][info ][safepoint   ] Safepoint "Cleanup", Time since last: 1000301920 ns, Reaching safepoint: 283716 ns, Cleanup: 18901 ns, At safepoint: 7001 ns, Total: 309618 ns
[2025-05-04T23:30:52.381+0000][478.767s][debug][safepoint   ] Safepoint synchronization initiated using futex wait barrier. (212 threads)
[2025-05-04T23:30:52.381+0000][478.767s][info ][safepoint   ] Safepoint "Cleanup", Time since last: 1000356308 ns, Reaching safepoint: 257315 ns, Cleanup: 16101 ns, At safepoint: 5000 ns, Total: 278416 ns
[2025-05-04T23:30:56.966+0000][483.352s][debug][safepoint   ] Safepoint synchronization initiated using futex wait barrier. (212 threads)
[2025-05-04T23:30:56.968+0000][483.354s][info ][safepoint   ] Safepoint "Cleanup", Time since last: 4584671738 ns, Reaching safepoint: 1578489 ns, Cleanup: 46803 ns, At safepoint: 86405 ns, Total: 1711697 ns
[2025-05-04T23:30:57.968+0000][484.354s][debug][safepoint   ] Safepoint synchronization initiated using futex wait barrier. (212 threads)
[2025-05-04T23:30:57.969+0000][484.354s][info ][safepoint   ] Safepoint "Cleanup", Time since last: 1000378410 ns, Reaching safepoint: 329218 ns, Cleanup: 33802 ns, At safepoint: 10601 ns, Total: 373621 ns
[2025-05-04T23:30:59.969+0000][486.355s][debug][safepoint   ] Safepoint synchronization initiated using futex wait barrier. (212 threads)
[2025-05-04T23:30:59.969+0000][486.355s][info ][safepoint   ] Safepoint "Cleanup", Time since last: 2000380139 ns, Reaching safepoint: 264615 ns, Cleanup: 13701 ns, At safepoint: 7000 ns, Total: 285316 ns
[2025-05-04T23:31:00.969+0000][487.355s][debug][safepoint   ] Safepoint synchronization initiated using futex wait barrier. (212 threads)
[2025-05-04T23:31:00.970+0000][487.356s][info ][safepoint   ] Safepoint "Cleanup", Time since last: 1000273085 ns, Reaching safepoint: 280716 ns, Cleanup: 20901 ns, At safepoint: 8000 ns, Total: 309617 ns
[2025-05-04T23:31:07.971+0000][494.357s][debug][safepoint   ] Safepoint synchronization initiated using futex wait barrier. (212 threads)
[2025-05-04T23:31:07.971+0000][494.357s][info ][safepoint   ] Safepoint "Cleanup", Time since last: 7000969706 ns, Reaching safepoint: 343719 ns, Cleanup: 13200 ns, At safepoint: 6301 ns, Total: 363220 ns
[2025-05-04T23:31:11.741+0000][498.129s][debug][safepoint   ] Safepoint synchronization initiated using futex wait barrier. (212 threads)
[2025-05-04T23:31:11.742+0000][498.129s][info ][safepoint   ] Safepoint "Cleanup", Time since last: 3771707863 ns, Reaching safepoint: 356620 ns, Cleanup: 11000 ns, At safepoint: 24601 ns, Total: 392221 ns
[2025-05-04T23:31:12.742+0000][499.129s][debug][safepoint   ] Safepoint synchronization initiated using futex wait barrier. (212 threads)
[2025-05-04T23:31:12.742+0000][499.130s][info ][safepoint   ] Safepoint "Cleanup", Time since last: 1000299632 ns, Reaching safepoint: 211312 ns, Cleanup: 23901 ns, At safepoint: 5300 ns, Total: 240513 ns
[2025-05-04T23:31:15.743+0000][502.130s][debug][safepoint   ] Safepoint synchronization initiated using futex wait barrier. (213 threads)
[2025-05-04T23:31:15.743+0000][502.130s][info ][safepoint   ] Safepoint "Cleanup", Time since last: 3000472649 ns, Reaching safepoint: 367421 ns, Cleanup: 52403 ns, At safepoint: 13100 ns, Total: 432924 ns
[2025-05-04T23:31:16.744+0000][503.131s][debug][safepoint   ] Safepoint synchronization initiated using futex wait barrier. (212 threads)
[2025-05-04T23:31:16.744+0000][503.132s][info ][safepoint   ] Safepoint "Cleanup", Time since last: 1000906399 ns, Reaching safepoint: 401722 ns, Cleanup: 16501 ns, At safepoint: 10001 ns, Total: 428224 ns
[2025-05-04T23:31:20.745+0000][507.132s][debug][safepoint   ] Safepoint synchronization initiated using futex wait barrier. (211 threads)
[2025-05-04T23:31:20.746+0000][507.133s][info ][safepoint   ] Safepoint "Cleanup", Time since last: 4000712931 ns, Reaching safepoint: 521729 ns, Cleanup: 17601 ns, At safepoint: 51603 ns, Total: 590933 ns
[2025-05-04T23:31:43.748+0000][530.136s][debug][safepoint   ] Safepoint synchronization initiated using futex wait barrier. (211 threads)
[2025-05-04T23:31:43.748+0000][530.137s][info ][safepoint   ] Safepoint "Cleanup", Time since last: 23003290952 ns, Reaching safepoint: 249008 ns, Cleanup: 12400 ns, At safepoint: 4801 ns, Total: 266209 ns
[2025-05-04T23:31:49.749+0000][536.138s][debug][safepoint   ] Safepoint synchronization initiated using futex wait barrier. (211 threads)
[2025-05-04T23:31:49.753+0000][536.142s][info ][safepoint   ] Safepoint "Cleanup", Time since last: 6000960447 ns, Reaching safepoint: 3917714 ns, Cleanup: 36502 ns, At safepoint: 19601 ns, Total: 3973817 ns
[2025-05-04T23:31:50.753+0000][537.142s][debug][safepoint   ] Safepoint synchronization initiated using futex wait barrier. (211 threads)
[2025-05-04T23:31:50.754+0000][537.142s][info ][safepoint   ] Safepoint "Cleanup", Time since last: 1000522639 ns, Reaching safepoint: 323418 ns, Cleanup: 20001 ns, At safepoint: 12500 ns, Total: 355919 ns
[2025-05-04T23:31:53.754+0000][540.143s][debug][safepoint   ] Safepoint synchronization initiated using futex wait barrier. (211 threads)
[2025-05-04T23:31:53.755+0000][540.143s][info ][safepoint   ] Safepoint "Cleanup", Time since last: 3000648566 ns, Reaching safepoint: 246514 ns, Cleanup: 16601 ns, At safepoint: 5700 ns, Total: 268815 ns
[2025-05-04T23:32:27.989+0000][574.380s][debug][safepoint   ] Safepoint synchronization initiated using futex wait barrier. (203 threads)
[2025-05-04T23:32:27.990+0000][574.380s][info ][gc,start    ] GC(79) Pause Young (Normal) (G1 Evacuation Pause)
[2025-05-04T23:32:27.990+0000][574.381s][info ][gc,task     ] GC(79) Using 8 workers of 8 for evacuation
[2025-05-04T23:32:28.011+0000][574.402s][info ][gc,phases   ] GC(79)   Pre Evacuate Collection Set: 0.4ms
[2025-05-04T23:32:28.012+0000][574.402s][info ][gc,phases   ] GC(79)   Merge Heap Roots: 0.3ms
[2025-05-04T23:32:28.012+0000][574.403s][info ][gc,phases   ] GC(79)   Evacuate Collection Set: 16.4ms
[2025-05-04T23:32:28.013+0000][574.403s][info ][gc,phases   ] GC(79)   Post Evacuate Collection Set: 3.2ms
[2025-05-04T23:32:28.013+0000][574.404s][info ][gc,phases   ] GC(79)   Other: 1.1ms
[2025-05-04T23:32:28.014+0000][574.404s][info ][gc,heap     ] GC(79) Eden regions: 84->0(86)
[2025-05-04T23:32:28.014+0000][574.404s][info ][gc,heap     ] GC(79) Survivor regions: 8->6(12)
[2025-05-04T23:32:28.014+0000][574.405s][info ][gc,heap     ] GC(79) Old regions: 82->84
[2025-05-04T23:32:28.015+0000][574.405s][info ][gc,heap     ] GC(79) Archive regions: 2->2
[2025-05-04T23:32:28.015+0000][574.406s][info ][gc,heap     ] GC(79) Humongous regions: 3->3
[2025-05-04T23:32:28.016+0000][574.406s][info ][gc,metaspace] GC(79) Metaspace: 189821K(191360K)->189821K(191360K) NonClass: 166805K(167616K)->166805K(167616K) Class: 23015K(23744K)->23015K(23744K)
[2025-05-04T23:32:28.016+0000][574.406s][info ][gc          ] GC(79) Pause Young (Normal) (G1 Evacuation Pause) 354M->186M(416M) 26.072ms
[2025-05-04T23:32:28.017+0000][574.407s][info ][gc,cpu      ] GC(79) User=0.11s Sys=0.01s Real=0.02s
[2025-05-04T23:32:28.019+0000][574.409s][info ][safepoint   ] Safepoint "G1CollectForAllocation", Time since last: 34236409572 ns, Reaching safepoint: 542729 ns, Cleanup: 8001 ns, At safepoint: 28655352 ns, Total: 29206082 ns
[2025-05-04T23:32:31.019+0000][577.410s][debug][safepoint   ] Safepoint synchronization initiated using futex wait barrier. (203 threads)
[2025-05-04T23:32:31.020+0000][577.410s][info ][safepoint   ] Safepoint "Cleanup", Time since last: 3000889218 ns, Reaching safepoint: 500827 ns, Cleanup: 15901 ns, At safepoint: 9401 ns, Total: 526129 ns
[2025-05-04T23:33:06.023+0000][612.416s][debug][safepoint   ] Safepoint synchronization initiated using futex wait barrier. (203 threads)
[2025-05-04T23:33:06.023+0000][612.416s][info ][safepoint   ] Safepoint "Cleanup", Time since last: 35005326697 ns, Reaching safepoint: 309717 ns, Cleanup: 12801 ns, At safepoint: 4800 ns, Total: 327318 ns
[2025-05-04T23:33:09.024+0000][615.417s][debug][safepoint   ] Safepoint synchronization initiated using futex wait barrier. (203 threads)
[2025-05-04T23:33:09.024+0000][615.417s][info ][safepoint   ] Safepoint "Cleanup", Time since last: 3000585053 ns, Reaching safepoint: 341419 ns, Cleanup: 20701 ns, At safepoint: 10001 ns, Total: 372121 ns
[2025-05-04T23:33:31.027+0000][637.420s][debug][safepoint   ] Safepoint synchronization initiated using futex wait barrier. (199 threads)
[2025-05-04T23:33:31.027+0000][637.420s][info ][safepoint   ] Safepoint "Cleanup", Time since last: 22003109344 ns, Reaching safepoint: 311717 ns, Cleanup: 12800 ns, At safepoint: 5601 ns, Total: 330118 ns
[2025-05-04T23:33:51.028+0000][657.423s][debug][safepoint   ] Safepoint synchronization initiated using futex wait barrier. (199 threads)
[2025-05-04T23:33:51.028+0000][657.423s][info ][safepoint   ] Safepoint "Cleanup", Time since last: 20002569506 ns, Reaching safepoint: 304716 ns, Cleanup: 17901 ns, At safepoint: 8600 ns, Total: 331217 ns
[2025-05-04T23:33:53.029+0000][659.424s][debug][safepoint   ] Safepoint synchronization initiated using futex wait barrier. (199 threads)
[2025-05-04T23:33:53.029+0000][659.424s][info ][safepoint   ] Safepoint "Cleanup", Time since last: 2000376758 ns, Reaching safepoint: 254913 ns, Cleanup: 12101 ns, At safepoint: 4900 ns, Total: 271914 ns
[2025-05-04T23:33:56.029+0000][662.424s][debug][safepoint   ] Safepoint synchronization initiated using futex wait barrier. (199 threads)
[2025-05-04T23:33:56.030+0000][662.425s][info ][safepoint   ] Safepoint "Cleanup", Time since last: 3000450316 ns, Reaching safepoint: 309216 ns, Cleanup: 18801 ns, At safepoint: 6801 ns, Total: 334818 ns
[2025-05-04T23:34:21.030+0000][687.428s][debug][safepoint   ] Safepoint synchronization initiated using futex wait barrier. (197 threads)
[2025-05-04T23:34:21.030+0000][687.428s][info ][safepoint   ] Safepoint "Cleanup", Time since last: 25003222091 ns, Reaching safepoint: 355933 ns, Cleanup: 11301 ns, At safepoint: 4501 ns, Total: 371735 ns
[2025-05-04T23:34:51.033+0000][717.433s][debug][safepoint   ] Safepoint synchronization initiated using futex wait barrier. (197 threads)
[2025-05-04T23:34:51.033+0000][717.434s][info ][safepoint   ] Safepoint "Cleanup", Time since last: 30004690802 ns, Reaching safepoint: 428023 ns, Cleanup: 18105 ns, At safepoint: 7102 ns, Total: 453230 ns
[2025-05-04T23:34:51.820+0000][718.220s][debug][safepoint   ] Safepoint synchronization initiated using futex wait barrier. (197 threads)
[2025-05-04T23:34:51.821+0000][718.221s][info ][gc,start    ] GC(80) Pause Young (Normal) (G1 Evacuation Pause)
[2025-05-04T23:34:51.821+0000][718.222s][info ][gc,task     ] GC(80) Using 8 workers of 8 for evacuation
[2025-05-04T23:34:51.841+0000][718.241s][info ][gc,phases   ] GC(80)   Pre Evacuate Collection Set: 0.6ms
[2025-05-04T23:34:51.841+0000][718.241s][info ][gc,phases   ] GC(80)   Merge Heap Roots: 0.4ms
[2025-05-04T23:34:51.841+0000][718.242s][info ][gc,phases   ] GC(80)   Evacuate Collection Set: 16.1ms
[2025-05-04T23:34:51.842+0000][718.242s][info ][gc,phases   ] GC(80)   Post Evacuate Collection Set: 1.7ms
[2025-05-04T23:34:51.842+0000][718.242s][info ][gc,phases   ] GC(80)   Other: 1.1ms
[2025-05-04T23:34:51.842+0000][718.242s][info ][gc,heap     ] GC(80) Eden regions: 86->0(86)
[2025-05-04T23:34:51.842+0000][718.242s][info ][gc,heap     ] GC(80) Survivor regions: 6->6(12)
[2025-05-04T23:34:51.842+0000][718.242s][info ][gc,heap     ] GC(80) Old regions: 84->84
[2025-05-04T23:34:51.842+0000][718.243s][info ][gc,heap     ] GC(80) Archive regions: 2->2
[2025-05-04T23:34:51.843+0000][718.243s][info ][gc,heap     ] GC(80) Humongous regions: 3->3
[2025-05-04T23:34:51.843+0000][718.243s][info ][gc,metaspace] GC(80) Metaspace: 189886K(191424K)->189886K(191424K) NonClass: 166871K(167680K)->166871K(167680K) Class: 23015K(23744K)->23015K(23744K)
[2025-05-04T23:34:51.843+0000][718.243s][info ][gc          ] GC(80) Pause Young (Normal) (G1 Evacuation Pause) 358M->186M(416M) 22.043ms
[2025-05-04T23:34:51.843+0000][718.243s][info ][gc,cpu      ] GC(80) User=0.12s Sys=0.01s Real=0.02s
[2025-05-04T23:34:51.843+0000][718.244s][info ][safepoint   ] Safepoint "G1CollectForAllocation", Time since last: 786819702 ns, Reaching safepoint: 644184 ns, Cleanup: 9203 ns, At safepoint: 22635893 ns, Total: 23289280 ns
[2025-05-04T23:35:57.847+0000][784.253s][debug][safepoint   ] Safepoint synchronization initiated using futex wait barrier. (196 threads)
[2025-05-04T23:35:57.847+0000][784.253s][info ][safepoint   ] Safepoint "Cleanup", Time since last: 66009180893 ns, Reaching safepoint: 360534 ns, Cleanup: 14902 ns, At safepoint: 7101 ns, Total: 382537 ns
[2025-05-04T23:36:06.849+0000][793.255s][debug][safepoint   ] Safepoint synchronization initiated using futex wait barrier. (196 threads)
[2025-05-04T23:36:06.849+0000][793.255s][info ][safepoint   ] Safepoint "Cleanup", Time since last: 9001519326 ns, Reaching safepoint: 309427 ns, Cleanup: 34303 ns, At safepoint: 6701 ns, Total: 350431 ns
[2025-05-04T23:36:08.850+0000][795.255s][debug][safepoint   ] Safepoint synchronization initiated using futex wait barrier. (196 threads)
[2025-05-04T23:36:08.850+0000][795.256s][info ][safepoint   ] Safepoint "Cleanup", Time since last: 2000429042 ns, Reaching safepoint: 236421 ns, Cleanup: 19102 ns, At safepoint: 5201 ns, Total: 260724 ns
[2025-05-04T23:36:12.849+0000][799.256s][debug][safepoint   ] Safepoint synchronization initiated using futex wait barrier. (196 threads)
[2025-05-04T23:36:12.849+0000][799.257s][info ][safepoint   ] Safepoint "Cleanup", Time since last: 4000657399 ns, Reaching safepoint: 348325 ns, Cleanup: 11901 ns, At safepoint: 6501 ns, Total: 366727 ns
[2025-05-04T23:36:27.851+0000][814.259s][debug][safepoint   ] Safepoint synchronization initiated using futex wait barrier. (195 threads)
[2025-05-04T23:36:27.852+0000][814.259s][info ][safepoint   ] Safepoint "Cleanup", Time since last: 15002121432 ns, Reaching safepoint: 390732 ns, Cleanup: 13201 ns, At safepoint: 6701 ns, Total: 410634 ns
[2025-05-04T23:36:42.852+0000][829.262s][debug][safepoint   ] Safepoint synchronization initiated using futex wait barrier. (195 threads)
[2025-05-04T23:36:42.852+0000][829.262s][info ][safepoint   ] Safepoint "Cleanup", Time since last: 15002338578 ns, Reaching safepoint: 683055 ns, Cleanup: 21001 ns, At safepoint: 13001 ns, Total: 717057 ns
[2025-05-04T23:36:58.856+0000][845.266s][debug][safepoint   ] Safepoint synchronization initiated using futex wait barrier. (195 threads)
[2025-05-04T23:36:58.857+0000][845.266s][info ][safepoint   ] Safepoint "Cleanup", Time since last: 16003342427 ns, Reaching safepoint: 728158 ns, Cleanup: 22102 ns, At safepoint: 12601 ns, Total: 762861 ns
[2025-05-04T23:37:00.857+0000][847.267s][debug][safepoint   ] Safepoint synchronization initiated using futex wait barrier. (195 threads)
[2025-05-04T23:37:00.858+0000][847.268s][info ][safepoint   ] Safepoint "Cleanup", Time since last: 2000802972 ns, Reaching safepoint: 548344 ns, Cleanup: 16501 ns, At safepoint: 10101 ns, Total: 574946 ns
[2025-05-04T23:37:10.858+0000][857.270s][debug][safepoint   ] Safepoint synchronization initiated using futex wait barrier. (195 threads)
[2025-05-04T23:37:10.858+0000][857.270s][info ][safepoint   ] Safepoint "Cleanup", Time since last: 10001719874 ns, Reaching safepoint: 357328 ns, Cleanup: 10501 ns, At safepoint: 4800 ns, Total: 372629 ns
[2025-05-04T23:37:11.208+0000][857.620s][debug][safepoint   ] Safepoint synchronization initiated using futex wait barrier. (195 threads)
[2025-05-04T23:37:11.209+0000][857.621s][info ][gc,start    ] GC(81) Pause Young (Normal) (G1 Evacuation Pause)
[2025-05-04T23:37:11.209+0000][857.621s][info ][gc,task     ] GC(81) Using 8 workers of 8 for evacuation
[2025-05-04T23:37:11.216+0000][857.628s][info ][gc,phases   ] GC(81)   Pre Evacuate Collection Set: 0.2ms
[2025-05-04T23:37:11.216+0000][857.628s][info ][gc,phases   ] GC(81)   Merge Heap Roots: 0.2ms
[2025-05-04T23:37:11.216+0000][857.628s][info ][gc,phases   ] GC(81)   Evacuate Collection Set: 5.3ms
[2025-05-04T23:37:11.217+0000][857.629s][info ][gc,phases   ] GC(81)   Post Evacuate Collection Set: 1.1ms
[2025-05-04T23:37:11.217+0000][857.629s][info ][gc,phases   ] GC(81)   Other: 0.5ms
[2025-05-04T23:37:11.217+0000][857.629s][info ][gc,heap     ] GC(81) Eden regions: 86->0(84)
[2025-05-04T23:37:11.217+0000][857.629s][info ][gc,heap     ] GC(81) Survivor regions: 6->7(12)
[2025-05-04T23:37:11.217+0000][857.629s][info ][gc,heap     ] GC(81) Old regions: 84->84
[2025-05-04T23:37:11.217+0000][857.629s][info ][gc,heap     ] GC(81) Archive regions: 2->2
[2025-05-04T23:37:11.218+0000][857.630s][info ][gc,heap     ] GC(81) Humongous regions: 3->3
[2025-05-04T23:37:11.218+0000][857.630s][info ][gc,metaspace] GC(81) Metaspace: 190060K(191552K)->190060K(191552K) NonClass: 167045K(167808K)->167045K(167808K) Class: 23015K(23744K)->23015K(23744K)
[2025-05-04T23:37:11.218+0000][857.630s][info ][gc          ] GC(81) Pause Young (Normal) (G1 Evacuation Pause) 358M->186M(416M) 9.341ms
[2025-05-04T23:37:11.218+0000][857.630s][info ][gc,cpu      ] GC(81) User=0.05s Sys=0.00s Real=0.01s
[2025-05-04T23:37:11.218+0000][857.630s][info ][safepoint   ] Safepoint "G1CollectForAllocation", Time since last: 350313783 ns, Reaching safepoint: 308325 ns, Cleanup: 5800 ns, At safepoint: 9748868 ns, Total: 10062993 ns
[2025-05-04T23:37:12.219+0000][858.631s][debug][safepoint   ] Safepoint synchronization initiated using futex wait barrier. (195 threads)
[2025-05-04T23:37:12.219+0000][858.631s][info ][safepoint   ] Safepoint "Cleanup", Time since last: 1000256758 ns, Reaching safepoint: 272122 ns, Cleanup: 14301 ns, At safepoint: 6000 ns, Total: 292423 ns
[2025-05-04T23:37:14.219+0000][860.631s][debug][safepoint   ] Safepoint synchronization initiated using futex wait barrier. (195 threads)
[2025-05-04T23:37:14.220+0000][860.632s][info ][safepoint   ] Safepoint "Cleanup", Time since last: 2000577823 ns, Reaching safepoint: 509240 ns, Cleanup: 22002 ns, At safepoint: 13501 ns, Total: 544743 ns
[2025-05-04T23:37:33.223+0000][879.635s][debug][safepoint   ] Safepoint synchronization initiated using futex wait barrier. (195 threads)
[2025-05-04T23:37:33.223+0000][879.635s][info ][safepoint   ] Safepoint "Cleanup", Time since last: 19002935682 ns, Reaching safepoint: 512539 ns, Cleanup: 20502 ns, At safepoint: 11001 ns, Total: 544042 ns
[2025-05-04T23:37:51.224+0000][897.638s][debug][safepoint   ] Safepoint synchronization initiated using futex wait barrier. (195 threads)
[2025-05-04T23:37:51.224+0000][897.639s][info ][safepoint   ] Safepoint "Cleanup", Time since last: 18003024072 ns, Reaching safepoint: 236619 ns, Cleanup: 14301 ns, At safepoint: 5901 ns, Total: 256821 ns
[2025-05-04T23:38:03.226+0000][909.641s][debug][safepoint   ] Safepoint synchronization initiated using futex wait barrier. (195 threads)
[2025-05-04T23:38:03.227+0000][909.641s][info ][safepoint   ] Safepoint "Cleanup", Time since last: 12002195094 ns, Reaching safepoint: 247019 ns, Cleanup: 17101 ns, At safepoint: 4901 ns, Total: 269021 ns
[2025-05-04T23:38:51.230+0000][957.649s][debug][safepoint   ] Safepoint synchronization initiated using futex wait barrier. (195 threads)
[2025-05-04T23:38:51.230+0000][957.649s][info ][safepoint   ] Safepoint "Cleanup", Time since last: 48007411121 ns, Reaching safepoint: 355827 ns, Cleanup: 20001 ns, At safepoint: 13001 ns, Total: 388829 ns
[2025-05-04T23:38:58.231+0000][964.650s][debug][safepoint   ] Safepoint synchronization initiated using futex wait barrier. (195 threads)
[2025-05-04T23:38:58.232+0000][964.651s][info ][safepoint   ] Safepoint "Cleanup", Time since last: 7001188772 ns, Reaching safepoint: 309124 ns, Cleanup: 10301 ns, At safepoint: 5000 ns, Total: 324425 ns
[2025-05-04T23:39:00.232+0000][966.651s][debug][safepoint   ] Safepoint synchronization initiated using futex wait barrier. (195 threads)
[2025-05-04T23:39:00.232+0000][966.651s][info ][safepoint   ] Safepoint "Cleanup", Time since last: 2000581141 ns, Reaching safepoint: 205316 ns, Cleanup: 12301 ns, At safepoint: 4400 ns, Total: 222017 ns
[2025-05-04T23:39:01.233+0000][967.652s][debug][safepoint   ] Safepoint synchronization initiated using futex wait barrier. (195 threads)
[2025-05-04T23:39:01.233+0000][967.652s][info ][safepoint   ] Safepoint "Cleanup", Time since last: 1000214086 ns, Reaching safepoint: 203215 ns, Cleanup: 11501 ns, At safepoint: 5200 ns, Total: 219916 ns
[2025-05-04T23:39:02.233+0000][968.652s][debug][safepoint   ] Safepoint synchronization initiated using futex wait barrier. (195 threads)
[2025-05-04T23:39:02.234+0000][968.653s][info ][safepoint   ] Safepoint "Cleanup", Time since last: 1000321494 ns, Reaching safepoint: 708654 ns, Cleanup: 28302 ns, At safepoint: 18001 ns, Total: 754957 ns
[2025-05-04T23:39:03.235+0000][969.654s][debug][safepoint   ] Safepoint synchronization initiated using futex wait barrier. (195 threads)
[2025-05-04T23:39:03.236+0000][969.655s][info ][safepoint   ] Safepoint "Cleanup", Time since last: 1000980344 ns, Reaching safepoint: 1070281 ns, Cleanup: 41904 ns, At safepoint: 20001 ns, Total: 1132186 ns
[2025-05-04T23:39:04.237+0000][970.656s][debug][safepoint   ] Safepoint synchronization initiated using futex wait barrier. (195 threads)
[2025-05-04T23:39:04.237+0000][970.656s][info ][safepoint   ] Safepoint "Cleanup", Time since last: 1000814131 ns, Reaching safepoint: 239118 ns, Cleanup: 13201 ns, At safepoint: 6401 ns, Total: 258720 ns
[2025-05-04T23:39:06.238+0000][972.656s][debug][safepoint   ] Safepoint synchronization initiated using futex wait barrier. (196 threads)
[2025-05-04T23:39:06.238+0000][972.657s][info ][safepoint   ] Safepoint "Cleanup", Time since last: 2000404169 ns, Reaching safepoint: 208616 ns, Cleanup: 23902 ns, At safepoint: 4600 ns, Total: 237118 ns
[2025-05-04T23:39:08.488+0000][974.907s][debug][safepoint   ] Safepoint synchronization initiated using futex wait barrier. (195 threads)
[2025-05-04T23:39:08.492+0000][974.911s][info ][gc,start    ] GC(82) Pause Young (Normal) (G1 Evacuation Pause)
[2025-05-04T23:39:08.492+0000][974.911s][info ][gc,task     ] GC(82) Using 8 workers of 8 for evacuation
[2025-05-04T23:39:08.504+0000][974.923s][info ][gc,phases   ] GC(82)   Pre Evacuate Collection Set: 0.3ms
[2025-05-04T23:39:08.505+0000][974.923s][info ][gc,phases   ] GC(82)   Merge Heap Roots: 0.2ms
[2025-05-04T23:39:08.505+0000][974.924s][info ][gc,phases   ] GC(82)   Evacuate Collection Set: 9.0ms
[2025-05-04T23:39:08.506+0000][974.925s][info ][gc,phases   ] GC(82)   Post Evacuate Collection Set: 1.6ms
[2025-05-04T23:39:08.506+0000][974.925s][info ][gc,phases   ] GC(82)   Other: 1.1ms
[2025-05-04T23:39:08.506+0000][974.925s][info ][gc,heap     ] GC(82) Eden regions: 84->0(84)
[2025-05-04T23:39:08.507+0000][974.926s][info ][gc,heap     ] GC(82) Survivor regions: 7->6(12)
[2025-05-04T23:39:08.507+0000][974.926s][info ][gc,heap     ] GC(82) Old regions: 84->84
[2025-05-04T23:39:08.507+0000][974.926s][info ][gc,heap     ] GC(82) Archive regions: 2->2
[2025-05-04T23:39:08.507+0000][974.926s][info ][gc,heap     ] GC(82) Humongous regions: 5->5
[2025-05-04T23:39:08.507+0000][974.926s][info ][gc,metaspace] GC(82) Metaspace: 190237K(191744K)->190237K(191744K) NonClass: 167217K(168000K)->167217K(168000K) Class: 23019K(23744K)->23019K(23744K)
[2025-05-04T23:39:08.508+0000][974.926s][info ][gc          ] GC(82) Pause Young (Normal) (G1 Evacuation Pause) 358M->189M(416M) 15.621ms
[2025-05-04T23:39:08.508+0000][974.927s][info ][gc,cpu      ] GC(82) User=0.06s Sys=0.00s Real=0.01s
[2025-05-04T23:39:08.513+0000][974.932s][info ][safepoint   ] Safepoint "G1CollectForAllocation", Time since last: 2250258534 ns, Reaching safepoint: 3503863 ns, Cleanup: 308223 ns, At safepoint: 21457006 ns, Total: 25269092 ns
[2025-05-04T23:39:09.514+0000][975.933s][debug][safepoint   ] Safepoint synchronization initiated using futex wait barrier. (194 threads)
[2025-05-04T23:39:09.515+0000][975.933s][info ][safepoint   ] Safepoint "Cleanup", Time since last: 1001030549 ns, Reaching safepoint: 192815 ns, Cleanup: 21501 ns, At safepoint: 4301 ns, Total: 218617 ns
[2025-05-04T23:39:10.515+0000][976.934s][debug][safepoint   ] Safepoint synchronization initiated using futex wait barrier. (197 threads)
[2025-05-04T23:39:10.515+0000][976.934s][info ][safepoint   ] Safepoint "Cleanup", Time since last: 1000246090 ns, Reaching safepoint: 389229 ns, Cleanup: 52304 ns, At safepoint: 14401 ns, Total: 455934 ns
[2025-05-04T23:39:24.515+0000][990.936s][debug][safepoint   ] Safepoint synchronization initiated using futex wait barrier. (197 threads)
[2025-05-04T23:39:24.515+0000][990.936s][info ][safepoint   ] Safepoint "Cleanup", Time since last: 14001781120 ns, Reaching safepoint: 306423 ns, Cleanup: 23702 ns, At safepoint: 6301 ns, Total: 336426 ns
[2025-05-04T23:39:41.516+0000][1007.939s][debug][safepoint   ] Safepoint synchronization initiated using futex wait barrier. (197 threads)
[2025-05-04T23:39:41.516+0000][1007.939s][info ][safepoint   ] Safepoint "Cleanup", Time since last: 17002453894 ns, Reaching safepoint: 257218 ns, Cleanup: 12001 ns, At safepoint: 5800 ns, Total: 275019 ns
[2025-05-04T23:39:51.518+0000][1017.941s][debug][safepoint   ] Safepoint synchronization initiated using futex wait barrier. (197 threads)
[2025-05-04T23:39:51.518+0000][1017.941s][info ][safepoint   ] Safepoint "Cleanup", Time since last: 10001606595 ns, Reaching safepoint: 605646 ns, Cleanup: 23202 ns, At safepoint: 11600 ns, Total: 640448 ns
[2025-05-04T23:39:53.519+0000][1019.942s][debug][safepoint   ] Safepoint synchronization initiated using futex wait barrier. (197 threads)
[2025-05-04T23:39:53.519+0000][1019.942s][info ][safepoint   ] Safepoint "Cleanup", Time since last: 2000709135 ns, Reaching safepoint: 233518 ns, Cleanup: 11901 ns, At safepoint: 5400 ns, Total: 250819 ns
[2025-05-04T23:40:01.214+0000][1027.637s][debug][safepoint   ] Safepoint synchronization initiated using futex wait barrier. (197 threads)
[2025-05-04T23:40:01.215+0000][1027.638s][info ][safepoint   ] Safepoint "Cleanup", Time since last: 7695156152 ns, Reaching safepoint: 379128 ns, Cleanup: 45904 ns, At safepoint: 10401 ns, Total: 435433 ns
[2025-05-04T23:40:07.337+0000][1033.760s][debug][safepoint   ] Safepoint synchronization initiated using futex wait barrier. (201 threads)
[2025-05-04T23:40:07.339+0000][1033.762s][info ][safepoint   ] Safepoint "Cleanup", Time since last: 6122078959 ns, Reaching safepoint: 2433466 ns, Cleanup: 45103 ns, At safepoint: 33202 ns, Total: 2511771 ns
[2025-05-04T23:40:08.340+0000][1034.763s][debug][safepoint   ] Safepoint synchronization initiated using futex wait barrier. (203 threads)
[2025-05-04T23:40:08.341+0000][1034.764s][info ][safepoint   ] Safepoint "Cleanup", Time since last: 1000681750 ns, Reaching safepoint: 447630 ns, Cleanup: 120408 ns, At safepoint: 37003 ns, Total: 605041 ns
[2025-05-04T23:40:09.341+0000][1035.764s][debug][safepoint   ] Safepoint synchronization initiated using futex wait barrier. (208 threads)
[2025-05-04T23:40:09.341+0000][1035.764s][info ][safepoint   ] Safepoint "Cleanup", Time since last: 1000377029 ns, Reaching safepoint: 272518 ns, Cleanup: 60004 ns, At safepoint: 6401 ns, Total: 338923 ns
[2025-05-04T23:40:09.603+0000][1036.026s][debug][safepoint   ] Safepoint synchronization initiated using futex wait barrier. (207 threads)
[2025-05-04T23:40:09.603+0000][1036.026s][info ][gc,start    ] GC(83) Pause Young (Normal) (G1 Evacuation Pause)
[2025-05-04T23:40:09.603+0000][1036.026s][info ][gc,task     ] GC(83) Using 8 workers of 8 for evacuation
[2025-05-04T23:40:09.611+0000][1036.034s][info ][gc,phases   ] GC(83)   Pre Evacuate Collection Set: 0.2ms
[2025-05-04T23:40:09.612+0000][1036.035s][info ][gc,phases   ] GC(83)   Merge Heap Roots: 0.1ms
[2025-05-04T23:40:09.612+0000][1036.035s][info ][gc,phases   ] GC(83)   Evacuate Collection Set: 5.5ms
[2025-05-04T23:40:09.612+0000][1036.035s][info ][gc,phases   ] GC(83)   Post Evacuate Collection Set: 1.9ms
[2025-05-04T23:40:09.613+0000][1036.036s][info ][gc,phases   ] GC(83)   Other: 0.6ms
[2025-05-04T23:40:09.613+0000][1036.036s][info ][gc,heap     ] GC(83) Eden regions: 84->0(84)
[2025-05-04T23:40:09.613+0000][1036.037s][info ][gc,heap     ] GC(83) Survivor regions: 6->7(12)
[2025-05-04T23:40:09.614+0000][1036.037s][info ][gc,heap     ] GC(83) Old regions: 84->84
[2025-05-04T23:40:09.614+0000][1036.037s][info ][gc,heap     ] GC(83) Archive regions: 2->2
[2025-05-04T23:40:09.614+0000][1036.038s][info ][gc,heap     ] GC(83) Humongous regions: 9->3
[2025-05-04T23:40:09.615+0000][1036.038s][info ][gc,metaspace] GC(83) Metaspace: 191381K(192832K)->191381K(192832K) NonClass: 168231K(168960K)->168231K(168960K) Class: 23149K(23872K)->23149K(23872K)
[2025-05-04T23:40:09.615+0000][1036.038s][info ][gc          ] GC(83) Pause Young (Normal) (G1 Evacuation Pause) 365M->187M(416M) 11.873ms
[2025-05-04T23:40:09.615+0000][1036.038s][info ][gc,cpu      ] GC(83) User=0.05s Sys=0.00s Real=0.02s
[2025-05-04T23:40:09.615+0000][1036.039s][info ][safepoint   ] Safepoint "G1CollectForAllocation", Time since last: 261307570 ns, Reaching safepoint: 356324 ns, Cleanup: 15501 ns, At safepoint: 12444246 ns, Total: 12816071 ns
[2025-05-04T23:40:11.614+0000][1038.039s][debug][safepoint   ] Safepoint synchronization initiated using futex wait barrier. (206 threads)
[2025-05-04T23:40:11.614+0000][1038.039s][info ][safepoint   ] Safepoint "Cleanup", Time since last: 2000357647 ns, Reaching safepoint: 213009 ns, Cleanup: 13101 ns, At safepoint: 4100 ns, Total: 230210 ns
[2025-05-04T23:40:16.614+0000][1043.040s][debug][safepoint   ] Safepoint synchronization initiated using futex wait barrier. (206 threads)
[2025-05-04T23:40:16.615+0000][1043.041s][info ][safepoint   ] Safepoint "Cleanup", Time since last: 5000691730 ns, Reaching safepoint: 763434 ns, Cleanup: 62403 ns, At safepoint: 13901 ns, Total: 839738 ns
[2025-05-04T23:40:18.616+0000][1045.041s][debug][safepoint   ] Safepoint synchronization initiated using futex wait barrier. (206 threads)
[2025-05-04T23:40:18.616+0000][1045.042s][info ][safepoint   ] Safepoint "Cleanup", Time since last: 2000663229 ns, Reaching safepoint: 215110 ns, Cleanup: 21200 ns, At safepoint: 4901 ns, Total: 241211 ns
[2025-05-04T23:40:26.617+0000][1053.042s][debug][safepoint   ] Safepoint synchronization initiated using futex wait barrier. (206 threads)
[2025-05-04T23:40:26.617+0000][1053.043s][info ][safepoint   ] Safepoint "Cleanup", Time since last: 8000941977 ns, Reaching safepoint: 216517 ns, Cleanup: 18402 ns, At safepoint: 4700 ns, Total: 239619 ns
[2025-05-04T23:40:34.618+0000][1061.044s][debug][safepoint   ] Safepoint synchronization initiated using futex wait barrier. (207 threads)
[2025-05-04T23:40:34.619+0000][1061.044s][info ][safepoint   ] Safepoint "Cleanup", Time since last: 8001006790 ns, Reaching safepoint: 376728 ns, Cleanup: 47304 ns, At safepoint: 9701 ns, Total: 433733 ns
[2025-05-04T23:40:41.618+0000][1068.045s][debug][safepoint   ] Safepoint synchronization initiated using futex wait barrier. (207 threads)
[2025-05-04T23:40:41.618+0000][1068.046s][info ][safepoint   ] Safepoint "Cleanup", Time since last: 7001104806 ns, Reaching safepoint: 693846 ns, Cleanup: 73305 ns, At safepoint: 37703 ns, Total: 804854 ns
[2025-05-04T23:40:43.619+0000][1070.047s][debug][safepoint   ] Safepoint synchronization initiated using futex wait barrier. (207 threads)
[2025-05-04T23:40:43.620+0000][1070.047s][info ][safepoint   ] Safepoint "Cleanup", Time since last: 2000749485 ns, Reaching safepoint: 500037 ns, Cleanup: 24502 ns, At safepoint: 12600 ns, Total: 537139 ns
[2025-05-04T23:40:51.621+0000][1078.049s][debug][safepoint   ] Safepoint synchronization initiated using futex wait barrier. (207 threads)
[2025-05-04T23:40:51.622+0000][1078.049s][info ][safepoint   ] Safepoint "Cleanup", Time since last: 8001520569 ns, Reaching safepoint: 343025 ns, Cleanup: 19501 ns, At safepoint: 6401 ns, Total: 368927 ns
[2025-05-04T23:40:53.622+0000][1080.050s][debug][safepoint   ] Safepoint synchronization initiated using futex wait barrier. (207 threads)
[2025-05-04T23:40:53.622+0000][1080.050s][info ][safepoint   ] Safepoint "Cleanup", Time since last: 2000369676 ns, Reaching safepoint: 245718 ns, Cleanup: 18202 ns, At safepoint: 5300 ns, Total: 269220 ns
[2025-05-04T23:40:55.240+0000][1081.668s][debug][safepoint   ] Safepoint synchronization initiated using futex wait barrier. (209 threads)
[2025-05-04T23:40:55.240+0000][1081.668s][info ][safepoint   ] Safepoint "Cleanup", Time since last: 1618025793 ns, Reaching safepoint: 250718 ns, Cleanup: 19502 ns, At safepoint: 5500 ns, Total: 275720 ns
[2025-05-04T23:40:56.241+0000][1082.668s][debug][safepoint   ] Safepoint synchronization initiated using futex wait barrier. (209 threads)
[2025-05-04T23:40:56.241+0000][1082.669s][info ][safepoint   ] Safepoint "Cleanup", Time since last: 1000253694 ns, Reaching safepoint: 242318 ns, Cleanup: 17501 ns, At safepoint: 5500 ns, Total: 265319 ns
[2025-05-04T23:40:58.241+0000][1084.669s][debug][safepoint   ] Safepoint synchronization initiated using futex wait barrier. (209 threads)
[2025-05-04T23:40:58.242+0000][1084.670s][info ][safepoint   ] Safepoint "Cleanup", Time since last: 2000418980 ns, Reaching safepoint: 444333 ns, Cleanup: 15001 ns, At safepoint: 8101 ns, Total: 467435 ns
[2025-05-04T23:41:01.243+0000][1087.670s][debug][safepoint   ] Safepoint synchronization initiated using futex wait barrier. (209 threads)
[2025-05-04T23:41:01.243+0000][1087.671s][info ][safepoint   ] Safepoint "Cleanup", Time since last: 3000733748 ns, Reaching safepoint: 225817 ns, Cleanup: 14001 ns, At safepoint: 5100 ns, Total: 244918 ns
[2025-05-04T23:41:02.243+0000][1088.671s][debug][safepoint   ] Safepoint synchronization initiated using futex wait barrier. (209 threads)
[2025-05-04T23:41:02.243+0000][1088.671s][info ][safepoint   ] Safepoint "Cleanup", Time since last: 1000236388 ns, Reaching safepoint: 240017 ns, Cleanup: 14702 ns, At safepoint: 4700 ns, Total: 259419 ns
[2025-05-04T23:41:10.245+0000][1096.672s][debug][safepoint   ] Safepoint synchronization initiated using futex wait barrier. (209 threads)
[2025-05-04T23:41:10.245+0000][1096.673s][info ][safepoint   ] Safepoint "Cleanup", Time since last: 8001352315 ns, Reaching safepoint: 475835 ns, Cleanup: 25002 ns, At safepoint: 23601 ns, Total: 524438 ns
[2025-05-04T23:41:11.244+0000][1097.673s][debug][safepoint   ] Safepoint synchronization initiated using futex wait barrier. (209 threads)
[2025-05-04T23:41:11.244+0000][1097.673s][info ][safepoint   ] Safepoint "Cleanup", Time since last: 1000287655 ns, Reaching safepoint: 243518 ns, Cleanup: 12101 ns, At safepoint: 4800 ns, Total: 260419 ns
[2025-05-04T23:41:21.245+0000][1107.675s][debug][safepoint   ] Safepoint synchronization initiated using futex wait barrier. (209 threads)
[2025-05-04T23:41:21.246+0000][1107.675s][info ][safepoint   ] Safepoint "Cleanup", Time since last: 10001446703 ns, Reaching safepoint: 264019 ns, Cleanup: 14301 ns, At safepoint: 5601 ns, Total: 283921 ns
[2025-05-04T23:41:22.246+0000][1108.676s][debug][safepoint   ] Safepoint synchronization initiated using futex wait barrier. (209 threads)
[2025-05-04T23:41:22.246+0000][1108.676s][info ][safepoint   ] Safepoint "Cleanup", Time since last: 1000309472 ns, Reaching safepoint: 266120 ns, Cleanup: 11201 ns, At safepoint: 4900 ns, Total: 282221 ns
[2025-05-04T23:41:24.247+0000][1110.676s][debug][safepoint   ] Safepoint synchronization initiated using futex wait barrier. (209 threads)
[2025-05-04T23:41:24.254+0000][1110.684s][info ][safepoint   ] Safepoint "Cleanup", Time since last: 2000452989 ns, Reaching safepoint: 7534759 ns, Cleanup: 26702 ns, At safepoint: 74406 ns, Total: 7635867 ns
[2025-05-04T23:41:24.545+0000][1110.975s][debug][safepoint   ] Safepoint synchronization initiated using futex wait barrier. (209 threads)
[2025-05-04T23:41:24.551+0000][1110.980s][info ][gc,start    ] GC(84) Pause Young (Normal) (G1 Evacuation Pause)
[2025-05-04T23:41:24.551+0000][1110.981s][info ][gc,task     ] GC(84) Using 8 workers of 8 for evacuation
[2025-05-04T23:41:24.566+0000][1110.996s][info ][gc,phases   ] GC(84)   Pre Evacuate Collection Set: 0.2ms
[2025-05-04T23:41:24.568+0000][1110.997s][info ][gc,phases   ] GC(84)   Merge Heap Roots: 0.1ms
[2025-05-04T23:41:24.568+0000][1110.998s][info ][gc,phases   ] GC(84)   Evacuate Collection Set: 12.7ms
[2025-05-04T23:41:24.568+0000][1110.998s][info ][gc,phases   ] GC(84)   Post Evacuate Collection Set: 1.8ms
[2025-05-04T23:41:24.570+0000][1111.000s][info ][gc,phases   ] GC(84)   Other: 1.1ms
[2025-05-04T23:41:24.571+0000][1111.000s][info ][gc,heap     ] GC(84) Eden regions: 84->0(86)
[2025-05-04T23:41:24.571+0000][1111.001s][info ][gc,heap     ] GC(84) Survivor regions: 7->6(12)
[2025-05-04T23:41:24.571+0000][1111.001s][info ][gc,heap     ] GC(84) Old regions: 84->84
[2025-05-04T23:41:24.571+0000][1111.001s][info ][gc,heap     ] GC(84) Archive regions: 2->2
[2025-05-04T23:41:24.571+0000][1111.001s][info ][gc,heap     ] GC(84) Humongous regions: 6->3
[2025-05-04T23:41:24.572+0000][1111.001s][info ][gc,metaspace] GC(84) Metaspace: 191750K(193280K)->191750K(193280K) NonClass: 168580K(169408K)->168580K(169408K) Class: 23170K(23872K)->23170K(23872K)
[2025-05-04T23:41:24.572+0000][1111.002s][info ][gc          ] GC(84) Pause Young (Normal) (G1 Evacuation Pause) 361M->187M(416M) 21.332ms
[2025-05-04T23:41:24.572+0000][1111.002s][info ][gc,cpu      ] GC(84) User=0.08s Sys=0.00s Real=0.02s
[2025-05-04T23:41:24.573+0000][1111.003s][info ][safepoint   ] Safepoint "G1CollectForAllocation", Time since last: 290638078 ns, Reaching safepoint: 5554412 ns, Cleanup: 29903 ns, At safepoint: 22782691 ns, Total: 28367006 ns
[2025-05-04T23:41:25.574+0000][1112.004s][debug][safepoint   ] Safepoint synchronization initiated using futex wait barrier. (209 threads)
[2025-05-04T23:41:25.591+0000][1112.020s][info ][safepoint   ] Safepoint "Cleanup", Time since last: 1001178533 ns, Reaching safepoint: 16162600 ns, Cleanup: 31502 ns, At safepoint: 15501 ns, Total: 16209603 ns
[2025-05-04T23:41:26.591+0000][1113.021s][debug][safepoint   ] Safepoint synchronization initiated using futex wait barrier. (209 threads)
[2025-05-04T23:41:26.592+0000][1113.021s][info ][safepoint   ] Safepoint "Cleanup", Time since last: 1000613191 ns, Reaching safepoint: 313723 ns, Cleanup: 26102 ns, At safepoint: 6700 ns, Total: 346525 ns
[2025-05-04T23:41:29.179+0000][1115.609s][debug][safepoint   ] Safepoint synchronization initiated using futex wait barrier. (209 threads)
[2025-05-04T23:41:29.180+0000][1115.609s][info ][safepoint   ] Safepoint "Cleanup", Time since last: 2587582816 ns, Reaching safepoint: 370027 ns, Cleanup: 60205 ns, At safepoint: 41703 ns, Total: 471935 ns
[2025-05-04T23:41:30.180+0000][1116.610s][debug][safepoint   ] Safepoint synchronization initiated using futex wait barrier. (209 threads)
[2025-05-04T23:41:30.181+0000][1116.611s][info ][safepoint   ] Safepoint "Cleanup", Time since last: 1000619691 ns, Reaching safepoint: 558841 ns, Cleanup: 143911 ns, At safepoint: 38203 ns, Total: 740955 ns
[2025-05-04T23:41:32.955+0000][1119.385s][debug][safepoint   ] Safepoint synchronization initiated using futex wait barrier. (209 threads)
[2025-05-04T23:41:32.962+0000][1119.392s][info ][safepoint   ] Safepoint "G1TryInitiateConcMark", Time since last: 2773885486 ns, Reaching safepoint: 6791702 ns, Cleanup: 16701 ns, At safepoint: 133610 ns, Total: 6942013 ns
[2025-05-04T23:41:32.963+0000][1119.393s][debug][safepoint   ] Safepoint synchronization initiated using futex wait barrier. (209 threads)
[2025-05-04T23:41:32.965+0000][1119.395s][info ][gc,start    ] GC(85) Pause Young (Concurrent Start) (G1 Humongous Allocation)
[2025-05-04T23:41:32.966+0000][1119.395s][info ][gc,task     ] GC(85) Using 8 workers of 8 for evacuation
[2025-05-04T23:41:32.979+0000][1119.409s][info ][gc,phases   ] GC(85)   Pre Evacuate Collection Set: 0.7ms
[2025-05-04T23:41:32.980+0000][1119.409s][info ][gc,phases   ] GC(85)   Merge Heap Roots: 0.2ms
[2025-05-04T23:41:32.980+0000][1119.409s][info ][gc,phases   ] GC(85)   Evacuate Collection Set: 9.5ms
[2025-05-04T23:41:32.980+0000][1119.410s][info ][gc,phases   ] GC(85)   Post Evacuate Collection Set: 2.3ms
[2025-05-04T23:41:32.980+0000][1119.410s][info ][gc,phases   ] GC(85)   Other: 1.5ms
[2025-05-04T23:41:32.980+0000][1119.410s][info ][gc,heap     ] GC(85) Eden regions: 79->0(86)
[2025-05-04T23:41:32.981+0000][1119.410s][info ][gc,heap     ] GC(85) Survivor regions: 6->6(12)
[2025-05-04T23:41:32.981+0000][1119.411s][info ][gc,heap     ] GC(85) Old regions: 84->84
[2025-05-04T23:41:32.981+0000][1119.411s][info ][gc,heap     ] GC(85) Archive regions: 2->2
[2025-05-04T23:41:32.981+0000][1119.411s][info ][gc,heap     ] GC(85) Humongous regions: 12->3
[2025-05-04T23:41:32.981+0000][1119.411s][info ][gc,metaspace] GC(85) Metaspace: 191861K(193344K)->191861K(193344K) NonClass: 168689K(169472K)->168689K(169472K) Class: 23171K(23872K)->23171K(23872K)
[2025-05-04T23:41:32.982+0000][1119.411s][info ][gc          ] GC(85) Pause Young (Concurrent Start) (G1 Humongous Allocation) 363M->186M(416M) 16.308ms
[2025-05-04T23:41:32.982+0000][1119.411s][info ][gc,cpu      ] GC(85) User=0.06s Sys=0.01s Real=0.02s
[2025-05-04T23:41:32.982+0000][1119.412s][info ][gc          ] GC(86) Concurrent Undo Cycle
[2025-05-04T23:41:32.982+0000][1119.412s][info ][gc,marking  ] GC(86) Concurrent Cleanup for Next Mark
[2025-05-04T23:41:32.983+0000][1119.413s][info ][safepoint   ] Safepoint "G1TryInitiateConcMark", Time since last: 1433906 ns, Reaching safepoint: 1936444 ns, Cleanup: 10300 ns, At safepoint: 17817118 ns, Total: 19763862 ns
[2025-05-04T23:41:32.983+0000][1119.413s][info ][gc,marking  ] GC(86) Concurrent Cleanup for Next Mark 1.359ms
[2025-05-04T23:41:32.984+0000][1119.413s][info ][gc          ] GC(86) Concurrent Undo Cycle 1.810ms
[2025-05-04T23:41:33.984+0000][1120.413s][debug][safepoint   ] Safepoint synchronization initiated using futex wait barrier. (208 threads)
[2025-05-04T23:41:33.984+0000][1120.414s][info ][safepoint   ] Safepoint "Cleanup", Time since last: 1000524489 ns, Reaching safepoint: 353926 ns, Cleanup: 48204 ns, At safepoint: 12101 ns, Total: 414231 ns
[2025-05-04T23:41:34.993+0000][1121.423s][debug][safepoint   ] Safepoint synchronization initiated using futex wait barrier. (208 threads)
[2025-05-04T23:41:34.994+0000][1121.424s][info ][safepoint   ] Safepoint "Cleanup", Time since last: 1009017617 ns, Reaching safepoint: 971871 ns, Cleanup: 27802 ns, At safepoint: 129610 ns, Total: 1129283 ns
[2025-05-04T23:41:35.386+0000][1121.815s][debug][safepoint   ] Safepoint synchronization initiated using futex wait barrier. (208 threads)
[2025-05-04T23:41:35.389+0000][1121.818s][debug][safepoint   ] ... found polling page loop exception at pc = 0x00007fb43915deaa, stub =0x00007fb438af5400
[2025-05-04T23:41:35.389+0000][1121.819s][info ][gc,start    ] GC(87) Pause Young (Concurrent Start) (G1 Humongous Allocation)
[2025-05-04T23:41:35.389+0000][1121.819s][info ][gc,task     ] GC(87) Using 8 workers of 8 for evacuation
[2025-05-04T23:41:35.404+0000][1121.833s][info ][gc,phases   ] GC(87)   Pre Evacuate Collection Set: 0.8ms
[2025-05-04T23:41:35.404+0000][1121.834s][info ][gc,phases   ] GC(87)   Merge Heap Roots: 0.2ms
[2025-05-04T23:41:35.404+0000][1121.834s][info ][gc,phases   ] GC(87)   Evacuate Collection Set: 11.4ms
[2025-05-04T23:41:35.404+0000][1121.834s][info ][gc,phases   ] GC(87)   Post Evacuate Collection Set: 1.5ms
[2025-05-04T23:41:35.405+0000][1121.834s][info ][gc,phases   ] GC(87)   Other: 0.8ms
[2025-05-04T23:41:35.405+0000][1121.834s][info ][gc,heap     ] GC(87) Eden regions: 75->0(86)
[2025-05-04T23:41:35.405+0000][1121.835s][info ][gc,heap     ] GC(87) Survivor regions: 6->5(12)
[2025-05-04T23:41:35.405+0000][1121.835s][info ][gc,heap     ] GC(87) Old regions: 84->86
[2025-05-04T23:41:35.406+0000][1121.835s][info ][gc,heap     ] GC(87) Archive regions: 2->2
[2025-05-04T23:41:35.406+0000][1121.835s][info ][gc,heap     ] GC(87) Humongous regions: 12->3
[2025-05-04T23:41:35.406+0000][1121.835s][info ][gc,metaspace] GC(87) Metaspace: 191899K(193408K)->191899K(193408K) NonClass: 168727K(169536K)->168727K(169536K) Class: 23171K(23872K)->23171K(23872K)
[2025-05-04T23:41:35.406+0000][1121.836s][info ][gc          ] GC(87) Pause Young (Concurrent Start) (G1 Humongous Allocation) 354M->186M(416M) 16.926ms
[2025-05-04T23:41:35.406+0000][1121.836s][info ][gc,cpu      ] GC(87) User=0.08s Sys=0.00s Real=0.01s
[2025-05-04T23:41:35.406+0000][1121.836s][info ][gc          ] GC(88) Concurrent Undo Cycle
[2025-05-04T23:41:35.407+0000][1121.836s][info ][gc,marking  ] GC(88) Concurrent Cleanup for Next Mark
[2025-05-04T23:41:35.407+0000][1121.836s][info ][safepoint   ] Safepoint "G1TryInitiateConcMark", Time since last: 391675464 ns, Reaching safepoint: 3217038 ns, Cleanup: 29403 ns, At safepoint: 17499294 ns, Total: 20745735 ns
[2025-05-04T23:41:35.407+0000][1121.837s][info ][gc,marking  ] GC(88) Concurrent Cleanup for Next Mark 0.767ms
[2025-05-04T23:41:35.410+0000][1121.839s][info ][gc          ] GC(88) Concurrent Undo Cycle 3.157ms
[2025-05-04T23:41:36.407+0000][1122.837s][debug][safepoint   ] Safepoint synchronization initiated using futex wait barrier. (208 threads)
[2025-05-04T23:41:36.408+0000][1122.838s][info ][safepoint   ] Safepoint "Cleanup", Time since last: 1000914817 ns, Reaching safepoint: 943870 ns, Cleanup: 35003 ns, At safepoint: 20401 ns, Total: 999274 ns
[2025-05-04T23:41:42.408+0000][1128.840s][debug][safepoint   ] Safepoint synchronization initiated using futex wait barrier. (208 threads)
[2025-05-04T23:41:42.409+0000][1128.840s][debug][safepoint   ] ... found polling page loop exception at pc = 0x00007fb43990dd7f, stub =0x00007fb438af5400
[2025-05-04T23:41:42.410+0000][1128.841s][info ][safepoint   ] Safepoint "Cleanup", Time since last: 6001539988 ns, Reaching safepoint: 1504708 ns, Cleanup: 17202 ns, At safepoint: 203614 ns, Total: 1725524 ns
[2025-05-04T23:41:43.411+0000][1129.842s][debug][safepoint   ] Safepoint synchronization initiated using futex wait barrier. (208 threads)
[2025-05-04T23:41:43.411+0000][1129.842s][info ][safepoint   ] Safepoint "Cleanup", Time since last: 1000692329 ns, Reaching safepoint: 216815 ns, Cleanup: 13001 ns, At safepoint: 4601 ns, Total: 234417 ns
[2025-05-04T23:41:51.412+0000][1137.843s][debug][safepoint   ] Safepoint synchronization initiated using futex wait barrier. (208 threads)
[2025-05-04T23:41:51.412+0000][1137.844s][info ][safepoint   ] Safepoint "Cleanup", Time since last: 8000999279 ns, Reaching safepoint: 256719 ns, Cleanup: 13001 ns, At safepoint: 5401 ns, Total: 275121 ns
[2025-05-04T23:41:52.412+0000][1138.844s][debug][safepoint   ] Safepoint synchronization initiated using futex wait barrier. (208 threads)
[2025-05-04T23:41:52.413+0000][1138.844s][info ][safepoint   ] Safepoint "Cleanup", Time since last: 1000193013 ns, Reaching safepoint: 236518 ns, Cleanup: 22001 ns, At safepoint: 4901 ns, Total: 263420 ns
[2025-05-04T23:41:53.413+0000][1139.844s][debug][safepoint   ] Safepoint synchronization initiated using futex wait barrier. (206 threads)
[2025-05-04T23:41:53.413+0000][1139.844s][info ][safepoint   ] Safepoint "Cleanup", Time since last: 1000207614 ns, Reaching safepoint: 236518 ns, Cleanup: 19001 ns, At safepoint: 5200 ns, Total: 260719 ns
[2025-05-04T23:41:55.280+0000][1141.711s][debug][safepoint   ] Safepoint synchronization initiated using futex wait barrier. (204 threads)
[2025-05-04T23:41:55.280+0000][1141.711s][info ][safepoint   ] Safepoint "Cleanup", Time since last: 1866442896 ns, Reaching safepoint: 225317 ns, Cleanup: 31302 ns, At safepoint: 6400 ns, Total: 263019 ns
[2025-05-04T23:41:56.280+0000][1142.711s][debug][safepoint   ] Safepoint synchronization initiated using futex wait barrier. (204 threads)
[2025-05-04T23:41:56.280+0000][1142.712s][info ][safepoint   ] Safepoint "Cleanup", Time since last: 1000279828 ns, Reaching safepoint: 273220 ns, Cleanup: 16801 ns, At safepoint: 4800 ns, Total: 294821 ns
[2025-05-04T23:41:59.281+0000][1145.712s][debug][safepoint   ] Safepoint synchronization initiated using futex wait barrier. (204 threads)
[2025-05-04T23:41:59.281+0000][1145.713s][info ][safepoint   ] Safepoint "Cleanup", Time since last: 3000401539 ns, Reaching safepoint: 350726 ns, Cleanup: 10501 ns, At safepoint: 4200 ns, Total: 365427 ns
[2025-05-04T23:42:01.282+0000][1147.713s][debug][safepoint   ] Safepoint synchronization initiated using futex wait barrier. (204 threads)
[2025-05-04T23:42:01.282+0000][1147.713s][info ][safepoint   ] Safepoint "Cleanup", Time since last: 2000485242 ns, Reaching safepoint: 235217 ns, Cleanup: 10901 ns, At safepoint: 4500 ns, Total: 250618 ns
[2025-05-04T23:42:02.282+0000][1148.714s][debug][safepoint   ] Safepoint synchronization initiated using futex wait barrier. (204 threads)
[2025-05-04T23:42:02.283+0000][1148.715s][info ][safepoint   ] Safepoint "Cleanup", Time since last: 1000378731 ns, Reaching safepoint: 921666 ns, Cleanup: 61604 ns, At safepoint: 32603 ns, Total: 1015873 ns
[2025-05-04T23:42:05.437+0000][1151.868s][debug][safepoint   ] Safepoint synchronization initiated using futex wait barrier. (204 threads)
[2025-05-04T23:42:05.438+0000][1151.870s][info ][gc,start    ] GC(89) Pause Young (Normal) (G1 Evacuation Pause)
[2025-05-04T23:42:05.439+0000][1151.871s][info ][gc,task     ] GC(89) Using 8 workers of 8 for evacuation
[2025-05-04T23:42:05.452+0000][1151.883s][info ][gc,phases   ] GC(89)   Pre Evacuate Collection Set: 0.3ms
[2025-05-04T23:42:05.452+0000][1151.884s][info ][gc,phases   ] GC(89)   Merge Heap Roots: 0.1ms
[2025-05-04T23:42:05.453+0000][1151.884s][info ][gc,phases   ] GC(89)   Evacuate Collection Set: 6.9ms
[2025-05-04T23:42:05.454+0000][1151.885s][info ][gc,phases   ] GC(89)   Post Evacuate Collection Set: 4.1ms
[2025-05-04T23:42:05.454+0000][1151.885s][info ][gc,phases   ] GC(89)   Other: 1.9ms
[2025-05-04T23:42:05.454+0000][1151.885s][info ][gc,heap     ] GC(89) Eden regions: 86->0(90)
[2025-05-04T23:42:05.454+0000][1151.886s][info ][gc,heap     ] GC(89) Survivor regions: 5->2(12)
[2025-05-04T23:42:05.454+0000][1151.886s][info ][gc,heap     ] GC(89) Old regions: 86->88
[2025-05-04T23:42:05.454+0000][1151.886s][info ][gc,heap     ] GC(89) Archive regions: 2->2
[2025-05-04T23:42:05.455+0000][1151.886s][info ][gc,heap     ] GC(89) Humongous regions: 12->3
[2025-05-04T23:42:05.455+0000][1151.886s][info ][gc,metaspace] GC(89) Metaspace: 191958K(193536K)->191958K(193536K) NonClass: 168783K(169600K)->168783K(169600K) Class: 23175K(23936K)->23175K(23936K)
[2025-05-04T23:42:05.455+0000][1151.886s][info ][gc          ] GC(89) Pause Young (Normal) (G1 Evacuation Pause) 376M->186M(416M) 16.647ms
[2025-05-04T23:42:05.455+0000][1151.886s][info ][gc,cpu      ] GC(89) User=0.06s Sys=0.01s Real=0.01s
[2025-05-04T23:42:05.456+0000][1151.887s][info ][safepoint   ] Safepoint "G1CollectForAllocation", Time since last: 3153364679 ns, Reaching safepoint: 1431291 ns, Cleanup: 56404 ns, At safepoint: 17695722 ns, Total: 19183417 ns
[2025-05-04T23:42:06.456+0000][1152.888s][debug][safepoint   ] Safepoint synchronization initiated using futex wait barrier. (204 threads)
[2025-05-04T23:42:06.458+0000][1152.890s][info ][safepoint   ] Safepoint "Cleanup", Time since last: 1000295035 ns, Reaching safepoint: 2183439 ns, Cleanup: 31102 ns, At safepoint: 11901 ns, Total: 2226442 ns
[2025-05-04T23:42:18.458+0000][1164.892s][debug][safepoint   ] Safepoint synchronization initiated using futex wait barrier. (208 threads)
[2025-05-04T23:42:18.458+0000][1164.892s][info ][safepoint   ] Safepoint "Cleanup", Time since last: 12001848360 ns, Reaching safepoint: 475334 ns, Cleanup: 38703 ns, At safepoint: 11901 ns, Total: 525938 ns
[2025-05-04T23:42:20.977+0000][1167.412s][debug][safepoint   ] Safepoint synchronization initiated using futex wait barrier. (208 threads)
[2025-05-04T23:42:20.978+0000][1167.412s][info ][gc,start    ] GC(90) Pause Young (Concurrent Start) (G1 Humongous Allocation)
[2025-05-04T23:42:20.979+0000][1167.413s][info ][gc,task     ] GC(90) Using 8 workers of 8 for evacuation
[2025-05-04T23:42:20.986+0000][1167.421s][info ][gc,phases   ] GC(90)   Pre Evacuate Collection Set: 0.5ms
[2025-05-04T23:42:20.987+0000][1167.421s][info ][gc,phases   ] GC(90)   Merge Heap Roots: 0.2ms
[2025-05-04T23:42:20.987+0000][1167.421s][info ][gc,phases   ] GC(90)   Evacuate Collection Set: 4.9ms
[2025-05-04T23:42:20.987+0000][1167.421s][info ][gc,phases   ] GC(90)   Post Evacuate Collection Set: 1.6ms
[2025-05-04T23:42:20.987+0000][1167.421s][info ][gc,phases   ] GC(90)   Other: 0.9ms
[2025-05-04T23:42:20.987+0000][1167.421s][info ][gc,heap     ] GC(90) Eden regions: 87->0(91)
[2025-05-04T23:42:20.987+0000][1167.422s][info ][gc,heap     ] GC(90) Survivor regions: 2->1(12)
[2025-05-04T23:42:20.988+0000][1167.422s][info ][gc,heap     ] GC(90) Old regions: 88->89
[2025-05-04T23:42:20.988+0000][1167.422s][info ][gc,heap     ] GC(90) Archive regions: 2->2
[2025-05-04T23:42:20.988+0000][1167.422s][info ][gc,heap     ] GC(90) Humongous regions: 12->3
[2025-05-04T23:42:20.988+0000][1167.422s][info ][gc,metaspace] GC(90) Metaspace: 192006K(193536K)->192006K(193536K) NonClass: 168828K(169600K)->168828K(169600K) Class: 23178K(23936K)->23178K(23936K)
[2025-05-04T23:42:20.988+0000][1167.422s][info ][gc          ] GC(90) Pause Young (Concurrent Start) (G1 Humongous Allocation) 378M->187M(416M) 9.714ms
[2025-05-04T23:42:20.988+0000][1167.422s][info ][gc,cpu      ] GC(90) User=0.04s Sys=0.00s Real=0.01s
[2025-05-04T23:42:20.988+0000][1167.423s][info ][gc          ] GC(91) Concurrent Undo Cycle
[2025-05-04T23:42:20.989+0000][1167.423s][info ][safepoint   ] Safepoint "G1TryInitiateConcMark", Time since last: 2519393093 ns, Reaching safepoint: 862690 ns, Cleanup: 33003 ns, At safepoint: 10342179 ns, Total: 11237872 ns
[2025-05-04T23:42:20.989+0000][1167.423s][info ][gc,marking  ] GC(91) Concurrent Cleanup for Next Mark
[2025-05-04T23:42:20.990+0000][1167.424s][info ][gc,marking  ] GC(91) Concurrent Cleanup for Next Mark 1.370ms
[2025-05-04T23:42:20.991+0000][1167.425s][info ][gc          ] GC(91) Concurrent Undo Cycle 2.218ms
[2025-05-04T23:42:21.989+0000][1168.423s][debug][safepoint   ] Safepoint synchronization initiated using futex wait barrier. (208 threads)
[2025-05-04T23:42:21.989+0000][1168.423s][info ][safepoint   ] Safepoint "Cleanup", Time since last: 1000458696 ns, Reaching safepoint: 238225 ns, Cleanup: 20602 ns, At safepoint: 4900 ns, Total: 263727 ns
[2025-05-04T23:42:22.990+0000][1169.424s][debug][safepoint   ] Safepoint synchronization initiated using futex wait barrier. (208 threads)
[2025-05-04T23:42:22.990+0000][1169.424s][info ][safepoint   ] Safepoint "Cleanup", Time since last: 1000229673 ns, Reaching safepoint: 262027 ns, Cleanup: 14902 ns, At safepoint: 5500 ns, Total: 282429 ns
[2025-05-04T23:42:25.990+0000][1172.425s][debug][safepoint   ] Safepoint synchronization initiated using futex wait barrier. (208 threads)
[2025-05-04T23:42:25.991+0000][1172.425s][info ][safepoint   ] Safepoint "Cleanup", Time since last: 3000557803 ns, Reaching safepoint: 383140 ns, Cleanup: 38304 ns, At safepoint: 6101 ns, Total: 427545 ns
[2025-05-04T23:42:26.991+0000][1173.425s][debug][safepoint   ] Safepoint synchronization initiated using futex wait barrier. (208 threads)
[2025-05-04T23:42:26.991+0000][1173.426s][info ][safepoint   ] Safepoint "Cleanup", Time since last: 1000233673 ns, Reaching safepoint: 275829 ns, Cleanup: 12601 ns, At safepoint: 20602 ns, Total: 309032 ns
[2025-05-04T23:42:27.949+0000][1174.383s][debug][safepoint   ] Safepoint synchronization initiated using futex wait barrier. (207 threads)
[2025-05-04T23:42:27.950+0000][1174.384s][info ][gc,start    ] GC(92) Pause Young (Concurrent Start) (G1 Humongous Allocation)
[2025-05-04T23:42:27.950+0000][1174.384s][info ][gc,task     ] GC(92) Using 8 workers of 8 for evacuation
[2025-05-04T23:42:27.955+0000][1174.389s][info ][gc,phases   ] GC(92)   Pre Evacuate Collection Set: 0.4ms
[2025-05-04T23:42:27.955+0000][1174.389s][info ][gc,phases   ] GC(92)   Merge Heap Roots: 0.1ms
[2025-05-04T23:42:27.956+0000][1174.390s][info ][gc,phases   ] GC(92)   Evacuate Collection Set: 2.4ms
[2025-05-04T23:42:27.956+0000][1174.390s][info ][gc,phases   ] GC(92)   Post Evacuate Collection Set: 1.5ms
[2025-05-04T23:42:27.956+0000][1174.390s][info ][gc,phases   ] GC(92)   Other: 0.6ms
[2025-05-04T23:42:27.956+0000][1174.390s][info ][gc,heap     ] GC(92) Eden regions: 75->0(90)
[2025-05-04T23:42:27.956+0000][1174.390s][info ][gc,heap     ] GC(92) Survivor regions: 1->1(12)
[2025-05-04T23:42:27.956+0000][1174.391s][info ][gc,heap     ] GC(92) Old regions: 89->90
[2025-05-04T23:42:27.957+0000][1174.391s][info ][gc,heap     ] GC(92) Archive regions: 2->2
[2025-05-04T23:42:27.957+0000][1174.391s][info ][gc,heap     ] GC(92) Humongous regions: 12->3
[2025-05-04T23:42:27.957+0000][1174.391s][info ][gc,metaspace] GC(92) Metaspace: 192026K(193600K)->192026K(193600K) NonClass: 168848K(169664K)->168848K(169664K) Class: 23178K(23936K)->23178K(23936K)
[2025-05-04T23:42:27.957+0000][1174.391s][info ][gc          ] GC(92) Pause Young (Concurrent Start) (G1 Humongous Allocation) 355M->187M(416M) 7.498ms
[2025-05-04T23:42:27.957+0000][1174.391s][info ][gc,cpu      ] GC(92) User=0.03s Sys=0.00s Real=0.01s
[2025-05-04T23:42:27.957+0000][1174.392s][info ][gc          ] GC(93) Concurrent Undo Cycle
[2025-05-04T23:42:27.958+0000][1174.392s][info ][gc,marking  ] GC(93) Concurrent Cleanup for Next Mark
[2025-05-04T23:42:27.958+0000][1174.392s][info ][safepoint   ] Safepoint "G1TryInitiateConcMark", Time since last: 957786459 ns, Reaching safepoint: 290422 ns, Cleanup: 17902 ns, At safepoint: 8324155 ns, Total: 8632479 ns
[2025-05-04T23:42:27.959+0000][1174.393s][info ][gc,marking  ] GC(93) Concurrent Cleanup for Next Mark 1.203ms
[2025-05-04T23:42:27.962+0000][1174.396s][info ][gc          ] GC(93) Concurrent Undo Cycle 4.352ms
[2025-05-04T23:42:28.959+0000][1175.393s][debug][safepoint   ] Safepoint synchronization initiated using futex wait barrier. (208 threads)
[2025-05-04T23:42:28.991+0000][1175.425s][info ][safepoint   ] Safepoint "Cleanup", Time since last: 1001057773 ns, Reaching safepoint: 32060223 ns, Cleanup: 45504 ns, At safepoint: 13601 ns, Total: 32119328 ns
[2025-05-04T23:42:29.735+0000][1176.169s][debug][safepoint   ] Safepoint synchronization initiated using futex wait barrier. (207 threads)
[2025-05-04T23:42:29.737+0000][1176.171s][info ][gc,start    ] GC(94) Pause Young (Concurrent Start) (G1 Humongous Allocation)
[2025-05-04T23:42:29.737+0000][1176.171s][info ][gc,task     ] GC(94) Using 8 workers of 8 for evacuation
[2025-05-04T23:42:29.742+0000][1176.176s][info ][gc,phases   ] GC(94)   Pre Evacuate Collection Set: 0.4ms
[2025-05-04T23:42:29.742+0000][1176.176s][info ][gc,phases   ] GC(94)   Merge Heap Roots: 0.2ms
[2025-05-04T23:42:29.742+0000][1176.176s][info ][gc,phases   ] GC(94)   Evacuate Collection Set: 2.3ms
[2025-05-04T23:42:29.742+0000][1176.176s][info ][gc,phases   ] GC(94)   Post Evacuate Collection Set: 1.2ms
[2025-05-04T23:42:29.743+0000][1176.177s][info ][gc,phases   ] GC(94)   Other: 0.6ms
[2025-05-04T23:42:29.743+0000][1176.177s][info ][gc,heap     ] GC(94) Eden regions: 72->0(90)
[2025-05-04T23:42:29.743+0000][1176.177s][info ][gc,heap     ] GC(94) Survivor regions: 1->1(12)
[2025-05-04T23:42:29.743+0000][1176.177s][info ][gc,heap     ] GC(94) Old regions: 90->90
[2025-05-04T23:42:29.743+0000][1176.177s][info ][gc,heap     ] GC(94) Archive regions: 2->2
[2025-05-04T23:42:29.743+0000][1176.177s][info ][gc,heap     ] GC(94) Humongous regions: 12->3
[2025-05-04T23:42:29.744+0000][1176.178s][info ][gc,metaspace] GC(94) Metaspace: 192061K(193664K)->192061K(193664K) NonClass: 168880K(169728K)->168880K(169728K) Class: 23180K(23936K)->23180K(23936K)
[2025-05-04T23:42:29.745+0000][1176.179s][info ][gc          ] GC(94) Pause Young (Concurrent Start) (G1 Humongous Allocation) 349M->187M(416M) 8.034ms
[2025-05-04T23:42:29.745+0000][1176.179s][info ][gc,cpu      ] GC(94) User=0.02s Sys=0.00s Real=0.01s
[2025-05-04T23:42:29.746+0000][1176.180s][info ][gc          ] GC(95) Concurrent Undo Cycle
[2025-05-04T23:42:29.747+0000][1176.181s][info ][gc,marking  ] GC(95) Concurrent Cleanup for Next Mark
[2025-05-04T23:42:29.746+0000][1176.180s][info ][safepoint   ] Safepoint "G1TryInitiateConcMark", Time since last: 743466503 ns, Reaching safepoint: 2308882 ns, Cleanup: 24302 ns, At safepoint: 9064513 ns, Total: 11397697 ns
[2025-05-04T23:42:29.748+0000][1176.182s][info ][gc,marking  ] GC(95) Concurrent Cleanup for Next Mark 1.107ms
[2025-05-04T23:42:29.751+0000][1176.185s][info ][gc          ] GC(95) Concurrent Undo Cycle 5.449ms
[2025-05-04T23:42:30.748+0000][1177.182s][debug][safepoint   ] Safepoint synchronization initiated using futex wait barrier. (208 threads)
[2025-05-04T23:42:30.748+0000][1177.182s][info ][safepoint   ] Safepoint "Cleanup", Time since last: 1002060953 ns, Reaching safepoint: 269721 ns, Cleanup: 31202 ns, At safepoint: 6801 ns, Total: 307724 ns
[2025-05-04T23:42:33.749+0000][1180.183s][debug][safepoint   ] Safepoint synchronization initiated using futex wait barrier. (208 threads)
[2025-05-04T23:42:33.749+0000][1180.183s][info ][safepoint   ] Safepoint "Cleanup", Time since last: 3000524612 ns, Reaching safepoint: 326025 ns, Cleanup: 10301 ns, At safepoint: 5001 ns, Total: 341327 ns
[2025-05-04T23:42:34.750+0000][1181.184s][debug][safepoint   ] Safepoint synchronization initiated using futex wait barrier. (208 threads)
[2025-05-04T23:42:34.750+0000][1181.184s][info ][safepoint   ] Safepoint "Cleanup", Time since last: 1000390221 ns, Reaching safepoint: 336026 ns, Cleanup: 37903 ns, At safepoint: 5800 ns, Total: 379729 ns
[2025-05-04T23:42:37.751+0000][1184.185s][debug][safepoint   ] Safepoint synchronization initiated using futex wait barrier. (208 threads)
[2025-05-04T23:42:37.752+0000][1184.186s][info ][safepoint   ] Safepoint "Cleanup", Time since last: 3000682697 ns, Reaching safepoint: 1211587 ns, Cleanup: 13501 ns, At safepoint: 7101 ns, Total: 1232189 ns
[2025-05-04T23:42:50.752+0000][1197.188s][debug][safepoint   ] Safepoint synchronization initiated using futex wait barrier. (208 threads)
[2025-05-04T23:42:50.752+0000][1197.188s][info ][safepoint   ] Safepoint "Cleanup", Time since last: 13001883705 ns, Reaching safepoint: 406730 ns, Cleanup: 16001 ns, At safepoint: 6200 ns, Total: 428931 ns
[2025-05-04T23:42:51.753+0000][1198.188s][debug][safepoint   ] Safepoint synchronization initiated using futex wait barrier. (208 threads)
[2025-05-04T23:42:51.753+0000][1198.189s][info ][safepoint   ] Safepoint "Cleanup", Time since last: 1000263219 ns, Reaching safepoint: 245518 ns, Cleanup: 12100 ns, At safepoint: 5601 ns, Total: 263219 ns
[2025-05-04T23:42:56.308+0000][1202.744s][debug][safepoint   ] Safepoint synchronization initiated using futex wait barrier. (208 threads)
[2025-05-04T23:42:56.308+0000][1202.744s][info ][safepoint   ] Safepoint "Cleanup", Time since last: 4554919687 ns, Reaching safepoint: 395128 ns, Cleanup: 51104 ns, At safepoint: 15201 ns, Total: 461433 ns
[2025-05-04T23:43:04.310+0000][1210.746s][debug][safepoint   ] Safepoint synchronization initiated using futex wait barrier. (208 threads)
[2025-05-04T23:43:04.311+0000][1210.746s][info ][safepoint   ] Safepoint "Cleanup", Time since last: 8001654904 ns, Reaching safepoint: 588842 ns, Cleanup: 25102 ns, At safepoint: 12201 ns, Total: 626145 ns
[2025-05-04T23:43:11.310+0000][1217.748s][debug][safepoint   ] Safepoint synchronization initiated using futex wait barrier. (208 threads)
[2025-05-04T23:43:11.310+0000][1217.748s][info ][safepoint   ] Safepoint "Cleanup", Time since last: 7001368152 ns, Reaching safepoint: 223816 ns, Cleanup: 38802 ns, At safepoint: 6801 ns, Total: 269419 ns
[2025-05-04T23:43:11.949+0000][1218.386s][debug][safepoint   ] Safepoint synchronization initiated using futex wait barrier. (209 threads)
[2025-05-04T23:43:11.949+0000][1218.387s][info ][gc,start    ] GC(96) Pause Young (Normal) (G1 Evacuation Pause)
[2025-05-04T23:43:11.949+0000][1218.387s][info ][gc,task     ] GC(96) Using 8 workers of 8 for evacuation
[2025-05-04T23:43:11.954+0000][1218.392s][info ][gc,phases   ] GC(96)   Pre Evacuate Collection Set: 0.4ms
[2025-05-04T23:43:11.954+0000][1218.392s][info ][gc,phases   ] GC(96)   Merge Heap Roots: 0.2ms
[2025-05-04T23:43:11.954+0000][1218.392s][info ][gc,phases   ] GC(96)   Evacuate Collection Set: 2.5ms
[2025-05-04T23:43:11.954+0000][1218.392s][info ][gc,phases   ] GC(96)   Post Evacuate Collection Set: 1.3ms
[2025-05-04T23:43:11.954+0000][1218.392s][info ][gc,phases   ] GC(96)   Other: 0.4ms
[2025-05-04T23:43:11.955+0000][1218.393s][info ][gc,heap     ] GC(96) Eden regions: 90->0(90)
[2025-05-04T23:43:11.955+0000][1218.393s][info ][gc,heap     ] GC(96) Survivor regions: 1->1(12)
[2025-05-04T23:43:11.955+0000][1218.393s][info ][gc,heap     ] GC(96) Old regions: 90->90
[2025-05-04T23:43:11.955+0000][1218.393s][info ][gc,heap     ] GC(96) Archive regions: 2->2
[2025-05-04T23:43:11.956+0000][1218.393s][info ][gc,heap     ] GC(96) Humongous regions: 12->3
[2025-05-04T23:43:11.956+0000][1218.393s][info ][gc,metaspace] GC(96) Metaspace: 192137K(193728K)->192137K(193728K) NonClass: 168956K(169792K)->168956K(169792K) Class: 23181K(23936K)->23181K(23936K)
[2025-05-04T23:43:11.956+0000][1218.394s][info ][gc          ] GC(96) Pause Young (Normal) (G1 Evacuation Pause) 385M->187M(416M) 6.778ms
[2025-05-04T23:43:11.956+0000][1218.394s][info ][gc,cpu      ] GC(96) User=0.01s Sys=0.01s Real=0.01s
[2025-05-04T23:43:11.956+0000][1218.394s][info ][safepoint   ] Safepoint "G1CollectForAllocation", Time since last: 638207837 ns, Reaching safepoint: 533637 ns, Cleanup: 23902 ns, At safepoint: 7337410 ns, Total: 7894949 ns
[2025-05-04T23:43:12.957+0000][1219.395s][debug][safepoint   ] Safepoint synchronization initiated using futex wait barrier. (207 threads)
[2025-05-04T23:43:12.958+0000][1219.395s][info ][safepoint   ] Safepoint "Cleanup", Time since last: 1000390599 ns, Reaching safepoint: 797255 ns, Cleanup: 29002 ns, At safepoint: 16501 ns, Total: 842758 ns
[2025-05-04T23:43:13.958+0000][1220.396s][debug][safepoint   ] Safepoint synchronization initiated using futex wait barrier. (208 threads)
[2025-05-04T23:43:13.991+0000][1220.429s][info ][safepoint   ] Safepoint "Cleanup", Time since last: 1000665418 ns, Reaching safepoint: 32630867 ns, Cleanup: 34603 ns, At safepoint: 18001 ns, Total: 32683471 ns
[2025-05-04T23:43:23.993+0000][1230.431s][debug][safepoint   ] Safepoint synchronization initiated using futex wait barrier. (207 threads)
[2025-05-04T23:43:23.994+0000][1230.431s][info ][safepoint   ] Safepoint "Cleanup", Time since last: 10002350562 ns, Reaching safepoint: 263319 ns, Cleanup: 20401 ns, At safepoint: 6501 ns, Total: 290221 ns
[2025-05-04T23:43:24.994+0000][1231.432s][debug][safepoint   ] Safepoint synchronization initiated using futex wait barrier. (207 threads)
[2025-05-04T23:43:24.994+0000][1231.432s][info ][safepoint   ] Safepoint "Cleanup", Time since last: 1000319183 ns, Reaching safepoint: 305822 ns, Cleanup: 15101 ns, At safepoint: 5300 ns, Total: 326223 ns
[2025-05-04T23:43:25.995+0000][1232.432s][debug][safepoint   ] Safepoint synchronization initiated using futex wait barrier. (207 threads)
[2025-05-04T23:43:25.995+0000][1232.433s][info ][safepoint   ] Safepoint "Cleanup", Time since last: 1000270980 ns, Reaching safepoint: 379327 ns, Cleanup: 27202 ns, At safepoint: 13001 ns, Total: 419530 ns
[2025-05-04T23:43:29.996+0000][1236.434s][debug][safepoint   ] Safepoint synchronization initiated using futex wait barrier. (207 threads)
[2025-05-04T23:43:29.997+0000][1236.434s][info ][safepoint   ] Safepoint "Cleanup", Time since last: 4000821002 ns, Reaching safepoint: 886763 ns, Cleanup: 35702 ns, At safepoint: 16502 ns, Total: 938967 ns
[2025-05-04T23:43:33.998+0000][1240.436s][debug][safepoint   ] Safepoint synchronization initiated using futex wait barrier. (208 threads)
[2025-05-04T23:43:33.999+0000][1240.436s][info ][safepoint   ] Safepoint "Cleanup", Time since last: 4001103270 ns, Reaching safepoint: 312922 ns, Cleanup: 387927 ns, At safepoint: 108908 ns, Total: 809757 ns
[2025-05-04T23:43:34.999+0000][1241.437s][debug][safepoint   ] Safepoint synchronization initiated using futex wait barrier. (208 threads)
[2025-05-04T23:43:34.999+0000][1241.437s][info ][safepoint   ] Safepoint "Cleanup", Time since last: 1000351009 ns, Reaching safepoint: 273119 ns, Cleanup: 19402 ns, At safepoint: 5200 ns, Total: 297721 ns
[2025-05-04T23:43:40.998+0000][1247.438s][debug][safepoint   ] Safepoint synchronization initiated using futex wait barrier. (209 threads)
[2025-05-04T23:43:40.999+0000][1247.439s][info ][safepoint   ] Safepoint "Cleanup", Time since last: 6001002582 ns, Reaching safepoint: 737549 ns, Cleanup: 28802 ns, At safepoint: 17401 ns, Total: 783752 ns
[2025-05-04T23:43:51.001+0000][1257.441s][debug][safepoint   ] Safepoint synchronization initiated using futex wait barrier. (209 threads)
[2025-05-04T23:43:51.002+0000][1257.441s][info ][safepoint   ] Safepoint "Cleanup", Time since last: 10001950448 ns, Reaching safepoint: 591242 ns, Cleanup: 19101 ns, At safepoint: 50604 ns, Total: 660947 ns
[2025-05-04T23:44:04.816+0000][1271.256s][debug][safepoint   ] Safepoint synchronization initiated using futex wait barrier. (209 threads)
[2025-05-04T23:44:04.816+0000][1271.256s][info ][gc,start    ] GC(97) Pause Young (Normal) (G1 Evacuation Pause)
[2025-05-04T23:44:04.817+0000][1271.256s][info ][gc,task     ] GC(97) Using 8 workers of 8 for evacuation
[2025-05-04T23:44:04.820+0000][1271.260s][info ][gc,phases   ] GC(97)   Pre Evacuate Collection Set: 0.2ms
[2025-05-04T23:44:04.821+0000][1271.260s][info ][gc,phases   ] GC(97)   Merge Heap Roots: 0.1ms
[2025-05-04T23:44:04.821+0000][1271.261s][info ][gc,phases   ] GC(97)   Evacuate Collection Set: 2.0ms
[2025-05-04T23:44:04.821+0000][1271.261s][info ][gc,phases   ] GC(97)   Post Evacuate Collection Set: 1.1ms
[2025-05-04T23:44:04.821+0000][1271.261s][info ][gc,phases   ] GC(97)   Other: 0.5ms
[2025-05-04T23:44:04.821+0000][1271.261s][info ][gc,heap     ] GC(97) Eden regions: 90->0(90)
[2025-05-04T23:44:04.822+0000][1271.262s][info ][gc,heap     ] GC(97) Survivor regions: 1->1(12)
[2025-05-04T23:44:04.822+0000][1271.262s][info ][gc,heap     ] GC(97) Old regions: 90->90
[2025-05-04T23:44:04.822+0000][1271.262s][info ][gc,heap     ] GC(97) Archive regions: 2->2
[2025-05-04T23:44:04.822+0000][1271.262s][info ][gc,heap     ] GC(97) Humongous regions: 9->3
[2025-05-04T23:44:04.823+0000][1271.262s][info ][gc,metaspace] GC(97) Metaspace: 192390K(193920K)->192390K(193920K) NonClass: 169181K(169984K)->169181K(169984K) Class: 23209K(23936K)->23209K(23936K)
[2025-05-04T23:44:04.823+0000][1271.263s][info ][gc          ] GC(97) Pause Young (Normal) (G1 Evacuation Pause) 379M->187M(416M) 6.414ms
[2025-05-04T23:44:04.823+0000][1271.263s][info ][gc,cpu      ] GC(97) User=0.02s Sys=0.00s Real=0.01s
[2025-05-04T23:44:04.823+0000][1271.263s][info ][safepoint   ] Safepoint "G1CollectForAllocation", Time since last: 13814387757 ns, Reaching safepoint: 300919 ns, Cleanup: 27202 ns, At safepoint: 6972941 ns, Total: 7301062 ns
[2025-05-04T23:44:05.824+0000][1272.264s][debug][safepoint   ] Safepoint synchronization initiated using futex wait barrier. (209 threads)
[2025-05-04T23:44:05.825+0000][1272.264s][info ][safepoint   ] Safepoint "Cleanup", Time since last: 1000452457 ns, Reaching safepoint: 782350 ns, Cleanup: 99206 ns, At safepoint: 20101 ns, Total: 901657 ns
[2025-05-04T23:44:06.825+0000][1273.265s][debug][safepoint   ] Safepoint synchronization initiated using futex wait barrier. (209 threads)
[2025-05-04T23:44:06.826+0000][1273.266s][info ][safepoint   ] Safepoint "Cleanup", Time since last: 1000780978 ns, Reaching safepoint: 408726 ns, Cleanup: 70305 ns, At safepoint: 18101 ns, Total: 497132 ns
[2025-05-04T23:44:08.827+0000][1275.266s][debug][safepoint   ] Safepoint synchronization initiated using futex wait barrier. (209 threads)
[2025-05-04T23:44:08.827+0000][1275.267s][info ][safepoint   ] Safepoint "Cleanup", Time since last: 2000721402 ns, Reaching safepoint: 323521 ns, Cleanup: 16401 ns, At safepoint: 7000 ns, Total: 346922 ns
[2025-05-04T23:44:09.827+0000][1276.267s][debug][safepoint   ] Safepoint synchronization initiated using futex wait barrier. (209 threads)
[2025-05-04T23:44:09.828+0000][1276.267s][info ][safepoint   ] Safepoint "Cleanup", Time since last: 1000273646 ns, Reaching safepoint: 334521 ns, Cleanup: 19001 ns, At safepoint: 26302 ns, Total: 379824 ns
[2025-05-04T23:44:10.826+0000][1277.268s][debug][safepoint   ] Safepoint synchronization initiated using futex wait barrier. (209 threads)
[2025-05-04T23:44:10.826+0000][1277.268s][info ][safepoint   ] Safepoint "Cleanup", Time since last: 1000328548 ns, Reaching safepoint: 294219 ns, Cleanup: 16601 ns, At safepoint: 6601 ns, Total: 317421 ns
[2025-05-04T23:44:11.827+0000][1278.268s][debug][safepoint   ] Safepoint synchronization initiated using futex wait barrier. (209 threads)
[2025-05-04T23:44:11.827+0000][1278.269s][info ][safepoint   ] Safepoint "Cleanup", Time since last: 1000293176 ns, Reaching safepoint: 364496 ns, Cleanup: 20500 ns, At safepoint: 11100 ns, Total: 396096 ns
[2025-05-04T23:44:18.828+0000][1285.270s][debug][safepoint   ] Safepoint synchronization initiated using futex wait barrier. (209 threads)
[2025-05-04T23:44:18.829+0000][1285.271s][info ][safepoint   ] Safepoint "Cleanup", Time since last: 7001331608 ns, Reaching safepoint: 383127 ns, Cleanup: 18001 ns, At safepoint: 5200 ns, Total: 406328 ns
[2025-05-04T23:44:19.829+0000][1286.271s][debug][safepoint   ] Safepoint synchronization initiated using futex wait barrier. (209 threads)
[2025-05-04T23:44:19.830+0000][1286.271s][info ][safepoint   ] Safepoint "Cleanup", Time since last: 1000425211 ns, Reaching safepoint: 418834 ns, Cleanup: 17501 ns, At safepoint: 7701 ns, Total: 444036 ns
[2025-05-04T23:44:21.830+0000][1288.272s][debug][safepoint   ] Safepoint synchronization initiated using futex wait barrier. (209 threads)
[2025-05-04T23:44:21.830+0000][1288.272s][info ][safepoint   ] Safepoint "Cleanup", Time since last: 2000501109 ns, Reaching safepoint: 297824 ns, Cleanup: 12401 ns, At safepoint: 7001 ns, Total: 317226 ns
[2025-05-04T23:44:22.831+0000][1289.272s][debug][safepoint   ] Safepoint synchronization initiated using futex wait barrier. (209 threads)
[2025-05-04T23:44:22.831+0000][1289.273s][info ][safepoint   ] Safepoint "Cleanup", Time since last: 1000249104 ns, Reaching safepoint: 230419 ns, Cleanup: 19001 ns, At safepoint: 5101 ns, Total: 254521 ns
[2025-05-04T23:44:24.831+0000][1291.273s][debug][safepoint   ] Safepoint synchronization initiated using futex wait barrier. (209 threads)
[2025-05-04T23:44:24.832+0000][1291.273s][info ][safepoint   ] Safepoint "Cleanup", Time since last: 2000394801 ns, Reaching safepoint: 237319 ns, Cleanup: 22801 ns, At safepoint: 5101 ns, Total: 265221 ns
[2025-05-04T23:44:26.832+0000][1293.274s][debug][safepoint   ] Safepoint synchronization initiated using futex wait barrier. (209 threads)
[2025-05-04T23:44:26.832+0000][1293.274s][info ][safepoint   ] Safepoint "Cleanup", Time since last: 2000342696 ns, Reaching safepoint: 233219 ns, Cleanup: 20602 ns, At safepoint: 5500 ns, Total: 259321 ns
[2025-05-04T23:44:34.833+0000][1301.275s][debug][safepoint   ] Safepoint synchronization initiated using futex wait barrier. (209 threads)
[2025-05-04T23:44:34.834+0000][1301.276s][info ][safepoint   ] Safepoint "Cleanup", Time since last: 8001065585 ns, Reaching safepoint: 366526 ns, Cleanup: 78406 ns, At safepoint: 20701 ns, Total: 465633 ns
[2025-05-04T23:44:35.834+0000][1302.276s][debug][safepoint   ] Safepoint synchronization initiated using futex wait barrier. (209 threads)
[2025-05-04T23:44:35.835+0000][1302.276s][info ][safepoint   ] Safepoint "Cleanup", Time since last: 1000449506 ns, Reaching safepoint: 410624 ns, Cleanup: 24102 ns, At safepoint: 8200 ns, Total: 442926 ns
[2025-05-04T23:44:36.835+0000][1303.277s][debug][safepoint   ] Safepoint synchronization initiated using futex wait barrier. (208 threads)
[2025-05-04T23:44:36.835+0000][1303.277s][info ][safepoint   ] Safepoint "Cleanup", Time since last: 1000357957 ns, Reaching safepoint: 228013 ns, Cleanup: 15001 ns, At safepoint: 5900 ns, Total: 248914 ns
[2025-05-04T23:44:40.834+0000][1307.278s][debug][safepoint   ] Safepoint synchronization initiated using futex wait barrier. (208 threads)
[2025-05-04T23:44:40.834+0000][1307.278s][info ][safepoint   ] Safepoint "Cleanup", Time since last: 4000636180 ns, Reaching safepoint: 227313 ns, Cleanup: 11701 ns, At safepoint: 4800 ns, Total: 243814 ns
[2025-05-04T23:44:42.835+0000][1309.278s][debug][safepoint   ] Safepoint synchronization initiated using futex wait barrier. (208 threads)
[2025-05-04T23:44:42.835+0000][1309.279s][info ][safepoint   ] Safepoint "Cleanup", Time since last: 2000320590 ns, Reaching safepoint: 325619 ns, Cleanup: 16601 ns, At safepoint: 25601 ns, Total: 367821 ns
[2025-05-04T23:44:50.272+0000][1316.716s][debug][safepoint   ] Safepoint synchronization initiated using futex wait barrier. (208 threads)
[2025-05-04T23:44:50.274+0000][1316.718s][info ][gc,start    ] GC(98) Pause Young (Normal) (G1 Evacuation Pause)
[2025-05-04T23:44:50.275+0000][1316.718s][info ][gc,task     ] GC(98) Using 8 workers of 8 for evacuation
[2025-05-04T23:44:50.279+0000][1316.723s][info ][gc,phases   ] GC(98)   Pre Evacuate Collection Set: 0.3ms
[2025-05-04T23:44:50.279+0000][1316.723s][info ][gc,phases   ] GC(98)   Merge Heap Roots: 0.1ms
[2025-05-04T23:44:50.279+0000][1316.723s][info ][gc,phases   ] GC(98)   Evacuate Collection Set: 1.8ms
[2025-05-04T23:44:50.280+0000][1316.723s][info ][gc,phases   ] GC(98)   Post Evacuate Collection Set: 1.0ms
[2025-05-04T23:44:50.280+0000][1316.723s][info ][gc,phases   ] GC(98)   Other: 1.5ms
[2025-05-04T23:44:50.280+0000][1316.724s][info ][gc,heap     ] GC(98) Eden regions: 90->0(90)
[2025-05-04T23:44:50.280+0000][1316.724s][info ][gc,heap     ] GC(98) Survivor regions: 1->1(12)
[2025-05-04T23:44:50.280+0000][1316.724s][info ][gc,heap     ] GC(98) Old regions: 90->90
[2025-05-04T23:44:50.280+0000][1316.724s][info ][gc,heap     ] GC(98) Archive regions: 2->2
[2025-05-04T23:44:50.281+0000][1316.724s][info ][gc,heap     ] GC(98) Humongous regions: 9->3
[2025-05-04T23:44:50.281+0000][1316.724s][info ][gc,metaspace] GC(98) Metaspace: 192787K(194304K)->192787K(194304K) NonClass: 169514K(170304K)->169514K(170304K) Class: 23273K(24000K)->23273K(24000K)
[2025-05-04T23:44:50.281+0000][1316.725s][info ][gc          ] GC(98) Pause Young (Normal) (G1 Evacuation Pause) 379M->187M(416M) 6.636ms
[2025-05-04T23:44:50.281+0000][1316.725s][info ][gc,cpu      ] GC(98) User=0.02s Sys=0.00s Real=0.00s
[2025-05-04T23:44:50.281+0000][1316.725s][info ][safepoint   ] Safepoint "G1CollectForAllocation", Time since last: 7437547989 ns, Reaching safepoint: 1777519 ns, Cleanup: 10901 ns, At safepoint: 7162077 ns, Total: 8950497 ns
[2025-05-04T23:44:56.365+0000][1322.808s][debug][safepoint   ] Safepoint synchronization initiated using futex wait barrier. (208 threads)
[2025-05-04T23:44:56.380+0000][1322.823s][info ][safepoint   ] Safepoint "Cleanup", Time since last: 6083237185 ns, Reaching safepoint: 14838307 ns, Cleanup: 57604 ns, At safepoint: 15301 ns, Total: 14911212 ns
[2025-05-04T23:45:13.411+0000][1339.856s][debug][safepoint   ] Safepoint synchronization initiated using futex wait barrier. (208 threads)
[2025-05-04T23:45:13.411+0000][1339.856s][info ][safepoint   ] Safepoint "Cleanup", Time since last: 17032780793 ns, Reaching safepoint: 380625 ns, Cleanup: 10900 ns, At safepoint: 5501 ns, Total: 397026 ns
[2025-05-04T23:45:31.414+0000][1357.859s][debug][safepoint   ] Safepoint synchronization initiated using futex wait barrier. (208 threads)
[2025-05-04T23:45:31.414+0000][1357.859s][info ][safepoint   ] Safepoint "Cleanup", Time since last: 18002589280 ns, Reaching safepoint: 292719 ns, Cleanup: 12201 ns, At safepoint: 5300 ns, Total: 310220 ns
[2025-05-04T23:45:47.414+0000][1373.862s][debug][safepoint   ] Safepoint synchronization initiated using futex wait barrier. (203 threads)
[2025-05-04T23:45:47.414+0000][1373.862s][info ][safepoint   ] Safepoint "Cleanup", Time since last: 16002217523 ns, Reaching safepoint: 321107 ns, Cleanup: 18900 ns, At safepoint: 5500 ns, Total: 345507 ns
[2025-05-04T23:46:34.394+0000][1420.843s][debug][safepoint   ] Safepoint synchronization initiated using futex wait barrier. (207 threads)
[2025-05-04T23:46:34.394+0000][1420.843s][info ][safepoint   ] Safepoint "Cleanup", Time since last: 46981128115 ns, Reaching safepoint: 251916 ns, Cleanup: 24102 ns, At safepoint: 5400 ns, Total: 281418 ns
[2025-05-04T23:46:36.394+0000][1422.844s][debug][safepoint   ] Safepoint synchronization initiated using futex wait barrier. (210 threads)
[2025-05-04T23:46:36.395+0000][1422.844s][info ][safepoint   ] Safepoint "Cleanup", Time since last: 2000352452 ns, Reaching safepoint: 237712 ns, Cleanup: 13400 ns, At safepoint: 5101 ns, Total: 256213 ns
[2025-05-04T23:46:53.739+0000][1440.190s][debug][safepoint   ] Safepoint synchronization initiated using futex wait barrier. (210 threads)
[2025-05-04T23:46:53.739+0000][1440.190s][info ][gc,start    ] GC(99) Pause Young (Normal) (G1 Evacuation Pause)
[2025-05-04T23:46:53.739+0000][1440.190s][info ][gc,task     ] GC(99) Using 8 workers of 8 for evacuation
[2025-05-04T23:46:53.743+0000][1440.194s][info ][gc,phases   ] GC(99)   Pre Evacuate Collection Set: 0.2ms
[2025-05-04T23:46:53.743+0000][1440.194s][info ][gc,phases   ] GC(99)   Merge Heap Roots: 0.1ms
[2025-05-04T23:46:53.743+0000][1440.194s][info ][gc,phases   ] GC(99)   Evacuate Collection Set: 1.3ms
[2025-05-04T23:46:53.744+0000][1440.195s][info ][gc,phases   ] GC(99)   Post Evacuate Collection Set: 1.4ms
[2025-05-04T23:46:53.744+0000][1440.195s][info ][gc,phases   ] GC(99)   Other: 0.6ms
[2025-05-04T23:46:53.744+0000][1440.195s][info ][gc,heap     ] GC(99) Eden regions: 90->0(90)
[2025-05-04T23:46:53.744+0000][1440.195s][info ][gc,heap     ] GC(99) Survivor regions: 1->1(12)
[2025-05-04T23:46:53.745+0000][1440.195s][info ][gc,heap     ] GC(99) Old regions: 90->90
[2025-05-04T23:46:53.745+0000][1440.196s][info ][gc,heap     ] GC(99) Archive regions: 2->2
[2025-05-04T23:46:53.745+0000][1440.196s][info ][gc,heap     ] GC(99) Humongous regions: 3->3
[2025-05-04T23:46:53.745+0000][1440.196s][info ][gc,metaspace] GC(99) Metaspace: 192871K(194432K)->192871K(194432K) NonClass: 169597K(170432K)->169597K(170432K) Class: 23273K(24000K)->23273K(24000K)
[2025-05-04T23:46:53.745+0000][1440.196s][info ][gc          ] GC(99) Pause Young (Normal) (G1 Evacuation Pause) 367M->187M(416M) 5.889ms
[2025-05-04T23:46:53.745+0000][1440.196s][info ][gc,cpu      ] GC(99) User=0.01s Sys=0.00s Real=0.00s
[2025-05-04T23:46:53.745+0000][1440.196s][info ][safepoint   ] Safepoint "G1CollectForAllocation", Time since last: 17345730067 ns, Reaching safepoint: 413826 ns, Cleanup: 5100 ns, At safepoint: 6228986 ns, Total: 6647912 ns
[2025-05-04T23:46:55.417+0000][1441.868s][debug][safepoint   ] Safepoint synchronization initiated using futex wait barrier. (210 threads)
[2025-05-04T23:46:55.417+0000][1441.868s][info ][safepoint   ] Safepoint "Cleanup", Time since last: 1671681656 ns, Reaching safepoint: 327320 ns, Cleanup: 34003 ns, At safepoint: 6400 ns, Total: 367723 ns
[2025-05-04T23:47:17.419+0000][1463.872s][debug][safepoint   ] Safepoint synchronization initiated using futex wait barrier. (210 threads)
[2025-05-04T23:47:17.419+0000][1463.872s][info ][safepoint   ] Safepoint "Cleanup", Time since last: 22003348641 ns, Reaching safepoint: 248515 ns, Cleanup: 11601 ns, At safepoint: 4400 ns, Total: 264516 ns
[2025-05-04T23:47:26.421+0000][1472.873s][debug][safepoint   ] Safepoint synchronization initiated using futex wait barrier. (210 threads)
[2025-05-04T23:47:26.421+0000][1472.874s][info ][safepoint   ] Safepoint "Cleanup", Time since last: 9001522727 ns, Reaching safepoint: 337720 ns, Cleanup: 12201 ns, At safepoint: 5201 ns, Total: 355122 ns
[2025-05-04T23:47:51.423+0000][1497.877s][debug][safepoint   ] Safepoint synchronization initiated using futex wait barrier. (203 threads)
[2025-05-04T23:47:51.423+0000][1497.878s][info ][safepoint   ] Safepoint "Cleanup", Time since last: 25003528693 ns, Reaching safepoint: 258716 ns, Cleanup: 11600 ns, At safepoint: 5401 ns, Total: 275717 ns
[2025-05-04T23:48:09.447+0000][1515.901s][debug][safepoint   ] Safepoint synchronization initiated using futex wait barrier. (203 threads)
[2025-05-04T23:48:09.447+0000][1515.902s][info ][safepoint   ] Safepoint "Cleanup", Time since last: 18023788120 ns, Reaching safepoint: 338420 ns, Cleanup: 10501 ns, At safepoint: 4800 ns, Total: 353721 ns
[2025-05-04T23:48:31.449+0000][1537.905s][debug][safepoint   ] Safepoint synchronization initiated using futex wait barrier. (203 threads)
[2025-05-04T23:48:31.449+0000][1537.905s][info ][safepoint   ] Safepoint "Cleanup", Time since last: 22003042723 ns, Reaching safepoint: 315619 ns, Cleanup: 14700 ns, At safepoint: 5501 ns, Total: 335820 ns
[2025-05-04T23:48:32.449+0000][1538.905s][debug][safepoint   ] Safepoint synchronization initiated using futex wait barrier. (203 threads)
[2025-05-04T23:48:32.450+0000][1538.906s][info ][safepoint   ] Safepoint "Cleanup", Time since last: 1000333973 ns, Reaching safepoint: 317519 ns, Cleanup: 14201 ns, At safepoint: 6701 ns, Total: 338421 ns
[2025-05-04T23:48:34.450+0000][1540.906s][debug][safepoint   ] Safepoint synchronization initiated using futex wait barrier. (208 threads)
[2025-05-04T23:48:34.451+0000][1540.907s][info ][safepoint   ] Safepoint "Cleanup", Time since last: 2000387830 ns, Reaching safepoint: 263215 ns, Cleanup: 67905 ns, At safepoint: 31501 ns, Total: 362621 ns
[2025-05-04T23:48:36.451+0000][1542.907s][debug][safepoint   ] Safepoint synchronization initiated using futex wait barrier. (210 threads)
[2025-05-04T23:48:36.451+0000][1542.907s][info ][safepoint   ] Safepoint "Cleanup", Time since last: 2000444849 ns, Reaching safepoint: 364393 ns, Cleanup: 16100 ns, At safepoint: 4800 ns, Total: 385293 ns
[2025-05-04T23:48:37.452+0000][1543.908s][debug][safepoint   ] Safepoint synchronization initiated using futex wait barrier. (210 threads)
[2025-05-04T23:48:37.452+0000][1543.908s][info ][safepoint   ] Safepoint "Cleanup", Time since last: 1000390662 ns, Reaching safepoint: 219496 ns, Cleanup: 11600 ns, At safepoint: 4700 ns, Total: 235796 ns
[2025-05-04T23:48:41.451+0000][1547.909s][debug][safepoint   ] Safepoint synchronization initiated using futex wait barrier. (210 threads)
[2025-05-04T23:48:41.451+0000][1547.909s][info ][safepoint   ] Safepoint "Cleanup", Time since last: 4000802452 ns, Reaching safepoint: 247214 ns, Cleanup: 16001 ns, At safepoint: 6401 ns, Total: 269616 ns
[2025-05-04T23:48:55.688+0000][1562.146s][debug][safepoint   ] Safepoint synchronization initiated using futex wait barrier. (210 threads)
[2025-05-04T23:48:55.689+0000][1562.146s][info ][gc,start    ] GC(100) Pause Young (Normal) (G1 Evacuation Pause)
[2025-05-04T23:48:55.689+0000][1562.147s][info ][gc,task     ] GC(100) Using 8 workers of 8 for evacuation
[2025-05-04T23:48:55.692+0000][1562.149s][info ][gc,phases   ] GC(100)   Pre Evacuate Collection Set: 0.2ms
[2025-05-04T23:48:55.692+0000][1562.150s][info ][gc,phases   ] GC(100)   Merge Heap Roots: 0.1ms
[2025-05-04T23:48:55.692+0000][1562.150s][info ][gc,phases   ] GC(100)   Evacuate Collection Set: 1.3ms
[2025-05-04T23:48:55.692+0000][1562.150s][info ][gc,phases   ] GC(100)   Post Evacuate Collection Set: 0.8ms
[2025-05-04T23:48:55.692+0000][1562.150s][info ][gc,phases   ] GC(100)   Other: 0.8ms
[2025-05-04T23:48:55.693+0000][1562.150s][info ][gc,heap     ] GC(100) Eden regions: 90->0(90)
[2025-05-04T23:48:55.693+0000][1562.150s][info ][gc,heap     ] GC(100) Survivor regions: 1->1(12)
[2025-05-04T23:48:55.693+0000][1562.150s][info ][gc,heap     ] GC(100) Old regions: 90->90
[2025-05-04T23:48:55.693+0000][1562.150s][info ][gc,heap     ] GC(100) Archive regions: 2->2
[2025-05-04T23:48:55.693+0000][1562.151s][info ][gc,heap     ] GC(100) Humongous regions: 3->3
[2025-05-04T23:48:55.693+0000][1562.151s][info ][gc,metaspace] GC(100) Metaspace: 192989K(194560K)->192989K(194560K) NonClass: 169711K(170496K)->169711K(170496K) Class: 23277K(24064K)->23277K(24064K)
[2025-05-04T23:48:55.693+0000][1562.151s][info ][gc          ] GC(100) Pause Young (Normal) (G1 Evacuation Pause) 367M->187M(416M) 4.479ms
[2025-05-04T23:48:55.693+0000][1562.151s][info ][gc,cpu      ] GC(100) User=0.01s Sys=0.00s Real=0.01s
[2025-05-04T23:48:55.693+0000][1562.151s][info ][safepoint   ] Safepoint "G1CollectForAllocation", Time since last: 14236896782 ns, Reaching safepoint: 269416 ns, Cleanup: 4700 ns, At safepoint: 4820877 ns, Total: 5094993 ns
[2025-05-04T23:50:08.508+0000][1634.969s][debug][safepoint   ] Safepoint synchronization initiated using futex wait barrier. (202 threads)
[2025-05-04T23:50:08.508+0000][1634.969s][info ][safepoint   ] Safepoint "Cleanup", Time since last: 72817438807 ns, Reaching safepoint: 323918 ns, Cleanup: 25002 ns, At safepoint: 9500 ns, Total: 358420 ns
[2025-05-04T23:50:09.508+0000][1635.969s][debug][safepoint   ] Safepoint synchronization initiated using futex wait barrier. (202 threads)
[2025-05-04T23:50:09.509+0000][1635.970s][info ][safepoint   ] Safepoint "Cleanup", Time since last: 1000419712 ns, Reaching safepoint: 252815 ns, Cleanup: 11900 ns, At safepoint: 5101 ns, Total: 269816 ns
[2025-05-04T23:50:13.150+0000][1639.613s][debug][safepoint   ] Safepoint synchronization initiated using futex wait barrier. (202 threads)
[2025-05-04T23:50:13.150+0000][1639.613s][info ][gc,start    ] GC(101) Pause Young (Normal) (G1 Evacuation Pause)
[2025-05-04T23:50:13.151+0000][1639.613s][info ][gc,task     ] GC(101) Using 8 workers of 8 for evacuation
[2025-05-04T23:50:13.155+0000][1639.618s][info ][gc,phases   ] GC(101)   Pre Evacuate Collection Set: 0.4ms
[2025-05-04T23:50:13.155+0000][1639.618s][info ][gc,phases   ] GC(101)   Merge Heap Roots: 0.1ms
[2025-05-04T23:50:13.156+0000][1639.618s][info ][gc,phases   ] GC(101)   Evacuate Collection Set: 2.5ms
[2025-05-04T23:50:13.156+0000][1639.618s][info ][gc,phases   ] GC(101)   Post Evacuate Collection Set: 1.2ms
[2025-05-04T23:50:13.156+0000][1639.619s][info ][gc,phases   ] GC(101)   Other: 0.5ms
[2025-05-04T23:50:13.156+0000][1639.619s][info ][gc,heap     ] GC(101) Eden regions: 90->0(90)
[2025-05-04T23:50:13.157+0000][1639.620s][info ][gc,heap     ] GC(101) Survivor regions: 1->1(12)
[2025-05-04T23:50:13.157+0000][1639.620s][info ][gc,heap     ] GC(101) Old regions: 90->90
[2025-05-04T23:50:13.157+0000][1639.620s][info ][gc,heap     ] GC(101) Archive regions: 2->2
[2025-05-04T23:50:13.158+0000][1639.620s][info ][gc,heap     ] GC(101) Humongous regions: 9->3
[2025-05-04T23:50:13.158+0000][1639.620s][info ][gc,metaspace] GC(101) Metaspace: 193007K(194624K)->193007K(194624K) NonClass: 169730K(170560K)->169730K(170560K) Class: 23277K(24064K)->23277K(24064K)
[2025-05-04T23:50:13.158+0000][1639.620s][info ][gc          ] GC(101) Pause Young (Normal) (G1 Evacuation Pause) 379M->187M(416M) 7.505ms
[2025-05-04T23:50:13.158+0000][1639.621s][info ][gc,cpu      ] GC(101) User=0.02s Sys=0.00s Real=0.01s
[2025-05-04T23:50:13.158+0000][1639.621s][info ][safepoint   ] Safepoint "G1CollectForAllocation", Time since last: 3643000874 ns, Reaching safepoint: 335518 ns, Cleanup: 25501 ns, At safepoint: 8032435 ns, Total: 8393454 ns
[2025-05-04T23:50:14.159+0000][1640.621s][debug][safepoint   ] Safepoint synchronization initiated using futex wait barrier. (203 threads)
[2025-05-04T23:50:14.159+0000][1640.622s][info ][safepoint   ] Safepoint "Cleanup", Time since last: 1000349684 ns, Reaching safepoint: 279415 ns, Cleanup: 37502 ns, At safepoint: 8601 ns, Total: 325518 ns
[2025-05-04T23:50:18.160+0000][1644.622s][debug][safepoint   ] Safepoint synchronization initiated using futex wait barrier. (203 threads)
[2025-05-04T23:50:18.160+0000][1644.623s][info ][safepoint   ] Safepoint "Cleanup", Time since last: 4000733701 ns, Reaching safepoint: 392221 ns, Cleanup: 18001 ns, At safepoint: 7301 ns, Total: 417523 ns
[2025-05-04T23:50:19.161+0000][1645.623s][debug][safepoint   ] Safepoint synchronization initiated using futex wait barrier. (203 threads)
[2025-05-04T23:50:19.161+0000][1645.624s][info ][safepoint   ] Safepoint "Cleanup", Time since last: 1000460190 ns, Reaching safepoint: 327918 ns, Cleanup: 18101 ns, At safepoint: 8500 ns, Total: 354519 ns
[2025-05-04T23:50:20.161+0000][1646.624s][debug][safepoint   ] Safepoint synchronization initiated using futex wait barrier. (203 threads)
[2025-05-04T23:50:20.162+0000][1646.624s][info ][safepoint   ] Safepoint "Cleanup", Time since last: 1000319340 ns, Reaching safepoint: 305917 ns, Cleanup: 16001 ns, At safepoint: 4900 ns, Total: 326818 ns
[2025-05-04T23:50:34.154+0000][1660.617s][debug][safepoint   ] Safepoint synchronization initiated using futex wait barrier. (207 threads)
[2025-05-04T23:50:34.155+0000][1660.617s][info ][safepoint   ] Safepoint "Cleanup", Time since last: 13992698687 ns, Reaching safepoint: 392722 ns, Cleanup: 22901 ns, At safepoint: 29501 ns, Total: 445124 ns
[2025-05-04T23:50:35.155+0000][1661.618s][debug][safepoint   ] Safepoint synchronization initiated using futex wait barrier. (207 threads)
[2025-05-04T23:50:35.156+0000][1661.618s][info ][safepoint   ] Safepoint "Cleanup", Time since last: 1000365070 ns, Reaching safepoint: 289616 ns, Cleanup: 48503 ns, At safepoint: 5800 ns, Total: 343919 ns
[2025-05-04T23:50:36.156+0000][1662.618s][debug][safepoint   ] Safepoint synchronization initiated using futex wait barrier. (210 threads)
[2025-05-04T23:50:36.156+0000][1662.619s][info ][safepoint   ] Safepoint "Cleanup", Time since last: 1000347460 ns, Reaching safepoint: 376916 ns, Cleanup: 27601 ns, At safepoint: 14901 ns, Total: 419418 ns
[2025-05-04T23:50:43.156+0000][1669.620s][debug][safepoint   ] Safepoint synchronization initiated using futex wait barrier. (210 threads)
[2025-05-04T23:50:43.156+0000][1669.621s][info ][safepoint   ] Safepoint "Cleanup", Time since last: 7001388052 ns, Reaching safepoint: 428619 ns, Cleanup: 21701 ns, At safepoint: 11801 ns, Total: 462121 ns
[2025-05-04T23:51:11.535+0000][1698.001s][debug][safepoint   ] Safepoint synchronization initiated using futex wait barrier. (210 threads)
[2025-05-04T23:51:11.536+0000][1698.001s][info ][safepoint   ] Safepoint "Cleanup", Time since last: 28380249906 ns, Reaching safepoint: 361500 ns, Cleanup: 33500 ns, At safepoint: 6900 ns, Total: 401900 ns
[2025-05-04T23:51:12.536+0000][1699.002s][debug][safepoint   ] Safepoint synchronization initiated using futex wait barrier. (210 threads)
[2025-05-04T23:51:12.536+0000][1699.002s][info ][safepoint   ] Safepoint "Cleanup", Time since last: 1000355107 ns, Reaching safepoint: 264800 ns, Cleanup: 15100 ns, At safepoint: 6400 ns, Total: 286300 ns
[2025-05-04T23:51:39.540+0000][1726.006s][debug][safepoint   ] Safepoint synchronization initiated using futex wait barrier. (201 threads)
[2025-05-04T23:51:39.540+0000][1726.006s][info ][safepoint   ] Safepoint "Cleanup", Time since last: 27003839778 ns, Reaching safepoint: 314517 ns, Cleanup: 12600 ns, At safepoint: 4601 ns, Total: 331718 ns
[2025-05-04T23:51:51.541+0000][1738.008s][debug][safepoint   ] Safepoint synchronization initiated using futex wait barrier. (201 threads)
[2025-05-04T23:51:51.541+0000][1738.008s][info ][safepoint   ] Safepoint "Cleanup", Time since last: 12001940258 ns, Reaching safepoint: 221412 ns, Cleanup: 11901 ns, At safepoint: 4700 ns, Total: 238013 ns
[2025-05-04T23:51:55.563+0000][1742.030s][debug][safepoint   ] Safepoint synchronization initiated using futex wait barrier. (207 threads)
[2025-05-04T23:51:55.563+0000][1742.031s][info ][safepoint   ] Safepoint "Cleanup", Time since last: 4022053196 ns, Reaching safepoint: 353819 ns, Cleanup: 31102 ns, At safepoint: 6101 ns, Total: 391022 ns
[2025-05-04T23:51:57.564+0000][1744.031s][debug][safepoint   ] Safepoint synchronization initiated using futex wait barrier. (209 threads)
[2025-05-04T23:51:57.565+0000][1744.032s][info ][safepoint   ] Safepoint "Cleanup", Time since last: 2000474679 ns, Reaching safepoint: 684339 ns, Cleanup: 34302 ns, At safepoint: 17801 ns, Total: 736442 ns
[2025-05-04T23:52:01.566+0000][1748.033s][debug][safepoint   ] Safepoint synchronization initiated using futex wait barrier. (209 threads)
[2025-05-04T23:52:01.566+0000][1748.034s][info ][safepoint   ] Safepoint "Cleanup", Time since last: 4000838684 ns, Reaching safepoint: 731641 ns, Cleanup: 26602 ns, At safepoint: 21301 ns, Total: 779544 ns
[2025-05-04T23:52:04.567+0000][1751.035s][debug][safepoint   ] Safepoint synchronization initiated using futex wait barrier. (209 threads)
[2025-05-04T23:52:04.568+0000][1751.036s][info ][safepoint   ] Safepoint "Cleanup", Time since last: 3000944687 ns, Reaching safepoint: 881347 ns, Cleanup: 27702 ns, At safepoint: 20501 ns, Total: 929550 ns
[2025-05-04T23:52:11.314+0000][1757.784s][debug][safepoint   ] Safepoint synchronization initiated using futex wait barrier. (209 threads)
[2025-05-04T23:52:11.314+0000][1757.785s][info ][gc,start    ] GC(102) Pause Young (Normal) (G1 Evacuation Pause)
[2025-05-04T23:52:11.315+0000][1757.785s][info ][gc,task     ] GC(102) Using 8 workers of 8 for evacuation
[2025-05-04T23:52:11.319+0000][1757.789s][info ][gc,phases   ] GC(102)   Pre Evacuate Collection Set: 0.4ms
[2025-05-04T23:52:11.320+0000][1757.790s][info ][gc,phases   ] GC(102)   Merge Heap Roots: 0.2ms
[2025-05-04T23:52:11.320+0000][1757.790s][info ][gc,phases   ] GC(102)   Evacuate Collection Set: 2.2ms
[2025-05-04T23:52:11.320+0000][1757.790s][info ][gc,phases   ] GC(102)   Post Evacuate Collection Set: 1.5ms
[2025-05-04T23:52:11.320+0000][1757.790s][info ][gc,phases   ] GC(102)   Other: 0.6ms
[2025-05-04T23:52:11.320+0000][1757.791s][info ][gc,heap     ] GC(102) Eden regions: 90->0(90)
[2025-05-04T23:52:11.321+0000][1757.791s][info ][gc,heap     ] GC(102) Survivor regions: 1->1(12)
[2025-05-04T23:52:11.321+0000][1757.791s][info ][gc,heap     ] GC(102) Old regions: 90->90
[2025-05-04T23:52:11.321+0000][1757.791s][info ][gc,heap     ] GC(102) Archive regions: 2->2
[2025-05-04T23:52:11.321+0000][1757.791s][info ][gc,heap     ] GC(102) Humongous regions: 3->3
[2025-05-04T23:52:11.321+0000][1757.792s][info ][gc,metaspace] GC(102) Metaspace: 193109K(194752K)->193109K(194752K) NonClass: 169832K(170688K)->169832K(170688K) Class: 23277K(24064K)->23277K(24064K)
[2025-05-04T23:52:11.322+0000][1757.792s][info ][gc          ] GC(102) Pause Young (Normal) (G1 Evacuation Pause) 367M->187M(416M) 7.265ms
[2025-05-04T23:52:11.322+0000][1757.792s][info ][gc,cpu      ] GC(102) User=0.00s Sys=0.02s Real=0.01s
[2025-05-04T23:52:11.322+0000][1757.792s][info ][safepoint   ] Safepoint "G1CollectForAllocation", Time since last: 6748549379 ns, Reaching safepoint: 396021 ns, Cleanup: 6601 ns, At safepoint: 7884022 ns, Total: 8286644 ns
[2025-05-04T23:52:12.323+0000][1758.793s][debug][safepoint   ] Safepoint synchronization initiated using futex wait barrier. (209 threads)
[2025-05-04T23:52:12.323+0000][1758.793s][info ][safepoint   ] Safepoint "Cleanup", Time since last: 1000336040 ns, Reaching safepoint: 215011 ns, Cleanup: 12301 ns, At safepoint: 5100 ns, Total: 232412 ns
[2025-05-04T23:52:13.323+0000][1759.793s][debug][safepoint   ] Safepoint synchronization initiated using futex wait barrier. (209 threads)
[2025-05-04T23:52:13.323+0000][1759.794s][info ][safepoint   ] Safepoint "Cleanup", Time since last: 1000250305 ns, Reaching safepoint: 317017 ns, Cleanup: 20001 ns, At safepoint: 9701 ns, Total: 346719 ns
[2025-05-04T23:52:33.326+0000][1779.796s][debug][safepoint   ] Safepoint synchronization initiated using futex wait barrier. (209 threads)
[2025-05-04T23:52:33.326+0000][1779.797s][info ][safepoint   ] Safepoint "Cleanup", Time since last: 20002836698 ns, Reaching safepoint: 255814 ns, Cleanup: 31402 ns, At safepoint: 11401 ns, Total: 298617 ns
[2025-05-04T23:52:34.327+0000][1780.797s][debug][safepoint   ] Safepoint synchronization initiated using futex wait barrier. (209 threads)
[2025-05-04T23:52:34.327+0000][1780.797s][info ][safepoint   ] Safepoint "Cleanup", Time since last: 1000298421 ns, Reaching safepoint: 224512 ns, Cleanup: 28302 ns, At safepoint: 6300 ns, Total: 259114 ns
[2025-05-04T23:52:35.327+0000][1781.797s][debug][safepoint   ] Safepoint synchronization initiated using futex wait barrier. (211 threads)
[2025-05-04T23:52:35.328+0000][1781.798s][info ][safepoint   ] Safepoint "Cleanup", Time since last: 1000274419 ns, Reaching safepoint: 473327 ns, Cleanup: 24001 ns, At safepoint: 9100 ns, Total: 506428 ns
[2025-05-04T23:52:38.329+0000][1784.799s][debug][safepoint   ] Safepoint synchronization initiated using futex wait barrier. (213 threads)
[2025-05-04T23:52:38.329+0000][1784.799s][info ][safepoint   ] Safepoint "Cleanup", Time since last: 3000675384 ns, Reaching safepoint: 209912 ns, Cleanup: 11601 ns, At safepoint: 4500 ns, Total: 226013 ns
[2025-05-04T23:52:41.329+0000][1787.799s][debug][safepoint   ] Safepoint synchronization initiated using futex wait barrier. (213 threads)
[2025-05-04T23:52:41.329+0000][1787.800s][info ][safepoint   ] Safepoint "Cleanup", Time since last: 3000398987 ns, Reaching safepoint: 209012 ns, Cleanup: 10901 ns, At safepoint: 4900 ns, Total: 224813 ns
[2025-05-04T23:52:43.329+0000][1789.800s][debug][safepoint   ] Safepoint synchronization initiated using futex wait barrier. (213 threads)
[2025-05-04T23:52:43.330+0000][1789.800s][info ][safepoint   ] Safepoint "Cleanup", Time since last: 2000356397 ns, Reaching safepoint: 278816 ns, Cleanup: 13101 ns, At safepoint: 5000 ns, Total: 296917 ns
[2025-05-04T23:52:45.330+0000][1791.801s][debug][safepoint   ] Safepoint synchronization initiated using futex wait barrier. (213 threads)
[2025-05-04T23:52:45.330+0000][1791.801s][info ][safepoint   ] Safepoint "Cleanup", Time since last: 2000488620 ns, Reaching safepoint: 209112 ns, Cleanup: 12001 ns, At safepoint: 5400 ns, Total: 226513 ns
[2025-05-04T23:52:46.331+0000][1792.801s][debug][safepoint   ] Safepoint synchronization initiated using futex wait barrier. (213 threads)
[2025-05-04T23:52:46.331+0000][1792.802s][info ][safepoint   ] Safepoint "Cleanup", Time since last: 1000308003 ns, Reaching safepoint: 451526 ns, Cleanup: 22301 ns, At safepoint: 14901 ns, Total: 488728 ns
[2025-05-04T23:52:48.332+0000][1794.802s][debug][safepoint   ] Safepoint synchronization initiated using futex wait barrier. (213 threads)
[2025-05-04T23:52:48.332+0000][1794.803s][info ][safepoint   ] Safepoint "Cleanup", Time since last: 2000604903 ns, Reaching safepoint: 274716 ns, Cleanup: 13701 ns, At safepoint: 7501 ns, Total: 295918 ns
[2025-05-04T23:52:54.333+0000][1800.804s][debug][safepoint   ] Safepoint synchronization initiated using futex wait barrier. (213 threads)
[2025-05-04T23:52:54.333+0000][1800.804s][info ][safepoint   ] Safepoint "Cleanup", Time since last: 6000959354 ns, Reaching safepoint: 191615 ns, Cleanup: 17802 ns, At safepoint: 4700 ns, Total: 214117 ns
[2025-05-04T23:53:01.591+0000][1808.061s][debug][safepoint   ] Safepoint synchronization initiated using futex wait barrier. (212 threads)
[2025-05-04T23:53:01.591+0000][1808.062s][info ][safepoint   ] Safepoint "Cleanup", Time since last: 7257632904 ns, Reaching safepoint: 220312 ns, Cleanup: 16601 ns, At safepoint: 5600 ns, Total: 242513 ns
[2025-05-04T23:53:08.836+0000][1815.306s][debug][safepoint   ] Safepoint synchronization initiated using futex wait barrier. (212 threads)
[2025-05-04T23:53:08.836+0000][1815.306s][info ][safepoint   ] Safepoint "Cleanup", Time since last: 7244587025 ns, Reaching safepoint: 195508 ns, Cleanup: 8201 ns, At safepoint: 19101 ns, Total: 222810 ns
[2025-05-04T23:53:09.836+0000][1816.307s][debug][safepoint   ] Safepoint synchronization initiated using futex wait barrier. (213 threads)
[2025-05-04T23:53:09.836+0000][1816.307s][info ][safepoint   ] Safepoint "Cleanup", Time since last: 1000224364 ns, Reaching safepoint: 243011 ns, Cleanup: 45202 ns, At safepoint: 7300 ns, Total: 295513 ns
[2025-05-04T23:53:30.837+0000][1837.310s][debug][safepoint   ] Safepoint synchronization initiated using futex wait barrier. (210 threads)
[2025-05-04T23:53:30.837+0000][1837.310s][info ][safepoint   ] Safepoint "Cleanup", Time since last: 21002556354 ns, Reaching safepoint: 248814 ns, Cleanup: 10800 ns, At safepoint: 4701 ns, Total: 264315 ns
[2025-05-04T23:53:32.838+0000][1839.310s][debug][safepoint   ] Safepoint synchronization initiated using futex wait barrier. (210 threads)
[2025-05-04T23:53:32.838+0000][1839.310s][info ][safepoint   ] Safepoint "Cleanup", Time since last: 2000325379 ns, Reaching safepoint: 200411 ns, Cleanup: 11601 ns, At safepoint: 5700 ns, Total: 217712 ns
[2025-05-04T23:53:34.838+0000][1841.311s][debug][safepoint   ] Safepoint synchronization initiated using futex wait barrier. (213 threads)
[2025-05-04T23:53:34.838+0000][1841.311s][info ][safepoint   ] Safepoint "Cleanup", Time since last: 2000290988 ns, Reaching safepoint: 215911 ns, Cleanup: 19802 ns, At safepoint: 5900 ns, Total: 241613 ns
[2025-05-04T23:53:36.839+0000][1843.311s][debug][safepoint   ] Safepoint synchronization initiated using futex wait barrier. (214 threads)
[2025-05-04T23:53:36.839+0000][1843.311s][info ][safepoint   ] Safepoint "Cleanup", Time since last: 2000293288 ns, Reaching safepoint: 240313 ns, Cleanup: 12701 ns, At safepoint: 4600 ns, Total: 257614 ns
[2025-05-04T23:53:42.838+0000][1849.313s][debug][safepoint   ] Safepoint synchronization initiated using futex wait barrier. (213 threads)
[2025-05-04T23:53:42.839+0000][1849.313s][info ][safepoint   ] Safepoint "Cleanup", Time since last: 6001108050 ns, Reaching safepoint: 273514 ns, Cleanup: 14801 ns, At safepoint: 6000 ns, Total: 294315 ns
[2025-05-04T23:53:50.840+0000][1857.314s][debug][safepoint   ] Safepoint synchronization initiated using futex wait barrier. (213 threads)
[2025-05-04T23:53:50.840+0000][1857.314s][info ][safepoint   ] Safepoint "Cleanup", Time since last: 8001082167 ns, Reaching safepoint: 289016 ns, Cleanup: 19301 ns, At safepoint: 11201 ns, Total: 319518 ns
[2025-05-04T23:54:04.617+0000][1871.091s][debug][safepoint   ] Safepoint synchronization initiated using futex wait barrier. (214 threads)
[2025-05-04T23:54:04.617+0000][1871.091s][info ][safepoint   ] Safepoint "Cleanup", Time since last: 13776754159 ns, Reaching safepoint: 217812 ns, Cleanup: 20702 ns, At safepoint: 5700 ns, Total: 244214 ns
[2025-05-04T23:54:08.646+0000][1875.120s][debug][safepoint   ] Safepoint synchronization initiated using futex wait barrier. (214 threads)
[2025-05-04T23:54:08.646+0000][1875.120s][info ][gc,start    ] GC(103) Pause Young (Normal) (G1 Evacuation Pause)
[2025-05-04T23:54:08.646+0000][1875.120s][info ][gc,task     ] GC(103) Using 8 workers of 8 for evacuation
[2025-05-04T23:54:08.649+0000][1875.124s][info ][gc,phases   ] GC(103)   Pre Evacuate Collection Set: 0.2ms
[2025-05-04T23:54:08.650+0000][1875.124s][info ][gc,phases   ] GC(103)   Merge Heap Roots: 0.1ms
[2025-05-04T23:54:08.650+0000][1875.124s][info ][gc,phases   ] GC(103)   Evacuate Collection Set: 1.5ms
[2025-05-04T23:54:08.650+0000][1875.124s][info ][gc,phases   ] GC(103)   Post Evacuate Collection Set: 1.1ms
[2025-05-04T23:54:08.650+0000][1875.124s][info ][gc,phases   ] GC(103)   Other: 0.4ms
[2025-05-04T23:54:08.650+0000][1875.125s][info ][gc,heap     ] GC(103) Eden regions: 90->0(90)
[2025-05-04T23:54:08.651+0000][1875.125s][info ][gc,heap     ] GC(103) Survivor regions: 1->1(12)
[2025-05-04T23:54:08.651+0000][1875.125s][info ][gc,heap     ] GC(103) Old regions: 90->90
[2025-05-04T23:54:08.651+0000][1875.125s][info ][gc,heap     ] GC(103) Archive regions: 2->2
[2025-05-04T23:54:08.651+0000][1875.125s][info ][gc,heap     ] GC(103) Humongous regions: 3->3
[2025-05-04T23:54:08.651+0000][1875.125s][info ][gc,metaspace] GC(103) Metaspace: 193215K(194816K)->193215K(194816K) NonClass: 169936K(170752K)->169936K(170752K) Class: 23279K(24064K)->23279K(24064K)
[2025-05-04T23:54:08.652+0000][1875.126s][info ][gc          ] GC(103) Pause Young (Normal) (G1 Evacuation Pause) 367M->188M(416M) 5.459ms
[2025-05-04T23:54:08.652+0000][1875.126s][info ][gc,cpu      ] GC(103) User=0.01s Sys=0.00s Real=0.00s
[2025-05-04T23:54:08.652+0000][1875.126s][info ][safepoint   ] Safepoint "G1CollectForAllocation", Time since last: 4028813522 ns, Reaching safepoint: 225612 ns, Cleanup: 4801 ns, At safepoint: 5996531 ns, Total: 6226944 ns
[2025-05-04T23:54:31.654+0000][1898.129s][debug][safepoint   ] Safepoint synchronization initiated using futex wait barrier. (212 threads)
[2025-05-04T23:54:31.654+0000][1898.130s][info ][safepoint   ] Safepoint "Cleanup", Time since last: 23003208048 ns, Reaching safepoint: 204211 ns, Cleanup: 15901 ns, At safepoint: 4900 ns, Total: 225012 ns
[2025-05-04T23:54:34.655+0000][1901.130s][debug][safepoint   ] Safepoint synchronization initiated using futex wait barrier. (213 threads)
[2025-05-04T23:54:34.655+0000][1901.130s][info ][safepoint   ] Safepoint "Cleanup", Time since last: 3000482093 ns, Reaching safepoint: 280315 ns, Cleanup: 29801 ns, At safepoint: 5401 ns, Total: 315517 ns
[2025-05-04T23:54:36.656+0000][1903.131s][debug][safepoint   ] Safepoint synchronization initiated using futex wait barrier. (211 threads)
[2025-05-04T23:54:36.656+0000][1903.131s][info ][safepoint   ] Safepoint "Cleanup", Time since last: 2000415523 ns, Reaching safepoint: 279912 ns, Cleanup: 15900 ns, At safepoint: 4800 ns, Total: 300612 ns
[2025-05-04T23:54:43.655+0000][1910.132s][debug][safepoint   ] Safepoint synchronization initiated using futex wait barrier. (211 threads)
[2025-05-04T23:54:43.655+0000][1910.133s][info ][safepoint   ] Safepoint "Cleanup", Time since last: 7001007928 ns, Reaching safepoint: 334814 ns, Cleanup: 14401 ns, At safepoint: 5400 ns, Total: 354615 ns
[2025-05-04T23:54:47.656+0000][1914.133s][debug][safepoint   ] Safepoint synchronization initiated using futex wait barrier. (211 threads)
[2025-05-04T23:54:47.656+0000][1914.133s][info ][safepoint   ] Safepoint "Cleanup", Time since last: 4000595207 ns, Reaching safepoint: 235912 ns, Cleanup: 23102 ns, At safepoint: 5900 ns, Total: 264914 ns
[2025-05-04T23:54:52.162+0000][1918.639s][debug][safepoint   ] Safepoint synchronization initiated using futex wait barrier. (211 threads)
[2025-05-04T23:54:52.162+0000][1918.639s][info ][safepoint   ] Safepoint "Cleanup", Time since last: 4505552685 ns, Reaching safepoint: 345419 ns, Cleanup: 31301 ns, At safepoint: 5001 ns, Total: 381721 ns
[2025-05-04T23:55:16.644+0000][1943.122s][debug][safepoint   ] Safepoint synchronization initiated using futex wait barrier. (211 threads)
[2025-05-04T23:55:16.644+0000][1943.123s][info ][safepoint   ] Safepoint "Cleanup", Time since last: 24483015782 ns, Reaching safepoint: 501327 ns, Cleanup: 22301 ns, At safepoint: 11700 ns, Total: 535328 ns
[2025-05-04T23:55:43.646+0000][1970.127s][debug][safepoint   ] Safepoint synchronization initiated using futex wait barrier. (203 threads)
[2025-05-04T23:55:43.647+0000][1970.127s][info ][safepoint   ] Safepoint "Cleanup", Time since last: 27003821568 ns, Reaching safepoint: 549028 ns, Cleanup: 20401 ns, At safepoint: 27502 ns, Total: 596931 ns
[2025-05-04T23:56:06.650+0000][1993.131s][debug][safepoint   ] Safepoint synchronization initiated using futex wait barrier. (203 threads)
[2025-05-04T23:56:06.651+0000][1993.131s][info ][safepoint   ] Safepoint "Cleanup", Time since last: 23003299970 ns, Reaching safepoint: 275814 ns, Cleanup: 11601 ns, At safepoint: 5200 ns, Total: 292615 ns
[2025-05-04T23:56:08.806+0000][1995.286s][debug][safepoint   ] Safepoint synchronization initiated using futex wait barrier. (203 threads)
[2025-05-04T23:56:08.806+0000][1995.287s][info ][gc,start    ] GC(104) Pause Young (Normal) (G1 Evacuation Pause)
[2025-05-04T23:56:08.806+0000][1995.287s][info ][gc,task     ] GC(104) Using 8 workers of 8 for evacuation
[2025-05-04T23:56:08.809+0000][1995.289s][info ][gc,phases   ] GC(104)   Pre Evacuate Collection Set: 0.2ms
[2025-05-04T23:56:08.809+0000][1995.290s][info ][gc,phases   ] GC(104)   Merge Heap Roots: 0.1ms
[2025-05-04T23:56:08.809+0000][1995.290s][info ][gc,phases   ] GC(104)   Evacuate Collection Set: 1.3ms
[2025-05-04T23:56:08.810+0000][1995.290s][info ][gc,phases   ] GC(104)   Post Evacuate Collection Set: 0.9ms
[2025-05-04T23:56:08.810+0000][1995.290s][info ][gc,phases   ] GC(104)   Other: 0.4ms
[2025-05-04T23:56:08.810+0000][1995.290s][info ][gc,heap     ] GC(104) Eden regions: 90->0(90)
[2025-05-04T23:56:08.810+0000][1995.290s][info ][gc,heap     ] GC(104) Survivor regions: 1->1(12)
[2025-05-04T23:56:08.810+0000][1995.290s][info ][gc,heap     ] GC(104) Old regions: 90->90
[2025-05-04T23:56:08.810+0000][1995.290s][info ][gc,heap     ] GC(104) Archive regions: 2->2
[2025-05-04T23:56:08.810+0000][1995.290s][info ][gc,heap     ] GC(104) Humongous regions: 3->3
[2025-05-04T23:56:08.810+0000][1995.291s][info ][gc,metaspace] GC(104) Metaspace: 193292K(194880K)->193292K(194880K) NonClass: 170012K(170816K)->170012K(170816K) Class: 23279K(24064K)->23279K(24064K)
[2025-05-04T23:56:08.810+0000][1995.291s][info ][gc          ] GC(104) Pause Young (Normal) (G1 Evacuation Pause) 368M->188M(416M) 4.040ms
[2025-05-04T23:56:08.810+0000][1995.291s][info ][gc,cpu      ] GC(104) User=0.01s Sys=0.00s Real=0.01s
[2025-05-04T23:56:08.811+0000][1995.291s][info ][safepoint   ] Safepoint "G1CollectForAllocation", Time since last: 2155436297 ns, Reaching safepoint: 232212 ns, Cleanup: 5101 ns, At safepoint: 4434332 ns, Total: 4671645 ns
[2025-05-04T23:56:17.809+0000][2004.292s][debug][safepoint   ] Safepoint synchronization initiated using futex wait barrier. (203 threads)
[2025-05-04T23:56:17.810+0000][2004.292s][info ][safepoint   ] Safepoint "Cleanup", Time since last: 9001182453 ns, Reaching safepoint: 192010 ns, Cleanup: 11701 ns, At safepoint: 4900 ns, Total: 208611 ns
[2025-05-04T23:56:30.811+0000][2017.294s][debug][safepoint   ] Safepoint synchronization initiated using futex wait barrier. (203 threads)
[2025-05-04T23:56:30.812+0000][2017.295s][info ][safepoint   ] Safepoint "Cleanup", Time since last: 13001699911 ns, Reaching safepoint: 1036557 ns, Cleanup: 38002 ns, At safepoint: 20601 ns, Total: 1095160 ns
[2025-05-04T23:56:34.814+0000][2021.297s][debug][safepoint   ] Safepoint synchronization initiated using futex wait barrier. (208 threads)
[2025-05-04T23:56:34.816+0000][2021.299s][info ][safepoint   ] Safepoint "Cleanup", Time since last: 4001427979 ns, Reaching safepoint: 1940206 ns, Cleanup: 150808 ns, At safepoint: 71604 ns, Total: 2162618 ns
[2025-05-04T23:56:36.817+0000][2023.300s][debug][safepoint   ] Safepoint synchronization initiated using futex wait barrier. (212 threads)
[2025-05-04T23:56:36.817+0000][2023.300s][info ][safepoint   ] Safepoint "Cleanup", Time since last: 2000933298 ns, Reaching safepoint: 233013 ns, Cleanup: 10701 ns, At safepoint: 5000 ns, Total: 248714 ns
[2025-05-04T23:56:40.817+0000][2027.301s][debug][safepoint   ] Safepoint synchronization initiated using futex wait barrier. (212 threads)
[2025-05-04T23:56:40.817+0000][2027.301s][info ][safepoint   ] Safepoint "Cleanup", Time since last: 4000752049 ns, Reaching safepoint: 224612 ns, Cleanup: 11901 ns, At safepoint: 5100 ns, Total: 241613 ns
[2025-05-04T23:56:43.818+0000][2030.301s][debug][safepoint   ] Safepoint synchronization initiated using futex wait barrier. (212 threads)
[2025-05-04T23:56:43.818+0000][2030.302s][info ][safepoint   ] Safepoint "Cleanup", Time since last: 3000415403 ns, Reaching safepoint: 236613 ns, Cleanup: 14501 ns, At safepoint: 5000 ns, Total: 256114 ns
[2025-05-04T23:56:55.699+0000][2042.182s][debug][safepoint   ] Safepoint synchronization initiated using futex wait barrier. (212 threads)
[2025-05-04T23:56:55.699+0000][2042.183s][info ][safepoint   ] Safepoint "Cleanup", Time since last: 11880823345 ns, Reaching safepoint: 229113 ns, Cleanup: 12001 ns, At safepoint: 4300 ns, Total: 245414 ns
[2025-05-04T23:56:57.700+0000][2044.183s][debug][safepoint   ] Safepoint synchronization initiated using futex wait barrier. (212 threads)
[2025-05-04T23:56:57.700+0000][2044.184s][info ][safepoint   ] Safepoint "Cleanup", Time since last: 2000545495 ns, Reaching safepoint: 578532 ns, Cleanup: 18701 ns, At safepoint: 11201 ns, Total: 608434 ns
[2025-05-04T23:57:30.704+0000][2077.190s][debug][safepoint   ] Safepoint synchronization initiated using futex wait barrier. (212 threads)
[2025-05-04T23:57:30.704+0000][2077.190s][info ][safepoint   ] Safepoint "Cleanup", Time since last: 33005695534 ns, Reaching safepoint: 473326 ns, Cleanup: 16401 ns, At safepoint: 9300 ns, Total: 499027 ns
[2025-05-04T23:57:45.706+0000][2092.193s][debug][safepoint   ] Safepoint synchronization initiated using futex wait barrier. (202 threads)
[2025-05-04T23:57:45.707+0000][2092.193s][info ][safepoint   ] Safepoint "Cleanup", Time since last: 15002460171 ns, Reaching safepoint: 529829 ns, Cleanup: 16600 ns, At safepoint: 10801 ns, Total: 557230 ns
[2025-05-04T23:58:11.534+0000][2118.022s][debug][safepoint   ] Safepoint synchronization initiated using futex wait barrier. (202 threads)
[2025-05-04T23:58:11.534+0000][2118.022s][info ][gc,start    ] GC(105) Pause Young (Normal) (G1 Evacuation Pause)
[2025-05-04T23:58:11.534+0000][2118.022s][info ][gc,task     ] GC(105) Using 8 workers of 8 for evacuation
[2025-05-04T23:58:11.537+0000][2118.025s][info ][gc,phases   ] GC(105)   Pre Evacuate Collection Set: 0.2ms
[2025-05-04T23:58:11.538+0000][2118.026s][info ][gc,phases   ] GC(105)   Merge Heap Roots: 0.1ms
[2025-05-04T23:58:11.538+0000][2118.026s][info ][gc,phases   ] GC(105)   Evacuate Collection Set: 1.4ms
[2025-05-04T23:58:11.538+0000][2118.026s][info ][gc,phases   ] GC(105)   Post Evacuate Collection Set: 1.1ms
[2025-05-04T23:58:11.538+0000][2118.026s][info ][gc,phases   ] GC(105)   Other: 0.5ms
[2025-05-04T23:58:11.538+0000][2118.026s][info ][gc,heap     ] GC(105) Eden regions: 90->0(90)
[2025-05-04T23:58:11.538+0000][2118.027s][info ][gc,heap     ] GC(105) Survivor regions: 1->1(12)
[2025-05-04T23:58:11.539+0000][2118.027s][info ][gc,heap     ] GC(105) Old regions: 90->90
[2025-05-04T23:58:11.539+0000][2118.027s][info ][gc,heap     ] GC(105) Archive regions: 2->2
[2025-05-04T23:58:11.539+0000][2118.027s][info ][gc,heap     ] GC(105) Humongous regions: 3->3
[2025-05-04T23:58:11.539+0000][2118.027s][info ][gc,metaspace] GC(105) Metaspace: 193410K(195008K)->193410K(195008K) NonClass: 170130K(170944K)->170130K(170944K) Class: 23279K(24064K)->23279K(24064K)
[2025-05-04T23:58:11.539+0000][2118.028s][info ][gc          ] GC(105) Pause Young (Normal) (G1 Evacuation Pause) 368M->188M(416M) 5.240ms
[2025-05-04T23:58:11.540+0000][2118.028s][info ][gc,cpu      ] GC(105) User=0.01s Sys=0.00s Real=0.01s
[2025-05-04T23:58:11.540+0000][2118.028s][info ][safepoint   ] Safepoint "G1CollectForAllocation", Time since last: 25828884346 ns, Reaching safepoint: 278310 ns, Cleanup: 5800 ns, At safepoint: 6158016 ns, Total: 6442126 ns
[2025-05-04T23:58:34.543+0000][2141.031s][debug][safepoint   ] Safepoint synchronization initiated using futex wait barrier. (209 threads)
[2025-05-04T23:58:34.543+0000][2141.032s][info ][safepoint   ] Safepoint "Cleanup", Time since last: 23002982135 ns, Reaching safepoint: 232412 ns, Cleanup: 41703 ns, At safepoint: 6600 ns, Total: 280715 ns
[2025-05-04T23:58:35.544+0000][2142.032s][debug][safepoint   ] Safepoint synchronization initiated using futex wait barrier. (209 threads)
[2025-05-04T23:58:35.544+0000][2142.032s][info ][safepoint   ] Safepoint "Cleanup", Time since last: 1000313699 ns, Reaching safepoint: 341319 ns, Cleanup: 24201 ns, At safepoint: 5800 ns, Total: 371320 ns
[2025-05-04T23:58:36.545+0000][2143.033s][debug][safepoint   ] Safepoint synchronization initiated using futex wait barrier. (213 threads)
[2025-05-04T23:58:36.545+0000][2143.033s][info ][safepoint   ] Safepoint "Cleanup", Time since last: 1000418305 ns, Reaching safepoint: 253214 ns, Cleanup: 28701 ns, At safepoint: 6200 ns, Total: 288115 ns
[2025-05-04T23:58:41.544+0000][2148.034s][debug][safepoint   ] Safepoint synchronization initiated using futex wait barrier. (213 threads)
[2025-05-04T23:58:41.544+0000][2148.034s][info ][safepoint   ] Safepoint "Cleanup", Time since last: 5000700956 ns, Reaching safepoint: 223011 ns, Cleanup: 11101 ns, At safepoint: 4800 ns, Total: 238912 ns
[2025-05-04T23:58:43.544+0000][2150.034s][debug][safepoint   ] Safepoint synchronization initiated using futex wait barrier. (213 threads)
[2025-05-04T23:58:43.545+0000][2150.035s][info ][safepoint   ] Safepoint "Cleanup", Time since last: 2000425006 ns, Reaching safepoint: 219611 ns, Cleanup: 11001 ns, At safepoint: 4700 ns, Total: 235312 ns
[2025-05-04T23:58:45.545+0000][2152.035s][debug][safepoint   ] Safepoint synchronization initiated using futex wait barrier. (213 threads)
[2025-05-04T23:58:45.545+0000][2152.035s][info ][safepoint   ] Safepoint "Cleanup", Time since last: 2000392238 ns, Reaching safepoint: 326817 ns, Cleanup: 14801 ns, At safepoint: 6000 ns, Total: 347618 ns
[2025-05-04T23:59:20.760+0000][2187.252s][debug][safepoint   ] Safepoint synchronization initiated using futex wait barrier. (213 threads)
[2025-05-04T23:59:20.760+0000][2187.252s][info ][safepoint   ] Safepoint "Cleanup", Time since last: 35216152903 ns, Reaching safepoint: 295816 ns, Cleanup: 14101 ns, At safepoint: 7300 ns, Total: 317217 ns
[2025-05-04T23:59:50.763+0000][2217.256s][debug][safepoint   ] Safepoint synchronization initiated using futex wait barrier. (203 threads)
[2025-05-04T23:59:50.764+0000][2217.256s][info ][safepoint   ] Safepoint "Cleanup", Time since last: 30004211502 ns, Reaching safepoint: 309817 ns, Cleanup: 15501 ns, At safepoint: 5300 ns, Total: 330618 ns
[2025-05-05T00:00:08.724+0000][2235.217s][debug][safepoint   ] Safepoint synchronization initiated using futex wait barrier. (203 threads)
[2025-05-05T00:00:08.725+0000][2235.217s][info ][gc,start    ] GC(106) Pause Young (Normal) (G1 Evacuation Pause)
[2025-05-05T00:00:08.725+0000][2235.217s][info ][gc,task     ] GC(106) Using 8 workers of 8 for evacuation
[2025-05-05T00:00:08.728+0000][2235.221s][info ][gc,phases   ] GC(106)   Pre Evacuate Collection Set: 0.3ms
[2025-05-05T00:00:08.728+0000][2235.221s][info ][gc,phases   ] GC(106)   Merge Heap Roots: 0.1ms
[2025-05-05T00:00:08.729+0000][2235.221s][info ][gc,phases   ] GC(106)   Evacuate Collection Set: 1.3ms
[2025-05-05T00:00:08.729+0000][2235.221s][info ][gc,phases   ] GC(106)   Post Evacuate Collection Set: 1.3ms
[2025-05-05T00:00:08.729+0000][2235.222s][info ][gc,phases   ] GC(106)   Other: 0.6ms
[2025-05-05T00:00:08.729+0000][2235.222s][info ][gc,heap     ] GC(106) Eden regions: 90->0(90)
[2025-05-05T00:00:08.729+0000][2235.222s][info ][gc,heap     ] GC(106) Survivor regions: 1->1(12)
[2025-05-05T00:00:08.729+0000][2235.222s][info ][gc,heap     ] GC(106) Old regions: 90->90
[2025-05-05T00:00:08.730+0000][2235.222s][info ][gc,heap     ] GC(106) Archive regions: 2->2
[2025-05-05T00:00:08.730+0000][2235.222s][info ][gc,heap     ] GC(106) Humongous regions: 3->3
[2025-05-05T00:00:08.730+0000][2235.222s][info ][gc,metaspace] GC(106) Metaspace: 193470K(195072K)->193470K(195072K) NonClass: 170189K(171008K)->170189K(171008K) Class: 23280K(24064K)->23280K(24064K)
[2025-05-05T00:00:08.730+0000][2235.223s][info ][gc          ] GC(106) Pause Young (Normal) (G1 Evacuation Pause) 368M->188M(416M) 5.402ms
[2025-05-05T00:00:08.730+0000][2235.223s][info ][gc,cpu      ] GC(106) User=0.01s Sys=0.00s Real=0.01s
[2025-05-05T00:00:08.731+0000][2235.224s][info ][safepoint   ] Safepoint "G1CollectForAllocation", Time since last: 17960372145 ns, Reaching safepoint: 355109 ns, Cleanup: 8500 ns, At safepoint: 6527367 ns, Total: 6890976 ns
[2025-05-05T00:00:34.733+0000][2261.228s][debug][safepoint   ] Safepoint synchronization initiated using futex wait barrier. (207 threads)
[2025-05-05T00:00:34.733+0000][2261.228s][info ][safepoint   ] Safepoint "Cleanup", Time since last: 26003915056 ns, Reaching safepoint: 234012 ns, Cleanup: 24402 ns, At safepoint: 5200 ns, Total: 263614 ns
[2025-05-05T00:00:36.734+0000][2263.228s][debug][safepoint   ] Safepoint synchronization initiated using futex wait barrier. (211 threads)
[2025-05-05T00:00:36.734+0000][2263.229s][info ][safepoint   ] Safepoint "Cleanup", Time since last: 2000410050 ns, Reaching safepoint: 300916 ns, Cleanup: 19601 ns, At safepoint: 8200 ns, Total: 328717 ns
[2025-05-05T00:00:41.734+0000][2268.229s][debug][safepoint   ] Safepoint synchronization initiated using futex wait barrier. (211 threads)
[2025-05-05T00:00:41.734+0000][2268.230s][info ][safepoint   ] Safepoint "Cleanup", Time since last: 5000905654 ns, Reaching safepoint: 246013 ns, Cleanup: 12301 ns, At safepoint: 6100 ns, Total: 264414 ns
[2025-05-05T00:00:45.735+0000][2272.231s][debug][safepoint   ] Safepoint synchronization initiated using futex wait barrier. (211 threads)
[2025-05-05T00:00:45.735+0000][2272.231s][info ][safepoint   ] Safepoint "Cleanup", Time since last: 4000776475 ns, Reaching safepoint: 311017 ns, Cleanup: 13700 ns, At safepoint: 7401 ns, Total: 332118 ns
[2025-05-05T00:01:30.814+0000][2317.312s][debug][safepoint   ] Safepoint synchronization initiated using futex wait barrier. (211 threads)
[2025-05-05T00:01:30.815+0000][2317.312s][info ][safepoint   ] Safepoint "Cleanup", Time since last: 45081077850 ns, Reaching safepoint: 248614 ns, Cleanup: 12301 ns, At safepoint: 6000 ns, Total: 266915 ns
[2025-05-05T00:02:10.782+0000][2357.283s][debug][safepoint   ] Safepoint synchronization initiated using futex wait barrier. (201 threads)
[2025-05-05T00:02:10.783+0000][2357.284s][info ][gc,start    ] GC(107) Pause Young (Normal) (G1 Evacuation Pause)
[2025-05-05T00:02:10.783+0000][2357.284s][info ][gc,task     ] GC(107) Using 8 workers of 8 for evacuation
[2025-05-05T00:02:10.786+0000][2357.287s][info ][gc,phases   ] GC(107)   Pre Evacuate Collection Set: 0.3ms
[2025-05-05T00:02:10.787+0000][2357.287s][info ][gc,phases   ] GC(107)   Merge Heap Roots: 0.1ms
[2025-05-05T00:02:10.787+0000][2357.288s][info ][gc,phases   ] GC(107)   Evacuate Collection Set: 1.4ms
[2025-05-05T00:02:10.787+0000][2357.288s][info ][gc,phases   ] GC(107)   Post Evacuate Collection Set: 1.1ms
[2025-05-05T00:02:10.787+0000][2357.288s][info ][gc,phases   ] GC(107)   Other: 0.7ms
[2025-05-05T00:02:10.788+0000][2357.288s][info ][gc,heap     ] GC(107) Eden regions: 90->0(90)
[2025-05-05T00:02:10.788+0000][2357.289s][info ][gc,heap     ] GC(107) Survivor regions: 1->1(12)
[2025-05-05T00:02:10.788+0000][2357.289s][info ][gc,heap     ] GC(107) Old regions: 90->90
[2025-05-05T00:02:10.788+0000][2357.289s][info ][gc,heap     ] GC(107) Archive regions: 2->2
[2025-05-05T00:02:10.788+0000][2357.289s][info ][gc,heap     ] GC(107) Humongous regions: 3->3
[2025-05-05T00:02:10.788+0000][2357.289s][info ][gc,metaspace] GC(107) Metaspace: 193602K(195200K)->193602K(195200K) NonClass: 170319K(171136K)->170319K(171136K) Class: 23283K(24064K)->23283K(24064K)
[2025-05-05T00:02:10.789+0000][2357.290s][info ][gc          ] GC(107) Pause Young (Normal) (G1 Evacuation Pause) 368M->188M(416M) 5.991ms
[2025-05-05T00:02:10.789+0000][2357.290s][info ][gc,cpu      ] GC(107) User=0.01s Sys=0.00s Real=0.01s
[2025-05-05T00:02:10.789+0000][2357.290s][info ][safepoint   ] Safepoint "G1CollectForAllocation", Time since last: 39970902367 ns, Reaching safepoint: 385819 ns, Cleanup: 8100 ns, At safepoint: 6602925 ns, Total: 6996844 ns
[2025-05-05T00:02:23.792+0000][2370.292s][debug][safepoint   ] Safepoint synchronization initiated using futex wait barrier. (201 threads)
[2025-05-05T00:02:23.793+0000][2370.294s][info ][safepoint   ] Safepoint "Cleanup", Time since last: 13002368226 ns, Reaching safepoint: 1075557 ns, Cleanup: 116206 ns, At safepoint: 25501 ns, Total: 1217264 ns
[2025-05-05T00:02:34.795+0000][2381.296s][debug][safepoint   ] Safepoint synchronization initiated using futex wait barrier. (207 threads)
[2025-05-05T00:02:34.799+0000][2381.300s][info ][safepoint   ] Safepoint "Cleanup", Time since last: 11002080637 ns, Reaching safepoint: 3804400 ns, Cleanup: 61303 ns, At safepoint: 22201 ns, Total: 3887904 ns
[2025-05-05T00:02:40.799+0000][2387.301s][debug][safepoint   ] Safepoint synchronization initiated using futex wait barrier. (211 threads)
[2025-05-05T00:02:40.799+0000][2387.301s][info ][safepoint   ] Safepoint "Cleanup", Time since last: 6001279758 ns, Reaching safepoint: 248113 ns, Cleanup: 11401 ns, At safepoint: 5900 ns, Total: 265414 ns
[2025-05-05T00:02:43.799+0000][2390.302s][debug][safepoint   ] Safepoint synchronization initiated using futex wait barrier. (211 threads)
[2025-05-05T00:02:43.800+0000][2390.302s][info ][safepoint   ] Safepoint "Cleanup", Time since last: 3000455501 ns, Reaching safepoint: 282515 ns, Cleanup: 12401 ns, At safepoint: 5700 ns, Total: 300616 ns
[2025-05-05T00:02:50.801+0000][2397.303s][debug][safepoint   ] Safepoint synchronization initiated using futex wait barrier. (211 threads)
[2025-05-05T00:02:50.802+0000][2397.305s][info ][safepoint   ] Safepoint "Cleanup", Time since last: 7001402844 ns, Reaching safepoint: 1121959 ns, Cleanup: 26301 ns, At safepoint: 16901 ns, Total: 1165161 ns
[2025-05-05T00:03:09.876+0000][2416.378s][debug][safepoint   ] Safepoint synchronization initiated using futex wait barrier. (211 threads)
[2025-05-05T00:03:09.876+0000][2416.378s][info ][safepoint   ] Safepoint "Cleanup", Time since last: 19073691461 ns, Reaching safepoint: 220910 ns, Cleanup: 11401 ns, At safepoint: 4800 ns, Total: 237111 ns
[2025-05-05T00:03:33.877+0000][2440.381s][debug][safepoint   ] Safepoint synchronization initiated using futex wait barrier. (212 threads)
[2025-05-05T00:03:33.878+0000][2440.382s][info ][safepoint   ] Safepoint "Cleanup", Time since last: 24002807172 ns, Reaching safepoint: 312317 ns, Cleanup: 18701 ns, At safepoint: 10700 ns, Total: 341718 ns
[2025-05-05T00:03:34.878+0000][2441.382s][debug][safepoint   ] Safepoint synchronization initiated using futex wait barrier. (211 threads)
[2025-05-05T00:03:34.878+0000][2441.382s][info ][safepoint   ] Safepoint "Cleanup", Time since last: 1000379239 ns, Reaching safepoint: 376620 ns, Cleanup: 19902 ns, At safepoint: 14200 ns, Total: 410722 ns
[2025-05-05T00:03:36.879+0000][2443.383s][debug][safepoint   ] Safepoint synchronization initiated using futex wait barrier. (211 threads)
[2025-05-05T00:03:36.880+0000][2443.384s][info ][safepoint   ] Safepoint "Cleanup", Time since last: 2000468863 ns, Reaching safepoint: 665835 ns, Cleanup: 62904 ns, At safepoint: 11400 ns, Total: 740139 ns
[2025-05-05T00:04:08.003+0000][2474.509s][debug][safepoint   ] Safepoint synchronization initiated using futex wait barrier. (211 threads)
[2025-05-05T00:04:08.004+0000][2474.509s][info ][gc,start    ] GC(108) Pause Young (Normal) (G1 Evacuation Pause)
[2025-05-05T00:04:08.004+0000][2474.509s][info ][gc,task     ] GC(108) Using 8 workers of 8 for evacuation
[2025-05-05T00:04:08.007+0000][2474.512s][info ][gc,phases   ] GC(108)   Pre Evacuate Collection Set: 0.2ms
[2025-05-05T00:04:08.007+0000][2474.512s][info ][gc,phases   ] GC(108)   Merge Heap Roots: 0.1ms
[2025-05-05T00:04:08.007+0000][2474.513s][info ][gc,phases   ] GC(108)   Evacuate Collection Set: 1.4ms
[2025-05-05T00:04:08.008+0000][2474.513s][info ][gc,phases   ] GC(108)   Post Evacuate Collection Set: 1.0ms
[2025-05-05T00:04:08.008+0000][2474.513s][info ][gc,phases   ] GC(108)   Other: 0.5ms
[2025-05-05T00:04:08.008+0000][2474.513s][info ][gc,heap     ] GC(108) Eden regions: 90->0(90)
[2025-05-05T00:04:08.008+0000][2474.513s][info ][gc,heap     ] GC(108) Survivor regions: 1->1(12)
[2025-05-05T00:04:08.008+0000][2474.514s][info ][gc,heap     ] GC(108) Old regions: 90->90
[2025-05-05T00:04:08.009+0000][2474.514s][info ][gc,heap     ] GC(108) Archive regions: 2->2
[2025-05-05T00:04:08.009+0000][2474.514s][info ][gc,heap     ] GC(108) Humongous regions: 3->3
[2025-05-05T00:04:08.009+0000][2474.514s][info ][gc,metaspace] GC(108) Metaspace: 193687K(195328K)->193687K(195328K) NonClass: 170403K(171264K)->170403K(171264K) Class: 23283K(24064K)->23283K(24064K)
[2025-05-05T00:04:08.009+0000][2474.514s][info ][gc          ] GC(108) Pause Young (Normal) (G1 Evacuation Pause) 368M->188M(416M) 5.096ms
[2025-05-05T00:04:08.009+0000][2474.514s][info ][gc,cpu      ] GC(108) User=0.01s Sys=0.00s Real=0.00s
[2025-05-05T00:04:08.009+0000][2474.514s][info ][safepoint   ] Safepoint "G1CollectForAllocation", Time since last: 31124942185 ns, Reaching safepoint: 339409 ns, Cleanup: 6100 ns, At safepoint: 5402832 ns, Total: 5748341 ns
[2025-05-05T00:04:13.008+0000][2479.515s][debug][safepoint   ] Safepoint synchronization initiated using futex wait barrier. (211 threads)
[2025-05-05T00:04:13.008+0000][2479.516s][info ][safepoint   ] Safepoint "Cleanup", Time since last: 5000842703 ns, Reaching safepoint: 303616 ns, Cleanup: 17901 ns, At safepoint: 38402 ns, Total: 359919 ns
[2025-05-05T00:04:21.009+0000][2487.517s][debug][safepoint   ] Safepoint synchronization initiated using futex wait barrier. (210 threads)
[2025-05-05T00:04:21.010+0000][2487.517s][info ][safepoint   ] Safepoint "Cleanup", Time since last: 8001236108 ns, Reaching safepoint: 230612 ns, Cleanup: 12601 ns, At safepoint: 5100 ns, Total: 248313 ns
[2025-05-05T00:04:34.011+0000][2500.519s][debug][safepoint   ] Safepoint synchronization initiated using futex wait barrier. (210 threads)
[2025-05-05T00:04:34.011+0000][2500.519s][info ][safepoint   ] Safepoint "Cleanup", Time since last: 13001710588 ns, Reaching safepoint: 223211 ns, Cleanup: 10701 ns, At safepoint: 5100 ns, Total: 239012 ns
[2025-05-05T00:04:35.012+0000][2501.519s][debug][safepoint   ] Safepoint synchronization initiated using futex wait barrier. (210 threads)
[2025-05-05T00:04:35.012+0000][2501.520s][info ][safepoint   ] Safepoint "Cleanup", Time since last: 1000303876 ns, Reaching safepoint: 384220 ns, Cleanup: 17801 ns, At safepoint: 7900 ns, Total: 409921 ns
[2025-05-05T00:04:36.012+0000][2502.520s][debug][safepoint   ] Safepoint synchronization initiated using futex wait barrier. (211 threads)
[2025-05-05T00:04:36.013+0000][2502.520s][info ][safepoint   ] Safepoint "Cleanup", Time since last: 1000288976 ns, Reaching safepoint: 259413 ns, Cleanup: 12401 ns, At safepoint: 6100 ns, Total: 277914 ns
[2025-05-05T00:04:51.014+0000][2517.522s][debug][safepoint   ] Safepoint synchronization initiated using futex wait barrier. (211 threads)
[2025-05-05T00:04:51.014+0000][2517.523s][info ][safepoint   ] Safepoint "Cleanup", Time since last: 15001907239 ns, Reaching safepoint: 536228 ns, Cleanup: 18601 ns, At safepoint: 9600 ns, Total: 564429 ns
[2025-05-05T00:06:10.957+0000][2597.470s][debug][safepoint   ] Safepoint synchronization initiated using futex wait barrier. (200 threads)
[2025-05-05T00:06:10.957+0000][2597.470s][info ][safepoint   ] Safepoint "Cleanup", Time since last: 79947029611 ns, Reaching safepoint: 370119 ns, Cleanup: 12501 ns, At safepoint: 5000 ns, Total: 387620 ns
[2025-05-05T00:06:11.032+0000][2597.545s][debug][safepoint   ] Safepoint synchronization initiated using futex wait barrier. (200 threads)
[2025-05-05T00:06:11.032+0000][2597.545s][info ][gc,start    ] GC(109) Pause Young (Normal) (G1 Evacuation Pause)
[2025-05-05T00:06:11.032+0000][2597.545s][info ][gc,task     ] GC(109) Using 8 workers of 8 for evacuation
[2025-05-05T00:06:11.035+0000][2597.548s][info ][gc,phases   ] GC(109)   Pre Evacuate Collection Set: 0.2ms
[2025-05-05T00:06:11.035+0000][2597.548s][info ][gc,phases   ] GC(109)   Merge Heap Roots: 0.1ms
[2025-05-05T00:06:11.035+0000][2597.548s][info ][gc,phases   ] GC(109)   Evacuate Collection Set: 1.1ms
[2025-05-05T00:06:11.035+0000][2597.548s][info ][gc,phases   ] GC(109)   Post Evacuate Collection Set: 1.1ms
[2025-05-05T00:06:11.036+0000][2597.548s][info ][gc,phases   ] GC(109)   Other: 0.4ms
[2025-05-05T00:06:11.036+0000][2597.549s][info ][gc,heap     ] GC(109) Eden regions: 90->0(90)
[2025-05-05T00:06:11.036+0000][2597.549s][info ][gc,heap     ] GC(109) Survivor regions: 1->1(12)
[2025-05-05T00:06:11.036+0000][2597.549s][info ][gc,heap     ] GC(109) Old regions: 90->90
[2025-05-05T00:06:11.036+0000][2597.549s][info ][gc,heap     ] GC(109) Archive regions: 2->2
[2025-05-05T00:06:11.036+0000][2597.549s][info ][gc,heap     ] GC(109) Humongous regions: 3->3
[2025-05-05T00:06:11.036+0000][2597.549s][info ][gc,metaspace] GC(109) Metaspace: 193744K(195328K)->193744K(195328K) NonClass: 170460K(171264K)->170460K(171264K) Class: 23284K(24064K)->23284K(24064K)
[2025-05-05T00:06:11.036+0000][2597.549s][info ][gc          ] GC(109) Pause Young (Normal) (G1 Evacuation Pause) 368M->188M(416M) 4.440ms
[2025-05-05T00:06:11.037+0000][2597.549s][info ][gc,cpu      ] GC(109) User=0.01s Sys=0.00s Real=0.01s
[2025-05-05T00:06:11.037+0000][2597.550s][info ][safepoint   ] Safepoint "G1CollectForAllocation", Time since last: 74481559 ns, Reaching safepoint: 236413 ns, Cleanup: 6000 ns, At safepoint: 4894154 ns, Total: 5136567 ns
[2025-05-05T00:06:34.040+0000][2620.553s][debug][safepoint   ] Safepoint synchronization initiated using futex wait barrier. (203 threads)
[2025-05-05T00:06:34.040+0000][2620.553s][info ][safepoint   ] Safepoint "Cleanup", Time since last: 23003236031 ns, Reaching safepoint: 256313 ns, Cleanup: 38802 ns, At safepoint: 7501 ns, Total: 302616 ns
[2025-05-05T00:06:35.041+0000][2621.554s][debug][safepoint   ] Safepoint synchronization initiated using futex wait barrier. (203 threads)
[2025-05-05T00:06:35.041+0000][2621.554s][info ][safepoint   ] Safepoint "Cleanup", Time since last: 1000400958 ns, Reaching safepoint: 235312 ns, Cleanup: 19001 ns, At safepoint: 5200 ns, Total: 259513 ns
[2025-05-05T00:06:36.041+0000][2622.554s][debug][safepoint   ] Safepoint synchronization initiated using futex wait barrier. (207 threads)
[2025-05-05T00:06:36.042+0000][2622.554s][info ][safepoint   ] Safepoint "Cleanup", Time since last: 1000246950 ns, Reaching safepoint: 257713 ns, Cleanup: 11401 ns, At safepoint: 4700 ns, Total: 273814 ns
[2025-05-05T00:07:06.987+0000][2653.502s][debug][safepoint   ] Safepoint synchronization initiated using futex wait barrier. (207 threads)
[2025-05-05T00:07:06.988+0000][2653.502s][info ][safepoint   ] Safepoint "Cleanup", Time since last: 30947605922 ns, Reaching safepoint: 285414 ns, Cleanup: 17701 ns, At safepoint: 8701 ns, Total: 311816 ns
[2025-05-05T00:08:13.887+0000][2720.406s][debug][safepoint   ] Safepoint synchronization initiated using futex wait barrier. (198 threads)
[2025-05-05T00:08:13.887+0000][2720.407s][info ][gc,start    ] GC(110) Pause Young (Normal) (G1 Evacuation Pause)
[2025-05-05T00:08:13.888+0000][2720.407s][info ][gc,task     ] GC(110) Using 8 workers of 8 for evacuation
[2025-05-05T00:08:13.891+0000][2720.410s][info ][gc,phases   ] GC(110)   Pre Evacuate Collection Set: 0.2ms
[2025-05-05T00:08:13.891+0000][2720.410s][info ][gc,phases   ] GC(110)   Merge Heap Roots: 0.2ms
[2025-05-05T00:08:13.891+0000][2720.410s][info ][gc,phases   ] GC(110)   Evacuate Collection Set: 1.3ms
[2025-05-05T00:08:13.891+0000][2720.410s][info ][gc,phases   ] GC(110)   Post Evacuate Collection Set: 1.1ms
[2025-05-05T00:08:13.891+0000][2720.411s][info ][gc,phases   ] GC(110)   Other: 0.5ms
[2025-05-05T00:08:13.892+0000][2720.411s][info ][gc,heap     ] GC(110) Eden regions: 90->0(90)
[2025-05-05T00:08:13.892+0000][2720.411s][info ][gc,heap     ] GC(110) Survivor regions: 1->1(12)
[2025-05-05T00:08:13.892+0000][2720.411s][info ][gc,heap     ] GC(110) Old regions: 90->90
[2025-05-05T00:08:13.892+0000][2720.412s][info ][gc,heap     ] GC(110) Archive regions: 2->2
[2025-05-05T00:08:13.893+0000][2720.412s][info ][gc,heap     ] GC(110) Humongous regions: 3->3
[2025-05-05T00:08:13.893+0000][2720.412s][info ][gc,metaspace] GC(110) Metaspace: 193765K(195392K)->193765K(195392K) NonClass: 170481K(171328K)->170481K(171328K) Class: 23284K(24064K)->23284K(24064K)
[2025-05-05T00:08:13.893+0000][2720.412s][info ][gc          ] GC(110) Pause Young (Normal) (G1 Evacuation Pause) 368M->188M(416M) 5.848ms
[2025-05-05T00:08:13.893+0000][2720.413s][info ][gc,cpu      ] GC(110) User=0.01s Sys=0.00s Real=0.01s
[2025-05-05T00:08:13.894+0000][2720.413s][info ][safepoint   ] Safepoint "G1CollectForAllocation", Time since last: 66903852113 ns, Reaching safepoint: 317316 ns, Cleanup: 5200 ns, At safepoint: 6438222 ns, Total: 6760738 ns
[2025-05-05T00:08:14.894+0000][2721.413s][debug][safepoint   ] Safepoint synchronization initiated using futex wait barrier. (198 threads)
[2025-05-05T00:08:14.895+0000][2721.414s][info ][safepoint   ] Safepoint "Cleanup", Time since last: 1000396433 ns, Reaching safepoint: 400520 ns, Cleanup: 14501 ns, At safepoint: 7300 ns, Total: 422321 ns
[2025-05-05T00:08:33.898+0000][2740.417s][debug][safepoint   ] Safepoint synchronization initiated using futex wait barrier. (201 threads)
[2025-05-05T00:08:33.899+0000][2740.418s][info ][safepoint   ] Safepoint "Cleanup", Time since last: 19003119135 ns, Reaching safepoint: 988450 ns, Cleanup: 32102 ns, At safepoint: 158808 ns, Total: 1179360 ns
[2025-05-05T00:08:34.900+0000][2741.419s][debug][safepoint   ] Safepoint synchronization initiated using futex wait barrier. (205 threads)
[2025-05-05T00:08:34.900+0000][2741.419s][info ][safepoint   ] Safepoint "Cleanup", Time since last: 1000783263 ns, Reaching safepoint: 494025 ns, Cleanup: 52603 ns, At safepoint: 13800 ns, Total: 560428 ns
[2025-05-05T00:08:35.901+0000][2742.420s][debug][safepoint   ] Safepoint synchronization initiated using futex wait barrier. (208 threads)
[2025-05-05T00:08:35.901+0000][2742.420s][info ][safepoint   ] Safepoint "Cleanup", Time since last: 1000549451 ns, Reaching safepoint: 252113 ns, Cleanup: 14301 ns, At safepoint: 5300 ns, Total: 271714 ns
[2025-05-05T00:09:49.050+0000][2815.574s][debug][safepoint   ] Safepoint synchronization initiated using futex wait barrier. (199 threads)
[2025-05-05T00:09:49.051+0000][2815.574s][info ][safepoint   ] Safepoint "Cleanup", Time since last: 73153794348 ns, Reaching safepoint: 394719 ns, Cleanup: 12101 ns, At safepoint: 5500 ns, Total: 412320 ns
[2025-05-05T00:10:11.475+0000][2838.000s][debug][safepoint   ] Safepoint synchronization initiated using futex wait barrier. (199 threads)
[2025-05-05T00:10:11.475+0000][2838.001s][info ][gc,start    ] GC(111) Pause Young (Normal) (G1 Evacuation Pause)
[2025-05-05T00:10:11.476+0000][2838.001s][info ][gc,task     ] GC(111) Using 8 workers of 8 for evacuation
[2025-05-05T00:10:11.481+0000][2838.006s][info ][gc,phases   ] GC(111)   Pre Evacuate Collection Set: 0.4ms
[2025-05-05T00:10:11.481+0000][2838.007s][info ][gc,phases   ] GC(111)   Merge Heap Roots: 0.3ms
[2025-05-05T00:10:11.482+0000][2838.007s][info ][gc,phases   ] GC(111)   Evacuate Collection Set: 2.0ms
[2025-05-05T00:10:11.482+0000][2838.008s][info ][gc,phases   ] GC(111)   Post Evacuate Collection Set: 2.0ms
[2025-05-05T00:10:11.483+0000][2838.008s][info ][gc,phases   ] GC(111)   Other: 0.9ms
[2025-05-05T00:10:11.483+0000][2838.008s][info ][gc,heap     ] GC(111) Eden regions: 90->0(90)
[2025-05-05T00:10:11.483+0000][2838.009s][info ][gc,heap     ] GC(111) Survivor regions: 1->1(12)
[2025-05-05T00:10:11.484+0000][2838.009s][info ][gc,heap     ] GC(111) Old regions: 90->90
[2025-05-05T00:10:11.484+0000][2838.009s][info ][gc,heap     ] GC(111) Archive regions: 2->2
[2025-05-05T00:10:11.484+0000][2838.010s][info ][gc,heap     ] GC(111) Humongous regions: 3->3
[2025-05-05T00:10:11.484+0000][2838.010s][info ][gc,metaspace] GC(111) Metaspace: 193846K(195456K)->193846K(195456K) NonClass: 170561K(171392K)->170561K(171392K) Class: 23284K(24064K)->23284K(24064K)
[2025-05-05T00:10:11.485+0000][2838.010s][info ][gc          ] GC(111) Pause Young (Normal) (G1 Evacuation Pause) 368M->188M(416M) 9.553ms
[2025-05-05T00:10:11.485+0000][2838.010s][info ][gc,cpu      ] GC(111) User=0.02s Sys=0.00s Real=0.01s
[2025-05-05T00:10:11.486+0000][2838.011s][info ][safepoint   ] Safepoint "G1CollectForAllocation", Time since last: 22425553451 ns, Reaching safepoint: 525727 ns, Cleanup: 8900 ns, At safepoint: 10486039 ns, Total: 11020666 ns
[2025-05-05T00:10:31.489+0000][2858.014s][debug][safepoint   ] Safepoint synchronization initiated using futex wait barrier. (199 threads)
[2025-05-05T00:10:31.490+0000][2858.015s][info ][safepoint   ] Safepoint "Cleanup", Time since last: 20003175216 ns, Reaching safepoint: 866945 ns, Cleanup: 133107 ns, At safepoint: 37602 ns, Total: 1037654 ns
[2025-05-05T00:10:34.491+0000][2861.016s][debug][safepoint   ] Safepoint synchronization initiated using futex wait barrier. (203 threads)
[2025-05-05T00:10:34.491+0000][2861.017s][info ][safepoint   ] Safepoint "Cleanup", Time since last: 3001022591 ns, Reaching safepoint: 323917 ns, Cleanup: 17001 ns, At safepoint: 5800 ns, Total: 346718 ns
[2025-05-05T00:10:36.492+0000][2863.017s][debug][safepoint   ] Safepoint synchronization initiated using futex wait barrier. (207 threads)
[2025-05-05T00:10:36.492+0000][2863.017s][info ][safepoint   ] Safepoint "Cleanup", Time since last: 2000477551 ns, Reaching safepoint: 329117 ns, Cleanup: 11000 ns, At safepoint: 4800 ns, Total: 344917 ns
[2025-05-05T00:10:41.492+0000][2868.018s][debug][safepoint   ] Safepoint synchronization initiated using futex wait barrier. (207 threads)
[2025-05-05T00:10:41.492+0000][2868.019s][info ][safepoint   ] Safepoint "Cleanup", Time since last: 5000915126 ns, Reaching safepoint: 360318 ns, Cleanup: 11501 ns, At safepoint: 5100 ns, Total: 376919 ns
[2025-05-05T00:11:07.107+0000][2893.634s][debug][safepoint   ] Safepoint synchronization initiated using futex wait barrier. (207 threads)
[2025-05-05T00:11:07.108+0000][2893.634s][info ][safepoint   ] Safepoint "Cleanup", Time since last: 25615044188 ns, Reaching safepoint: 299316 ns, Cleanup: 16901 ns, At safepoint: 9100 ns, Total: 325317 ns
[2025-05-05T00:12:14.466+0000][2960.998s][debug][safepoint   ] Safepoint synchronization initiated using futex wait barrier. (198 threads)
[2025-05-05T00:12:14.466+0000][2960.998s][info ][gc,start    ] GC(112) Pause Young (Normal) (G1 Evacuation Pause)
[2025-05-05T00:12:14.467+0000][2960.998s][info ][gc,task     ] GC(112) Using 8 workers of 8 for evacuation
[2025-05-05T00:12:14.469+0000][2961.001s][info ][gc,phases   ] GC(112)   Pre Evacuate Collection Set: 0.2ms
[2025-05-05T00:12:14.470+0000][2961.001s][info ][gc,phases   ] GC(112)   Merge Heap Roots: 0.1ms
[2025-05-05T00:12:14.470+0000][2961.002s][info ][gc,phases   ] GC(112)   Evacuate Collection Set: 1.2ms
[2025-05-05T00:12:14.470+0000][2961.002s][info ][gc,phases   ] GC(112)   Post Evacuate Collection Set: 1.0ms
[2025-05-05T00:12:14.470+0000][2961.002s][info ][gc,phases   ] GC(112)   Other: 0.5ms
[2025-05-05T00:12:14.470+0000][2961.002s][info ][gc,heap     ] GC(112) Eden regions: 90->0(90)
[2025-05-05T00:12:14.470+0000][2961.002s][info ][gc,heap     ] GC(112) Survivor regions: 1->1(12)
[2025-05-05T00:12:14.471+0000][2961.002s][info ][gc,heap     ] GC(112) Old regions: 90->90
[2025-05-05T00:12:14.471+0000][2961.003s][info ][gc,heap     ] GC(112) Archive regions: 2->2
[2025-05-05T00:12:14.471+0000][2961.003s][info ][gc,heap     ] GC(112) Humongous regions: 3->3
[2025-05-05T00:12:14.471+0000][2961.003s][info ][gc,metaspace] GC(112) Metaspace: 193915K(195520K)->193915K(195520K) NonClass: 170630K(171456K)->170630K(171456K) Class: 23284K(24064K)->23284K(24064K)
[2025-05-05T00:12:14.471+0000][2961.003s][info ][gc          ] GC(112) Pause Young (Normal) (G1 Evacuation Pause) 368M->188M(416M) 4.817ms
[2025-05-05T00:12:14.471+0000][2961.003s][info ][gc,cpu      ] GC(112) User=0.01s Sys=0.00s Real=0.00s
[2025-05-05T00:12:14.472+0000][2961.003s][info ][safepoint   ] Safepoint "G1CollectForAllocation", Time since last: 67363853792 ns, Reaching safepoint: 289216 ns, Cleanup: 5400 ns, At safepoint: 5247075 ns, Total: 5541691 ns
[2025-05-05T00:12:34.474+0000][2981.006s][debug][safepoint   ] Safepoint synchronization initiated using futex wait barrier. (203 threads)
[2025-05-05T00:12:34.475+0000][2981.007s][debug][safepoint   ] ... found polling page loop exception at pc = 0x00007fb43a47e6f7, stub =0x00007fb438af5400
[2025-05-05T00:12:34.475+0000][2981.007s][info ][safepoint   ] Safepoint "Cleanup", Time since last: 20002706315 ns, Reaching safepoint: 508227 ns, Cleanup: 17701 ns, At safepoint: 169809 ns, Total: 695737 ns
[2025-05-05T00:12:36.475+0000][2983.007s][debug][safepoint   ] Safepoint synchronization initiated using futex wait barrier. (207 threads)
[2025-05-05T00:12:36.476+0000][2983.008s][info ][safepoint   ] Safepoint "Cleanup", Time since last: 2000389754 ns, Reaching safepoint: 404021 ns, Cleanup: 16901 ns, At safepoint: 47203 ns, Total: 468125 ns
[2025-05-05T00:13:34.171+0000][3040.706s][debug][safepoint   ] Safepoint synchronization initiated using futex wait barrier. (208 threads)
[2025-05-05T00:13:34.172+0000][3040.707s][info ][safepoint   ] Safepoint "Cleanup", Time since last: 57698366690 ns, Reaching safepoint: 504426 ns, Cleanup: 32702 ns, At safepoint: 14800 ns, Total: 551928 ns
[2025-05-05T00:13:35.172+0000][3041.707s][debug][safepoint   ] Safepoint synchronization initiated using futex wait barrier. (208 threads)
[2025-05-05T00:13:35.173+0000][3041.708s][info ][safepoint   ] Safepoint "Cleanup", Time since last: 1000498062 ns, Reaching safepoint: 394720 ns, Cleanup: 19701 ns, At safepoint: 7201 ns, Total: 421622 ns
[2025-05-05T00:13:36.173+0000][3042.708s][debug][safepoint   ] Safepoint synchronization initiated using futex wait barrier. (208 threads)
[2025-05-05T00:13:36.173+0000][3042.708s][info ][safepoint   ] Safepoint "Cleanup", Time since last: 1000365354 ns, Reaching safepoint: 416322 ns, Cleanup: 15401 ns, At safepoint: 8500 ns, Total: 440223 ns
[2025-05-05T00:14:11.678+0000][3078.216s][debug][safepoint   ] Safepoint synchronization initiated using futex wait barrier. (208 threads)
[2025-05-05T00:14:11.678+0000][3078.216s][info ][gc,start    ] GC(113) Pause Young (Normal) (G1 Evacuation Pause)
[2025-05-05T00:14:11.678+0000][3078.216s][info ][gc,task     ] GC(113) Using 8 workers of 8 for evacuation
[2025-05-05T00:14:11.681+0000][3078.219s][info ][gc,phases   ] GC(113)   Pre Evacuate Collection Set: 0.2ms
[2025-05-05T00:14:11.681+0000][3078.219s][info ][gc,phases   ] GC(113)   Merge Heap Roots: 0.1ms
[2025-05-05T00:14:11.681+0000][3078.219s][info ][gc,phases   ] GC(113)   Evacuate Collection Set: 1.0ms
[2025-05-05T00:14:11.681+0000][3078.219s][info ][gc,phases   ] GC(113)   Post Evacuate Collection Set: 0.9ms
[2025-05-05T00:14:11.681+0000][3078.219s][info ][gc,phases   ] GC(113)   Other: 0.5ms
[2025-05-05T00:14:11.681+0000][3078.219s][info ][gc,heap     ] GC(113) Eden regions: 90->0(89)
[2025-05-05T00:14:11.681+0000][3078.219s][info ][gc,heap     ] GC(113) Survivor regions: 1->1(12)
[2025-05-05T00:14:11.681+0000][3078.220s][info ][gc,heap     ] GC(113) Old regions: 90->91
[2025-05-05T00:14:11.682+0000][3078.220s][info ][gc,heap     ] GC(113) Archive regions: 2->2
[2025-05-05T00:14:11.682+0000][3078.220s][info ][gc,heap     ] GC(113) Humongous regions: 3->3
[2025-05-05T00:14:11.682+0000][3078.220s][info ][gc,metaspace] GC(113) Metaspace: 193951K(195520K)->193951K(195520K) NonClass: 170667K(171456K)->170667K(171456K) Class: 23284K(24064K)->23284K(24064K)
[2025-05-05T00:14:11.682+0000][3078.220s][info ][gc          ] GC(113) Pause Young (Normal) (G1 Evacuation Pause) 368M->188M(416M) 4.018ms
[2025-05-05T00:14:11.682+0000][3078.220s][info ][gc,cpu      ] GC(113) User=0.01s Sys=0.00s Real=0.01s
[2025-05-05T00:14:11.683+0000][3078.221s][info ][safepoint   ] Safepoint "G1CollectForAllocation", Time since last: 35507285987 ns, Reaching safepoint: 278610 ns, Cleanup: 5300 ns, At safepoint: 4701968 ns, Total: 4985878 ns
[2025-05-05T00:14:34.686+0000][3101.224s][debug][safepoint   ] Safepoint synchronization initiated using futex wait barrier. (209 threads)
[2025-05-05T00:14:34.686+0000][3101.224s][info ][safepoint   ] Safepoint "Cleanup", Time since last: 23003102773 ns, Reaching safepoint: 357920 ns, Cleanup: 68604 ns, At safepoint: 9300 ns, Total: 435824 ns
[2025-05-05T00:14:35.686+0000][3102.225s][debug][safepoint   ] Safepoint synchronization initiated using futex wait barrier. (209 threads)
[2025-05-05T00:14:35.687+0000][3102.225s][info ][safepoint   ] Safepoint "Cleanup", Time since last: 1000331031 ns, Reaching safepoint: 232713 ns, Cleanup: 11101 ns, At safepoint: 4800 ns, Total: 248614 ns
[2025-05-05T00:14:36.687+0000][3103.225s][debug][safepoint   ] Safepoint synchronization initiated using futex wait barrier. (209 threads)
[2025-05-05T00:14:36.688+0000][3103.226s][info ][safepoint   ] Safepoint "Cleanup", Time since last: 1000240325 ns, Reaching safepoint: 598134 ns, Cleanup: 24101 ns, At safepoint: 7501 ns, Total: 629736 ns
[2025-05-05T00:16:11.233+0000][3197.778s][debug][safepoint   ] Safepoint synchronization initiated using futex wait barrier. (200 threads)
[2025-05-05T00:16:11.234+0000][3197.778s][info ][safepoint   ] Safepoint "Cleanup", Time since last: 94551946821 ns, Reaching safepoint: 270914 ns, Cleanup: 15401 ns, At safepoint: 9101 ns, Total: 295416 ns
[2025-05-05T00:16:13.190+0000][3199.734s][debug][safepoint   ] Safepoint synchronization initiated using futex wait barrier. (200 threads)
[2025-05-05T00:16:13.190+0000][3199.734s][info ][gc,start    ] GC(114) Pause Young (Normal) (G1 Evacuation Pause)
[2025-05-05T00:16:13.190+0000][3199.735s][info ][gc,task     ] GC(114) Using 8 workers of 8 for evacuation
[2025-05-05T00:16:13.193+0000][3199.737s][info ][gc,phases   ] GC(114)   Pre Evacuate Collection Set: 0.2ms
[2025-05-05T00:16:13.193+0000][3199.737s][info ][gc,phases   ] GC(114)   Merge Heap Roots: 0.1ms
[2025-05-05T00:16:13.193+0000][3199.737s][info ][gc,phases   ] GC(114)   Evacuate Collection Set: 1.0ms
[2025-05-05T00:16:13.193+0000][3199.738s][info ][gc,phases   ] GC(114)   Post Evacuate Collection Set: 0.9ms
[2025-05-05T00:16:13.193+0000][3199.738s][info ][gc,phases   ] GC(114)   Other: 0.4ms
[2025-05-05T00:16:13.194+0000][3199.738s][info ][gc,heap     ] GC(114) Eden regions: 89->0(89)
[2025-05-05T00:16:13.194+0000][3199.738s][info ][gc,heap     ] GC(114) Survivor regions: 1->1(12)
[2025-05-05T00:16:13.194+0000][3199.738s][info ][gc,heap     ] GC(114) Old regions: 91->91
[2025-05-05T00:16:13.194+0000][3199.738s][info ][gc,heap     ] GC(114) Archive regions: 2->2
[2025-05-05T00:16:13.194+0000][3199.738s][info ][gc,heap     ] GC(114) Humongous regions: 3->3
[2025-05-05T00:16:13.194+0000][3199.738s][info ][gc,metaspace] GC(114) Metaspace: 193963K(195584K)->193963K(195584K) NonClass: 170679K(171520K)->170679K(171520K) Class: 23284K(24064K)->23284K(24064K)
[2025-05-05T00:16:13.194+0000][3199.739s][info ][gc          ] GC(114) Pause Young (Normal) (G1 Evacuation Pause) 366M->188M(416M) 4.148ms
[2025-05-05T00:16:13.194+0000][3199.739s][info ][gc,cpu      ] GC(114) User=0.01s Sys=0.00s Real=0.01s
[2025-05-05T00:16:13.195+0000][3199.739s][info ][safepoint   ] Safepoint "G1CollectForAllocation", Time since last: 1956217967 ns, Reaching safepoint: 275914 ns, Cleanup: 4900 ns, At safepoint: 4475432 ns, Total: 4756246 ns
[2025-05-05T00:16:31.197+0000][3217.741s][debug][safepoint   ] Safepoint synchronization initiated using futex wait barrier. (200 threads)
[2025-05-05T00:16:31.197+0000][3217.741s][info ][safepoint   ] Safepoint "Cleanup", Time since last: 18002143462 ns, Reaching safepoint: 212711 ns, Cleanup: 10901 ns, At safepoint: 4500 ns, Total: 228112 ns
[2025-05-05T00:16:34.197+0000][3220.742s][debug][safepoint   ] Safepoint synchronization initiated using futex wait barrier. (203 threads)
[2025-05-05T00:16:34.198+0000][3220.742s][info ][safepoint   ] Safepoint "Cleanup", Time since last: 3000444792 ns, Reaching safepoint: 253613 ns, Cleanup: 21601 ns, At safepoint: 22502 ns, Total: 297716 ns
[2025-05-05T00:16:35.198+0000][3221.742s][debug][safepoint   ] Safepoint synchronization initiated using futex wait barrier. (203 threads)
[2025-05-05T00:16:35.198+0000][3221.742s][info ][safepoint   ] Safepoint "Cleanup", Time since last: 1000268370 ns, Reaching safepoint: 212811 ns, Cleanup: 13401 ns, At safepoint: 5000 ns, Total: 231212 ns
[2025-05-05T00:16:36.199+0000][3222.743s][debug][safepoint   ] Safepoint synchronization initiated using futex wait barrier. (206 threads)
[2025-05-05T00:16:36.199+0000][3222.743s][info ][safepoint   ] Safepoint "Cleanup", Time since last: 1000261070 ns, Reaching safepoint: 222411 ns, Cleanup: 10301 ns, At safepoint: 4900 ns, Total: 237612 ns
[2025-05-05T00:16:43.199+0000][3229.744s][debug][safepoint   ] Safepoint synchronization initiated using futex wait barrier. (206 threads)
[2025-05-05T00:16:43.199+0000][3229.745s][info ][safepoint   ] Safepoint "Cleanup", Time since last: 7001351712 ns, Reaching safepoint: 258313 ns, Cleanup: 35302 ns, At safepoint: 10800 ns, Total: 304415 ns
[2025-05-05T00:16:51.200+0000][3237.746s][debug][safepoint   ] Safepoint synchronization initiated using futex wait barrier. (206 threads)
[2025-05-05T00:16:51.200+0000][3237.746s][info ][safepoint   ] Safepoint "Cleanup", Time since last: 8001125193 ns, Reaching safepoint: 256214 ns, Cleanup: 12700 ns, At safepoint: 5001 ns, Total: 273915 ns
[2025-05-05T00:18:14.452+0000][3321.003s][debug][safepoint   ] Safepoint synchronization initiated using futex wait barrier. (198 threads)
[2025-05-05T00:18:14.453+0000][3321.004s][info ][gc,start    ] GC(115) Pause Young (Normal) (G1 Evacuation Pause)
[2025-05-05T00:18:14.453+0000][3321.004s][info ][gc,task     ] GC(115) Using 8 workers of 8 for evacuation
[2025-05-05T00:18:14.457+0000][3321.007s][info ][gc,phases   ] GC(115)   Pre Evacuate Collection Set: 0.3ms
[2025-05-05T00:18:14.457+0000][3321.008s][info ][gc,phases   ] GC(115)   Merge Heap Roots: 0.2ms
[2025-05-05T00:18:14.457+0000][3321.008s][info ][gc,phases   ] GC(115)   Evacuate Collection Set: 1.4ms
[2025-05-05T00:18:14.457+0000][3321.008s][info ][gc,phases   ] GC(115)   Post Evacuate Collection Set: 1.2ms
[2025-05-05T00:18:14.458+0000][3321.008s][info ][gc,phases   ] GC(115)   Other: 0.6ms
[2025-05-05T00:18:14.458+0000][3321.008s][info ][gc,heap     ] GC(115) Eden regions: 89->0(89)
[2025-05-05T00:18:14.458+0000][3321.009s][info ][gc,heap     ] GC(115) Survivor regions: 1->1(12)
[2025-05-05T00:18:14.458+0000][3321.009s][info ][gc,heap     ] GC(115) Old regions: 91->91
[2025-05-05T00:18:14.458+0000][3321.009s][info ][gc,heap     ] GC(115) Archive regions: 2->2
[2025-05-05T00:18:14.459+0000][3321.009s][info ][gc,heap     ] GC(115) Humongous regions: 3->3
[2025-05-05T00:18:14.459+0000][3321.009s][info ][gc,metaspace] GC(115) Metaspace: 193983K(195584K)->193983K(195584K) NonClass: 170699K(171520K)->170699K(171520K) Class: 23284K(24064K)->23284K(24064K)
[2025-05-05T00:18:14.459+0000][3321.010s][info ][gc          ] GC(115) Pause Young (Normal) (G1 Evacuation Pause) 366M->188M(416M) 6.006ms
[2025-05-05T00:18:14.459+0000][3321.010s][info ][gc,cpu      ] GC(115) User=0.01s Sys=0.00s Real=0.01s
[2025-05-05T00:18:14.460+0000][3321.010s][info ][safepoint   ] Safepoint "G1CollectForAllocation", Time since last: 83257071924 ns, Reaching safepoint: 462520 ns, Cleanup: 6700 ns, At safepoint: 6557690 ns, Total: 7026910 ns
[2025-05-05T00:18:34.462+0000][3341.013s][debug][safepoint   ] Safepoint synchronization initiated using futex wait barrier. (205 threads)
[2025-05-05T00:18:34.462+0000][3341.013s][info ][safepoint   ] Safepoint "Cleanup", Time since last: 20002464405 ns, Reaching safepoint: 290915 ns, Cleanup: 48303 ns, At safepoint: 12301 ns, Total: 351519 ns
[2025-05-05T00:18:35.463+0000][3342.013s][debug][safepoint   ] Safepoint synchronization initiated using futex wait barrier. (205 threads)
[2025-05-05T00:18:35.463+0000][3342.014s][info ][safepoint   ] Safepoint "Cleanup", Time since last: 1000274441 ns, Reaching safepoint: 251113 ns, Cleanup: 12001 ns, At safepoint: 5800 ns, Total: 268914 ns
[2025-05-05T00:18:36.463+0000][3343.014s][debug][safepoint   ] Safepoint synchronization initiated using futex wait barrier. (208 threads)
[2025-05-05T00:18:36.463+0000][3343.014s][info ][safepoint   ] Safepoint "Cleanup", Time since last: 1000252341 ns, Reaching safepoint: 278214 ns, Cleanup: 12801 ns, At safepoint: 4600 ns, Total: 295615 ns
[2025-05-05T00:18:39.464+0000][3346.015s][debug][safepoint   ] Safepoint synchronization initiated using futex wait barrier. (208 threads)
[2025-05-05T00:18:39.465+0000][3346.015s][info ][safepoint   ] Safepoint "Cleanup", Time since last: 3000619044 ns, Reaching safepoint: 711032 ns, Cleanup: 25601 ns, At safepoint: 15401 ns, Total: 752034 ns
[2025-05-05T00:20:10.515+0000][3437.070s][debug][safepoint   ] Safepoint synchronization initiated using futex wait barrier. (199 threads)
[2025-05-05T00:20:10.516+0000][3437.070s][info ][gc,start    ] GC(116) Pause Young (Normal) (G1 Evacuation Pause)
[2025-05-05T00:20:10.516+0000][3437.071s][info ][gc,task     ] GC(116) Using 8 workers of 8 for evacuation
[2025-05-05T00:20:10.518+0000][3437.073s][info ][gc,phases   ] GC(116)   Pre Evacuate Collection Set: 0.2ms
[2025-05-05T00:20:10.519+0000][3437.074s][info ][gc,phases   ] GC(116)   Merge Heap Roots: 0.1ms
[2025-05-05T00:20:10.519+0000][3437.074s][info ][gc,phases   ] GC(116)   Evacuate Collection Set: 1.0ms
[2025-05-05T00:20:10.519+0000][3437.074s][info ][gc,phases   ] GC(116)   Post Evacuate Collection Set: 0.9ms
[2025-05-05T00:20:10.519+0000][3437.074s][info ][gc,phases   ] GC(116)   Other: 0.6ms
[2025-05-05T00:20:10.520+0000][3437.074s][info ][gc,heap     ] GC(116) Eden regions: 89->0(89)
[2025-05-05T00:20:10.520+0000][3437.075s][info ][gc,heap     ] GC(116) Survivor regions: 1->1(12)
[2025-05-05T00:20:10.520+0000][3437.075s][info ][gc,heap     ] GC(116) Old regions: 91->91
[2025-05-05T00:20:10.520+0000][3437.075s][info ][gc,heap     ] GC(116) Archive regions: 2->2
[2025-05-05T00:20:10.520+0000][3437.075s][info ][gc,heap     ] GC(116) Humongous regions: 3->3
[2025-05-05T00:20:10.520+0000][3437.075s][info ][gc,metaspace] GC(116) Metaspace: 194010K(195584K)->194010K(195584K) NonClass: 170724K(171520K)->170724K(171520K) Class: 23285K(24064K)->23285K(24064K)
[2025-05-05T00:20:10.521+0000][3437.075s][info ][gc          ] GC(116) Pause Young (Normal) (G1 Evacuation Pause) 366M->188M(416M) 5.050ms
[2025-05-05T00:20:10.521+0000][3437.076s][info ][gc,cpu      ] GC(116) User=0.01s Sys=0.00s Real=0.00s
[2025-05-05T00:20:10.521+0000][3437.076s][info ][safepoint   ] Safepoint "G1CollectForAllocation", Time since last: 91054624529 ns, Reaching safepoint: 361519 ns, Cleanup: 4900 ns, At safepoint: 5391776 ns, Total: 5758195 ns
[2025-05-05T00:20:34.523+0000][3461.079s][debug][safepoint   ] Safepoint synchronization initiated using futex wait barrier. (203 threads)
[2025-05-05T00:20:34.523+0000][3461.080s][info ][safepoint   ] Safepoint "Cleanup", Time since last: 24003464111 ns, Reaching safepoint: 298415 ns, Cleanup: 17201 ns, At safepoint: 4900 ns, Total: 320516 ns
[2025-05-05T00:20:36.524+0000][3463.080s][debug][safepoint   ] Safepoint synchronization initiated using futex wait barrier. (207 threads)
[2025-05-05T00:20:36.524+0000][3463.080s][info ][safepoint   ] Safepoint "Cleanup", Time since last: 2000448145 ns, Reaching safepoint: 210611 ns, Cleanup: 12601 ns, At safepoint: 5500 ns, Total: 228712 ns
[2025-05-05T00:20:39.524+0000][3466.081s][debug][safepoint   ] Safepoint synchronization initiated using futex wait barrier. (207 threads)
[2025-05-05T00:20:39.525+0000][3466.081s][info ][safepoint   ] Safepoint "Cleanup", Time since last: 3000622190 ns, Reaching safepoint: 536227 ns, Cleanup: 17101 ns, At safepoint: 31601 ns, Total: 584929 ns
[2025-05-05T00:20:45.525+0000][3472.083s][debug][safepoint   ] Safepoint synchronization initiated using futex wait barrier. (207 threads)
[2025-05-05T00:20:45.526+0000][3472.084s][info ][safepoint   ] Safepoint "Cleanup", Time since last: 6001446810 ns, Reaching safepoint: 622331 ns, Cleanup: 18501 ns, At safepoint: 11701 ns, Total: 652533 ns
[2025-05-05T00:21:23.787+0000][3510.346s][debug][safepoint   ] Safepoint synchronization initiated using futex wait barrier. (207 threads)
[2025-05-05T00:21:23.787+0000][3510.346s][info ][safepoint   ] Safepoint "Cleanup", Time since last: 38262457132 ns, Reaching safepoint: 217612 ns, Cleanup: 43702 ns, At safepoint: 6200 ns, Total: 267514 ns
[2025-05-05T00:21:58.428+0000][3544.989s][debug][safepoint   ] Safepoint synchronization initiated using futex wait barrier. (200 threads)
[2025-05-05T00:21:58.428+0000][3544.989s][info ][safepoint   ] Safepoint "Cleanup", Time since last: 34642721078 ns, Reaching safepoint: 344118 ns, Cleanup: 13401 ns, At safepoint: 5200 ns, Total: 362719 ns
[2025-05-05T00:22:11.384+0000][3557.946s][debug][safepoint   ] Safepoint synchronization initiated using futex wait barrier. (199 threads)
[2025-05-05T00:22:11.384+0000][3557.947s][info ][gc,start    ] GC(117) Pause Young (Normal) (G1 Evacuation Pause)
[2025-05-05T00:22:11.384+0000][3557.947s][info ][gc,task     ] GC(117) Using 8 workers of 8 for evacuation
[2025-05-05T00:22:11.388+0000][3557.950s][info ][gc,phases   ] GC(117)   Pre Evacuate Collection Set: 0.2ms
[2025-05-05T00:22:11.388+0000][3557.950s][info ][gc,phases   ] GC(117)   Merge Heap Roots: 0.2ms
[2025-05-05T00:22:11.388+0000][3557.951s][info ][gc,phases   ] GC(117)   Evacuate Collection Set: 1.3ms
[2025-05-05T00:22:11.388+0000][3557.951s][info ][gc,phases   ] GC(117)   Post Evacuate Collection Set: 1.2ms
[2025-05-05T00:22:11.389+0000][3557.951s][info ][gc,phases   ] GC(117)   Other: 0.5ms
[2025-05-05T00:22:11.389+0000][3557.951s][info ][gc,heap     ] GC(117) Eden regions: 89->0(89)
[2025-05-05T00:22:11.389+0000][3557.951s][info ][gc,heap     ] GC(117) Survivor regions: 1->1(12)
[2025-05-05T00:22:11.389+0000][3557.952s][info ][gc,heap     ] GC(117) Old regions: 91->91
[2025-05-05T00:22:11.389+0000][3557.952s][info ][gc,heap     ] GC(117) Archive regions: 2->2
[2025-05-05T00:22:11.390+0000][3557.952s][info ][gc,heap     ] GC(117) Humongous regions: 3->3
[2025-05-05T00:22:11.390+0000][3557.952s][info ][gc,metaspace] GC(117) Metaspace: 194038K(195648K)->194038K(195648K) NonClass: 170752K(171584K)->170752K(171584K) Class: 23285K(24064K)->23285K(24064K)
[2025-05-05T00:22:11.390+0000][3557.952s][info ][gc          ] GC(117) Pause Young (Normal) (G1 Evacuation Pause) 366M->189M(416M) 5.628ms
[2025-05-05T00:22:11.390+0000][3557.952s][info ][gc,cpu      ] GC(117) User=0.01s Sys=0.00s Real=0.01s
[2025-05-05T00:22:11.390+0000][3557.953s][info ][safepoint   ] Safepoint "G1CollectForAllocation", Time since last: 12956800706 ns, Reaching safepoint: 338117 ns, Cleanup: 6001 ns, At safepoint: 6061410 ns, Total: 6405528 ns
[2025-05-05T00:22:34.394+0000][3580.957s][debug][safepoint   ] Safepoint synchronization initiated using futex wait barrier. (203 threads)
[2025-05-05T00:22:34.395+0000][3580.957s][info ][safepoint   ] Safepoint "Cleanup", Time since last: 23004137396 ns, Reaching safepoint: 227212 ns, Cleanup: 41102 ns, At safepoint: 9101 ns, Total: 277415 ns
[2025-05-05T00:22:36.395+0000][3582.957s][debug][safepoint   ] Safepoint synchronization initiated using futex wait barrier. (206 threads)
[2025-05-05T00:22:36.395+0000][3582.958s][info ][safepoint   ] Safepoint "Cleanup", Time since last: 2000410357 ns, Reaching safepoint: 290315 ns, Cleanup: 12700 ns, At safepoint: 35702 ns, Total: 338717 ns
[2025-05-05T00:22:51.397+0000][3597.960s][debug][safepoint   ] Safepoint synchronization initiated using futex wait barrier. (206 threads)
[2025-05-05T00:22:51.397+0000][3597.961s][info ][safepoint   ] Safepoint "Cleanup", Time since last: 15002590232 ns, Reaching safepoint: 400420 ns, Cleanup: 11201 ns, At safepoint: 5000 ns, Total: 416621 ns
[2025-05-05T00:23:34.465+0000][3641.031s][debug][safepoint   ] Safepoint synchronization initiated using futex wait barrier. (208 threads)
[2025-05-05T00:23:34.466+0000][3641.031s][info ][safepoint   ] Safepoint "Cleanup", Time since last: 43070109697 ns, Reaching safepoint: 190410 ns, Cleanup: 13301 ns, At safepoint: 4400 ns, Total: 208111 ns
[2025-05-05T00:23:41.465+0000][3648.032s][debug][safepoint   ] Safepoint synchronization initiated using futex wait barrier. (209 threads)
[2025-05-05T00:23:41.466+0000][3648.032s][info ][safepoint   ] Safepoint "Cleanup", Time since last: 7001071066 ns, Reaching safepoint: 335617 ns, Cleanup: 10000 ns, At safepoint: 5001 ns, Total: 350618 ns
[2025-05-05T00:23:45.466+0000][3652.033s][debug][safepoint   ] Safepoint synchronization initiated using futex wait barrier. (209 threads)
[2025-05-05T00:23:45.467+0000][3652.034s][info ][safepoint   ] Safepoint "Cleanup", Time since last: 4000735864 ns, Reaching safepoint: 315016 ns, Cleanup: 19001 ns, At safepoint: 4700 ns, Total: 338717 ns
[2025-05-05T00:24:05.541+0000][3672.108s][debug][safepoint   ] Safepoint synchronization initiated using futex wait barrier. (208 threads)
[2025-05-05T00:24:05.542+0000][3672.108s][info ][gc,start    ] GC(118) Pause Young (Normal) (G1 Evacuation Pause)
[2025-05-05T00:24:05.542+0000][3672.109s][info ][gc,task     ] GC(118) Using 8 workers of 8 for evacuation
[2025-05-05T00:24:05.545+0000][3672.112s][info ][gc,phases   ] GC(118)   Pre Evacuate Collection Set: 0.2ms
[2025-05-05T00:24:05.546+0000][3672.112s][info ][gc,phases   ] GC(118)   Merge Heap Roots: 0.2ms
[2025-05-05T00:24:05.546+0000][3672.113s][info ][gc,phases   ] GC(118)   Evacuate Collection Set: 1.4ms
[2025-05-05T00:24:05.546+0000][3672.113s][info ][gc,phases   ] GC(118)   Post Evacuate Collection Set: 1.2ms
[2025-05-05T00:24:05.546+0000][3672.113s][info ][gc,phases   ] GC(118)   Other: 0.7ms
[2025-05-05T00:24:05.547+0000][3672.113s][info ][gc,heap     ] GC(118) Eden regions: 89->0(89)
[2025-05-05T00:24:05.547+0000][3672.114s][info ][gc,heap     ] GC(118) Survivor regions: 1->1(12)
[2025-05-05T00:24:05.547+0000][3672.114s][info ][gc,heap     ] GC(118) Old regions: 91->91
[2025-05-05T00:24:05.547+0000][3672.114s][info ][gc,heap     ] GC(118) Archive regions: 2->2
[2025-05-05T00:24:05.547+0000][3672.114s][info ][gc,heap     ] GC(118) Humongous regions: 3->3
[2025-05-05T00:24:05.548+0000][3672.114s][info ][gc,metaspace] GC(118) Metaspace: 194091K(195648K)->194091K(195648K) NonClass: 170803K(171584K)->170803K(171584K) Class: 23288K(24064K)->23288K(24064K)
[2025-05-05T00:24:05.548+0000][3672.115s][info ][gc          ] GC(118) Pause Young (Normal) (G1 Evacuation Pause) 367M->189M(416M) 6.119ms
[2025-05-05T00:24:05.548+0000][3672.115s][info ][gc,cpu      ] GC(118) User=0.01s Sys=0.00s Real=0.00s
[2025-05-05T00:24:05.549+0000][3672.116s][info ][safepoint   ] Safepoint "G1CollectForAllocation", Time since last: 20074378142 ns, Reaching safepoint: 391520 ns, Cleanup: 5300 ns, At safepoint: 7270367 ns, Total: 7667187 ns
[2025-05-05T00:24:34.551+0000][3701.120s][debug][safepoint   ] Safepoint synchronization initiated using futex wait barrier. (209 threads)
[2025-05-05T00:24:34.551+0000][3701.120s][info ][safepoint   ] Safepoint "Cleanup", Time since last: 29003980890 ns, Reaching safepoint: 228712 ns, Cleanup: 20101 ns, At safepoint: 5800 ns, Total: 254613 ns
[2025-05-05T00:24:41.551+0000][3708.121s][debug][safepoint   ] Safepoint synchronization initiated using futex wait barrier. (209 threads)
[2025-05-05T00:24:41.552+0000][3708.121s][info ][safepoint   ] Safepoint "Cleanup", Time since last: 7001042220 ns, Reaching safepoint: 372619 ns, Cleanup: 10501 ns, At safepoint: 4700 ns, Total: 387820 ns
[2025-05-05T00:25:51.524+0000][3778.097s][debug][safepoint   ] Safepoint synchronization initiated using futex wait barrier. (200 threads)
[2025-05-05T00:25:51.525+0000][3778.097s][info ][safepoint   ] Safepoint "Cleanup", Time since last: 69975516938 ns, Reaching safepoint: 354918 ns, Cleanup: 14900 ns, At safepoint: 5601 ns, Total: 375419 ns
[2025-05-05T00:26:06.938+0000][3793.511s][debug][safepoint   ] Safepoint synchronization initiated using futex wait barrier. (200 threads)
[2025-05-05T00:26:06.938+0000][3793.511s][info ][gc,start    ] GC(119) Pause Young (Normal) (G1 Evacuation Pause)
[2025-05-05T00:26:06.938+0000][3793.511s][info ][gc,task     ] GC(119) Using 8 workers of 8 for evacuation
[2025-05-05T00:26:06.941+0000][3793.513s][info ][gc,phases   ] GC(119)   Pre Evacuate Collection Set: 0.2ms
[2025-05-05T00:26:06.941+0000][3793.514s][info ][gc,phases   ] GC(119)   Merge Heap Roots: 0.1ms
[2025-05-05T00:26:06.941+0000][3793.514s][info ][gc,phases   ] GC(119)   Evacuate Collection Set: 1.0ms
[2025-05-05T00:26:06.941+0000][3793.514s][info ][gc,phases   ] GC(119)   Post Evacuate Collection Set: 0.9ms
[2025-05-05T00:26:06.941+0000][3793.514s][info ][gc,phases   ] GC(119)   Other: 0.4ms
[2025-05-05T00:26:06.942+0000][3793.514s][info ][gc,heap     ] GC(119) Eden regions: 89->0(89)
[2025-05-05T00:26:06.942+0000][3793.514s][info ][gc,heap     ] GC(119) Survivor regions: 1->1(12)
[2025-05-05T00:26:06.942+0000][3793.514s][info ][gc,heap     ] GC(119) Old regions: 91->91
[2025-05-05T00:26:06.942+0000][3793.515s][info ][gc,heap     ] GC(119) Archive regions: 2->2
[2025-05-05T00:26:06.942+0000][3793.515s][info ][gc,heap     ] GC(119) Humongous regions: 3->3
[2025-05-05T00:26:06.942+0000][3793.515s][info ][gc,metaspace] GC(119) Metaspace: 194107K(195648K)->194107K(195648K) NonClass: 170819K(171584K)->170819K(171584K) Class: 23288K(24064K)->23288K(24064K)
[2025-05-05T00:26:06.942+0000][3793.515s][info ][gc          ] GC(119) Pause Young (Normal) (G1 Evacuation Pause) 367M->189M(416M) 4.046ms
[2025-05-05T00:26:06.943+0000][3793.515s][info ][gc,cpu      ] GC(119) User=0.01s Sys=0.01s Real=0.00s
[2025-05-05T00:26:06.943+0000][3793.515s][info ][safepoint   ] Safepoint "G1CollectForAllocation", Time since last: 15413519323 ns, Reaching safepoint: 222511 ns, Cleanup: 5400 ns, At safepoint: 4465723 ns, Total: 4693634 ns
[2025-05-05T00:26:07.943+0000][3794.516s][debug][safepoint   ] Safepoint synchronization initiated using futex wait barrier. (200 threads)
[2025-05-05T00:26:07.943+0000][3794.516s][info ][safepoint   ] Safepoint "Cleanup", Time since last: 1000303972 ns, Reaching safepoint: 193808 ns, Cleanup: 28702 ns, At safepoint: 5600 ns, Total: 228110 ns
[2025-05-05T00:26:34.945+0000][3821.519s][debug][safepoint   ] Safepoint synchronization initiated using futex wait barrier. (203 threads)
[2025-05-05T00:26:34.945+0000][3821.519s][info ][safepoint   ] Safepoint "Cleanup", Time since last: 27003181235 ns, Reaching safepoint: 208610 ns, Cleanup: 49002 ns, At safepoint: 6901 ns, Total: 264513 ns
[2025-05-05T00:26:35.945+0000][3822.520s][debug][safepoint   ] Safepoint synchronization initiated using futex wait barrier. (207 threads)
[2025-05-05T00:26:35.946+0000][3822.520s][info ][safepoint   ] Safepoint "Cleanup", Time since last: 1000450283 ns, Reaching safepoint: 562228 ns, Cleanup: 18901 ns, At safepoint: 10900 ns, Total: 592029 ns
[2025-05-05T00:26:40.945+0000][3827.521s][debug][safepoint   ] Safepoint synchronization initiated using futex wait barrier. (207 threads)
[2025-05-05T00:26:40.945+0000][3827.522s][info ][safepoint   ] Safepoint "Cleanup", Time since last: 5001033118 ns, Reaching safepoint: 218611 ns, Cleanup: 10301 ns, At safepoint: 5000 ns, Total: 233912 ns
[2025-05-05T00:26:42.946+0000][3829.522s][debug][safepoint   ] Safepoint synchronization initiated using futex wait barrier. (207 threads)
[2025-05-05T00:26:42.946+0000][3829.522s][info ][safepoint   ] Safepoint "Cleanup", Time since last: 2000355498 ns, Reaching safepoint: 365218 ns, Cleanup: 15701 ns, At safepoint: 9000 ns, Total: 389919 ns
[2025-05-05T00:26:44.947+0000][3831.523s][debug][safepoint   ] Safepoint synchronization initiated using futex wait barrier. (207 threads)
[2025-05-05T00:26:44.947+0000][3831.523s][info ][safepoint   ] Safepoint "Cleanup", Time since last: 2000495506 ns, Reaching safepoint: 342816 ns, Cleanup: 14501 ns, At safepoint: 7700 ns, Total: 365017 ns
[2025-05-05T00:26:50.948+0000][3837.524s][debug][safepoint   ] Safepoint synchronization initiated using futex wait barrier. (207 threads)
[2025-05-05T00:26:50.948+0000][3837.525s][info ][safepoint   ] Safepoint "Cleanup", Time since last: 6000898766 ns, Reaching safepoint: 322816 ns, Cleanup: 12801 ns, At safepoint: 7300 ns, Total: 342917 ns
[2025-05-05T00:27:14.581+0000][3861.158s][debug][safepoint   ] Safepoint synchronization initiated using futex wait barrier. (209 threads)
[2025-05-05T00:27:14.585+0000][3861.162s][info ][safepoint   ] Safepoint "Cleanup", Time since last: 23633384455 ns, Reaching safepoint: 4093306 ns, Cleanup: 78604 ns, At safepoint: 13300 ns, Total: 4185210 ns
[2025-05-05T00:27:21.586+0000][3868.163s][debug][safepoint   ] Safepoint synchronization initiated using futex wait barrier. (209 threads)
[2025-05-05T00:27:21.586+0000][3868.164s][info ][safepoint   ] Safepoint "Cleanup", Time since last: 7001197427 ns, Reaching safepoint: 383322 ns, Cleanup: 56803 ns, At safepoint: 19401 ns, Total: 459526 ns
[2025-05-05T00:27:21.928+0000][3868.505s][debug][safepoint   ] Safepoint synchronization initiated using futex wait barrier. (209 threads)
[2025-05-05T00:27:21.928+0000][3868.505s][info ][gc,start    ] GC(120) Pause Young (Normal) (G1 Evacuation Pause)
[2025-05-05T00:27:21.928+0000][3868.505s][info ][gc,task     ] GC(120) Using 8 workers of 8 for evacuation
[2025-05-05T00:27:21.930+0000][3868.508s][info ][gc,phases   ] GC(120)   Pre Evacuate Collection Set: 0.2ms
[2025-05-05T00:27:21.930+0000][3868.508s][info ][gc,phases   ] GC(120)   Merge Heap Roots: 0.1ms
[2025-05-05T00:27:21.931+0000][3868.508s][info ][gc,phases   ] GC(120)   Evacuate Collection Set: 1.0ms
[2025-05-05T00:27:21.931+0000][3868.508s][info ][gc,phases   ] GC(120)   Post Evacuate Collection Set: 0.8ms
[2025-05-05T00:27:21.931+0000][3868.508s][info ][gc,phases   ] GC(120)   Other: 0.3ms
[2025-05-05T00:27:21.931+0000][3868.508s][info ][gc,heap     ] GC(120) Eden regions: 89->0(89)
[2025-05-05T00:27:21.931+0000][3868.508s][info ][gc,heap     ] GC(120) Survivor regions: 1->1(12)
[2025-05-05T00:27:21.931+0000][3868.508s][info ][gc,heap     ] GC(120) Old regions: 91->91
[2025-05-05T00:27:21.931+0000][3868.509s][info ][gc,heap     ] GC(120) Archive regions: 2->2
[2025-05-05T00:27:21.931+0000][3868.509s][info ][gc,heap     ] GC(120) Humongous regions: 3->3
[2025-05-05T00:27:21.931+0000][3868.509s][info ][gc,metaspace] GC(120) Metaspace: 194150K(195712K)->194150K(195712K) NonClass: 170861K(171648K)->170861K(171648K) Class: 23288K(24064K)->23288K(24064K)
[2025-05-05T00:27:21.931+0000][3868.509s][info ][gc          ] GC(120) Pause Young (Normal) (G1 Evacuation Pause) 367M->189M(416M) 3.646ms
[2025-05-05T00:27:21.932+0000][3868.509s][info ][gc,cpu      ] GC(120) User=0.01s Sys=0.00s Real=0.01s
[2025-05-05T00:27:21.932+0000][3868.509s][info ][safepoint   ] Safepoint "G1CollectForAllocation", Time since last: 341168244 ns, Reaching safepoint: 255115 ns, Cleanup: 4600 ns, At safepoint: 4038330 ns, Total: 4298045 ns
[2025-05-05T00:29:51.186+0000][4017.770s][debug][safepoint   ] Safepoint synchronization initiated using futex wait barrier. (198 threads)
[2025-05-05T00:29:51.186+0000][4017.771s][info ][gc,start    ] GC(121) Pause Young (Normal) (G1 Evacuation Pause)
[2025-05-05T00:29:51.186+0000][4017.771s][info ][gc,task     ] GC(121) Using 8 workers of 8 for evacuation
[2025-05-05T00:29:51.190+0000][4017.774s][info ][gc,phases   ] GC(121)   Pre Evacuate Collection Set: 0.2ms
[2025-05-05T00:29:51.190+0000][4017.774s][info ][gc,phases   ] GC(121)   Merge Heap Roots: 0.1ms
[2025-05-05T00:29:51.190+0000][4017.774s][info ][gc,phases   ] GC(121)   Evacuate Collection Set: 1.3ms
[2025-05-05T00:29:51.190+0000][4017.775s][info ][gc,phases   ] GC(121)   Post Evacuate Collection Set: 1.2ms
[2025-05-05T00:29:51.190+0000][4017.775s][info ][gc,phases   ] GC(121)   Other: 0.4ms
[2025-05-05T00:29:51.190+0000][4017.775s][info ][gc,heap     ] GC(121) Eden regions: 89->0(89)
[2025-05-05T00:29:51.191+0000][4017.775s][info ][gc,heap     ] GC(121) Survivor regions: 1->1(12)
[2025-05-05T00:29:51.191+0000][4017.775s][info ][gc,heap     ] GC(121) Old regions: 91->91
[2025-05-05T00:29:51.191+0000][4017.775s][info ][gc,heap     ] GC(121) Archive regions: 2->2
[2025-05-05T00:29:51.191+0000][4017.776s][info ][gc,heap     ] GC(121) Humongous regions: 3->3
[2025-05-05T00:29:51.191+0000][4017.776s][info ][gc,metaspace] GC(121) Metaspace: 194157K(195712K)->194157K(195712K) NonClass: 170869K(171648K)->170869K(171648K) Class: 23288K(24064K)->23288K(24064K)
[2025-05-05T00:29:51.191+0000][4017.776s][info ][gc          ] GC(121) Pause Young (Normal) (G1 Evacuation Pause) 367M->189M(416M) 5.156ms
[2025-05-05T00:29:51.192+0000][4017.776s][info ][gc,cpu      ] GC(121) User=0.01s Sys=0.00s Real=0.00s
[2025-05-05T00:29:51.192+0000][4017.776s][info ][safepoint   ] Safepoint "G1CollectForAllocation", Time since last: 149261151617 ns, Reaching safepoint: 298815 ns, Cleanup: 6600 ns, At safepoint: 5604382 ns, Total: 5909797 ns
[2025-05-05T00:31:52.209+0000][4138.800s][debug][safepoint   ] Safepoint synchronization initiated using futex wait barrier. (198 threads)
[2025-05-05T00:31:52.210+0000][4138.800s][info ][safepoint   ] Safepoint "Cleanup", Time since last: 121023877866 ns, Reaching safepoint: 203610 ns, Cleanup: 27102 ns, At safepoint: 16200 ns, Total: 246912 ns
[2025-05-05T00:32:21.296+0000][4167.888s][debug][safepoint   ] Safepoint synchronization initiated using futex wait barrier. (198 threads)
[2025-05-05T00:32:21.297+0000][4167.889s][info ][gc,start    ] GC(122) Pause Young (Normal) (G1 Evacuation Pause)
[2025-05-05T00:32:21.297+0000][4167.890s][info ][gc,task     ] GC(122) Using 8 workers of 8 for evacuation
[2025-05-05T00:32:21.304+0000][4167.897s][info ][gc,phases   ] GC(122)   Pre Evacuate Collection Set: 0.9ms
[2025-05-05T00:32:21.305+0000][4167.897s][info ][gc,phases   ] GC(122)   Merge Heap Roots: 0.6ms
[2025-05-05T00:32:21.305+0000][4167.897s][info ][gc,phases   ] GC(122)   Evacuate Collection Set: 2.3ms
[2025-05-05T00:32:21.306+0000][4167.898s][info ][gc,phases   ] GC(122)   Post Evacuate Collection Set: 2.2ms
[2025-05-05T00:32:21.306+0000][4167.898s][info ][gc,phases   ] GC(122)   Other: 1.8ms
[2025-05-05T00:32:21.307+0000][4167.899s][info ][gc,heap     ] GC(122) Eden regions: 89->0(89)
[2025-05-05T00:32:21.307+0000][4167.899s][info ][gc,heap     ] GC(122) Survivor regions: 1->1(12)
[2025-05-05T00:32:21.307+0000][4167.899s][info ][gc,heap     ] GC(122) Old regions: 91->91
[2025-05-05T00:32:21.308+0000][4167.900s][info ][gc,heap     ] GC(122) Archive regions: 2->2
[2025-05-05T00:32:21.308+0000][4167.900s][info ][gc,heap     ] GC(122) Humongous regions: 3->3
[2025-05-05T00:32:21.308+0000][4167.901s][info ][gc,metaspace] GC(122) Metaspace: 194162K(195712K)->194162K(195712K) NonClass: 170874K(171648K)->170874K(171648K) Class: 23288K(24064K)->23288K(24064K)
[2025-05-05T00:32:21.309+0000][4167.901s][info ][gc          ] GC(122) Pause Young (Normal) (G1 Evacuation Pause) 367M->189M(416M) 12.037ms
[2025-05-05T00:32:21.309+0000][4167.901s][info ][gc,cpu      ] GC(122) User=0.02s Sys=0.00s Real=0.01s
[2025-05-05T00:32:21.310+0000][4167.902s][info ][safepoint   ] Safepoint "G1CollectForAllocation", Time since last: 29087632613 ns, Reaching safepoint: 808140 ns, Cleanup: 14901 ns, At safepoint: 13171347 ns, Total: 13994388 ns
[2025-05-05T00:32:47.313+0000][4193.907s][debug][safepoint   ] Safepoint synchronization initiated using futex wait barrier. (198 threads)
[2025-05-05T00:32:47.314+0000][4193.908s][info ][safepoint   ] Safepoint "Cleanup", Time since last: 26004559252 ns, Reaching safepoint: 1033350 ns, Cleanup: 27701 ns, At safepoint: 18901 ns, Total: 1079952 ns
[2025-05-05T00:34:51.370+0000][4317.969s][debug][safepoint   ] Safepoint synchronization initiated using futex wait barrier. (198 threads)
[2025-05-05T00:34:51.370+0000][4317.970s][info ][gc,start    ] GC(123) Pause Young (Normal) (G1 Evacuation Pause)
[2025-05-05T00:34:51.370+0000][4317.970s][info ][gc,task     ] GC(123) Using 8 workers of 8 for evacuation
[2025-05-05T00:34:51.372+0000][4317.972s][info ][gc,phases   ] GC(123)   Pre Evacuate Collection Set: 0.2ms
[2025-05-05T00:34:51.373+0000][4317.972s][info ][gc,phases   ] GC(123)   Merge Heap Roots: 0.1ms
[2025-05-05T00:34:51.373+0000][4317.972s][info ][gc,phases   ] GC(123)   Evacuate Collection Set: 0.9ms
[2025-05-05T00:34:51.373+0000][4317.973s][info ][gc,phases   ] GC(123)   Post Evacuate Collection Set: 0.9ms
[2025-05-05T00:34:51.373+0000][4317.973s][info ][gc,phases   ] GC(123)   Other: 0.4ms
[2025-05-05T00:34:51.373+0000][4317.973s][info ][gc,heap     ] GC(123) Eden regions: 89->0(89)
[2025-05-05T00:34:51.373+0000][4317.973s][info ][gc,heap     ] GC(123) Survivor regions: 1->1(12)
[2025-05-05T00:34:51.373+0000][4317.973s][info ][gc,heap     ] GC(123) Old regions: 91->91
[2025-05-05T00:34:51.373+0000][4317.973s][info ][gc,heap     ] GC(123) Archive regions: 2->2
[2025-05-05T00:34:51.374+0000][4317.973s][info ][gc,heap     ] GC(123) Humongous regions: 3->3
[2025-05-05T00:34:51.374+0000][4317.973s][info ][gc,metaspace] GC(123) Metaspace: 194168K(195712K)->194168K(195712K) NonClass: 170879K(171648K)->170879K(171648K) Class: 23288K(24064K)->23288K(24064K)
[2025-05-05T00:34:51.374+0000][4317.974s][info ][gc          ] GC(123) Pause Young (Normal) (G1 Evacuation Pause) 367M->189M(416M) 3.983ms
[2025-05-05T00:34:51.374+0000][4317.974s][info ][gc,cpu      ] GC(123) User=0.01s Sys=0.00s Real=0.00s
[2025-05-05T00:34:51.374+0000][4317.974s][info ][safepoint   ] Safepoint "G1CollectForAllocation", Time since last: 124061684598 ns, Reaching safepoint: 247112 ns, Cleanup: 4900 ns, At safepoint: 4381318 ns, Total: 4633330 ns
[2025-05-05T00:35:25.378+0000][4351.979s][debug][safepoint   ] Safepoint synchronization initiated using futex wait barrier. (198 threads)
[2025-05-05T00:35:25.378+0000][4351.979s][info ][safepoint   ] Safepoint "Cleanup", Time since last: 34004823130 ns, Reaching safepoint: 288115 ns, Cleanup: 42202 ns, At safepoint: 9401 ns, Total: 339718 ns
[2025-05-05T00:36:27.384+0000][4413.988s][debug][safepoint   ] Safepoint synchronization initiated using futex wait barrier. (198 threads)
[2025-05-05T00:36:27.384+0000][4413.988s][info ][safepoint   ] Safepoint "Cleanup", Time since last: 62008720265 ns, Reaching safepoint: 274013 ns, Cleanup: 14301 ns, At safepoint: 5900 ns, Total: 294214 ns
[2025-05-05T00:37:09.389+0000][4455.995s][debug][safepoint   ] Safepoint synchronization initiated using futex wait barrier. (204 threads)
[2025-05-05T00:37:09.389+0000][4455.995s][info ][safepoint   ] Safepoint "Cleanup", Time since last: 42006580412 ns, Reaching safepoint: 313116 ns, Cleanup: 41102 ns, At safepoint: 6100 ns, Total: 360318 ns
[2025-05-05T00:37:11.389+0000][4457.996s][debug][safepoint   ] Safepoint synchronization initiated using futex wait barrier. (204 threads)
[2025-05-05T00:37:11.389+0000][4457.996s][info ][safepoint   ] Safepoint "Cleanup", Time since last: 2000419296 ns, Reaching safepoint: 423520 ns, Cleanup: 15201 ns, At safepoint: 6401 ns, Total: 445122 ns
[2025-05-05T00:37:20.786+0000][4467.393s][debug][safepoint   ] Safepoint synchronization initiated using futex wait barrier. (204 threads)
[2025-05-05T00:37:20.786+0000][4467.393s][info ][gc,start    ] GC(124) Pause Young (Normal) (G1 Evacuation Pause)
[2025-05-05T00:37:20.787+0000][4467.394s][info ][gc,task     ] GC(124) Using 8 workers of 8 for evacuation
[2025-05-05T00:37:20.792+0000][4467.399s][info ][gc,phases   ] GC(124)   Pre Evacuate Collection Set: 0.3ms
[2025-05-05T00:37:20.792+0000][4467.399s][info ][gc,phases   ] GC(124)   Merge Heap Roots: 0.2ms
[2025-05-05T00:37:20.793+0000][4467.400s][info ][gc,phases   ] GC(124)   Evacuate Collection Set: 2.0ms
[2025-05-05T00:37:20.793+0000][4467.400s][info ][gc,phases   ] GC(124)   Post Evacuate Collection Set: 2.2ms
[2025-05-05T00:37:20.793+0000][4467.400s][info ][gc,phases   ] GC(124)   Other: 0.9ms
[2025-05-05T00:37:20.794+0000][4467.401s][info ][gc,heap     ] GC(124) Eden regions: 89->0(89)
[2025-05-05T00:37:20.794+0000][4467.401s][info ][gc,heap     ] GC(124) Survivor regions: 1->1(12)
[2025-05-05T00:37:20.794+0000][4467.401s][info ][gc,heap     ] GC(124) Old regions: 91->91
[2025-05-05T00:37:20.794+0000][4467.401s][info ][gc,heap     ] GC(124) Archive regions: 2->2
[2025-05-05T00:37:20.795+0000][4467.402s][info ][gc,heap     ] GC(124) Humongous regions: 3->3
[2025-05-05T00:37:20.795+0000][4467.402s][info ][gc,metaspace] GC(124) Metaspace: 194208K(195776K)->194208K(195776K) NonClass: 170916K(171712K)->170916K(171712K) Class: 23291K(24064K)->23291K(24064K)
[2025-05-05T00:37:20.795+0000][4467.402s][info ][gc          ] GC(124) Pause Young (Normal) (G1 Evacuation Pause) 367M->189M(416M) 8.737ms
[2025-05-05T00:37:20.795+0000][4467.402s][info ][gc,cpu      ] GC(124) User=0.01s Sys=0.00s Real=0.01s
[2025-05-05T00:37:20.796+0000][4467.403s][info ][safepoint   ] Safepoint "G1CollectForAllocation", Time since last: 9396882575 ns, Reaching safepoint: 526126 ns, Cleanup: 7900 ns, At safepoint: 9570476 ns, Total: 10104502 ns
