[2025-05-04T23:19:27.478+0000][0.028s][info][gc] Using G1
[2025-05-04T23:19:27.481+0000][0.031s][info][gc,init] Version: 17.0.13+11-Debian-2deb12u1 (release)
[2025-05-04T23:19:27.481+0000][0.031s][info][gc,init] CPUs: 8 total, 8 available
[2025-05-04T23:19:27.481+0000][0.031s][info][gc,init] Memory: 11928M
[2025-05-04T23:19:27.482+0000][0.031s][info][gc,init] Large Page Support: Disabled
[2025-05-04T23:19:27.482+0000][0.031s][info][gc,init] NUMA Support: Disabled
[2025-05-04T23:19:27.482+0000][0.031s][info][gc,init] Compressed Oops: Enabled (Zero based)
[2025-05-04T23:19:27.482+0000][0.032s][info][gc,init] Heap Region Size: 2M
[2025-05-04T23:19:27.482+0000][0.032s][info][gc,init] Heap Min Capacity: 8M
[2025-05-04T23:19:27.483+0000][0.032s][info][gc,init] Heap Initial Capacity: 188M
[2025-05-04T23:19:27.483+0000][0.032s][info][gc,init] Heap Max Capacity: 2984M
[2025-05-04T23:19:27.483+0000][0.032s][info][gc,init] Pre-touch: Disabled
[2025-05-04T23:19:27.483+0000][0.033s][info][gc,init] Parallel Workers: 8
[2025-05-04T23:19:27.483+0000][0.033s][info][gc,init] Concurrent Workers: 2
[2025-05-04T23:19:27.483+0000][0.033s][info][gc,init] Concurrent Refinement Workers: 8
[2025-05-04T23:19:27.483+0000][0.033s][info][gc,init] Periodic GC: Disabled
[2025-05-04T23:19:27.493+0000][0.043s][info][gc,metaspace] CDS archive(s) mapped at: [0x00007f595b000000-0x00007f595bbc9000-0x00007f595bbc9000), size 12357632, SharedBaseAddress: 0x00007f595b000000, ArchiveRelocationMode: 1.
[2025-05-04T23:19:27.494+0000][0.044s][info][gc,metaspace] Compressed class space mapped at: 0x00007f595c000000-0x00007f599c000000, reserved size: 1073741824
[2025-05-04T23:19:27.494+0000][0.044s][info][gc,metaspace] Narrow klass base: 0x00007f595b000000, Narrow klass shift: 0, Narrow klass range: 0x100000000
[2025-05-04T23:19:27.505+0000][0.054s][info][cds,heap    ] initialize_from_archived_subgraph java.lang.Module$ArchivedData 0x00007f595b183388 (early)
[2025-05-04T23:19:27.505+0000][0.055s][info][cds,heap    ] initialize_from_archived_subgraph java.util.ImmutableCollections 0x00007f595b070cd8 (early)
[2025-05-04T23:19:27.508+0000][0.057s][info][cds,heap    ] initialize_from_archived_subgraph java.lang.Integer$IntegerCache 0x00007f595b036060 (early)
[2025-05-04T23:19:27.511+0000][0.061s][info][cds,heap    ] initialize_from_archived_subgraph java.lang.module.Configuration 0x00007f595b171308 (early)
[2025-05-04T23:19:27.511+0000][0.061s][info][cds,heap    ] initialize_from_archived_subgraph java.lang.ModuleLayer 0x00007f595b145c58 (early)
[2025-05-04T23:19:27.512+0000][0.062s][info][cds,heap    ] initialize_from_archived_subgraph jdk.internal.loader.ArchivedClassLoaders 0x00007f595b1a79f0 (early)
[2025-05-04T23:19:27.512+0000][0.062s][info][cds,heap    ] initialize_from_archived_subgraph jdk.internal.module.ArchivedBootLayer 0x00007f595b177f48 (early)
[2025-05-04T23:19:27.515+0000][0.065s][info][cds,heap    ] initialize_from_archived_subgraph sun.util.locale.BaseLocale 0x00007f595b26bb10
[2025-05-04T23:19:27.526+0000][0.076s][info][cds,heap    ] initialize_from_archived_subgraph java.util.jar.Attributes$Name 0x00007f595b199468
[2025-05-04T23:19:27.553+0000][0.102s][info][cds,heap    ] initialize_from_archived_subgraph java.lang.Long$LongCache 0x00007f595b01f998
[2025-05-04T23:19:27.644+0000][0.194s][info][cds,heap    ] initialize_from_archived_subgraph java.lang.Character$CharacterCache 0x00007f595b0393e8
[2025-05-04T23:19:28.041+0000][0.591s][debug][safepoint   ] Safepoint synchronization initiated using futex wait barrier. (14 threads)
[2025-05-04T23:19:28.041+0000][0.591s][info ][safepoint   ] Safepoint "ICBufferFull", Time since last: 536965262 ns, Reaching safepoint: 220514 ns, Cleanup: 75805 ns, At safepoint: 2500 ns, Total: 298819 ns
[2025-05-04T23:19:28.136+0000][0.685s][debug][safepoint   ] Safepoint synchronization initiated using futex wait barrier. (14 threads)
[2025-05-04T23:19:28.136+0000][0.686s][info ][gc,start    ] GC(0) Pause Young (Normal) (G1 Evacuation Pause)
[2025-05-04T23:19:28.137+0000][0.686s][info ][gc,task     ] GC(0) Using 4 workers of 8 for evacuation
[2025-05-04T23:19:28.143+0000][0.693s][info ][gc,phases   ] GC(0)   Pre Evacuate Collection Set: 0.1ms
[2025-05-04T23:19:28.143+0000][0.693s][info ][gc,phases   ] GC(0)   Merge Heap Roots: 0.1ms
[2025-05-04T23:19:28.144+0000][0.693s][info ][gc,phases   ] GC(0)   Evacuate Collection Set: 5.3ms
[2025-05-04T23:19:28.144+0000][0.693s][info ][gc,phases   ] GC(0)   Post Evacuate Collection Set: 0.9ms
[2025-05-04T23:19:28.144+0000][0.693s][info ][gc,phases   ] GC(0)   Other: 0.8ms
[2025-05-04T23:19:28.144+0000][0.693s][info ][gc,heap     ] GC(0) Eden regions: 31->0(44)
[2025-05-04T23:19:28.144+0000][0.694s][info ][gc,heap     ] GC(0) Survivor regions: 0->4(4)
[2025-05-04T23:19:28.144+0000][0.694s][info ][gc,heap     ] GC(0) Old regions: 0->1
[2025-05-04T23:19:28.144+0000][0.694s][info ][gc,heap     ] GC(0) Archive regions: 2->2
[2025-05-04T23:19:28.144+0000][0.694s][info ][gc,heap     ] GC(0) Humongous regions: 0->0
[2025-05-04T23:19:28.144+0000][0.694s][info ][gc,metaspace] GC(0) Metaspace: 2494K(2688K)->2494K(2688K) NonClass: 2257K(2368K)->2257K(2368K) Class: 236K(320K)->236K(320K)
[2025-05-04T23:19:28.144+0000][0.694s][info ][gc          ] GC(0) Pause Young (Normal) (G1 Evacuation Pause) 63M->10M(192M) 8.505ms
[2025-05-04T23:19:28.145+0000][0.694s][info ][gc,cpu      ] GC(0) User=0.05s Sys=0.00s Real=0.01s
[2025-05-04T23:19:28.145+0000][0.694s][info ][safepoint   ] Safepoint "G1CollectForAllocation", Time since last: 94193670 ns, Reaching safepoint: 282618 ns, Cleanup: 26801 ns, At safepoint: 8869753 ns, Total: 9179172 ns
[2025-05-04T23:19:28.829+0000][1.379s][debug][safepoint   ] Safepoint synchronization initiated using futex wait barrier. (15 threads)
[2025-05-04T23:19:28.829+0000][1.379s][info ][gc,start    ] GC(1) Pause Young (Normal) (G1 Evacuation Pause)
[2025-05-04T23:19:28.830+0000][1.379s][info ][gc,task     ] GC(1) Using 4 workers of 8 for evacuation
[2025-05-04T23:19:28.840+0000][1.390s][info ][gc,phases   ] GC(1)   Pre Evacuate Collection Set: 0.1ms
[2025-05-04T23:19:28.840+0000][1.390s][info ][gc,phases   ] GC(1)   Merge Heap Roots: 0.1ms
[2025-05-04T23:19:28.841+0000][1.390s][info ][gc,phases   ] GC(1)   Evacuate Collection Set: 9.3ms
[2025-05-04T23:19:28.841+0000][1.390s][info ][gc,phases   ] GC(1)   Post Evacuate Collection Set: 1.1ms
[2025-05-04T23:19:28.841+0000][1.390s][info ][gc,phases   ] GC(1)   Other: 0.3ms
[2025-05-04T23:19:28.841+0000][1.391s][info ][gc,heap     ] GC(1) Eden regions: 44->0(54)
[2025-05-04T23:19:28.841+0000][1.391s][info ][gc,heap     ] GC(1) Survivor regions: 4->2(6)
[2025-05-04T23:19:28.841+0000][1.391s][info ][gc,heap     ] GC(1) Old regions: 1->5
[2025-05-04T23:19:28.841+0000][1.391s][info ][gc,heap     ] GC(1) Archive regions: 2->2
[2025-05-04T23:19:28.841+0000][1.391s][info ][gc,heap     ] GC(1) Humongous regions: 0->0
[2025-05-04T23:19:28.841+0000][1.391s][info ][gc,metaspace] GC(1) Metaspace: 6221K(6592K)->6221K(6592K) NonClass: 5460K(5632K)->5460K(5632K) Class: 761K(960K)->761K(960K)
[2025-05-04T23:19:28.842+0000][1.391s][info ][gc          ] GC(1) Pause Young (Normal) (G1 Evacuation Pause) 98M->13M(192M) 12.188ms
[2025-05-04T23:19:28.842+0000][1.391s][info ][gc,cpu      ] GC(1) User=0.04s Sys=0.03s Real=0.02s
[2025-05-04T23:19:28.842+0000][1.391s][info ][safepoint   ] Safepoint "G1CollectForAllocation", Time since last: 684196438 ns, Reaching safepoint: 249515 ns, Cleanup: 165011 ns, At safepoint: 12477977 ns, Total: 12892503 ns
[2025-05-04T23:19:29.395+0000][1.944s][debug][safepoint   ] Safepoint synchronization initiated using futex wait barrier. (15 threads)
[2025-05-04T23:19:29.395+0000][1.945s][info ][gc,start    ] GC(2) Pause Young (Normal) (G1 Evacuation Pause)
[2025-05-04T23:19:29.395+0000][1.945s][info ][gc,task     ] GC(2) Using 4 workers of 8 for evacuation
[2025-05-04T23:19:29.400+0000][1.950s][info ][gc,phases   ] GC(2)   Pre Evacuate Collection Set: 0.1ms
[2025-05-04T23:19:29.401+0000][1.950s][info ][gc,phases   ] GC(2)   Merge Heap Roots: 0.1ms
[2025-05-04T23:19:29.401+0000][1.950s][info ][gc,phases   ] GC(2)   Evacuate Collection Set: 4.0ms
[2025-05-04T23:19:29.401+0000][1.950s][info ][gc,phases   ] GC(2)   Post Evacuate Collection Set: 0.6ms
[2025-05-04T23:19:29.401+0000][1.951s][info ][gc,phases   ] GC(2)   Other: 0.4ms
[2025-05-04T23:19:29.401+0000][1.951s][info ][gc,heap     ] GC(2) Eden regions: 54->0(54)
[2025-05-04T23:19:29.401+0000][1.951s][info ][gc,heap     ] GC(2) Survivor regions: 2->2(7)
[2025-05-04T23:19:29.401+0000][1.951s][info ][gc,heap     ] GC(2) Old regions: 5->5
[2025-05-04T23:19:29.401+0000][1.951s][info ][gc,heap     ] GC(2) Archive regions: 2->2
[2025-05-04T23:19:29.402+0000][1.951s][info ][gc,heap     ] GC(2) Humongous regions: 0->0
[2025-05-04T23:19:29.402+0000][1.951s][info ][gc,metaspace] GC(2) Metaspace: 10989K(11328K)->10989K(11328K) NonClass: 9554K(9728K)->9554K(9728K) Class: 1435K(1600K)->1435K(1600K)
[2025-05-04T23:19:29.402+0000][1.952s][info ][gc          ] GC(2) Pause Young (Normal) (G1 Evacuation Pause) 121M->14M(192M) 6.783ms
[2025-05-04T23:19:29.402+0000][1.952s][info ][gc,cpu      ] GC(2) User=0.03s Sys=0.00s Real=0.01s
[2025-05-04T23:19:29.402+0000][1.952s][info ][safepoint   ] Safepoint "G1CollectForAllocation", Time since last: 552947159 ns, Reaching safepoint: 294018 ns, Cleanup: 90006 ns, At safepoint: 7084641 ns, Total: 7468665 ns
[2025-05-04T23:19:29.555+0000][2.104s][debug][safepoint   ] Safepoint synchronization initiated using futex wait barrier. (15 threads)
[2025-05-04T23:19:29.555+0000][2.105s][info ][safepoint   ] Safepoint "ICBufferFull", Time since last: 152401598 ns, Reaching safepoint: 408525 ns, Cleanup: 99706 ns, At safepoint: 5101 ns, Total: 513332 ns
[2025-05-04T23:19:29.838+0000][2.388s][debug][safepoint   ] Safepoint synchronization initiated using futex wait barrier. (16 threads)
[2025-05-04T23:19:29.839+0000][2.388s][info ][safepoint   ] Safepoint "ICBufferFull", Time since last: 283284116 ns, Reaching safepoint: 284617 ns, Cleanup: 77105 ns, At safepoint: 2700 ns, Total: 364422 ns
[2025-05-04T23:19:29.839+0000][2.389s][debug][safepoint   ] Safepoint synchronization initiated using futex wait barrier. (16 threads)
[2025-05-04T23:19:29.839+0000][2.389s][info ][safepoint   ] Safepoint "ICBufferFull", Time since last: 211412 ns, Reaching safepoint: 137308 ns, Cleanup: 5800 ns, At safepoint: 3301 ns, Total: 146409 ns
[2025-05-04T23:19:29.922+0000][2.472s][debug][safepoint   ] Safepoint synchronization initiated using futex wait barrier. (16 threads)
[2025-05-04T23:19:29.923+0000][2.473s][info ][gc,start    ] GC(3) Pause Young (Normal) (G1 Evacuation Pause)
[2025-05-04T23:19:29.923+0000][2.473s][info ][gc,task     ] GC(3) Using 4 workers of 8 for evacuation
[2025-05-04T23:19:29.930+0000][2.480s][info ][gc,phases   ] GC(3)   Pre Evacuate Collection Set: 0.1ms
[2025-05-04T23:19:29.931+0000][2.480s][info ][gc,phases   ] GC(3)   Merge Heap Roots: 0.1ms
[2025-05-04T23:19:29.931+0000][2.481s][info ][gc,phases   ] GC(3)   Evacuate Collection Set: 5.6ms
[2025-05-04T23:19:29.931+0000][2.481s][info ][gc,phases   ] GC(3)   Post Evacuate Collection Set: 1.0ms
[2025-05-04T23:19:29.932+0000][2.481s][info ][gc,phases   ] GC(3)   Other: 0.6ms
[2025-05-04T23:19:29.932+0000][2.482s][info ][gc,heap     ] GC(3) Eden regions: 54->0(52)
[2025-05-04T23:19:29.932+0000][2.482s][info ][gc,heap     ] GC(3) Survivor regions: 2->4(7)
[2025-05-04T23:19:29.932+0000][2.482s][info ][gc,heap     ] GC(3) Old regions: 5->5
[2025-05-04T23:19:29.932+0000][2.482s][info ][gc,heap     ] GC(3) Archive regions: 2->2
[2025-05-04T23:19:29.933+0000][2.482s][info ][gc,heap     ] GC(3) Humongous regions: 0->0
[2025-05-04T23:19:29.933+0000][2.482s][info ][gc,metaspace] GC(3) Metaspace: 14568K(14912K)->14568K(14912K) NonClass: 12680K(12864K)->12680K(12864K) Class: 1887K(2048K)->1887K(2048K)
[2025-05-04T23:19:29.933+0000][2.483s][info ][gc          ] GC(3) Pause Young (Normal) (G1 Evacuation Pause) 122M->17M(192M) 9.965ms
[2025-05-04T23:19:29.933+0000][2.483s][info ][gc,cpu      ] GC(3) User=0.05s Sys=0.00s Real=0.01s
[2025-05-04T23:19:29.933+0000][2.483s][info ][safepoint   ] Safepoint "G1CollectForAllocation", Time since last: 82961528 ns, Reaching safepoint: 795446 ns, Cleanup: 39203 ns, At safepoint: 10354502 ns, Total: 11189151 ns
[2025-05-04T23:19:30.066+0000][2.615s][info ][cds,heap    ] initialize_from_archived_subgraph java.lang.Byte$ByteCache 0x00007f595b0395f8
[2025-05-04T23:19:30.066+0000][2.616s][info ][cds,heap    ] initialize_from_archived_subgraph java.lang.Short$ShortCache 0x00007f595b03fce8
[2025-05-04T23:19:30.185+0000][2.734s][debug][safepoint   ] Safepoint synchronization initiated using futex wait barrier. (16 threads)
[2025-05-04T23:19:30.185+0000][2.735s][info ][gc,start    ] GC(4) Pause Young (Normal) (G1 Evacuation Pause)
[2025-05-04T23:19:30.185+0000][2.735s][info ][gc,task     ] GC(4) Using 4 workers of 8 for evacuation
[2025-05-04T23:19:30.191+0000][2.741s][info ][gc,phases   ] GC(4)   Pre Evacuate Collection Set: 0.1ms
[2025-05-04T23:19:30.191+0000][2.741s][info ][gc,phases   ] GC(4)   Merge Heap Roots: 0.1ms
[2025-05-04T23:19:30.191+0000][2.741s][info ][gc,phases   ] GC(4)   Evacuate Collection Set: 4.6ms
[2025-05-04T23:19:30.191+0000][2.741s][info ][gc,phases   ] GC(4)   Post Evacuate Collection Set: 0.9ms
[2025-05-04T23:19:30.191+0000][2.741s][info ][gc,phases   ] GC(4)   Other: 0.4ms
[2025-05-04T23:19:30.192+0000][2.741s][info ][gc,heap     ] GC(4) Eden regions: 52->0(51)
[2025-05-04T23:19:30.192+0000][2.741s][info ][gc,heap     ] GC(4) Survivor regions: 4->5(7)
[2025-05-04T23:19:30.192+0000][2.741s][info ][gc,heap     ] GC(4) Old regions: 5->5
[2025-05-04T23:19:30.192+0000][2.741s][info ][gc,heap     ] GC(4) Archive regions: 2->2
[2025-05-04T23:19:30.192+0000][2.742s][info ][gc,heap     ] GC(4) Humongous regions: 0->0
[2025-05-04T23:19:30.192+0000][2.742s][info ][gc,metaspace] GC(4) Metaspace: 17219K(17536K)->17219K(17536K) NonClass: 14877K(15040K)->14877K(15040K) Class: 2341K(2496K)->2341K(2496K)
[2025-05-04T23:19:30.192+0000][2.742s][info ][gc          ] GC(4) Pause Young (Normal) (G1 Evacuation Pause) 121M->19M(192M) 7.173ms
[2025-05-04T23:19:30.192+0000][2.742s][info ][gc,cpu      ] GC(4) User=0.04s Sys=0.00s Real=0.01s
[2025-05-04T23:19:30.192+0000][2.742s][info ][safepoint   ] Safepoint "G1CollectForAllocation", Time since last: 251158919 ns, Reaching safepoint: 344820 ns, Cleanup: 54103 ns, At safepoint: 7424632 ns, Total: 7823555 ns
[2025-05-04T23:19:30.482+0000][3.031s][debug][safepoint   ] Safepoint synchronization initiated using futex wait barrier. (16 threads)
[2025-05-04T23:19:30.482+0000][3.032s][info ][gc,start    ] GC(5) Pause Young (Concurrent Start) (Metadata GC Threshold)
[2025-05-04T23:19:30.482+0000][3.032s][info ][gc,task     ] GC(5) Using 4 workers of 8 for evacuation
[2025-05-04T23:19:30.490+0000][3.039s][info ][gc,phases   ] GC(5)   Pre Evacuate Collection Set: 0.1ms
[2025-05-04T23:19:30.490+0000][3.039s][info ][gc,phases   ] GC(5)   Merge Heap Roots: 0.1ms
[2025-05-04T23:19:30.490+0000][3.040s][info ][gc,phases   ] GC(5)   Evacuate Collection Set: 6.1ms
[2025-05-04T23:19:30.490+0000][3.040s][info ][gc,phases   ] GC(5)   Post Evacuate Collection Set: 0.8ms
[2025-05-04T23:19:30.490+0000][3.040s][info ][gc,phases   ] GC(5)   Other: 0.4ms
[2025-05-04T23:19:30.490+0000][3.040s][info ][gc,heap     ] GC(5) Eden regions: 37->0(51)
[2025-05-04T23:19:30.490+0000][3.040s][info ][gc,heap     ] GC(5) Survivor regions: 5->5(7)
[2025-05-04T23:19:30.490+0000][3.040s][info ][gc,heap     ] GC(5) Old regions: 5->6
[2025-05-04T23:19:30.490+0000][3.040s][info ][gc,heap     ] GC(5) Archive regions: 2->2
[2025-05-04T23:19:30.491+0000][3.040s][info ][gc,heap     ] GC(5) Humongous regions: 0->0
[2025-05-04T23:19:30.491+0000][3.040s][info ][gc,metaspace] GC(5) Metaspace: 21188K(21504K)->21188K(21504K) NonClass: 18421K(18560K)->18421K(18560K) Class: 2766K(2944K)->2766K(2944K)
[2025-05-04T23:19:30.491+0000][3.040s][info ][gc          ] GC(5) Pause Young (Concurrent Start) (Metadata GC Threshold) 93M->21M(192M) 8.590ms
[2025-05-04T23:19:30.491+0000][3.040s][info ][gc,cpu      ] GC(5) User=0.02s Sys=0.00s Real=0.00s
[2025-05-04T23:19:30.491+0000][3.040s][info ][gc          ] GC(6) Concurrent Mark Cycle
[2025-05-04T23:19:30.491+0000][3.041s][info ][gc,marking  ] GC(6) Concurrent Clear Claimed Marks
[2025-05-04T23:19:30.491+0000][3.041s][info ][safepoint   ] Safepoint "CollectForMetadataAllocation", Time since last: 289241335 ns, Reaching safepoint: 420424 ns, Cleanup: 81005 ns, At safepoint: 8864716 ns, Total: 9366145 ns
[2025-05-04T23:19:30.491+0000][3.041s][info ][gc,marking  ] GC(6) Concurrent Clear Claimed Marks 0.211ms
[2025-05-04T23:19:30.492+0000][3.041s][info ][gc,marking  ] GC(6) Concurrent Scan Root Regions
[2025-05-04T23:19:30.495+0000][3.045s][info ][gc,marking  ] GC(6) Concurrent Scan Root Regions 3.418ms
[2025-05-04T23:19:30.495+0000][3.045s][info ][gc,marking  ] GC(6) Concurrent Mark
[2025-05-04T23:19:30.496+0000][3.045s][info ][gc,marking  ] GC(6) Concurrent Mark From Roots
[2025-05-04T23:19:30.496+0000][3.045s][info ][gc,task     ] GC(6) Using 2 workers of 2 for marking
[2025-05-04T23:19:30.504+0000][3.053s][info ][gc,marking  ] GC(6) Concurrent Mark From Roots 8.205ms
[2025-05-04T23:19:30.504+0000][3.054s][info ][gc,marking  ] GC(6) Concurrent Preclean
[2025-05-04T23:19:30.504+0000][3.054s][info ][gc,marking  ] GC(6) Concurrent Preclean 0.266ms
[2025-05-04T23:19:30.505+0000][3.054s][debug][safepoint   ] Safepoint synchronization initiated using futex wait barrier. (16 threads)
[2025-05-04T23:19:30.505+0000][3.054s][info ][gc,start    ] GC(6) Pause Remark
[2025-05-04T23:19:30.507+0000][3.057s][info ][gc          ] GC(6) Pause Remark 25M->25M(100M) 2.207ms
[2025-05-04T23:19:30.507+0000][3.057s][info ][gc,cpu      ] GC(6) User=0.01s Sys=0.00s Real=0.00s
[2025-05-04T23:19:30.507+0000][3.057s][info ][safepoint   ] Safepoint "G1PauseRemark", Time since last: 13615293 ns, Reaching safepoint: 237313 ns, Cleanup: 11901 ns, At safepoint: 2676156 ns, Total: 2925370 ns
[2025-05-04T23:19:30.508+0000][3.057s][info ][gc,marking  ] GC(6) Concurrent Mark 12.458ms
[2025-05-04T23:19:30.508+0000][3.057s][info ][gc,marking  ] GC(6) Concurrent Rebuild Remembered Sets
[2025-05-04T23:19:30.515+0000][3.065s][info ][gc,marking  ] GC(6) Concurrent Rebuild Remembered Sets 7.066ms
[2025-05-04T23:19:30.515+0000][3.065s][debug][safepoint   ] Safepoint synchronization initiated using futex wait barrier. (16 threads)
[2025-05-04T23:19:30.516+0000][3.065s][info ][gc,start    ] GC(6) Pause Cleanup
[2025-05-04T23:19:30.516+0000][3.066s][info ][gc          ] GC(6) Pause Cleanup 26M->26M(100M) 0.259ms
[2025-05-04T23:19:30.516+0000][3.066s][info ][gc,cpu      ] GC(6) User=0.00s Sys=0.00s Real=0.00s
[2025-05-04T23:19:30.516+0000][3.066s][info ][safepoint   ] Safepoint "G1PauseCleanup", Time since last: 7967064 ns, Reaching safepoint: 308717 ns, Cleanup: 9501 ns, At safepoint: 592935 ns, Total: 911153 ns
[2025-05-04T23:19:30.517+0000][3.066s][info ][gc,marking  ] GC(6) Concurrent Cleanup for Next Mark
[2025-05-04T23:19:30.517+0000][3.067s][info ][gc,marking  ] GC(6) Concurrent Cleanup for Next Mark 0.749ms
[2025-05-04T23:19:30.518+0000][3.067s][info ][gc          ] GC(6) Concurrent Mark Cycle 26.680ms
[2025-05-04T23:19:30.710+0000][3.259s][debug][safepoint   ] Safepoint synchronization initiated using futex wait barrier. (16 threads)
[2025-05-04T23:19:30.710+0000][3.260s][info ][gc,start    ] GC(7) Pause Young (Prepare Mixed) (G1 Preventive Collection)
[2025-05-04T23:19:30.710+0000][3.260s][info ][gc,task     ] GC(7) Using 4 workers of 8 for evacuation
[2025-05-04T23:19:30.718+0000][3.267s][info ][gc,phases   ] GC(7)   Pre Evacuate Collection Set: 0.1ms
[2025-05-04T23:19:30.718+0000][3.267s][info ][gc,phases   ] GC(7)   Merge Heap Roots: 0.1ms
[2025-05-04T23:19:30.718+0000][3.268s][info ][gc,phases   ] GC(7)   Evacuate Collection Set: 5.9ms
[2025-05-04T23:19:30.718+0000][3.268s][info ][gc,phases   ] GC(7)   Post Evacuate Collection Set: 1.1ms
[2025-05-04T23:19:30.718+0000][3.268s][info ][gc,phases   ] GC(7)   Other: 0.4ms
[2025-05-04T23:19:30.718+0000][3.268s][info ][gc,heap     ] GC(7) Eden regions: 30->0(1)
[2025-05-04T23:19:30.718+0000][3.268s][info ][gc,heap     ] GC(7) Survivor regions: 5->4(7)
[2025-05-04T23:19:30.718+0000][3.268s][info ][gc,heap     ] GC(7) Old regions: 6->8
[2025-05-04T23:19:30.719+0000][3.268s][info ][gc,heap     ] GC(7) Archive regions: 2->2
[2025-05-04T23:19:30.719+0000][3.268s][info ][gc,heap     ] GC(7) Humongous regions: 0->0
[2025-05-04T23:19:30.719+0000][3.268s][info ][gc,metaspace] GC(7) Metaspace: 23386K(23808K)->23386K(23808K) NonClass: 20329K(20544K)->20329K(20544K) Class: 3056K(3264K)->3056K(3264K)
[2025-05-04T23:19:30.719+0000][3.268s][info ][gc          ] GC(7) Pause Young (Prepare Mixed) (G1 Preventive Collection) 81M->24M(100M) 8.881ms
[2025-05-04T23:19:30.719+0000][3.269s][info ][gc,cpu      ] GC(7) User=0.03s Sys=0.01s Real=0.01s
[2025-05-04T23:19:30.719+0000][3.269s][info ][safepoint   ] Safepoint "G1CollectForAllocation", Time since last: 193145041 ns, Reaching safepoint: 394523 ns, Cleanup: 58804 ns, At safepoint: 9160333 ns, Total: 9613660 ns
[2025-05-04T23:19:30.726+0000][3.275s][debug][safepoint   ] Safepoint synchronization initiated using futex wait barrier. (16 threads)
[2025-05-04T23:19:30.726+0000][3.276s][info ][gc,start    ] GC(8) Pause Young (Mixed) (G1 Evacuation Pause)
[2025-05-04T23:19:30.726+0000][3.276s][info ][gc,task     ] GC(8) Using 4 workers of 8 for evacuation
[2025-05-04T23:19:30.731+0000][3.281s][info ][gc,phases   ] GC(8)   Pre Evacuate Collection Set: 0.1ms
[2025-05-04T23:19:30.731+0000][3.281s][info ][gc,phases   ] GC(8)   Merge Heap Roots: 0.1ms
[2025-05-04T23:19:30.731+0000][3.281s][info ][gc,phases   ] GC(8)   Evacuate Collection Set: 3.5ms
[2025-05-04T23:19:30.731+0000][3.281s][info ][gc,phases   ] GC(8)   Post Evacuate Collection Set: 0.9ms
[2025-05-04T23:19:30.731+0000][3.281s][info ][gc,phases   ] GC(8)   Other: 0.4ms
[2025-05-04T23:19:30.732+0000][3.281s][info ][gc,heap     ] GC(8) Eden regions: 1->0(34)
[2025-05-04T23:19:30.732+0000][3.281s][info ][gc,heap     ] GC(8) Survivor regions: 4->1(1)
[2025-05-04T23:19:30.732+0000][3.281s][info ][gc,heap     ] GC(8) Old regions: 8->11
[2025-05-04T23:19:30.732+0000][3.281s][info ][gc,heap     ] GC(8) Archive regions: 2->2
[2025-05-04T23:19:30.732+0000][3.282s][info ][gc,heap     ] GC(8) Humongous regions: 0->0
[2025-05-04T23:19:30.732+0000][3.282s][info ][gc,metaspace] GC(8) Metaspace: 23420K(23808K)->23420K(23808K) NonClass: 20359K(20544K)->20359K(20544K) Class: 3061K(3264K)->3061K(3264K)
[2025-05-04T23:19:30.732+0000][3.282s][info ][gc          ] GC(8) Pause Young (Mixed) (G1 Evacuation Pause) 26M->24M(120M) 6.294ms
[2025-05-04T23:19:30.732+0000][3.282s][info ][gc,cpu      ] GC(8) User=0.04s Sys=0.00s Real=0.01s
[2025-05-04T23:19:30.733+0000][3.282s][info ][safepoint   ] Safepoint "G1CollectForAllocation", Time since last: 6529780 ns, Reaching safepoint: 316618 ns, Cleanup: 12901 ns, At safepoint: 6612485 ns, Total: 6942004 ns
[2025-05-04T23:19:30.825+0000][3.374s][debug][safepoint   ] ... found polling page loop exception at pc = 0x00007f59b9bb529e, stub =0x00007f59c0af5400
[2025-05-04T23:19:31.048+0000][3.598s][debug][safepoint   ] Safepoint synchronization initiated using futex wait barrier. (15 threads)
[2025-05-04T23:19:31.048+0000][3.598s][info ][gc,start    ] GC(9) Pause Young (Normal) (G1 Evacuation Pause)
[2025-05-04T23:19:31.049+0000][3.598s][info ][gc,task     ] GC(9) Using 3 workers of 8 for evacuation
[2025-05-04T23:19:31.055+0000][3.605s][info ][gc,phases   ] GC(9)   Pre Evacuate Collection Set: 0.1ms
[2025-05-04T23:19:31.056+0000][3.605s][info ][gc,phases   ] GC(9)   Merge Heap Roots: 0.1ms
[2025-05-04T23:19:31.056+0000][3.605s][info ][gc,phases   ] GC(9)   Evacuate Collection Set: 5.6ms
[2025-05-04T23:19:31.056+0000][3.606s][info ][gc,phases   ] GC(9)   Post Evacuate Collection Set: 0.8ms
[2025-05-04T23:19:31.056+0000][3.606s][info ][gc,phases   ] GC(9)   Other: 0.4ms
[2025-05-04T23:19:31.056+0000][3.606s][info ][gc,heap     ] GC(9) Eden regions: 34->0(31)
[2025-05-04T23:19:31.056+0000][3.606s][info ][gc,heap     ] GC(9) Survivor regions: 1->4(5)
[2025-05-04T23:19:31.056+0000][3.606s][info ][gc,heap     ] GC(9) Old regions: 11->11
[2025-05-04T23:19:31.057+0000][3.606s][info ][gc,heap     ] GC(9) Archive regions: 2->2
[2025-05-04T23:19:31.057+0000][3.606s][info ][gc,heap     ] GC(9) Humongous regions: 0->0
[2025-05-04T23:19:31.057+0000][3.606s][info ][gc,metaspace] GC(9) Metaspace: 24522K(24896K)->24522K(24896K) NonClass: 21325K(21504K)->21325K(21504K) Class: 3196K(3392K)->3196K(3392K)
[2025-05-04T23:19:31.057+0000][3.607s][info ][gc          ] GC(9) Pause Young (Normal) (G1 Evacuation Pause) 92M->30M(120M) 8.590ms
[2025-05-04T23:19:31.057+0000][3.607s][info ][gc,cpu      ] GC(9) User=0.07s Sys=0.00s Real=0.01s
[2025-05-04T23:19:31.057+0000][3.607s][info ][safepoint   ] Safepoint "G1CollectForAllocation", Time since last: 315542966 ns, Reaching safepoint: 268715 ns, Cleanup: 61904 ns, At safepoint: 8988423 ns, Total: 9319042 ns
[2025-05-04T23:19:31.157+0000][3.707s][debug][safepoint   ] Safepoint synchronization initiated using futex wait barrier. (15 threads)
[2025-05-04T23:19:31.158+0000][3.707s][info ][gc,start    ] GC(10) Pause Young (Normal) (G1 Evacuation Pause)
[2025-05-04T23:19:31.158+0000][3.707s][info ][gc,task     ] GC(10) Using 2 workers of 8 for evacuation
[2025-05-04T23:19:31.174+0000][3.724s][info ][gc,phases   ] GC(10)   Pre Evacuate Collection Set: 0.1ms
[2025-05-04T23:19:31.174+0000][3.724s][info ][gc,phases   ] GC(10)   Merge Heap Roots: 0.1ms
[2025-05-04T23:19:31.174+0000][3.724s][info ][gc,phases   ] GC(10)   Evacuate Collection Set: 14.9ms
[2025-05-04T23:19:31.175+0000][3.724s][info ][gc,phases   ] GC(10)   Post Evacuate Collection Set: 1.0ms
[2025-05-04T23:19:31.175+0000][3.724s][info ][gc,phases   ] GC(10)   Other: 0.3ms
[2025-05-04T23:19:31.175+0000][3.724s][info ][gc,heap     ] GC(10) Eden regions: 31->0(27)
[2025-05-04T23:19:31.175+0000][3.724s][info ][gc,heap     ] GC(10) Survivor regions: 4->4(5)
[2025-05-04T23:19:31.175+0000][3.725s][info ][gc,heap     ] GC(10) Old regions: 11->14
[2025-05-04T23:19:31.175+0000][3.725s][info ][gc,heap     ] GC(10) Archive regions: 2->2
[2025-05-04T23:19:31.175+0000][3.725s][info ][gc,heap     ] GC(10) Humongous regions: 0->0
[2025-05-04T23:19:31.175+0000][3.725s][info ][gc,metaspace] GC(10) Metaspace: 24551K(24896K)->24551K(24896K) NonClass: 21352K(21504K)->21352K(21504K) Class: 3198K(3392K)->3198K(3392K)
[2025-05-04T23:19:31.175+0000][3.725s][info ][gc          ] GC(10) Pause Young (Normal) (G1 Evacuation Pause) 92M->37M(120M) 17.782ms
[2025-05-04T23:19:31.176+0000][3.725s][info ][gc,cpu      ] GC(10) User=0.08s Sys=0.00s Real=0.02s
[2025-05-04T23:19:31.176+0000][3.725s][info ][safepoint   ] Safepoint "G1CollectForAllocation", Time since last: 99925916 ns, Reaching safepoint: 236814 ns, Cleanup: 18501 ns, At safepoint: 18018249 ns, Total: 18273564 ns
[2025-05-04T23:19:31.390+0000][3.939s][debug][safepoint   ] Safepoint synchronization initiated using futex wait barrier. (15 threads)
[2025-05-04T23:19:31.391+0000][3.940s][info ][gc,start    ] GC(11) Pause Young (Normal) (G1 Evacuation Pause)
[2025-05-04T23:19:31.392+0000][3.942s][info ][gc,task     ] GC(11) Using 2 workers of 8 for evacuation
[2025-05-04T23:19:31.413+0000][3.962s][info ][gc,phases   ] GC(11)   Pre Evacuate Collection Set: 0.2ms
[2025-05-04T23:19:31.414+0000][3.963s][info ][gc,phases   ] GC(11)   Merge Heap Roots: 0.2ms
[2025-05-04T23:19:31.414+0000][3.963s][info ][gc,phases   ] GC(11)   Evacuate Collection Set: 17.0ms
[2025-05-04T23:19:31.414+0000][3.964s][info ][gc,phases   ] GC(11)   Post Evacuate Collection Set: 1.4ms
[2025-05-04T23:19:31.414+0000][3.964s][info ][gc,phases   ] GC(11)   Other: 3.2ms
[2025-05-04T23:19:31.414+0000][3.964s][info ][gc,heap     ] GC(11) Eden regions: 27->0(24)
[2025-05-04T23:19:31.415+0000][3.964s][info ][gc,heap     ] GC(11) Survivor regions: 4->3(4)
[2025-05-04T23:19:31.415+0000][3.964s][info ][gc,heap     ] GC(11) Old regions: 14->18
[2025-05-04T23:19:31.415+0000][3.964s][info ][gc,heap     ] GC(11) Archive regions: 2->2
[2025-05-04T23:19:31.415+0000][3.965s][info ][gc,heap     ] GC(11) Humongous regions: 0->0
[2025-05-04T23:19:31.415+0000][3.965s][info ][gc,metaspace] GC(11) Metaspace: 24771K(25088K)->24771K(25088K) NonClass: 21539K(21696K)->21539K(21696K) Class: 3232K(3392K)->3232K(3392K)
[2025-05-04T23:19:31.415+0000][3.965s][info ][gc          ] GC(11) Pause Young (Normal) (G1 Evacuation Pause) 91M->43M(120M) 24.734ms
[2025-05-04T23:19:31.416+0000][3.965s][info ][gc,cpu      ] GC(11) User=0.09s Sys=0.00s Real=0.03s
[2025-05-04T23:19:31.416+0000][3.965s][info ][safepoint   ] Safepoint "G1CollectForAllocation", Time since last: 214141263 ns, Reaching safepoint: 697141 ns, Cleanup: 100306 ns, At safepoint: 25152464 ns, Total: 25949911 ns
[2025-05-04T23:19:31.595+0000][4.144s][debug][safepoint   ] Safepoint synchronization initiated using futex wait barrier. (15 threads)
[2025-05-04T23:19:31.595+0000][4.145s][info ][gc,start    ] GC(12) Pause Young (Normal) (G1 Evacuation Pause)
[2025-05-04T23:19:31.595+0000][4.145s][info ][gc,task     ] GC(12) Using 2 workers of 8 for evacuation
[2025-05-04T23:19:31.606+0000][4.156s][info ][gc,phases   ] GC(12)   Pre Evacuate Collection Set: 0.1ms
[2025-05-04T23:19:31.607+0000][4.156s][info ][gc,phases   ] GC(12)   Merge Heap Roots: 0.2ms
[2025-05-04T23:19:31.607+0000][4.156s][info ][gc,phases   ] GC(12)   Evacuate Collection Set: 9.1ms
[2025-05-04T23:19:31.607+0000][4.157s][info ][gc,phases   ] GC(12)   Post Evacuate Collection Set: 1.3ms
[2025-05-04T23:19:31.607+0000][4.157s][info ][gc,phases   ] GC(12)   Other: 0.6ms
[2025-05-04T23:19:31.607+0000][4.157s][info ][gc,heap     ] GC(12) Eden regions: 24->0(71)
[2025-05-04T23:19:31.607+0000][4.157s][info ][gc,heap     ] GC(12) Survivor regions: 3->3(4)
[2025-05-04T23:19:31.607+0000][4.157s][info ][gc,heap     ] GC(12) Old regions: 18->21
[2025-05-04T23:19:31.607+0000][4.157s][info ][gc,heap     ] GC(12) Archive regions: 2->2
[2025-05-04T23:19:31.608+0000][4.157s][info ][gc,heap     ] GC(12) Humongous regions: 0->0
[2025-05-04T23:19:31.608+0000][4.157s][info ][gc,metaspace] GC(12) Metaspace: 24932K(25344K)->24932K(25344K) NonClass: 21679K(21888K)->21679K(21888K) Class: 3253K(3456K)->3253K(3456K)
[2025-05-04T23:19:31.608+0000][4.157s][info ][gc          ] GC(12) Pause Young (Normal) (G1 Evacuation Pause) 91M->48M(256M) 12.707ms
[2025-05-04T23:19:31.608+0000][4.158s][info ][gc,cpu      ] GC(12) User=0.04s Sys=0.00s Real=0.01s
[2025-05-04T23:19:31.608+0000][4.158s][info ][safepoint   ] Safepoint "G1CollectForAllocation", Time since last: 178951815 ns, Reaching safepoint: 318219 ns, Cleanup: 56503 ns, At safepoint: 13076161 ns, Total: 13450883 ns
[2025-05-04T23:19:32.231+0000][4.781s][debug][safepoint   ] Safepoint synchronization initiated using futex wait barrier. (15 threads)
[2025-05-04T23:19:32.232+0000][4.781s][info ][safepoint   ] Safepoint "ICBufferFull", Time since last: 623147470 ns, Reaching safepoint: 337719 ns, Cleanup: 172510 ns, At safepoint: 27102 ns, Total: 537331 ns
[2025-05-04T23:19:32.377+0000][4.926s][debug][safepoint   ] Safepoint synchronization initiated using futex wait barrier. (15 threads)
[2025-05-04T23:19:32.377+0000][4.927s][info ][gc,start    ] GC(13) Pause Young (Normal) (G1 Evacuation Pause)
[2025-05-04T23:19:32.377+0000][4.927s][info ][gc,task     ] GC(13) Using 6 workers of 8 for evacuation
[2025-05-04T23:19:32.386+0000][4.935s][info ][gc,phases   ] GC(13)   Pre Evacuate Collection Set: 0.1ms
[2025-05-04T23:19:32.386+0000][4.936s][info ][gc,phases   ] GC(13)   Merge Heap Roots: 0.1ms
[2025-05-04T23:19:32.386+0000][4.936s][info ][gc,phases   ] GC(13)   Evacuate Collection Set: 6.9ms
[2025-05-04T23:19:32.386+0000][4.936s][info ][gc,phases   ] GC(13)   Post Evacuate Collection Set: 1.1ms
[2025-05-04T23:19:32.387+0000][4.936s][info ][gc,phases   ] GC(13)   Other: 0.5ms
[2025-05-04T23:19:32.387+0000][4.936s][info ][gc,heap     ] GC(13) Eden regions: 71->0(70)
[2025-05-04T23:19:32.387+0000][4.936s][info ][gc,heap     ] GC(13) Survivor regions: 3->6(10)
[2025-05-04T23:19:32.387+0000][4.937s][info ][gc,heap     ] GC(13) Old regions: 21->21
[2025-05-04T23:19:32.387+0000][4.937s][info ][gc,heap     ] GC(13) Archive regions: 2->2
[2025-05-04T23:19:32.387+0000][4.937s][info ][gc,heap     ] GC(13) Humongous regions: 0->0
[2025-05-04T23:19:32.387+0000][4.937s][info ][gc,metaspace] GC(13) Metaspace: 25193K(25600K)->25193K(25600K) NonClass: 21923K(22144K)->21923K(22144K) Class: 3269K(3456K)->3269K(3456K)
[2025-05-04T23:19:32.387+0000][4.937s][info ][gc          ] GC(13) Pause Young (Normal) (G1 Evacuation Pause) 190M->54M(256M) 10.424ms
[2025-05-04T23:19:32.388+0000][4.937s][info ][gc,cpu      ] GC(13) User=0.06s Sys=0.00s Real=0.01s
[2025-05-04T23:19:32.388+0000][4.937s][info ][safepoint   ] Safepoint "G1CollectForAllocation", Time since last: 144846330 ns, Reaching safepoint: 308818 ns, Cleanup: 29202 ns, At safepoint: 10704323 ns, Total: 11042343 ns
[2025-05-04T23:19:32.838+0000][5.388s][debug][safepoint   ] Safepoint synchronization initiated using futex wait barrier. (16 threads)
[2025-05-04T23:19:32.839+0000][5.388s][info ][gc,start    ] GC(14) Pause Young (Normal) (G1 Evacuation Pause)
[2025-05-04T23:19:32.839+0000][5.388s][info ][gc,task     ] GC(14) Using 6 workers of 8 for evacuation
[2025-05-04T23:19:32.846+0000][5.395s][info ][gc,phases   ] GC(14)   Pre Evacuate Collection Set: 0.2ms
[2025-05-04T23:19:32.846+0000][5.395s][info ][gc,phases   ] GC(14)   Merge Heap Roots: 0.1ms
[2025-05-04T23:19:32.846+0000][5.396s][info ][gc,phases   ] GC(14)   Evacuate Collection Set: 5.2ms
[2025-05-04T23:19:32.847+0000][5.396s][info ][gc,phases   ] GC(14)   Post Evacuate Collection Set: 1.0ms
[2025-05-04T23:19:32.847+0000][5.396s][info ][gc,phases   ] GC(14)   Other: 0.5ms
[2025-05-04T23:19:32.847+0000][5.396s][info ][gc,heap     ] GC(14) Eden regions: 70->0(71)
[2025-05-04T23:19:32.847+0000][5.397s][info ][gc,heap     ] GC(14) Survivor regions: 6->5(10)
[2025-05-04T23:19:32.847+0000][5.397s][info ][gc,heap     ] GC(14) Old regions: 21->24
[2025-05-04T23:19:32.847+0000][5.397s][info ][gc,heap     ] GC(14) Archive regions: 2->2
[2025-05-04T23:19:32.847+0000][5.397s][info ][gc,heap     ] GC(14) Humongous regions: 0->0
[2025-05-04T23:19:32.847+0000][5.397s][info ][gc,metaspace] GC(14) Metaspace: 26887K(27264K)->26887K(27264K) NonClass: 23480K(23680K)->23480K(23680K) Class: 3406K(3584K)->3406K(3584K)
[2025-05-04T23:19:32.847+0000][5.397s][info ][gc          ] GC(14) Pause Young (Normal) (G1 Evacuation Pause) 194M->57M(256M) 8.887ms
[2025-05-04T23:19:32.848+0000][5.397s][info ][gc,cpu      ] GC(14) User=0.05s Sys=0.00s Real=0.01s
[2025-05-04T23:19:32.848+0000][5.397s][info ][safepoint   ] Safepoint "G1CollectForAllocation", Time since last: 450383114 ns, Reaching safepoint: 425225 ns, Cleanup: 50103 ns, At safepoint: 9173434 ns, Total: 9648762 ns
[2025-05-04T23:19:33.397+0000][5.947s][debug][safepoint   ] Safepoint synchronization initiated using futex wait barrier. (15 threads)
[2025-05-04T23:19:33.398+0000][5.947s][info ][gc,start    ] GC(15) Pause Young (Normal) (G1 Evacuation Pause)
[2025-05-04T23:19:33.398+0000][5.947s][info ][gc,task     ] GC(15) Using 6 workers of 8 for evacuation
[2025-05-04T23:19:33.403+0000][5.952s][info ][gc,phases   ] GC(15)   Pre Evacuate Collection Set: 0.1ms
[2025-05-04T23:19:33.403+0000][5.953s][info ][gc,phases   ] GC(15)   Merge Heap Roots: 0.1ms
[2025-05-04T23:19:33.403+0000][5.953s][info ][gc,phases   ] GC(15)   Evacuate Collection Set: 3.5ms
[2025-05-04T23:19:33.403+0000][5.953s][info ][gc,phases   ] GC(15)   Post Evacuate Collection Set: 1.2ms
[2025-05-04T23:19:33.404+0000][5.953s][info ][gc,phases   ] GC(15)   Other: 0.3ms
[2025-05-04T23:19:33.404+0000][5.953s][info ][gc,heap     ] GC(15) Eden regions: 71->0(70)
[2025-05-04T23:19:33.404+0000][5.953s][info ][gc,heap     ] GC(15) Survivor regions: 5->6(10)
[2025-05-04T23:19:33.404+0000][5.954s][info ][gc,heap     ] GC(15) Old regions: 24->24
[2025-05-04T23:19:33.404+0000][5.954s][info ][gc,heap     ] GC(15) Archive regions: 2->2
[2025-05-04T23:19:33.404+0000][5.954s][info ][gc,heap     ] GC(15) Humongous regions: 0->0
[2025-05-04T23:19:33.404+0000][5.954s][info ][gc,metaspace] GC(15) Metaspace: 31959K(32320K)->31959K(32320K) NonClass: 27980K(28160K)->27980K(28160K) Class: 3979K(4160K)->3979K(4160K)
[2025-05-04T23:19:33.405+0000][5.954s][info ][gc          ] GC(15) Pause Young (Normal) (G1 Evacuation Pause) 199M->58M(256M) 7.004ms
[2025-05-04T23:19:33.405+0000][5.954s][info ][gc,cpu      ] GC(15) User=0.03s Sys=0.00s Real=0.01s
[2025-05-04T23:19:33.405+0000][5.955s][info ][safepoint   ] Safepoint "G1CollectForAllocation", Time since last: 549523384 ns, Reaching safepoint: 242814 ns, Cleanup: 58903 ns, At safepoint: 7330227 ns, Total: 7631944 ns
[2025-05-04T23:19:34.133+0000][6.683s][debug][safepoint   ] Safepoint synchronization initiated using futex wait barrier. (15 threads)
[2025-05-04T23:19:34.134+0000][6.683s][info ][gc,start    ] GC(16) Pause Young (Normal) (G1 Evacuation Pause)
[2025-05-04T23:19:34.134+0000][6.684s][info ][gc,task     ] GC(16) Using 6 workers of 8 for evacuation
[2025-05-04T23:19:34.140+0000][6.690s][info ][gc,phases   ] GC(16)   Pre Evacuate Collection Set: 0.1ms
[2025-05-04T23:19:34.140+0000][6.690s][info ][gc,phases   ] GC(16)   Merge Heap Roots: 0.1ms
[2025-05-04T23:19:34.140+0000][6.690s][info ][gc,phases   ] GC(16)   Evacuate Collection Set: 4.7ms
[2025-05-04T23:19:34.141+0000][6.690s][info ][gc,phases   ] GC(16)   Post Evacuate Collection Set: 0.9ms
[2025-05-04T23:19:34.141+0000][6.690s][info ][gc,phases   ] GC(16)   Other: 0.3ms
[2025-05-04T23:19:34.141+0000][6.690s][info ][gc,heap     ] GC(16) Eden regions: 70->0(70)
[2025-05-04T23:19:34.141+0000][6.691s][info ][gc,heap     ] GC(16) Survivor regions: 6->6(10)
[2025-05-04T23:19:34.141+0000][6.691s][info ][gc,heap     ] GC(16) Old regions: 24->24
[2025-05-04T23:19:34.141+0000][6.691s][info ][gc,heap     ] GC(16) Archive regions: 2->2
[2025-05-04T23:19:34.141+0000][6.691s][info ][gc,heap     ] GC(16) Humongous regions: 0->0
[2025-05-04T23:19:34.141+0000][6.691s][info ][gc,metaspace] GC(16) Metaspace: 34553K(34944K)->34553K(34944K) NonClass: 30261K(30464K)->30261K(30464K) Class: 4292K(4480K)->4292K(4480K)
[2025-05-04T23:19:34.142+0000][6.691s][info ][gc          ] GC(16) Pause Young (Normal) (G1 Evacuation Pause) 198M->58M(256M) 7.689ms
[2025-05-04T23:19:34.142+0000][6.691s][info ][gc,cpu      ] GC(16) User=0.05s Sys=0.01s Real=0.01s
[2025-05-04T23:19:34.142+0000][6.691s][info ][safepoint   ] Safepoint "G1CollectForAllocation", Time since last: 728508502 ns, Reaching safepoint: 260515 ns, Cleanup: 102506 ns, At safepoint: 7967164 ns, Total: 8330185 ns
[2025-05-04T23:19:34.605+0000][7.155s][debug][safepoint   ] Safepoint synchronization initiated using futex wait barrier. (15 threads)
[2025-05-04T23:19:34.606+0000][7.155s][info ][gc,start    ] GC(17) Pause Young (Concurrent Start) (Metadata GC Threshold)
[2025-05-04T23:19:34.606+0000][7.155s][info ][gc,task     ] GC(17) Using 6 workers of 8 for evacuation
[2025-05-04T23:19:34.613+0000][7.163s][info ][gc,phases   ] GC(17)   Pre Evacuate Collection Set: 0.2ms
[2025-05-04T23:19:34.613+0000][7.163s][info ][gc,phases   ] GC(17)   Merge Heap Roots: 0.1ms
[2025-05-04T23:19:34.614+0000][7.163s][info ][gc,phases   ] GC(17)   Evacuate Collection Set: 5.5ms
[2025-05-04T23:19:34.614+0000][7.163s][info ][gc,phases   ] GC(17)   Post Evacuate Collection Set: 1.4ms
[2025-05-04T23:19:34.614+0000][7.163s][info ][gc,phases   ] GC(17)   Other: 0.4ms
[2025-05-04T23:19:34.614+0000][7.164s][info ][gc,heap     ] GC(17) Eden regions: 44->0(70)
[2025-05-04T23:19:34.614+0000][7.164s][info ][gc,heap     ] GC(17) Survivor regions: 6->6(10)
[2025-05-04T23:19:34.614+0000][7.164s][info ][gc,heap     ] GC(17) Old regions: 24->24
[2025-05-04T23:19:34.614+0000][7.164s][info ][gc,heap     ] GC(17) Archive regions: 2->2
[2025-05-04T23:19:34.614+0000][7.164s][info ][gc,heap     ] GC(17) Humongous regions: 0->0
[2025-05-04T23:19:34.615+0000][7.164s][info ][gc,metaspace] GC(17) Metaspace: 36051K(36416K)->36051K(36416K) NonClass: 31572K(31744K)->31572K(31744K) Class: 4478K(4672K)->4478K(4672K)
[2025-05-04T23:19:34.615+0000][7.164s][info ][gc          ] GC(17) Pause Young (Concurrent Start) (Metadata GC Threshold) 146M->59M(256M) 9.172ms
[2025-05-04T23:19:34.615+0000][7.164s][info ][gc,cpu      ] GC(17) User=0.06s Sys=0.00s Real=0.01s
[2025-05-04T23:19:34.615+0000][7.165s][info ][gc          ] GC(18) Concurrent Mark Cycle
[2025-05-04T23:19:34.615+0000][7.165s][info ][gc,marking  ] GC(18) Concurrent Clear Claimed Marks
[2025-05-04T23:19:34.615+0000][7.165s][info ][safepoint   ] Safepoint "CollectForMetadataAllocation", Time since last: 463269563 ns, Reaching safepoint: 405724 ns, Cleanup: 104406 ns, At safepoint: 9462651 ns, Total: 9972781 ns
[2025-05-04T23:19:34.615+0000][7.165s][info ][gc,marking  ] GC(18) Concurrent Clear Claimed Marks 0.160ms
[2025-05-04T23:19:34.616+0000][7.165s][info ][gc,marking  ] GC(18) Concurrent Scan Root Regions
[2025-05-04T23:19:34.620+0000][7.170s][info ][gc,marking  ] GC(18) Concurrent Scan Root Regions 4.868ms
[2025-05-04T23:19:34.621+0000][7.170s][info ][gc,marking  ] GC(18) Concurrent Mark
[2025-05-04T23:19:34.621+0000][7.171s][info ][gc,marking  ] GC(18) Concurrent Mark From Roots
[2025-05-04T23:19:34.621+0000][7.171s][info ][gc,task     ] GC(18) Using 2 workers of 2 for marking
[2025-05-04T23:19:34.659+0000][7.209s][info ][gc,marking  ] GC(18) Concurrent Mark From Roots 38.173ms
[2025-05-04T23:19:34.659+0000][7.209s][info ][gc,marking  ] GC(18) Concurrent Preclean
[2025-05-04T23:19:34.659+0000][7.209s][debug][safepoint   ] Safepoint synchronization initiated using futex wait barrier. (15 threads)
[2025-05-04T23:19:34.660+0000][7.209s][info ][safepoint   ] Safepoint "CollectForMetadataAllocation", Time since last: 44166771 ns, Reaching safepoint: 519930 ns, Cleanup: 43802 ns, At safepoint: 65204 ns, Total: 628936 ns
[2025-05-04T23:19:34.660+0000][7.210s][info ][gc,marking  ] GC(18) Concurrent Preclean 0.692ms
[2025-05-04T23:19:34.660+0000][7.210s][debug][safepoint   ] Safepoint synchronization initiated using futex wait barrier. (15 threads)
[2025-05-04T23:19:34.661+0000][7.210s][info ][gc,start    ] GC(18) Pause Remark
[2025-05-04T23:19:34.663+0000][7.213s][info ][gc          ] GC(18) Pause Remark 65M->65M(234M) 2.691ms
[2025-05-04T23:19:34.663+0000][7.213s][info ][gc,cpu      ] GC(18) User=0.02s Sys=0.01s Real=0.01s
[2025-05-04T23:19:34.664+0000][7.213s][info ][safepoint   ] Safepoint "G1PauseRemark", Time since last: 481028 ns, Reaching safepoint: 221313 ns, Cleanup: 4600 ns, At safepoint: 3097881 ns, Total: 3323794 ns
[2025-05-04T23:19:34.664+0000][7.213s][info ][gc,marking  ] GC(18) Concurrent Mark 43.121ms
[2025-05-04T23:19:34.664+0000][7.214s][info ][gc,marking  ] GC(18) Concurrent Rebuild Remembered Sets
[2025-05-04T23:19:34.683+0000][7.233s][info ][gc,marking  ] GC(18) Concurrent Rebuild Remembered Sets 19.241ms
[2025-05-04T23:19:34.684+0000][7.233s][debug][safepoint   ] Safepoint synchronization initiated using futex wait barrier. (15 threads)
[2025-05-04T23:19:34.684+0000][7.233s][info ][gc,start    ] GC(18) Pause Cleanup
[2025-05-04T23:19:34.684+0000][7.234s][info ][gc          ] GC(18) Pause Cleanup 67M->67M(234M) 0.294ms
[2025-05-04T23:19:34.684+0000][7.234s][info ][gc,cpu      ] GC(18) User=0.00s Sys=0.00s Real=0.00s
[2025-05-04T23:19:34.684+0000][7.234s][info ][safepoint   ] Safepoint "G1PauseCleanup", Time since last: 19948261 ns, Reaching safepoint: 236413 ns, Cleanup: 5601 ns, At safepoint: 567033 ns, Total: 809047 ns
[2025-05-04T23:19:34.685+0000][7.234s][info ][gc,marking  ] GC(18) Concurrent Cleanup for Next Mark
[2025-05-04T23:19:34.687+0000][7.236s][info ][gc,marking  ] GC(18) Concurrent Cleanup for Next Mark 2.034ms
[2025-05-04T23:19:34.687+0000][7.237s][info ][gc          ] GC(18) Concurrent Mark Cycle 72.228ms
[2025-05-04T23:19:35.326+0000][7.876s][debug][safepoint   ] Safepoint synchronization initiated using futex wait barrier. (15 threads)
[2025-05-04T23:19:35.327+0000][7.876s][info ][gc,start    ] GC(19) Pause Young (Prepare Mixed) (G1 Evacuation Pause)
[2025-05-04T23:19:35.327+0000][7.876s][info ][gc,task     ] GC(19) Using 5 workers of 8 for evacuation
[2025-05-04T23:19:35.334+0000][7.884s][info ][gc,phases   ] GC(19)   Pre Evacuate Collection Set: 0.1ms
[2025-05-04T23:19:35.334+0000][7.884s][info ][gc,phases   ] GC(19)   Merge Heap Roots: 0.1ms
[2025-05-04T23:19:35.334+0000][7.884s][info ][gc,phases   ] GC(19)   Evacuate Collection Set: 5.8ms
[2025-05-04T23:19:35.335+0000][7.884s][info ][gc,phases   ] GC(19)   Post Evacuate Collection Set: 0.9ms
[2025-05-04T23:19:35.335+0000][7.884s][info ][gc,phases   ] GC(19)   Other: 0.3ms
[2025-05-04T23:19:35.335+0000][7.884s][info ][gc,heap     ] GC(19) Eden regions: 64->0(1)
[2025-05-04T23:19:35.335+0000][7.885s][info ][gc,heap     ] GC(19) Survivor regions: 6->5(9)
[2025-05-04T23:19:35.335+0000][7.885s][info ][gc,heap     ] GC(19) Old regions: 24->26
[2025-05-04T23:19:35.335+0000][7.885s][info ][gc,heap     ] GC(19) Archive regions: 2->2
[2025-05-04T23:19:35.335+0000][7.885s][info ][gc,heap     ] GC(19) Humongous regions: 0->0
[2025-05-04T23:19:35.335+0000][7.885s][info ][gc,metaspace] GC(19) Metaspace: 38973K(39360K)->38973K(39360K) NonClass: 34057K(34240K)->34057K(34240K) Class: 4916K(5120K)->4916K(5120K)
[2025-05-04T23:19:35.336+0000][7.885s][info ][gc          ] GC(19) Pause Young (Prepare Mixed) (G1 Evacuation Pause) 187M->60M(234M) 8.926ms
[2025-05-04T23:19:35.336+0000][7.885s][info ][gc,cpu      ] GC(19) User=0.05s Sys=0.00s Real=0.01s
[2025-05-04T23:19:35.336+0000][7.885s][info ][safepoint   ] Safepoint "G1CollectForAllocation", Time since last: 642009067 ns, Reaching safepoint: 209412 ns, Cleanup: 59504 ns, At safepoint: 9262339 ns, Total: 9531255 ns
[2025-05-04T23:19:35.352+0000][7.902s][debug][safepoint   ] Safepoint synchronization initiated using futex wait barrier. (15 threads)
[2025-05-04T23:19:35.353+0000][7.902s][info ][gc,start    ] GC(20) Pause Young (Mixed) (G1 Evacuation Pause)
[2025-05-04T23:19:35.353+0000][7.903s][info ][gc,task     ] GC(20) Using 5 workers of 8 for evacuation
[2025-05-04T23:19:35.359+0000][7.908s][info ][gc,phases   ] GC(20)   Pre Evacuate Collection Set: 0.2ms
[2025-05-04T23:19:35.359+0000][7.908s][info ][gc,phases   ] GC(20)   Merge Heap Roots: 0.1ms
[2025-05-04T23:19:35.359+0000][7.908s][info ][gc,phases   ] GC(20)   Evacuate Collection Set: 4.0ms
[2025-05-04T23:19:35.359+0000][7.909s][info ][gc,phases   ] GC(20)   Post Evacuate Collection Set: 0.9ms
[2025-05-04T23:19:35.359+0000][7.909s][info ][gc,phases   ] GC(20)   Other: 0.7ms
[2025-05-04T23:19:35.359+0000][7.909s][info ][gc,heap     ] GC(20) Eden regions: 1->0(67)
[2025-05-04T23:19:35.359+0000][7.909s][info ][gc,heap     ] GC(20) Survivor regions: 5->1(1)
[2025-05-04T23:19:35.359+0000][7.909s][info ][gc,heap     ] GC(20) Old regions: 26->29
[2025-05-04T23:19:35.360+0000][7.909s][info ][gc,heap     ] GC(20) Archive regions: 2->2
[2025-05-04T23:19:35.360+0000][7.909s][info ][gc,heap     ] GC(20) Humongous regions: 0->0
[2025-05-04T23:19:35.360+0000][7.909s][info ][gc,metaspace] GC(20) Metaspace: 38990K(39360K)->38990K(39360K) NonClass: 34072K(34240K)->34072K(34240K) Class: 4918K(5120K)->4918K(5120K)
[2025-05-04T23:19:35.360+0000][7.909s][info ][gc          ] GC(20) Pause Young (Mixed) (G1 Evacuation Pause) 62M->60M(234M) 7.143ms
[2025-05-04T23:19:35.360+0000][7.910s][info ][gc,cpu      ] GC(20) User=0.03s Sys=0.00s Real=0.00s
[2025-05-04T23:19:35.360+0000][7.910s][info ][safepoint   ] Safepoint "G1CollectForAllocation", Time since last: 16431456 ns, Reaching safepoint: 329119 ns, Cleanup: 31802 ns, At safepoint: 7512737 ns, Total: 7873658 ns
[2025-05-04T23:19:36.117+0000][8.667s][debug][safepoint   ] Safepoint synchronization initiated using futex wait barrier. (15 threads)
[2025-05-04T23:19:36.118+0000][8.667s][info ][safepoint   ] Safepoint "ICBufferFull", Time since last: 757092566 ns, Reaching safepoint: 331519 ns, Cleanup: 114107 ns, At safepoint: 16901 ns, Total: 462527 ns
[2025-05-04T23:19:36.173+0000][8.723s][debug][safepoint   ] Safepoint synchronization initiated using futex wait barrier. (15 threads)
[2025-05-04T23:19:36.173+0000][8.723s][info ][gc,start    ] GC(21) Pause Young (Concurrent Start) (G1 Evacuation Pause)
[2025-05-04T23:19:36.173+0000][8.723s][info ][gc,task     ] GC(21) Using 5 workers of 8 for evacuation
[2025-05-04T23:19:36.176+0000][8.726s][info ][gc,phases   ] GC(21)   Pre Evacuate Collection Set: 0.1ms
[2025-05-04T23:19:36.177+0000][8.726s][info ][gc,phases   ] GC(21)   Merge Heap Roots: 0.1ms
[2025-05-04T23:19:36.177+0000][8.726s][info ][gc,phases   ] GC(21)   Evacuate Collection Set: 2.0ms
[2025-05-04T23:19:36.177+0000][8.727s][info ][gc,phases   ] GC(21)   Post Evacuate Collection Set: 0.6ms
[2025-05-04T23:19:36.177+0000][8.727s][info ][gc,phases   ] GC(21)   Other: 0.4ms
[2025-05-04T23:19:36.177+0000][8.727s][info ][gc,heap     ] GC(21) Eden regions: 67->0(66)
[2025-05-04T23:19:36.177+0000][8.727s][info ][gc,heap     ] GC(21) Survivor regions: 1->2(9)
[2025-05-04T23:19:36.178+0000][8.727s][info ][gc,heap     ] GC(21) Old regions: 29->29
[2025-05-04T23:19:36.178+0000][8.727s][info ][gc,heap     ] GC(21) Archive regions: 2->2
[2025-05-04T23:19:36.178+0000][8.727s][info ][gc,heap     ] GC(21) Humongous regions: 0->0
[2025-05-04T23:19:36.178+0000][8.728s][info ][gc,metaspace] GC(21) Metaspace: 41561K(41920K)->41561K(41920K) NonClass: 36286K(36480K)->36286K(36480K) Class: 5274K(5440K)->5274K(5440K)
[2025-05-04T23:19:36.178+0000][8.728s][info ][gc          ] GC(21) Pause Young (Concurrent Start) (G1 Evacuation Pause) 194M->61M(234M) 4.936ms
[2025-05-04T23:19:36.178+0000][8.728s][info ][gc,cpu      ] GC(21) User=0.01s Sys=0.00s Real=0.00s
[2025-05-04T23:19:36.178+0000][8.728s][info ][gc          ] GC(22) Concurrent Mark Cycle
[2025-05-04T23:19:36.178+0000][8.728s][info ][safepoint   ] Safepoint "G1CollectForAllocation", Time since last: 55165510 ns, Reaching safepoint: 246315 ns, Cleanup: 27001 ns, At safepoint: 5244906 ns, Total: 5518222 ns
[2025-05-04T23:19:36.179+0000][8.728s][info ][gc,marking  ] GC(22) Concurrent Clear Claimed Marks
[2025-05-04T23:19:36.179+0000][8.728s][info ][gc,marking  ] GC(22) Concurrent Clear Claimed Marks 0.305ms
[2025-05-04T23:19:36.179+0000][8.729s][info ][gc,marking  ] GC(22) Concurrent Scan Root Regions
[2025-05-04T23:19:36.182+0000][8.731s][info ][gc,marking  ] GC(22) Concurrent Scan Root Regions 2.611ms
[2025-05-04T23:19:36.182+0000][8.732s][info ][gc,marking  ] GC(22) Concurrent Mark
[2025-05-04T23:19:36.182+0000][8.732s][info ][gc,marking  ] GC(22) Concurrent Mark From Roots
[2025-05-04T23:19:36.182+0000][8.732s][info ][gc,task     ] GC(22) Using 2 workers of 2 for marking
[2025-05-04T23:19:36.222+0000][8.772s][info ][gc,marking  ] GC(22) Concurrent Mark From Roots 39.877ms
[2025-05-04T23:19:36.222+0000][8.772s][info ][gc,marking  ] GC(22) Concurrent Preclean
[2025-05-04T23:19:36.223+0000][8.772s][info ][gc,marking  ] GC(22) Concurrent Preclean 0.382ms
[2025-05-04T23:19:36.223+0000][8.773s][debug][safepoint   ] Safepoint synchronization initiated using futex wait barrier. (15 threads)
[2025-05-04T23:19:36.223+0000][8.773s][info ][gc,start    ] GC(22) Pause Remark
[2025-05-04T23:19:36.226+0000][8.775s][info ][gc          ] GC(22) Pause Remark 68M->68M(234M) 2.280ms
[2025-05-04T23:19:36.226+0000][8.775s][info ][gc,cpu      ] GC(22) User=0.01s Sys=0.00s Real=0.00s
[2025-05-04T23:19:36.226+0000][8.776s][info ][safepoint   ] Safepoint "G1PauseRemark", Time since last: 44467488 ns, Reaching safepoint: 295217 ns, Cleanup: 4400 ns, At safepoint: 2720459 ns, Total: 3020076 ns
[2025-05-04T23:19:36.226+0000][8.776s][info ][gc,marking  ] GC(22) Concurrent Mark 44.212ms
[2025-05-04T23:19:36.226+0000][8.776s][info ][gc,marking  ] GC(22) Concurrent Rebuild Remembered Sets
[2025-05-04T23:19:36.244+0000][8.794s][info ][gc,marking  ] GC(22) Concurrent Rebuild Remembered Sets 17.762ms
[2025-05-04T23:19:36.244+0000][8.794s][debug][safepoint   ] Safepoint synchronization initiated using futex wait barrier. (15 threads)
[2025-05-04T23:19:36.245+0000][8.794s][info ][gc,start    ] GC(22) Pause Cleanup
[2025-05-04T23:19:36.245+0000][8.795s][info ][gc          ] GC(22) Pause Cleanup 71M->71M(234M) 0.327ms
[2025-05-04T23:19:36.245+0000][8.795s][info ][gc,cpu      ] GC(22) User=0.00s Sys=0.00s Real=0.00s
[2025-05-04T23:19:36.246+0000][8.795s][info ][safepoint   ] Safepoint "G1PauseCleanup", Time since last: 18521378 ns, Reaching safepoint: 323318 ns, Cleanup: 10501 ns, At safepoint: 712041 ns, Total: 1045860 ns
[2025-05-04T23:19:36.246+0000][8.795s][info ][gc,marking  ] GC(22) Concurrent Cleanup for Next Mark
[2025-05-04T23:19:36.246+0000][8.796s][info ][gc,marking  ] GC(22) Concurrent Cleanup for Next Mark 0.705ms
[2025-05-04T23:19:36.247+0000][8.796s][info ][gc          ] GC(22) Concurrent Mark Cycle 68.241ms
[2025-05-04T23:19:36.935+0000][9.485s][debug][safepoint   ] Safepoint synchronization initiated using futex wait barrier. (15 threads)
[2025-05-04T23:19:36.936+0000][9.485s][info ][safepoint   ] Safepoint "ICBufferFull", Time since last: 689758047 ns, Reaching safepoint: 258715 ns, Cleanup: 135708 ns, At safepoint: 4000 ns, Total: 398423 ns
[2025-05-04T23:19:37.031+0000][9.580s][debug][safepoint   ] Safepoint synchronization initiated using futex wait barrier. (15 threads)
[2025-05-04T23:19:37.031+0000][9.581s][info ][gc,start    ] GC(23) Pause Young (Prepare Mixed) (G1 Evacuation Pause)
[2025-05-04T23:19:37.031+0000][9.581s][info ][gc,task     ] GC(23) Using 5 workers of 8 for evacuation
[2025-05-04T23:19:37.038+0000][9.587s][info ][gc,phases   ] GC(23)   Pre Evacuate Collection Set: 0.1ms
[2025-05-04T23:19:37.038+0000][9.587s][info ][gc,phases   ] GC(23)   Merge Heap Roots: 0.1ms
[2025-05-04T23:19:37.038+0000][9.588s][info ][gc,phases   ] GC(23)   Evacuate Collection Set: 4.9ms
[2025-05-04T23:19:37.038+0000][9.588s][info ][gc,phases   ] GC(23)   Post Evacuate Collection Set: 1.0ms
[2025-05-04T23:19:37.038+0000][9.588s][info ][gc,phases   ] GC(23)   Other: 0.5ms
[2025-05-04T23:19:37.038+0000][9.588s][info ][gc,heap     ] GC(23) Eden regions: 66->0(2)
[2025-05-04T23:19:37.039+0000][9.588s][info ][gc,heap     ] GC(23) Survivor regions: 2->3(9)
[2025-05-04T23:19:37.039+0000][9.588s][info ][gc,heap     ] GC(23) Old regions: 29->29
[2025-05-04T23:19:37.039+0000][9.588s][info ][gc,heap     ] GC(23) Archive regions: 2->2
[2025-05-04T23:19:37.039+0000][9.589s][info ][gc,heap     ] GC(23) Humongous regions: 0->0
[2025-05-04T23:19:37.039+0000][9.589s][info ][gc,metaspace] GC(23) Metaspace: 44725K(45184K)->44725K(45184K) NonClass: 38997K(39232K)->38997K(39232K) Class: 5727K(5952K)->5727K(5952K)
[2025-05-04T23:19:37.039+0000][9.589s][info ][gc          ] GC(23) Pause Young (Prepare Mixed) (G1 Evacuation Pause) 193M->63M(234M) 8.329ms
[2025-05-04T23:19:37.039+0000][9.589s][info ][gc,cpu      ] GC(23) User=0.06s Sys=0.01s Real=0.01s
[2025-05-04T23:19:37.040+0000][9.589s][info ][safepoint   ] Safepoint "G1CollectForAllocation", Time since last: 94892923 ns, Reaching safepoint: 331919 ns, Cleanup: 32002 ns, At safepoint: 8636403 ns, Total: 9000324 ns
[2025-05-04T23:19:37.098+0000][9.647s][debug][safepoint   ] Safepoint synchronization initiated using futex wait barrier. (15 threads)
[2025-05-04T23:19:37.098+0000][9.648s][info ][gc,start    ] GC(24) Pause Young (Mixed) (G1 Evacuation Pause)
[2025-05-04T23:19:37.098+0000][9.648s][info ][gc,task     ] GC(24) Using 5 workers of 8 for evacuation
[2025-05-04T23:19:37.107+0000][9.656s][info ][gc,phases   ] GC(24)   Pre Evacuate Collection Set: 0.2ms
[2025-05-04T23:19:37.107+0000][9.657s][info ][gc,phases   ] GC(24)   Merge Heap Roots: 0.1ms
[2025-05-04T23:19:37.107+0000][9.657s][info ][gc,phases   ] GC(24)   Evacuate Collection Set: 6.9ms
[2025-05-04T23:19:37.107+0000][9.657s][info ][gc,phases   ] GC(24)   Post Evacuate Collection Set: 0.8ms
[2025-05-04T23:19:37.107+0000][9.657s][info ][gc,phases   ] GC(24)   Other: 0.6ms
[2025-05-04T23:19:37.108+0000][9.657s][info ][gc,heap     ] GC(24) Eden regions: 2->0(66)
[2025-05-04T23:19:37.108+0000][9.657s][info ][gc,heap     ] GC(24) Survivor regions: 3->1(1)
[2025-05-04T23:19:37.108+0000][9.657s][info ][gc,heap     ] GC(24) Old regions: 29->31
[2025-05-04T23:19:37.108+0000][9.658s][info ][gc,heap     ] GC(24) Archive regions: 2->2
[2025-05-04T23:19:37.108+0000][9.658s][info ][gc,heap     ] GC(24) Humongous regions: 0->0
[2025-05-04T23:19:37.108+0000][9.658s][info ][gc,metaspace] GC(24) Metaspace: 44863K(45312K)->44863K(45312K) NonClass: 39118K(39360K)->39118K(39360K) Class: 5745K(5952K)->5745K(5952K)
[2025-05-04T23:19:37.108+0000][9.658s][info ][gc          ] GC(24) Pause Young (Mixed) (G1 Evacuation Pause) 67M->62M(234M) 10.168ms
[2025-05-04T23:19:37.108+0000][9.658s][info ][gc,cpu      ] GC(24) User=0.06s Sys=0.00s Real=0.01s
[2025-05-04T23:19:37.109+0000][9.658s][info ][safepoint   ] Safepoint "G1CollectForAllocation", Time since last: 58014777 ns, Reaching safepoint: 546031 ns, Cleanup: 24102 ns, At safepoint: 10630918 ns, Total: 11201051 ns
[2025-05-04T23:19:38.151+0000][10.701s][debug][safepoint   ] Safepoint synchronization initiated using futex wait barrier. (15 threads)
[2025-05-04T23:19:38.151+0000][10.701s][info ][safepoint   ] Safepoint "ICBufferFull", Time since last: 1042162082 ns, Reaching safepoint: 270103 ns, Cleanup: 151002 ns, At safepoint: 6500 ns, Total: 427605 ns
[2025-05-04T23:19:38.178+0000][10.728s][debug][safepoint   ] Safepoint synchronization initiated using futex wait barrier. (15 threads)
[2025-05-04T23:19:38.179+0000][10.728s][info ][gc,start    ] GC(25) Pause Young (Normal) (G1 Evacuation Pause)
[2025-05-04T23:19:38.179+0000][10.728s][info ][gc,task     ] GC(25) Using 5 workers of 8 for evacuation
[2025-05-04T23:19:38.184+0000][10.734s][info ][gc,phases   ] GC(25)   Pre Evacuate Collection Set: 0.1ms
[2025-05-04T23:19:38.184+0000][10.734s][info ][gc,phases   ] GC(25)   Merge Heap Roots: 0.1ms
[2025-05-04T23:19:38.185+0000][10.734s][info ][gc,phases   ] GC(25)   Evacuate Collection Set: 4.0ms
[2025-05-04T23:19:38.185+0000][10.734s][info ][gc,phases   ] GC(25)   Post Evacuate Collection Set: 1.3ms
[2025-05-04T23:19:38.185+0000][10.734s][info ][gc,phases   ] GC(25)   Other: 0.3ms
[2025-05-04T23:19:38.185+0000][10.734s][info ][gc,heap     ] GC(25) Eden regions: 66->0(82)
[2025-05-04T23:19:38.185+0000][10.735s][info ][gc,heap     ] GC(25) Survivor regions: 1->2(9)
[2025-05-04T23:19:38.185+0000][10.735s][info ][gc,heap     ] GC(25) Old regions: 31->31
[2025-05-04T23:19:38.185+0000][10.735s][info ][gc,heap     ] GC(25) Archive regions: 2->2
[2025-05-04T23:19:38.185+0000][10.735s][info ][gc,heap     ] GC(25) Humongous regions: 0->0
[2025-05-04T23:19:38.185+0000][10.735s][info ][gc,metaspace] GC(25) Metaspace: 49613K(50048K)->49613K(50048K) NonClass: 43245K(43456K)->43245K(43456K) Class: 6368K(6592K)->6368K(6592K)
[2025-05-04T23:19:38.185+0000][10.735s][info ][gc          ] GC(25) Pause Young (Normal) (G1 Evacuation Pause) 194M->65M(282M) 6.842ms
[2025-05-04T23:19:38.185+0000][10.735s][info ][gc,cpu      ] GC(25) User=0.05s Sys=0.00s Real=0.01s
[2025-05-04T23:19:38.186+0000][10.735s][info ][safepoint   ] Safepoint "G1CollectForAllocation", Time since last: 26929710 ns, Reaching safepoint: 216002 ns, Cleanup: 10600 ns, At safepoint: 7150183 ns, Total: 7376785 ns
[2025-05-04T23:19:39.525+0000][12.075s][debug][safepoint   ] Safepoint synchronization initiated using futex wait barrier. (17 threads)
[2025-05-04T23:19:39.526+0000][12.075s][info ][safepoint   ] Safepoint "Cleanup", Time since last: 1339528514 ns, Reaching safepoint: 391504 ns, Cleanup: 94901 ns, At safepoint: 20800 ns, Total: 507205 ns
[2025-05-04T23:19:39.986+0000][12.536s][debug][safepoint   ] Safepoint synchronization initiated using futex wait barrier. (18 threads)
[2025-05-04T23:19:39.987+0000][12.536s][info ][safepoint   ] Safepoint "ICBufferFull", Time since last: 460614501 ns, Reaching safepoint: 285503 ns, Cleanup: 105601 ns, At safepoint: 34201 ns, Total: 425305 ns
[2025-05-04T23:19:40.304+0000][12.854s][debug][safepoint   ] Safepoint synchronization initiated using futex wait barrier. (18 threads)
[2025-05-04T23:19:40.304+0000][12.854s][info ][gc,start    ] GC(26) Pause Young (Normal) (G1 Evacuation Pause)
[2025-05-04T23:19:40.305+0000][12.854s][info ][gc,task     ] GC(26) Using 6 workers of 8 for evacuation
[2025-05-04T23:19:40.311+0000][12.861s][info ][gc,phases   ] GC(26)   Pre Evacuate Collection Set: 0.2ms
[2025-05-04T23:19:40.311+0000][12.861s][info ][gc,phases   ] GC(26)   Merge Heap Roots: 0.1ms
[2025-05-04T23:19:40.312+0000][12.861s][info ][gc,phases   ] GC(26)   Evacuate Collection Set: 4.7ms
[2025-05-04T23:19:40.312+0000][12.861s][info ][gc,phases   ] GC(26)   Post Evacuate Collection Set: 1.1ms
[2025-05-04T23:19:40.312+0000][12.862s][info ][gc,phases   ] GC(26)   Other: 0.4ms
[2025-05-04T23:19:40.312+0000][12.862s][info ][gc,heap     ] GC(26) Eden regions: 82->0(80)
[2025-05-04T23:19:40.312+0000][12.862s][info ][gc,heap     ] GC(26) Survivor regions: 2->4(11)
[2025-05-04T23:19:40.313+0000][12.862s][info ][gc,heap     ] GC(26) Old regions: 31->31
[2025-05-04T23:19:40.313+0000][12.862s][info ][gc,heap     ] GC(26) Archive regions: 2->2
[2025-05-04T23:19:40.313+0000][12.862s][info ][gc,heap     ] GC(26) Humongous regions: 0->0
[2025-05-04T23:19:40.313+0000][12.863s][info ][gc,metaspace] GC(26) Metaspace: 56314K(56768K)->56314K(56768K) NonClass: 49164K(49408K)->49164K(49408K) Class: 7150K(7360K)->7150K(7360K)
[2025-05-04T23:19:40.313+0000][12.863s][info ][gc          ] GC(26) Pause Young (Normal) (G1 Evacuation Pause) 229M->68M(282M) 8.580ms
[2025-05-04T23:19:40.313+0000][12.863s][info ][gc,cpu      ] GC(26) User=0.04s Sys=0.01s Real=0.01s
[2025-05-04T23:19:40.314+0000][12.863s][info ][safepoint   ] Safepoint "G1CollectForAllocation", Time since last: 317392752 ns, Reaching safepoint: 281803 ns, Cleanup: 57401 ns, At safepoint: 9148405 ns, Total: 9487609 ns
[2025-05-04T23:19:41.027+0000][13.578s][debug][safepoint   ] Safepoint synchronization initiated using futex wait barrier. (21 threads)
[2025-05-04T23:19:41.027+0000][13.579s][info ][gc,start    ] GC(27) Pause Young (Normal) (G1 Evacuation Pause)
[2025-05-04T23:19:41.027+0000][13.579s][info ][gc,task     ] GC(27) Using 6 workers of 8 for evacuation
[2025-05-04T23:19:41.034+0000][13.585s][info ][gc,phases   ] GC(27)   Pre Evacuate Collection Set: 0.1ms
[2025-05-04T23:19:41.034+0000][13.585s][info ][gc,phases   ] GC(27)   Merge Heap Roots: 0.1ms
[2025-05-04T23:19:41.034+0000][13.586s][info ][gc,phases   ] GC(27)   Evacuate Collection Set: 4.9ms
[2025-05-04T23:19:41.034+0000][13.586s][info ][gc,phases   ] GC(27)   Post Evacuate Collection Set: 1.1ms
[2025-05-04T23:19:41.034+0000][13.586s][info ][gc,phases   ] GC(27)   Other: 0.4ms
[2025-05-04T23:19:41.035+0000][13.586s][info ][gc,heap     ] GC(27) Eden regions: 80->0(80)
[2025-05-04T23:19:41.035+0000][13.586s][info ][gc,heap     ] GC(27) Survivor regions: 4->4(11)
[2025-05-04T23:19:41.035+0000][13.586s][info ][gc,heap     ] GC(27) Old regions: 31->31
[2025-05-04T23:19:41.035+0000][13.586s][info ][gc,heap     ] GC(27) Archive regions: 2->2
[2025-05-04T23:19:41.035+0000][13.586s][info ][gc,heap     ] GC(27) Humongous regions: 0->0
[2025-05-04T23:19:41.035+0000][13.586s][info ][gc,metaspace] GC(27) Metaspace: 62637K(63104K)->62637K(63104K) NonClass: 54662K(54912K)->54662K(54912K) Class: 7974K(8192K)->7974K(8192K)
[2025-05-04T23:19:41.035+0000][13.587s][info ][gc          ] GC(27) Pause Young (Normal) (G1 Evacuation Pause) 228M->70M(282M) 7.863ms
[2025-05-04T23:19:41.035+0000][13.587s][info ][gc,cpu      ] GC(27) User=0.06s Sys=0.00s Real=0.01s
[2025-05-04T23:19:41.035+0000][13.587s][info ][safepoint   ] Safepoint "G1CollectForAllocation", Time since last: 715081228 ns, Reaching safepoint: 274403 ns, Cleanup: 82201 ns, At safepoint: 8202794 ns, Total: 8559398 ns
[2025-05-04T23:19:41.742+0000][14.294s][debug][safepoint   ] Safepoint synchronization initiated using futex wait barrier. (21 threads)
[2025-05-04T23:19:41.744+0000][14.296s][info ][gc,start    ] GC(28) Pause Young (Normal) (G1 Evacuation Pause)
[2025-05-04T23:19:41.745+0000][14.296s][info ][gc,task     ] GC(28) Using 6 workers of 8 for evacuation
[2025-05-04T23:19:41.750+0000][14.302s][info ][gc,phases   ] GC(28)   Pre Evacuate Collection Set: 0.1ms
[2025-05-04T23:19:41.751+0000][14.302s][info ][gc,phases   ] GC(28)   Merge Heap Roots: 0.1ms
[2025-05-04T23:19:41.751+0000][14.302s][info ][gc,phases   ] GC(28)   Evacuate Collection Set: 4.2ms
[2025-05-04T23:19:41.751+0000][14.303s][info ][gc,phases   ] GC(28)   Post Evacuate Collection Set: 0.9ms
[2025-05-04T23:19:41.751+0000][14.303s][info ][gc,phases   ] GC(28)   Other: 0.7ms
[2025-05-04T23:19:41.752+0000][14.303s][info ][gc,heap     ] GC(28) Eden regions: 80->0(79)
[2025-05-04T23:19:41.752+0000][14.303s][info ][gc,heap     ] GC(28) Survivor regions: 4->5(11)
[2025-05-04T23:19:41.752+0000][14.303s][info ][gc,heap     ] GC(28) Old regions: 31->31
[2025-05-04T23:19:41.752+0000][14.304s][info ][gc,heap     ] GC(28) Archive regions: 2->2
[2025-05-04T23:19:41.752+0000][14.304s][info ][gc,heap     ] GC(28) Humongous regions: 0->0
[2025-05-04T23:19:41.752+0000][14.304s][info ][gc,metaspace] GC(28) Metaspace: 65222K(65728K)->65222K(65728K) NonClass: 56824K(57088K)->56824K(57088K) Class: 8397K(8640K)->8397K(8640K)
[2025-05-04T23:19:41.753+0000][14.304s][info ][gc          ] GC(28) Pause Young (Normal) (G1 Evacuation Pause) 230M->70M(282M) 8.247ms
[2025-05-04T23:19:41.753+0000][14.304s][info ][gc,cpu      ] GC(28) User=0.03s Sys=0.00s Real=0.01s
[2025-05-04T23:19:41.753+0000][14.304s][info ][safepoint   ] Safepoint "G1CollectForAllocation", Time since last: 706708232 ns, Reaching safepoint: 356804 ns, Cleanup: 1823521 ns, At safepoint: 8578699 ns, Total: 10759024 ns
[2025-05-04T23:19:42.143+0000][14.695s][debug][safepoint   ] ... found polling page loop exception at pc = 0x00007f59c115b2b8, stub =0x00007f59c0af5400
[2025-05-04T23:19:42.148+0000][14.700s][debug][safepoint   ] Safepoint synchronization initiated using futex wait barrier. (21 threads)
[2025-05-04T23:19:42.149+0000][14.700s][info ][safepoint   ] Safepoint "ICBufferFull", Time since last: 395448050 ns, Reaching safepoint: 319104 ns, Cleanup: 80201 ns, At safepoint: 51201 ns, Total: 450506 ns
[2025-05-04T23:19:42.670+0000][15.221s][debug][safepoint   ] Safepoint synchronization initiated using futex wait barrier. (21 threads)
[2025-05-04T23:19:42.670+0000][15.221s][info ][safepoint   ] Safepoint "ICBufferFull", Time since last: 520836293 ns, Reaching safepoint: 198202 ns, Cleanup: 162902 ns, At safepoint: 4200 ns, Total: 365304 ns
[2025-05-04T23:19:42.893+0000][15.444s][debug][safepoint   ] Safepoint synchronization initiated using futex wait barrier. (21 threads)
[2025-05-04T23:19:42.893+0000][15.444s][info ][gc,start    ] GC(29) Pause Young (Normal) (G1 Evacuation Pause)
[2025-05-04T23:19:42.894+0000][15.445s][info ][gc,task     ] GC(29) Using 6 workers of 8 for evacuation
[2025-05-04T23:19:42.912+0000][15.464s][info ][gc,phases   ] GC(29)   Pre Evacuate Collection Set: 0.1ms
[2025-05-04T23:19:42.913+0000][15.464s][info ][gc,phases   ] GC(29)   Merge Heap Roots: 0.1ms
[2025-05-04T23:19:42.913+0000][15.464s][info ][gc,phases   ] GC(29)   Evacuate Collection Set: 14.0ms
[2025-05-04T23:19:42.913+0000][15.464s][info ][gc,phases   ] GC(29)   Post Evacuate Collection Set: 2.7ms
[2025-05-04T23:19:42.913+0000][15.465s][info ][gc,phases   ] GC(29)   Other: 2.5ms
[2025-05-04T23:19:42.913+0000][15.465s][info ][gc,heap     ] GC(29) Eden regions: 79->0(77)
[2025-05-04T23:19:42.914+0000][15.465s][info ][gc,heap     ] GC(29) Survivor regions: 5->7(11)
[2025-05-04T23:19:42.914+0000][15.465s][info ][gc,heap     ] GC(29) Old regions: 31->31
[2025-05-04T23:19:42.914+0000][15.466s][info ][gc,heap     ] GC(29) Archive regions: 2->2
[2025-05-04T23:19:42.916+0000][15.467s][info ][gc,heap     ] GC(29) Humongous regions: 0->0
[2025-05-04T23:19:42.916+0000][15.468s][info ][gc,metaspace] GC(29) Metaspace: 69046K(69504K)->69046K(69504K) NonClass: 60185K(60416K)->60185K(60416K) Class: 8860K(9088K)->8860K(9088K)
[2025-05-04T23:19:42.917+0000][15.468s][info ][gc          ] GC(29) Pause Young (Normal) (G1 Evacuation Pause) 228M->75M(282M) 23.644ms
[2025-05-04T23:19:42.917+0000][15.468s][info ][gc,cpu      ] GC(29) User=0.11s Sys=0.00s Real=0.02s
[2025-05-04T23:19:42.917+0000][15.469s][info ][safepoint   ] Safepoint "G1CollectForAllocation", Time since last: 222621462 ns, Reaching safepoint: 313803 ns, Cleanup: 46201 ns, At safepoint: 24152278 ns, Total: 24512282 ns
[2025-05-04T23:19:43.062+0000][15.614s][debug][safepoint   ] Safepoint synchronization initiated using futex wait barrier. (21 threads)
[2025-05-04T23:19:43.063+0000][15.614s][info ][gc,start    ] GC(30) Pause Young (Concurrent Start) (Metadata GC Threshold)
[2025-05-04T23:19:43.063+0000][15.614s][info ][gc,task     ] GC(30) Using 6 workers of 8 for evacuation
[2025-05-04T23:19:43.072+0000][15.623s][info ][gc,phases   ] GC(30)   Pre Evacuate Collection Set: 0.2ms
[2025-05-04T23:19:43.072+0000][15.623s][info ][gc,phases   ] GC(30)   Merge Heap Roots: 0.1ms
[2025-05-04T23:19:43.072+0000][15.624s][info ][gc,phases   ] GC(30)   Evacuate Collection Set: 6.9ms
[2025-05-04T23:19:43.072+0000][15.624s][info ][gc,phases   ] GC(30)   Post Evacuate Collection Set: 1.4ms
[2025-05-04T23:19:43.072+0000][15.624s][info ][gc,phases   ] GC(30)   Other: 0.5ms
[2025-05-04T23:19:43.073+0000][15.624s][info ][gc,heap     ] GC(30) Eden regions: 5->0(75)
[2025-05-04T23:19:43.073+0000][15.624s][info ][gc,heap     ] GC(30) Survivor regions: 7->6(11)
[2025-05-04T23:19:43.073+0000][15.624s][info ][gc,heap     ] GC(30) Old regions: 31->32
[2025-05-04T23:19:43.073+0000][15.624s][info ][gc,heap     ] GC(30) Archive regions: 2->2
[2025-05-04T23:19:43.073+0000][15.624s][info ][gc,heap     ] GC(30) Humongous regions: 0->0
[2025-05-04T23:19:43.073+0000][15.625s][info ][gc,metaspace] GC(30) Metaspace: 69601K(70080K)->69601K(70080K) NonClass: 60692K(60928K)->60692K(60928K) Class: 8908K(9152K)->8908K(9152K)
[2025-05-04T23:19:43.073+0000][15.625s][info ][gc          ] GC(30) Pause Young (Concurrent Start) (Metadata GC Threshold) 85M->75M(282M) 10.651ms
[2025-05-04T23:19:43.073+0000][15.625s][info ][gc,cpu      ] GC(30) User=0.03s Sys=0.01s Real=0.01s
[2025-05-04T23:19:43.074+0000][15.625s][info ][gc          ] GC(31) Concurrent Mark Cycle
[2025-05-04T23:19:43.074+0000][15.625s][info ][safepoint   ] Safepoint "CollectForMetadataAllocation", Time since last: 145141070 ns, Reaching safepoint: 260203 ns, Cleanup: 49301 ns, At safepoint: 11075527 ns, Total: 11385031 ns
[2025-05-04T23:19:43.074+0000][15.625s][info ][gc,marking  ] GC(31) Concurrent Clear Claimed Marks
[2025-05-04T23:19:43.074+0000][15.626s][info ][gc,marking  ] GC(31) Concurrent Clear Claimed Marks 0.434ms
[2025-05-04T23:19:43.075+0000][15.626s][info ][gc,marking  ] GC(31) Concurrent Scan Root Regions
[2025-05-04T23:19:43.081+0000][15.633s][info ][gc,marking  ] GC(31) Concurrent Scan Root Regions 6.360ms
[2025-05-04T23:19:43.082+0000][15.633s][info ][gc,marking  ] GC(31) Concurrent Mark
[2025-05-04T23:19:43.082+0000][15.634s][info ][gc,marking  ] GC(31) Concurrent Mark From Roots
[2025-05-04T23:19:43.082+0000][15.634s][info ][gc,task     ] GC(31) Using 2 workers of 2 for marking
[2025-05-04T23:19:43.119+0000][15.670s][debug][safepoint   ] Safepoint synchronization initiated using futex wait barrier. (21 threads)
[2025-05-04T23:19:43.119+0000][15.670s][info ][safepoint   ] Safepoint "CollectForMetadataAllocation", Time since last: 44909417 ns, Reaching safepoint: 276403 ns, Cleanup: 3800 ns, At safepoint: 57301 ns, Total: 337504 ns
[2025-05-04T23:19:43.132+0000][15.683s][info ][gc,marking  ] GC(31) Concurrent Mark From Roots 49.433ms
[2025-05-04T23:19:43.132+0000][15.683s][info ][gc,marking  ] GC(31) Concurrent Preclean
[2025-05-04T23:19:43.132+0000][15.683s][info ][gc,marking  ] GC(31) Concurrent Preclean 0.287ms
[2025-05-04T23:19:43.132+0000][15.684s][debug][safepoint   ] Safepoint synchronization initiated using futex wait barrier. (21 threads)
[2025-05-04T23:19:43.132+0000][15.684s][info ][gc,start    ] GC(31) Pause Remark
[2025-05-04T23:19:43.136+0000][15.687s][info ][gc          ] GC(31) Pause Remark 84M->84M(282M) 3.645ms
[2025-05-04T23:19:43.136+0000][15.688s][info ][gc,cpu      ] GC(31) User=0.01s Sys=0.00s Real=0.00s
[2025-05-04T23:19:43.137+0000][15.688s][info ][safepoint   ] Safepoint "G1PauseRemark", Time since last: 13307653 ns, Reaching safepoint: 138501 ns, Cleanup: 16901 ns, At safepoint: 4187848 ns, Total: 4343250 ns
[2025-05-04T23:19:43.137+0000][15.688s][info ][gc,marking  ] GC(31) Concurrent Mark 55.098ms
[2025-05-04T23:19:43.137+0000][15.688s][info ][gc,marking  ] GC(31) Concurrent Rebuild Remembered Sets
[2025-05-04T23:19:43.168+0000][15.719s][info ][gc,marking  ] GC(31) Concurrent Rebuild Remembered Sets 31.029ms
[2025-05-04T23:19:43.168+0000][15.720s][debug][safepoint   ] Safepoint synchronization initiated using futex wait barrier. (21 threads)
[2025-05-04T23:19:43.169+0000][15.720s][info ][gc,start    ] GC(31) Pause Cleanup
[2025-05-04T23:19:43.169+0000][15.720s][info ][gc          ] GC(31) Pause Cleanup 87M->87M(282M) 0.299ms
[2025-05-04T23:19:43.169+0000][15.720s][info ][gc,cpu      ] GC(31) User=0.00s Sys=0.00s Real=0.00s
[2025-05-04T23:19:43.169+0000][15.721s][info ][safepoint   ] Safepoint "G1PauseCleanup", Time since last: 31831566 ns, Reaching safepoint: 197402 ns, Cleanup: 9001 ns, At safepoint: 650007 ns, Total: 856410 ns
[2025-05-04T23:19:43.169+0000][15.721s][info ][gc,marking  ] GC(31) Concurrent Cleanup for Next Mark
[2025-05-04T23:19:43.170+0000][15.721s][info ][gc,marking  ] GC(31) Concurrent Cleanup for Next Mark 0.623ms
[2025-05-04T23:19:43.170+0000][15.722s][info ][gc          ] GC(31) Concurrent Mark Cycle 96.773ms
[2025-05-04T23:19:43.639+0000][16.191s][debug][safepoint   ] Safepoint synchronization initiated using futex wait barrier. (21 threads)
[2025-05-04T23:19:43.640+0000][16.192s][info ][safepoint   ] Safepoint "ICBufferFull", Time since last: 470000508 ns, Reaching safepoint: 811410 ns, Cleanup: 187002 ns, At safepoint: 23600 ns, Total: 1022012 ns
[2025-05-04T23:19:44.277+0000][16.829s][debug][safepoint   ] Safepoint synchronization initiated using futex wait barrier. (19 threads)
[2025-05-04T23:19:44.278+0000][16.829s][info ][gc,start    ] GC(32) Pause Young (Prepare Mixed) (G1 Evacuation Pause)
[2025-05-04T23:19:44.278+0000][16.829s][info ][gc,task     ] GC(32) Using 6 workers of 8 for evacuation
[2025-05-04T23:19:44.287+0000][16.838s][info ][gc,phases   ] GC(32)   Pre Evacuate Collection Set: 0.2ms
[2025-05-04T23:19:44.287+0000][16.838s][info ][gc,phases   ] GC(32)   Merge Heap Roots: 0.1ms
[2025-05-04T23:19:44.287+0000][16.838s][info ][gc,phases   ] GC(32)   Evacuate Collection Set: 6.7ms
[2025-05-04T23:19:44.287+0000][16.839s][info ][gc,phases   ] GC(32)   Post Evacuate Collection Set: 1.5ms
[2025-05-04T23:19:44.287+0000][16.839s][info ][gc,phases   ] GC(32)   Other: 0.5ms
[2025-05-04T23:19:44.287+0000][16.839s][info ][gc,heap     ] GC(32) Eden regions: 75->0(1)
[2025-05-04T23:19:44.288+0000][16.839s][info ][gc,heap     ] GC(32) Survivor regions: 6->6(11)
[2025-05-04T23:19:44.288+0000][16.839s][info ][gc,heap     ] GC(32) Old regions: 32->32
[2025-05-04T23:19:44.288+0000][16.839s][info ][gc,heap     ] GC(32) Archive regions: 2->2
[2025-05-04T23:19:44.288+0000][16.839s][info ][gc,heap     ] GC(32) Humongous regions: 0->0
[2025-05-04T23:19:44.288+0000][16.839s][info ][gc,metaspace] GC(32) Metaspace: 74981K(75456K)->74981K(75456K) NonClass: 65257K(65472K)->65257K(65472K) Class: 9724K(9984K)->9724K(9984K)
[2025-05-04T23:19:44.288+0000][16.840s][info ][gc          ] GC(32) Pause Young (Prepare Mixed) (G1 Evacuation Pause) 225M->76M(282M) 10.543ms
[2025-05-04T23:19:44.288+0000][16.840s][info ][gc,cpu      ] GC(32) User=0.05s Sys=0.00s Real=0.01s
[2025-05-04T23:19:44.289+0000][16.840s][info ][safepoint   ] Safepoint "G1CollectForAllocation", Time since last: 636968830 ns, Reaching safepoint: 326203 ns, Cleanup: 70301 ns, At safepoint: 10853425 ns, Total: 11249929 ns
[2025-05-04T23:19:44.300+0000][16.852s][debug][safepoint   ] Safepoint synchronization initiated using futex wait barrier. (19 threads)
[2025-05-04T23:19:44.300+0000][16.852s][info ][gc,start    ] GC(33) Pause Young (Mixed) (G1 Evacuation Pause)
[2025-05-04T23:19:44.301+0000][16.852s][info ][gc,task     ] GC(33) Using 6 workers of 8 for evacuation
[2025-05-04T23:19:44.309+0000][16.860s][info ][gc,phases   ] GC(33)   Pre Evacuate Collection Set: 0.1ms
[2025-05-04T23:19:44.309+0000][16.861s][info ][gc,phases   ] GC(33)   Merge Heap Roots: 0.1ms
[2025-05-04T23:19:44.309+0000][16.861s][info ][gc,phases   ] GC(33)   Evacuate Collection Set: 7.0ms
[2025-05-04T23:19:44.310+0000][16.861s][info ][gc,phases   ] GC(33)   Post Evacuate Collection Set: 1.1ms
[2025-05-04T23:19:44.310+0000][16.861s][info ][gc,phases   ] GC(33)   Other: 0.3ms
[2025-05-04T23:19:44.310+0000][16.861s][info ][gc,heap     ] GC(33) Eden regions: 1->0(77)
[2025-05-04T23:19:44.310+0000][16.861s][info ][gc,heap     ] GC(33) Survivor regions: 6->1(1)
[2025-05-04T23:19:44.310+0000][16.862s][info ][gc,heap     ] GC(33) Old regions: 32->37
[2025-05-04T23:19:44.310+0000][16.862s][info ][gc,heap     ] GC(33) Archive regions: 2->2
[2025-05-04T23:19:44.311+0000][16.862s][info ][gc,heap     ] GC(33) Humongous regions: 0->0
[2025-05-04T23:19:44.311+0000][16.862s][info ][gc,metaspace] GC(33) Metaspace: 75021K(75520K)->75021K(75520K) NonClass: 65288K(65536K)->65288K(65536K) Class: 9733K(9984K)->9733K(9984K)
[2025-05-04T23:19:44.311+0000][16.863s][info ][gc          ] GC(33) Pause Young (Mixed) (G1 Evacuation Pause) 78M->76M(282M) 10.756ms
[2025-05-04T23:19:44.311+0000][16.863s][info ][gc,cpu      ] GC(33) User=0.05s Sys=0.00s Real=0.01s
[2025-05-04T23:19:44.312+0000][16.863s][info ][safepoint   ] Safepoint "G1CollectForAllocation", Time since last: 11608734 ns, Reaching safepoint: 259503 ns, Cleanup: 23700 ns, At safepoint: 11200029 ns, Total: 11483232 ns
[2025-05-04T23:19:45.008+0000][17.560s][debug][safepoint   ] Safepoint synchronization initiated using futex wait barrier. (19 threads)
[2025-05-04T23:19:45.009+0000][17.560s][info ][gc,start    ] GC(34) Pause Young (Concurrent Start) (G1 Evacuation Pause)
[2025-05-04T23:19:45.009+0000][17.560s][info ][gc,task     ] GC(34) Using 6 workers of 8 for evacuation
[2025-05-04T23:19:45.012+0000][17.564s][info ][gc,phases   ] GC(34)   Pre Evacuate Collection Set: 0.1ms
[2025-05-04T23:19:45.013+0000][17.564s][info ][gc,phases   ] GC(34)   Merge Heap Roots: 0.1ms
[2025-05-04T23:19:45.013+0000][17.564s][info ][gc,phases   ] GC(34)   Evacuate Collection Set: 1.9ms
[2025-05-04T23:19:45.013+0000][17.565s][info ][gc,phases   ] GC(34)   Post Evacuate Collection Set: 1.0ms
[2025-05-04T23:19:45.013+0000][17.565s][info ][gc,phases   ] GC(34)   Other: 0.5ms
[2025-05-04T23:19:45.013+0000][17.565s][info ][gc,heap     ] GC(34) Eden regions: 77->0(78)
[2025-05-04T23:19:45.014+0000][17.565s][info ][gc,heap     ] GC(34) Survivor regions: 1->1(10)
[2025-05-04T23:19:45.014+0000][17.565s][info ][gc,heap     ] GC(34) Old regions: 37->37
[2025-05-04T23:19:45.014+0000][17.565s][info ][gc,heap     ] GC(34) Archive regions: 2->2
[2025-05-04T23:19:45.014+0000][17.565s][info ][gc,heap     ] GC(34) Humongous regions: 0->0
[2025-05-04T23:19:45.014+0000][17.566s][info ][gc,metaspace] GC(34) Metaspace: 78327K(78784K)->78327K(78784K) NonClass: 68037K(68288K)->68037K(68288K) Class: 10289K(10496K)->10289K(10496K)
[2025-05-04T23:19:45.014+0000][17.566s][info ][gc          ] GC(34) Pause Young (Concurrent Start) (G1 Evacuation Pause) 230M->75M(282M) 5.457ms
[2025-05-04T23:19:45.014+0000][17.566s][info ][gc,cpu      ] GC(34) User=0.02s Sys=0.00s Real=0.01s
[2025-05-04T23:19:45.015+0000][17.566s][info ][gc          ] GC(35) Concurrent Mark Cycle
[2025-05-04T23:19:45.015+0000][17.566s][info ][gc,marking  ] GC(35) Concurrent Clear Claimed Marks
[2025-05-04T23:19:45.015+0000][17.566s][info ][safepoint   ] Safepoint "G1CollectForAllocation", Time since last: 696856819 ns, Reaching safepoint: 291403 ns, Cleanup: 62901 ns, At safepoint: 5717965 ns, Total: 6072269 ns
[2025-05-04T23:19:45.015+0000][17.566s][info ][gc,marking  ] GC(35) Concurrent Clear Claimed Marks 0.181ms
[2025-05-04T23:19:45.015+0000][17.566s][info ][gc,marking  ] GC(35) Concurrent Scan Root Regions
[2025-05-04T23:19:45.017+0000][17.569s][info ][gc,marking  ] GC(35) Concurrent Scan Root Regions 2.357ms
[2025-05-04T23:19:45.018+0000][17.569s][info ][gc,marking  ] GC(35) Concurrent Mark
[2025-05-04T23:19:45.018+0000][17.569s][info ][gc,marking  ] GC(35) Concurrent Mark From Roots
[2025-05-04T23:19:45.018+0000][17.569s][info ][gc,task     ] GC(35) Using 2 workers of 2 for marking
[2025-05-04T23:19:45.083+0000][17.634s][info ][gc,marking  ] GC(35) Concurrent Mark From Roots 65.395ms
[2025-05-04T23:19:45.083+0000][17.635s][info ][gc,marking  ] GC(35) Concurrent Preclean
[2025-05-04T23:19:45.084+0000][17.635s][info ][gc,marking  ] GC(35) Concurrent Preclean 0.349ms
[2025-05-04T23:19:45.084+0000][17.635s][debug][safepoint   ] Safepoint synchronization initiated using futex wait barrier. (19 threads)
[2025-05-04T23:19:45.084+0000][17.636s][info ][gc,start    ] GC(35) Pause Remark
[2025-05-04T23:19:45.088+0000][17.639s][info ][gc          ] GC(35) Pause Remark 88M->88M(282M) 3.564ms
[2025-05-04T23:19:45.088+0000][17.639s][info ][gc,cpu      ] GC(35) User=0.02s Sys=0.00s Real=0.00s
[2025-05-04T23:19:45.088+0000][17.640s][info ][safepoint   ] Safepoint "G1PauseRemark", Time since last: 69268298 ns, Reaching safepoint: 353104 ns, Cleanup: 25300 ns, At safepoint: 4103247 ns, Total: 4481651 ns
[2025-05-04T23:19:45.089+0000][17.640s][info ][gc,marking  ] GC(35) Concurrent Mark 70.963ms
[2025-05-04T23:19:45.089+0000][17.640s][info ][gc,marking  ] GC(35) Concurrent Rebuild Remembered Sets
[2025-05-04T23:19:45.120+0000][17.672s][info ][gc,marking  ] GC(35) Concurrent Rebuild Remembered Sets 31.723ms
[2025-05-04T23:19:45.121+0000][17.672s][debug][safepoint   ] Safepoint synchronization initiated using futex wait barrier. (19 threads)
[2025-05-04T23:19:45.121+0000][17.672s][info ][gc,start    ] GC(35) Pause Cleanup
[2025-05-04T23:19:45.121+0000][17.673s][info ][gc          ] GC(35) Pause Cleanup 93M->93M(282M) 0.250ms
[2025-05-04T23:19:45.121+0000][17.673s][info ][gc,cpu      ] GC(35) User=0.00s Sys=0.00s Real=0.00s
[2025-05-04T23:19:45.122+0000][17.673s][info ][safepoint   ] Safepoint "G1PauseCleanup", Time since last: 32470074 ns, Reaching safepoint: 249603 ns, Cleanup: 4300 ns, At safepoint: 519606 ns, Total: 773509 ns
[2025-05-04T23:19:45.122+0000][17.673s][info ][gc,marking  ] GC(35) Concurrent Cleanup for Next Mark
[2025-05-04T23:19:45.122+0000][17.674s][info ][gc,marking  ] GC(35) Concurrent Cleanup for Next Mark 0.474ms
[2025-05-04T23:19:45.123+0000][17.674s][info ][gc          ] GC(35) Concurrent Mark Cycle 108.106ms
[2025-05-04T23:19:45.249+0000][17.800s][debug][safepoint   ] Safepoint synchronization initiated using futex wait barrier. (21 threads)
[2025-05-04T23:19:45.249+0000][17.801s][info ][safepoint   ] Safepoint "ICBufferFull", Time since last: 127075262 ns, Reaching safepoint: 379304 ns, Cleanup: 112402 ns, At safepoint: 26700 ns, Total: 518406 ns
[2025-05-04T23:19:45.315+0000][17.866s][debug][safepoint   ] Safepoint synchronization initiated using futex wait barrier. (21 threads)
[2025-05-04T23:19:45.315+0000][17.866s][info ][safepoint   ] Safepoint "ICBufferFull", Time since last: 65695456 ns, Reaching safepoint: 211202 ns, Cleanup: 65201 ns, At safepoint: 2300 ns, Total: 278703 ns
[2025-05-04T23:19:45.379+0000][17.930s][debug][safepoint   ] Safepoint synchronization initiated using futex wait barrier. (21 threads)
[2025-05-04T23:19:45.379+0000][17.931s][info ][safepoint   ] Safepoint "ICBufferFull", Time since last: 63863135 ns, Reaching safepoint: 309604 ns, Cleanup: 124801 ns, At safepoint: 28200 ns, Total: 462605 ns
[2025-05-04T23:19:45.542+0000][18.093s][debug][safepoint   ] Safepoint synchronization initiated using futex wait barrier. (21 threads)
[2025-05-04T23:19:45.542+0000][18.093s][info ][safepoint   ] Safepoint "ICBufferFull", Time since last: 162345268 ns, Reaching safepoint: 213203 ns, Cleanup: 101601 ns, At safepoint: 3700 ns, Total: 318504 ns
[2025-05-04T23:19:45.809+0000][18.360s][debug][safepoint   ] Safepoint synchronization initiated using futex wait barrier. (21 threads)
[2025-05-04T23:19:45.809+0000][18.360s][info ][safepoint   ] Safepoint "ICBufferFull", Time since last: 266439891 ns, Reaching safepoint: 311817 ns, Cleanup: 86604 ns, At safepoint: 31402 ns, Total: 429823 ns
[2025-05-04T23:19:46.164+0000][18.715s][debug][safepoint   ] Safepoint synchronization initiated using futex wait barrier. (21 threads)
[2025-05-04T23:19:46.164+0000][18.716s][info ][gc,start    ] GC(36) Pause Young (Prepare Mixed) (G1 Evacuation Pause)
[2025-05-04T23:19:46.165+0000][18.716s][info ][gc,task     ] GC(36) Using 6 workers of 8 for evacuation
[2025-05-04T23:19:46.169+0000][18.720s][info ][gc,phases   ] GC(36)   Pre Evacuate Collection Set: 0.2ms
[2025-05-04T23:19:46.169+0000][18.720s][info ][gc,phases   ] GC(36)   Merge Heap Roots: 0.1ms
[2025-05-04T23:19:46.169+0000][18.720s][info ][gc,phases   ] GC(36)   Evacuate Collection Set: 2.3ms
[2025-05-04T23:19:46.169+0000][18.721s][info ][gc,phases   ] GC(36)   Post Evacuate Collection Set: 1.0ms
[2025-05-04T23:19:46.169+0000][18.721s][info ][gc,phases   ] GC(36)   Other: 0.7ms
[2025-05-04T23:19:46.170+0000][18.721s][info ][gc,heap     ] GC(36) Eden regions: 78->0(5)
[2025-05-04T23:19:46.170+0000][18.721s][info ][gc,heap     ] GC(36) Survivor regions: 1->2(10)
[2025-05-04T23:19:46.170+0000][18.721s][info ][gc,heap     ] GC(36) Old regions: 37->37
[2025-05-04T23:19:46.170+0000][18.721s][info ][gc,heap     ] GC(36) Archive regions: 2->2
[2025-05-04T23:19:46.170+0000][18.722s][info ][gc,heap     ] GC(36) Humongous regions: 0->0
[2025-05-04T23:19:46.170+0000][18.722s][info ][gc,metaspace] GC(36) Metaspace: 81927K(82432K)->81927K(82432K) NonClass: 71150K(71424K)->71150K(71424K) Class: 10776K(11008K)->10776K(11008K)
[2025-05-04T23:19:46.171+0000][18.722s][info ][gc          ] GC(36) Pause Young (Prepare Mixed) (G1 Evacuation Pause) 231M->77M(282M) 6.031ms
[2025-05-04T23:19:46.171+0000][18.722s][info ][gc,cpu      ] GC(36) User=0.01s Sys=0.00s Real=0.01s
[2025-05-04T23:19:46.171+0000][18.722s][info ][safepoint   ] Safepoint "G1CollectForAllocation", Time since last: 354968769 ns, Reaching safepoint: 349820 ns, Cleanup: 159208 ns, At safepoint: 6421953 ns, Total: 6930981 ns
[2025-05-04T23:19:46.244+0000][18.795s][debug][safepoint   ] Safepoint synchronization initiated using futex wait barrier. (20 threads)
[2025-05-04T23:19:46.244+0000][18.795s][info ][gc,start    ] GC(37) Pause Young (Mixed) (G1 Evacuation Pause)
[2025-05-04T23:19:46.244+0000][18.796s][info ][gc,task     ] GC(37) Using 6 workers of 8 for evacuation
[2025-05-04T23:19:46.248+0000][18.800s][info ][gc,phases   ] GC(37)   Pre Evacuate Collection Set: 0.1ms
[2025-05-04T23:19:46.248+0000][18.800s][info ][gc,phases   ] GC(37)   Merge Heap Roots: 0.1ms
[2025-05-04T23:19:46.249+0000][18.800s][info ][gc,phases   ] GC(37)   Evacuate Collection Set: 2.4ms
[2025-05-04T23:19:46.249+0000][18.800s][info ][gc,phases   ] GC(37)   Post Evacuate Collection Set: 1.1ms
[2025-05-04T23:19:46.249+0000][18.800s][info ][gc,phases   ] GC(37)   Other: 0.5ms
[2025-05-04T23:19:46.249+0000][18.801s][info ][gc,heap     ] GC(37) Eden regions: 5->0(78)
[2025-05-04T23:19:46.249+0000][18.801s][info ][gc,heap     ] GC(37) Survivor regions: 2->1(1)
[2025-05-04T23:19:46.250+0000][18.801s][info ][gc,heap     ] GC(37) Old regions: 37->38
[2025-05-04T23:19:46.250+0000][18.801s][info ][gc,heap     ] GC(37) Archive regions: 2->2
[2025-05-04T23:19:46.250+0000][18.801s][info ][gc,heap     ] GC(37) Humongous regions: 0->0
[2025-05-04T23:19:46.250+0000][18.801s][info ][gc,metaspace] GC(37) Metaspace: 82329K(82816K)->82329K(82816K) NonClass: 71494K(71744K)->71494K(71744K) Class: 10835K(11072K)->10835K(11072K)
[2025-05-04T23:19:46.250+0000][18.802s][info ][gc          ] GC(37) Pause Young (Mixed) (G1 Evacuation Pause) 87M->77M(282M) 6.159ms
[2025-05-04T23:19:46.250+0000][18.802s][info ][gc,cpu      ] GC(37) User=0.01s Sys=0.00s Real=0.01s
[2025-05-04T23:19:46.250+0000][18.802s][info ][safepoint   ] Safepoint "G1CollectForAllocation", Time since last: 72730489 ns, Reaching safepoint: 364020 ns, Cleanup: 25101 ns, At safepoint: 6439353 ns, Total: 6828474 ns
[2025-05-04T23:19:46.811+0000][19.362s][debug][safepoint   ] Safepoint synchronization initiated using futex wait barrier. (20 threads)
[2025-05-04T23:19:46.811+0000][19.363s][info ][safepoint   ] Safepoint "ICBufferFull", Time since last: 560550645 ns, Reaching safepoint: 287416 ns, Cleanup: 125607 ns, At safepoint: 5800 ns, Total: 418823 ns
[2025-05-04T23:19:47.054+0000][19.605s][debug][safepoint   ] Safepoint synchronization initiated using futex wait barrier. (20 threads)
[2025-05-04T23:19:47.054+0000][19.606s][info ][gc,start    ] GC(38) Pause Young (Normal) (G1 Evacuation Pause)
[2025-05-04T23:19:47.054+0000][19.606s][info ][gc,task     ] GC(38) Using 6 workers of 8 for evacuation
[2025-05-04T23:19:47.061+0000][19.613s][info ][gc,phases   ] GC(38)   Pre Evacuate Collection Set: 0.2ms
[2025-05-04T23:19:47.061+0000][19.613s][info ][gc,phases   ] GC(38)   Merge Heap Roots: 0.1ms
[2025-05-04T23:19:47.062+0000][19.613s][info ][gc,phases   ] GC(38)   Evacuate Collection Set: 4.4ms
[2025-05-04T23:19:47.062+0000][19.613s][info ][gc,phases   ] GC(38)   Post Evacuate Collection Set: 1.8ms
[2025-05-04T23:19:47.062+0000][19.613s][info ][gc,phases   ] GC(38)   Other: 0.6ms
[2025-05-04T23:19:47.062+0000][19.613s][info ][gc,heap     ] GC(38) Eden regions: 78->0(77)
[2025-05-04T23:19:47.062+0000][19.614s][info ][gc,heap     ] GC(38) Survivor regions: 1->2(10)
[2025-05-04T23:19:47.062+0000][19.614s][info ][gc,heap     ] GC(38) Old regions: 38->38
[2025-05-04T23:19:47.062+0000][19.614s][info ][gc,heap     ] GC(38) Archive regions: 2->2
[2025-05-04T23:19:47.063+0000][19.614s][info ][gc,heap     ] GC(38) Humongous regions: 0->0
[2025-05-04T23:19:47.063+0000][19.614s][info ][gc,metaspace] GC(38) Metaspace: 84701K(85248K)->84701K(85248K) NonClass: 73633K(73920K)->73633K(73920K) Class: 11067K(11328K)->11067K(11328K)
[2025-05-04T23:19:47.063+0000][19.614s][info ][gc          ] GC(38) Pause Young (Normal) (G1 Evacuation Pause) 233M->79M(282M) 8.776ms
[2025-05-04T23:19:47.063+0000][19.614s][info ][gc,cpu      ] GC(38) User=0.06s Sys=0.00s Real=0.01s
[2025-05-04T23:19:47.063+0000][19.615s][info ][safepoint   ] Safepoint "G1CollectForAllocation", Time since last: 242260388 ns, Reaching safepoint: 375420 ns, Cleanup: 86005 ns, At safepoint: 9136501 ns, Total: 9597926 ns
[2025-05-04T23:19:48.064+0000][20.615s][debug][safepoint   ] Safepoint synchronization initiated using futex wait barrier. (20 threads)
[2025-05-04T23:19:48.065+0000][20.616s][debug][safepoint   ] ... found polling page loop exception at pc = 0x00007f59c115b2b8, stub =0x00007f59c0af5400
[2025-05-04T23:19:48.065+0000][20.617s][info ][safepoint   ] Safepoint "Cleanup", Time since last: 1000324166 ns, Reaching safepoint: 1666391 ns, Cleanup: 134307 ns, At safepoint: 46103 ns, Total: 1846801 ns
[2025-05-04T23:19:48.314+0000][20.865s][debug][safepoint   ] Safepoint synchronization initiated using futex wait barrier. (21 threads)
[2025-05-04T23:19:48.314+0000][20.866s][info ][gc,start    ] GC(39) Pause Young (Normal) (G1 Evacuation Pause)
[2025-05-04T23:19:48.315+0000][20.866s][info ][gc,task     ] GC(39) Using 6 workers of 8 for evacuation
[2025-05-04T23:19:48.322+0000][20.874s][info ][gc,phases   ] GC(39)   Pre Evacuate Collection Set: 0.1ms
[2025-05-04T23:19:48.324+0000][20.876s][info ][gc,phases   ] GC(39)   Merge Heap Roots: 0.1ms
[2025-05-04T23:19:48.325+0000][20.876s][info ][gc,phases   ] GC(39)   Evacuate Collection Set: 4.5ms
[2025-05-04T23:19:48.325+0000][20.876s][info ][gc,phases   ] GC(39)   Post Evacuate Collection Set: 2.4ms
[2025-05-04T23:19:48.325+0000][20.876s][info ][gc,phases   ] GC(39)   Other: 0.7ms
[2025-05-04T23:19:48.325+0000][20.876s][info ][gc,heap     ] GC(39) Eden regions: 77->0(76)
[2025-05-04T23:19:48.326+0000][20.877s][info ][gc,heap     ] GC(39) Survivor regions: 2->4(10)
[2025-05-04T23:19:48.326+0000][20.877s][info ][gc,heap     ] GC(39) Old regions: 38->38
[2025-05-04T23:19:48.326+0000][20.877s][info ][gc,heap     ] GC(39) Archive regions: 2->2
[2025-05-04T23:19:48.326+0000][20.877s][info ][gc,heap     ] GC(39) Humongous regions: 0->0
[2025-05-04T23:19:48.326+0000][20.877s][info ][gc,metaspace] GC(39) Metaspace: 87627K(88192K)->87627K(88192K) NonClass: 76338K(76608K)->76338K(76608K) Class: 11289K(11584K)->11289K(11584K)
[2025-05-04T23:19:48.326+0000][20.878s][info ][gc          ] GC(39) Pause Young (Normal) (G1 Evacuation Pause) 233M->84M(282M) 11.773ms
[2025-05-04T23:19:48.326+0000][20.878s][info ][gc,cpu      ] GC(39) User=0.06s Sys=0.00s Real=0.01s
[2025-05-04T23:19:48.326+0000][20.878s][info ][safepoint   ] Safepoint "G1CollectForAllocation", Time since last: 248611236 ns, Reaching safepoint: 305716 ns, Cleanup: 56704 ns, At safepoint: 12098563 ns, Total: 12460983 ns
[2025-05-04T23:19:48.965+0000][21.516s][debug][safepoint   ] Safepoint synchronization initiated using futex wait barrier. (24 threads)
[2025-05-04T23:19:48.966+0000][21.517s][info ][safepoint   ] Safepoint "ICBufferFull", Time since last: 638598926 ns, Reaching safepoint: 269015 ns, Cleanup: 159608 ns, At safepoint: 24102 ns, Total: 452725 ns
[2025-05-04T23:19:49.680+0000][22.231s][debug][safepoint   ] Safepoint synchronization initiated using futex wait barrier. (24 threads)
[2025-05-04T23:19:49.680+0000][22.232s][info ][gc,start    ] GC(40) Pause Young (Normal) (G1 Evacuation Pause)
[2025-05-04T23:19:49.681+0000][22.232s][info ][gc,task     ] GC(40) Using 8 workers of 8 for evacuation
[2025-05-04T23:19:49.690+0000][22.241s][info ][gc,phases   ] GC(40)   Pre Evacuate Collection Set: 0.2ms
[2025-05-04T23:19:49.690+0000][22.241s][info ][gc,phases   ] GC(40)   Merge Heap Roots: 0.1ms
[2025-05-04T23:19:49.690+0000][22.242s][info ][gc,phases   ] GC(40)   Evacuate Collection Set: 7.6ms
[2025-05-04T23:19:49.690+0000][22.242s][info ][gc,phases   ] GC(40)   Post Evacuate Collection Set: 1.4ms
[2025-05-04T23:19:49.690+0000][22.242s][info ][gc,phases   ] GC(40)   Other: 0.4ms
[2025-05-04T23:19:49.691+0000][22.242s][info ][gc,heap     ] GC(40) Eden regions: 76->0(74)
[2025-05-04T23:19:49.691+0000][22.242s][info ][gc,heap     ] GC(40) Survivor regions: 4->6(10)
[2025-05-04T23:19:49.691+0000][22.242s][info ][gc,heap     ] GC(40) Old regions: 38->38
[2025-05-04T23:19:49.691+0000][22.242s][info ][gc,heap     ] GC(40) Archive regions: 2->2
[2025-05-04T23:19:49.691+0000][22.242s][info ][gc,heap     ] GC(40) Humongous regions: 0->0
[2025-05-04T23:19:49.691+0000][22.243s][info ][gc,metaspace] GC(40) Metaspace: 91093K(91712K)->91093K(91712K) NonClass: 79414K(79744K)->79414K(79744K) Class: 11678K(11968K)->11678K(11968K)
[2025-05-04T23:19:49.691+0000][22.243s][info ][gc          ] GC(40) Pause Young (Normal) (G1 Evacuation Pause) 236M->87M(282M) 10.910ms
[2025-05-04T23:19:49.691+0000][22.243s][info ][gc,cpu      ] GC(40) User=0.05s Sys=0.00s Real=0.01s
[2025-05-04T23:19:49.692+0000][22.243s][info ][safepoint   ] Safepoint "G1CollectForAllocation", Time since last: 714421784 ns, Reaching safepoint: 253314 ns, Cleanup: 116506 ns, At safepoint: 11203415 ns, Total: 11573235 ns
[2025-05-04T23:19:50.420+0000][22.972s][debug][safepoint   ] Safepoint synchronization initiated using futex wait barrier. (24 threads)
[2025-05-04T23:19:50.421+0000][22.972s][info ][safepoint   ] Safepoint "ICBufferFull", Time since last: 728615163 ns, Reaching safepoint: 251814 ns, Cleanup: 86704 ns, At safepoint: 31402 ns, Total: 369920 ns
[2025-05-04T23:19:50.833+0000][23.384s][debug][safepoint   ] Safepoint synchronization initiated using futex wait barrier. (25 threads)
[2025-05-04T23:19:50.833+0000][23.385s][info ][gc,start    ] GC(41) Pause Young (Normal) (G1 Evacuation Pause)
[2025-05-04T23:19:50.834+0000][23.385s][info ][gc,task     ] GC(41) Using 8 workers of 8 for evacuation
[2025-05-04T23:19:50.844+0000][23.396s][info ][gc,phases   ] GC(41)   Pre Evacuate Collection Set: 0.2ms
[2025-05-04T23:19:50.844+0000][23.396s][info ][gc,phases   ] GC(41)   Merge Heap Roots: 0.1ms
[2025-05-04T23:19:50.845+0000][23.396s][info ][gc,phases   ] GC(41)   Evacuate Collection Set: 8.7ms
[2025-05-04T23:19:50.845+0000][23.396s][info ][gc,phases   ] GC(41)   Post Evacuate Collection Set: 1.4ms
[2025-05-04T23:19:50.845+0000][23.397s][info ][gc,phases   ] GC(41)   Other: 0.4ms
[2025-05-04T23:19:50.845+0000][23.397s][info ][gc,heap     ] GC(41) Eden regions: 74->0(73)
[2025-05-04T23:19:50.845+0000][23.397s][info ][gc,heap     ] GC(41) Survivor regions: 6->6(10)
[2025-05-04T23:19:50.846+0000][23.397s][info ][gc,heap     ] GC(41) Old regions: 38->39
[2025-05-04T23:19:50.846+0000][23.397s][info ][gc,heap     ] GC(41) Archive regions: 2->2
[2025-05-04T23:19:50.846+0000][23.397s][info ][gc,heap     ] GC(41) Humongous regions: 0->0
[2025-05-04T23:19:50.846+0000][23.397s][info ][gc,metaspace] GC(41) Metaspace: 95511K(96000K)->95511K(96000K) NonClass: 83003K(83264K)->83003K(83264K) Class: 12508K(12736K)->12508K(12736K)
[2025-05-04T23:19:50.846+0000][23.397s][info ][gc          ] GC(41) Pause Young (Normal) (G1 Evacuation Pause) 235M->91M(282M) 12.672ms
[2025-05-04T23:19:50.846+0000][23.398s][info ][gc,cpu      ] GC(41) User=0.08s Sys=0.00s Real=0.01s
[2025-05-04T23:19:50.846+0000][23.398s][info ][safepoint   ] Safepoint "G1CollectForAllocation", Time since last: 412556528 ns, Reaching safepoint: 256714 ns, Cleanup: 35602 ns, At safepoint: 13005713 ns, Total: 13298029 ns
[2025-05-04T23:19:51.546+0000][24.097s][debug][safepoint   ] Safepoint synchronization initiated using futex wait barrier. (26 threads)
[2025-05-04T23:19:51.547+0000][24.098s][info ][gc,start    ] GC(42) Pause Young (Normal) (G1 Evacuation Pause)
[2025-05-04T23:19:51.547+0000][24.098s][info ][gc,task     ] GC(42) Using 8 workers of 8 for evacuation
[2025-05-04T23:19:51.556+0000][24.107s][info ][gc,phases   ] GC(42)   Pre Evacuate Collection Set: 0.2ms
[2025-05-04T23:19:51.556+0000][24.108s][info ][gc,phases   ] GC(42)   Merge Heap Roots: 0.1ms
[2025-05-04T23:19:51.556+0000][24.108s][info ][gc,phases   ] GC(42)   Evacuate Collection Set: 7.1ms
[2025-05-04T23:19:51.557+0000][24.108s][info ][gc,phases   ] GC(42)   Post Evacuate Collection Set: 1.3ms
[2025-05-04T23:19:51.557+0000][24.108s][info ][gc,phases   ] GC(42)   Other: 0.6ms
[2025-05-04T23:19:51.557+0000][24.108s][info ][gc,heap     ] GC(42) Eden regions: 73->0(73)
[2025-05-04T23:19:51.557+0000][24.108s][info ][gc,heap     ] GC(42) Survivor regions: 6->5(10)
[2025-05-04T23:19:51.557+0000][24.109s][info ][gc,heap     ] GC(42) Old regions: 39->41
[2025-05-04T23:19:51.557+0000][24.109s][info ][gc,heap     ] GC(42) Archive regions: 2->2
[2025-05-04T23:19:51.558+0000][24.109s][info ][gc,heap     ] GC(42) Humongous regions: 0->0
[2025-05-04T23:19:51.558+0000][24.109s][info ][gc,metaspace] GC(42) Metaspace: 98903K(99456K)->98903K(99456K) NonClass: 85912K(86208K)->85912K(86208K) Class: 12990K(13248K)->12990K(13248K)
[2025-05-04T23:19:51.558+0000][24.109s][info ][gc          ] GC(42) Pause Young (Normal) (G1 Evacuation Pause) 237M->93M(282M) 11.192ms
[2025-05-04T23:19:51.558+0000][24.109s][info ][gc,cpu      ] GC(42) User=0.06s Sys=0.00s Real=0.01s
[2025-05-04T23:19:51.558+0000][24.109s][info ][safepoint   ] Safepoint "G1CollectForAllocation", Time since last: 699685177 ns, Reaching safepoint: 318117 ns, Cleanup: 149308 ns, At safepoint: 11547434 ns, Total: 12014859 ns
[2025-05-04T23:19:51.768+0000][24.319s][info ][gc,heap,exit] Heap
[2025-05-04T23:19:51.768+0000][24.320s][info ][gc,heap,exit]  garbage-first heap   total 288768K, used 115723K [0x0000000745800000, 0x0000000800000000)
[2025-05-04T23:19:51.770+0000][24.322s][info ][gc,heap,exit]   region size 2048K, 15 young (30720K), 5 survivors (10240K)
[2025-05-04T23:19:51.771+0000][24.322s][info ][gc,heap,exit]  Metaspace       used 99336K, committed 99904K, reserved 1179648K
[2025-05-04T23:19:51.771+0000][24.322s][info ][gc,heap,exit]   class space    used 13065K, committed 13312K, reserved 1048576K
[2025-05-04T23:19:51.771+0000][24.323s][debug][safepoint   ] Safepoint synchronization initiated using futex wait barrier. (15 threads)
