[2025-05-04T23:18:09.370+0000][0.030s][info][gc] Using G1
[2025-05-04T23:18:09.373+0000][0.033s][info][gc,init] Version: 17.0.13+11-Debian-2deb12u1 (release)
[2025-05-04T23:18:09.373+0000][0.033s][info][gc,init] CPUs: 8 total, 8 available
[2025-05-04T23:18:09.373+0000][0.034s][info][gc,init] Memory: 11928M
[2025-05-04T23:18:09.373+0000][0.034s][info][gc,init] Large Page Support: Disabled
[2025-05-04T23:18:09.373+0000][0.034s][info][gc,init] NUMA Support: Disabled
[2025-05-04T23:18:09.373+0000][0.034s][info][gc,init] Compressed Oops: Enabled (Zero based)
[2025-05-04T23:18:09.374+0000][0.034s][info][gc,init] Heap Region Size: 2M
[2025-05-04T23:18:09.374+0000][0.035s][info][gc,init] Heap Min Capacity: 8M
[2025-05-04T23:18:09.374+0000][0.035s][info][gc,init] Heap Initial Capacity: 188M
[2025-05-04T23:18:09.374+0000][0.035s][info][gc,init] Heap Max Capacity: 2984M
[2025-05-04T23:18:09.374+0000][0.035s][info][gc,init] Pre-touch: Disabled
[2025-05-04T23:18:09.374+0000][0.035s][info][gc,init] Parallel Workers: 8
[2025-05-04T23:18:09.375+0000][0.035s][info][gc,init] Concurrent Workers: 2
[2025-05-04T23:18:09.375+0000][0.035s][info][gc,init] Concurrent Refinement Workers: 8
[2025-05-04T23:18:09.375+0000][0.035s][info][gc,init] Periodic GC: Disabled
[2025-05-04T23:18:09.380+0000][0.041s][info][gc,metaspace] CDS archive(s) mapped at: [0x00007f5edf000000-0x00007f5edfbc9000-0x00007f5edfbc9000), size 12357632, SharedBaseAddress: 0x00007f5edf000000, ArchiveRelocationMode: 1.
[2025-05-04T23:18:09.380+0000][0.041s][info][gc,metaspace] Compressed class space mapped at: 0x00007f5ee0000000-0x00007f5f20000000, reserved size: 1073741824
[2025-05-04T23:18:09.381+0000][0.041s][info][gc,metaspace] Narrow klass base: 0x00007f5edf000000, Narrow klass shift: 0, Narrow klass range: 0x100000000
[2025-05-04T23:18:09.387+0000][0.047s][info][cds,heap    ] initialize_from_archived_subgraph java.lang.Module$ArchivedData 0x00007f5edf183388 (early)
[2025-05-04T23:18:09.387+0000][0.048s][info][cds,heap    ] initialize_from_archived_subgraph java.util.ImmutableCollections 0x00007f5edf070cd8 (early)
[2025-05-04T23:18:09.389+0000][0.050s][info][cds,heap    ] initialize_from_archived_subgraph java.lang.Integer$IntegerCache 0x00007f5edf036060 (early)
[2025-05-04T23:18:09.392+0000][0.053s][info][cds,heap    ] initialize_from_archived_subgraph java.lang.module.Configuration 0x00007f5edf171308 (early)
[2025-05-04T23:18:09.392+0000][0.053s][info][cds,heap    ] initialize_from_archived_subgraph java.lang.ModuleLayer 0x00007f5edf145c58 (early)
[2025-05-04T23:18:09.393+0000][0.054s][info][cds,heap    ] initialize_from_archived_subgraph jdk.internal.loader.ArchivedClassLoaders 0x00007f5edf1a79f0 (early)
[2025-05-04T23:18:09.393+0000][0.054s][info][cds,heap    ] initialize_from_archived_subgraph jdk.internal.module.ArchivedBootLayer 0x00007f5edf177f48 (early)
[2025-05-04T23:18:09.395+0000][0.055s][info][cds,heap    ] initialize_from_archived_subgraph sun.util.locale.BaseLocale 0x00007f5edf26bb10
[2025-05-04T23:18:09.403+0000][0.063s][info][cds,heap    ] initialize_from_archived_subgraph java.util.jar.Attributes$Name 0x00007f5edf199468
[2025-05-04T23:18:09.431+0000][0.092s][info][cds,heap    ] initialize_from_archived_subgraph java.lang.Long$LongCache 0x00007f5edf01f998
[2025-05-04T23:18:09.512+0000][0.173s][info][cds,heap    ] initialize_from_archived_subgraph java.lang.Character$CharacterCache 0x00007f5edf0393e8
[2025-05-04T23:18:10.020+0000][0.681s][debug][safepoint   ] Safepoint synchronization initiated using futex wait barrier. (14 threads)
[2025-05-04T23:18:10.021+0000][0.681s][info ][safepoint   ] Safepoint "ICBufferFull", Time since last: 634572761 ns, Reaching safepoint: 272315 ns, Cleanup: 110707 ns, At safepoint: 4700 ns, Total: 387722 ns
[2025-05-04T23:18:10.086+0000][0.746s][debug][safepoint   ] Safepoint synchronization initiated using futex wait barrier. (14 threads)
[2025-05-04T23:18:10.086+0000][0.747s][info ][gc,start    ] GC(0) Pause Young (Normal) (G1 Evacuation Pause)
[2025-05-04T23:18:10.087+0000][0.748s][info ][gc,task     ] GC(0) Using 4 workers of 8 for evacuation
[2025-05-04T23:18:10.095+0000][0.756s][info ][gc,phases   ] GC(0)   Pre Evacuate Collection Set: 0.2ms
[2025-05-04T23:18:10.096+0000][0.756s][info ][gc,phases   ] GC(0)   Merge Heap Roots: 0.1ms
[2025-05-04T23:18:10.096+0000][0.756s][info ][gc,phases   ] GC(0)   Evacuate Collection Set: 6.4ms
[2025-05-04T23:18:10.096+0000][0.756s][info ][gc,phases   ] GC(0)   Post Evacuate Collection Set: 1.2ms
[2025-05-04T23:18:10.096+0000][0.757s][info ][gc,phases   ] GC(0)   Other: 1.5ms
[2025-05-04T23:18:10.096+0000][0.757s][info ][gc,heap     ] GC(0) Eden regions: 31->0(44)
[2025-05-04T23:18:10.097+0000][0.757s][info ][gc,heap     ] GC(0) Survivor regions: 0->4(4)
[2025-05-04T23:18:10.097+0000][0.757s][info ][gc,heap     ] GC(0) Old regions: 0->1
[2025-05-04T23:18:10.097+0000][0.757s][info ][gc,heap     ] GC(0) Archive regions: 2->2
[2025-05-04T23:18:10.097+0000][0.757s][info ][gc,heap     ] GC(0) Humongous regions: 0->0
[2025-05-04T23:18:10.097+0000][0.758s][info ][gc,metaspace] GC(0) Metaspace: 2497K(2688K)->2497K(2688K) NonClass: 2261K(2368K)->2261K(2368K) Class: 236K(320K)->236K(320K)
[2025-05-04T23:18:10.097+0000][0.758s][info ][gc          ] GC(0) Pause Young (Normal) (G1 Evacuation Pause) 63M->10M(192M) 11.032ms
[2025-05-04T23:18:10.097+0000][0.758s][info ][gc,cpu      ] GC(0) User=0.04s Sys=0.01s Real=0.02s
[2025-05-04T23:18:10.097+0000][0.758s][info ][safepoint   ] Safepoint "G1CollectForAllocation", Time since last: 64889852 ns, Reaching safepoint: 385123 ns, Cleanup: 28701 ns, At safepoint: 11365457 ns, Total: 11779281 ns
[2025-05-04T23:18:10.981+0000][1.645s][debug][safepoint   ] Safepoint synchronization initiated using futex wait barrier. (15 threads)
[2025-05-04T23:18:10.981+0000][1.645s][info ][gc,start    ] GC(1) Pause Young (Normal) (G1 Evacuation Pause)
[2025-05-04T23:18:10.982+0000][1.646s][info ][gc,task     ] GC(1) Using 4 workers of 8 for evacuation
[2025-05-04T23:18:10.989+0000][1.653s][info ][gc,phases   ] GC(1)   Pre Evacuate Collection Set: 0.1ms
[2025-05-04T23:18:10.989+0000][1.654s][info ][gc,phases   ] GC(1)   Merge Heap Roots: 0.1ms
[2025-05-04T23:18:10.990+0000][1.654s][info ][gc,phases   ] GC(1)   Evacuate Collection Set: 6.4ms
[2025-05-04T23:18:10.990+0000][1.654s][info ][gc,phases   ] GC(1)   Post Evacuate Collection Set: 1.1ms
[2025-05-04T23:18:10.990+0000][1.654s][info ][gc,phases   ] GC(1)   Other: 0.3ms
[2025-05-04T23:18:10.990+0000][1.654s][info ][gc,heap     ] GC(1) Eden regions: 44->0(54)
[2025-05-04T23:18:10.990+0000][1.654s][info ][gc,heap     ] GC(1) Survivor regions: 4->2(6)
[2025-05-04T23:18:10.990+0000][1.654s][info ][gc,heap     ] GC(1) Old regions: 1->5
[2025-05-04T23:18:10.990+0000][1.654s][info ][gc,heap     ] GC(1) Archive regions: 2->2
[2025-05-04T23:18:10.990+0000][1.654s][info ][gc,heap     ] GC(1) Humongous regions: 0->0
[2025-05-04T23:18:10.990+0000][1.655s][info ][gc,metaspace] GC(1) Metaspace: 6225K(6592K)->6225K(6592K) NonClass: 5464K(5632K)->5464K(5632K) Class: 761K(960K)->761K(960K)
[2025-05-04T23:18:10.991+0000][1.655s][info ][gc          ] GC(1) Pause Young (Normal) (G1 Evacuation Pause) 98M->14M(192M) 9.172ms
[2025-05-04T23:18:10.991+0000][1.655s][info ][gc,cpu      ] GC(1) User=0.04s Sys=0.00s Real=0.01s
[2025-05-04T23:18:10.991+0000][1.655s][info ][safepoint   ] Safepoint "G1CollectForAllocation", Time since last: 887089196 ns, Reaching safepoint: 243214 ns, Cleanup: 158909 ns, At safepoint: 9469647 ns, Total: 9871770 ns
[2025-05-04T23:18:11.635+0000][2.299s][debug][safepoint   ] Safepoint synchronization initiated using futex wait barrier. (14 threads)
[2025-05-04T23:18:11.636+0000][2.300s][info ][gc,start    ] GC(2) Pause Young (Normal) (G1 Evacuation Pause)
[2025-05-04T23:18:11.636+0000][2.300s][info ][gc,task     ] GC(2) Using 4 workers of 8 for evacuation
[2025-05-04T23:18:11.640+0000][2.305s][info ][gc,phases   ] GC(2)   Pre Evacuate Collection Set: 0.1ms
[2025-05-04T23:18:11.641+0000][2.305s][info ][gc,phases   ] GC(2)   Merge Heap Roots: 0.1ms
[2025-05-04T23:18:11.641+0000][2.305s][info ][gc,phases   ] GC(2)   Evacuate Collection Set: 3.6ms
[2025-05-04T23:18:11.641+0000][2.305s][info ][gc,phases   ] GC(2)   Post Evacuate Collection Set: 0.7ms
[2025-05-04T23:18:11.641+0000][2.305s][info ][gc,phases   ] GC(2)   Other: 0.3ms
[2025-05-04T23:18:11.641+0000][2.305s][info ][gc,heap     ] GC(2) Eden regions: 54->0(54)
[2025-05-04T23:18:11.641+0000][2.305s][info ][gc,heap     ] GC(2) Survivor regions: 2->2(7)
[2025-05-04T23:18:11.641+0000][2.306s][info ][gc,heap     ] GC(2) Old regions: 5->5
[2025-05-04T23:18:11.642+0000][2.306s][info ][gc,heap     ] GC(2) Archive regions: 2->2
[2025-05-04T23:18:11.642+0000][2.306s][info ][gc,heap     ] GC(2) Humongous regions: 0->0
[2025-05-04T23:18:11.642+0000][2.306s][info ][gc,metaspace] GC(2) Metaspace: 10972K(11264K)->10972K(11264K) NonClass: 9537K(9664K)->9537K(9664K) Class: 1435K(1600K)->1435K(1600K)
[2025-05-04T23:18:11.642+0000][2.306s][info ][gc          ] GC(2) Pause Young (Normal) (G1 Evacuation Pause) 122M->14M(192M) 6.241ms
[2025-05-04T23:18:11.642+0000][2.306s][info ][gc,cpu      ] GC(2) User=0.02s Sys=0.00s Real=0.00s
[2025-05-04T23:18:11.642+0000][2.306s][info ][safepoint   ] Safepoint "G1CollectForAllocation", Time since last: 644574872 ns, Reaching safepoint: 254715 ns, Cleanup: 68704 ns, At safepoint: 6557179 ns, Total: 6880598 ns
[2025-05-04T23:18:11.801+0000][2.465s][debug][safepoint   ] Safepoint synchronization initiated using futex wait barrier. (15 threads)
[2025-05-04T23:18:11.803+0000][2.468s][info ][safepoint   ] Safepoint "ICBufferFull", Time since last: 158502466 ns, Reaching safepoint: 2583749 ns, Cleanup: 102606 ns, At safepoint: 30902 ns, Total: 2717257 ns
[2025-05-04T23:18:11.805+0000][2.470s][debug][safepoint   ] Safepoint synchronization initiated using futex wait barrier. (15 threads)
[2025-05-04T23:18:11.806+0000][2.470s][info ][safepoint   ] Safepoint "ICBufferFull", Time since last: 1938812 ns, Reaching safepoint: 555932 ns, Cleanup: 21301 ns, At safepoint: 27302 ns, Total: 604535 ns
[2025-05-04T23:18:12.191+0000][2.855s][debug][safepoint   ] Safepoint synchronization initiated using futex wait barrier. (16 threads)
[2025-05-04T23:18:12.191+0000][2.855s][info ][safepoint   ] Safepoint "ICBufferFull", Time since last: 384942659 ns, Reaching safepoint: 312018 ns, Cleanup: 73604 ns, At safepoint: 18701 ns, Total: 404323 ns
[2025-05-04T23:18:12.192+0000][2.856s][debug][safepoint   ] Safepoint synchronization initiated using futex wait barrier. (16 threads)
[2025-05-04T23:18:12.192+0000][2.856s][info ][safepoint   ] Safepoint "ICBufferFull", Time since last: 194611 ns, Reaching safepoint: 314819 ns, Cleanup: 4300 ns, At safepoint: 23101 ns, Total: 342220 ns
[2025-05-04T23:18:12.234+0000][2.898s][debug][safepoint   ] Safepoint synchronization initiated using futex wait barrier. (16 threads)
[2025-05-04T23:18:12.234+0000][2.898s][info ][gc,start    ] GC(3) Pause Young (Normal) (G1 Evacuation Pause)
[2025-05-04T23:18:12.234+0000][2.899s][info ][gc,task     ] GC(3) Using 4 workers of 8 for evacuation
[2025-05-04T23:18:12.241+0000][2.905s][info ][gc,phases   ] GC(3)   Pre Evacuate Collection Set: 0.1ms
[2025-05-04T23:18:12.241+0000][2.905s][info ][gc,phases   ] GC(3)   Merge Heap Roots: 0.1ms
[2025-05-04T23:18:12.241+0000][2.906s][info ][gc,phases   ] GC(3)   Evacuate Collection Set: 4.7ms
[2025-05-04T23:18:12.242+0000][2.906s][info ][gc,phases   ] GC(3)   Post Evacuate Collection Set: 1.1ms
[2025-05-04T23:18:12.242+0000][2.906s][info ][gc,phases   ] GC(3)   Other: 0.4ms
[2025-05-04T23:18:12.243+0000][2.907s][info ][gc,heap     ] GC(3) Eden regions: 54->0(52)
[2025-05-04T23:18:12.243+0000][2.907s][info ][gc,heap     ] GC(3) Survivor regions: 2->4(7)
[2025-05-04T23:18:12.243+0000][2.908s][info ][gc,heap     ] GC(3) Old regions: 5->5
[2025-05-04T23:18:12.244+0000][2.908s][info ][gc,heap     ] GC(3) Archive regions: 2->2
[2025-05-04T23:18:12.244+0000][2.908s][info ][gc,heap     ] GC(3) Humongous regions: 0->0
[2025-05-04T23:18:12.244+0000][2.908s][info ][gc,metaspace] GC(3) Metaspace: 14581K(14912K)->14581K(14912K) NonClass: 12694K(12864K)->12694K(12864K) Class: 1887K(2048K)->1887K(2048K)
[2025-05-04T23:18:12.244+0000][2.908s][info ][gc          ] GC(3) Pause Young (Normal) (G1 Evacuation Pause) 122M->17M(192M) 10.068ms
[2025-05-04T23:18:12.245+0000][2.909s][info ][gc,cpu      ] GC(3) User=0.03s Sys=0.01s Real=0.01s
[2025-05-04T23:18:12.245+0000][2.909s][info ][safepoint   ] Safepoint "G1CollectForAllocation", Time since last: 41981728 ns, Reaching safepoint: 336219 ns, Cleanup: 16701 ns, At safepoint: 10475606 ns, Total: 10828526 ns
[2025-05-04T23:18:12.442+0000][3.107s][info ][cds,heap    ] initialize_from_archived_subgraph java.lang.Byte$ByteCache 0x00007f5edf0395f8
[2025-05-04T23:18:12.443+0000][3.107s][info ][cds,heap    ] initialize_from_archived_subgraph java.lang.Short$ShortCache 0x00007f5edf03fce8
[2025-05-04T23:18:12.581+0000][3.245s][debug][safepoint   ] Safepoint synchronization initiated using futex wait barrier. (16 threads)
[2025-05-04T23:18:12.582+0000][3.246s][info ][gc,start    ] GC(4) Pause Young (Normal) (G1 Evacuation Pause)
[2025-05-04T23:18:12.582+0000][3.246s][info ][gc,task     ] GC(4) Using 4 workers of 8 for evacuation
[2025-05-04T23:18:12.588+0000][3.252s][info ][gc,phases   ] GC(4)   Pre Evacuate Collection Set: 0.1ms
[2025-05-04T23:18:12.588+0000][3.252s][info ][gc,phases   ] GC(4)   Merge Heap Roots: 0.1ms
[2025-05-04T23:18:12.588+0000][3.252s][info ][gc,phases   ] GC(4)   Evacuate Collection Set: 4.8ms
[2025-05-04T23:18:12.588+0000][3.252s][info ][gc,phases   ] GC(4)   Post Evacuate Collection Set: 1.0ms
[2025-05-04T23:18:12.588+0000][3.253s][info ][gc,phases   ] GC(4)   Other: 0.4ms
[2025-05-04T23:18:12.589+0000][3.253s][info ][gc,heap     ] GC(4) Eden regions: 52->0(51)
[2025-05-04T23:18:12.589+0000][3.253s][info ][gc,heap     ] GC(4) Survivor regions: 4->5(7)
[2025-05-04T23:18:12.589+0000][3.253s][info ][gc,heap     ] GC(4) Old regions: 5->5
[2025-05-04T23:18:12.589+0000][3.253s][info ][gc,heap     ] GC(4) Archive regions: 2->2
[2025-05-04T23:18:12.589+0000][3.253s][info ][gc,heap     ] GC(4) Humongous regions: 0->0
[2025-05-04T23:18:12.589+0000][3.253s][info ][gc,metaspace] GC(4) Metaspace: 17250K(17600K)->17250K(17600K) NonClass: 14905K(15104K)->14905K(15104K) Class: 2344K(2496K)->2344K(2496K)
[2025-05-04T23:18:12.589+0000][3.253s][info ][gc          ] GC(4) Pause Young (Normal) (G1 Evacuation Pause) 121M->19M(192M) 7.612ms
[2025-05-04T23:18:12.589+0000][3.253s][info ][gc,cpu      ] GC(4) User=0.04s Sys=0.00s Real=0.01s
[2025-05-04T23:18:12.589+0000][3.254s][info ][safepoint   ] Safepoint "G1CollectForAllocation", Time since last: 336390051 ns, Reaching safepoint: 288717 ns, Cleanup: 105206 ns, At safepoint: 7905557 ns, Total: 8299480 ns
[2025-05-04T23:18:12.917+0000][3.581s][debug][safepoint   ] Safepoint synchronization initiated using futex wait barrier. (16 threads)
[2025-05-04T23:18:12.917+0000][3.581s][debug][safepoint   ] ... found polling page loop exception at pc = 0x00007f5f45157b5f, stub =0x00007f5f44af5400
[2025-05-04T23:18:12.917+0000][3.581s][info ][gc,start    ] GC(5) Pause Young (Concurrent Start) (Metadata GC Threshold)
[2025-05-04T23:18:12.917+0000][3.581s][info ][gc,task     ] GC(5) Using 4 workers of 8 for evacuation
[2025-05-04T23:18:12.925+0000][3.589s][info ][gc,phases   ] GC(5)   Pre Evacuate Collection Set: 0.1ms
[2025-05-04T23:18:12.925+0000][3.589s][info ][gc,phases   ] GC(5)   Merge Heap Roots: 0.1ms
[2025-05-04T23:18:12.925+0000][3.589s][info ][gc,phases   ] GC(5)   Evacuate Collection Set: 6.2ms
[2025-05-04T23:18:12.925+0000][3.589s][info ][gc,phases   ] GC(5)   Post Evacuate Collection Set: 0.8ms
[2025-05-04T23:18:12.925+0000][3.589s][info ][gc,phases   ] GC(5)   Other: 0.4ms
[2025-05-04T23:18:12.925+0000][3.589s][info ][gc,heap     ] GC(5) Eden regions: 36->0(51)
[2025-05-04T23:18:12.925+0000][3.590s][info ][gc,heap     ] GC(5) Survivor regions: 5->5(7)
[2025-05-04T23:18:12.926+0000][3.590s][info ][gc,heap     ] GC(5) Old regions: 5->6
[2025-05-04T23:18:12.926+0000][3.590s][info ][gc,heap     ] GC(5) Archive regions: 2->2
[2025-05-04T23:18:12.926+0000][3.590s][info ][gc,heap     ] GC(5) Humongous regions: 0->0
[2025-05-04T23:18:12.926+0000][3.590s][info ][gc,metaspace] GC(5) Metaspace: 21177K(21504K)->21177K(21504K) NonClass: 18414K(18560K)->18414K(18560K) Class: 2762K(2944K)->2762K(2944K)
[2025-05-04T23:18:12.927+0000][3.591s][info ][gc          ] GC(5) Pause Young (Concurrent Start) (Metadata GC Threshold) 91M->21M(192M) 9.387ms
[2025-05-04T23:18:12.927+0000][3.591s][info ][gc,cpu      ] GC(5) User=0.03s Sys=0.00s Real=0.01s
[2025-05-04T23:18:12.927+0000][3.591s][info ][gc          ] GC(6) Concurrent Mark Cycle
[2025-05-04T23:18:12.927+0000][3.591s][info ][gc,marking  ] GC(6) Concurrent Clear Claimed Marks
[2025-05-04T23:18:12.927+0000][3.591s][info ][safepoint   ] Safepoint "CollectForMetadataAllocation", Time since last: 327226622 ns, Reaching safepoint: 441926 ns, Cleanup: 39702 ns, At safepoint: 9781165 ns, Total: 10262793 ns
[2025-05-04T23:18:12.927+0000][3.591s][info ][gc,marking  ] GC(6) Concurrent Clear Claimed Marks 0.160ms
[2025-05-04T23:18:12.928+0000][3.592s][info ][gc,marking  ] GC(6) Concurrent Scan Root Regions
[2025-05-04T23:18:12.928+0000][3.592s][debug][safepoint   ] Safepoint synchronization initiated using futex wait barrier. (16 threads)
[2025-05-04T23:18:12.928+0000][3.592s][info ][safepoint   ] Safepoint "CollectForMetadataAllocation", Time since last: 1117165 ns, Reaching safepoint: 286317 ns, Cleanup: 5100 ns, At safepoint: 38702 ns, Total: 330119 ns
[2025-05-04T23:18:12.932+0000][3.596s][info ][gc,marking  ] GC(6) Concurrent Scan Root Regions 4.093ms
[2025-05-04T23:18:12.932+0000][3.596s][info ][gc,marking  ] GC(6) Concurrent Mark
[2025-05-04T23:18:12.932+0000][3.596s][info ][gc,marking  ] GC(6) Concurrent Mark From Roots
[2025-05-04T23:18:12.933+0000][3.597s][info ][gc,task     ] GC(6) Using 2 workers of 2 for marking
[2025-05-04T23:18:12.942+0000][3.607s][info ][gc,marking  ] GC(6) Concurrent Mark From Roots 10.304ms
[2025-05-04T23:18:12.943+0000][3.607s][info ][gc,marking  ] GC(6) Concurrent Preclean
[2025-05-04T23:18:12.943+0000][3.608s][info ][gc,marking  ] GC(6) Concurrent Preclean 0.471ms
[2025-05-04T23:18:12.944+0000][3.608s][debug][safepoint   ] Safepoint synchronization initiated using futex wait barrier. (16 threads)
[2025-05-04T23:18:12.944+0000][3.609s][info ][gc,start    ] GC(6) Pause Remark
[2025-05-04T23:18:12.947+0000][3.611s][info ][gc          ] GC(6) Pause Remark 25M->25M(100M) 2.774ms
[2025-05-04T23:18:12.948+0000][3.612s][info ][gc,cpu      ] GC(6) User=0.01s Sys=0.00s Real=0.00s
[2025-05-04T23:18:12.948+0000][3.612s][info ][safepoint   ] Safepoint "G1PauseRemark", Time since last: 15522398 ns, Reaching safepoint: 539331 ns, Cleanup: 24401 ns, At safepoint: 3349094 ns, Total: 3912826 ns
[2025-05-04T23:18:12.948+0000][3.612s][info ][gc,marking  ] GC(6) Concurrent Mark 16.044ms
[2025-05-04T23:18:12.948+0000][3.612s][info ][gc,marking  ] GC(6) Concurrent Rebuild Remembered Sets
[2025-05-04T23:18:12.954+0000][3.618s][info ][gc,marking  ] GC(6) Concurrent Rebuild Remembered Sets 5.501ms
[2025-05-04T23:18:12.954+0000][3.618s][debug][safepoint   ] Safepoint synchronization initiated using futex wait barrier. (16 threads)
[2025-05-04T23:18:12.954+0000][3.618s][info ][gc,start    ] GC(6) Pause Cleanup
[2025-05-04T23:18:12.955+0000][3.619s][info ][gc          ] GC(6) Pause Cleanup 27M->27M(100M) 0.312ms
[2025-05-04T23:18:12.955+0000][3.619s][info ][gc,cpu      ] GC(6) User=0.00s Sys=0.00s Real=0.00s
[2025-05-04T23:18:12.955+0000][3.619s][info ][safepoint   ] Safepoint "G1PauseCleanup", Time since last: 6264762 ns, Reaching safepoint: 287217 ns, Cleanup: 13401 ns, At safepoint: 639237 ns, Total: 939855 ns
[2025-05-04T23:18:12.955+0000][3.619s][info ][gc,marking  ] GC(6) Concurrent Cleanup for Next Mark
[2025-05-04T23:18:12.956+0000][3.620s][info ][gc,marking  ] GC(6) Concurrent Cleanup for Next Mark 0.576ms
[2025-05-04T23:18:12.956+0000][3.620s][info ][gc          ] GC(6) Concurrent Mark Cycle 29.242ms
[2025-05-04T23:18:13.191+0000][3.855s][debug][safepoint   ] Safepoint synchronization initiated using futex wait barrier. (16 threads)
[2025-05-04T23:18:13.192+0000][3.856s][info ][gc,start    ] GC(7) Pause Young (Prepare Mixed) (G1 Preventive Collection)
[2025-05-04T23:18:13.192+0000][3.856s][info ][gc,task     ] GC(7) Using 4 workers of 8 for evacuation
[2025-05-04T23:18:13.203+0000][3.867s][info ][gc,phases   ] GC(7)   Pre Evacuate Collection Set: 0.1ms
[2025-05-04T23:18:13.203+0000][3.867s][info ][gc,phases   ] GC(7)   Merge Heap Roots: 0.1ms
[2025-05-04T23:18:13.203+0000][3.867s][info ][gc,phases   ] GC(7)   Evacuate Collection Set: 9.1ms
[2025-05-04T23:18:13.203+0000][3.867s][info ][gc,phases   ] GC(7)   Post Evacuate Collection Set: 1.2ms
[2025-05-04T23:18:13.203+0000][3.867s][info ][gc,phases   ] GC(7)   Other: 0.4ms
[2025-05-04T23:18:13.203+0000][3.867s][info ][gc,heap     ] GC(7) Eden regions: 30->0(1)
[2025-05-04T23:18:13.203+0000][3.867s][info ][gc,heap     ] GC(7) Survivor regions: 5->4(7)
[2025-05-04T23:18:13.203+0000][3.868s][info ][gc,heap     ] GC(7) Old regions: 6->8
[2025-05-04T23:18:13.204+0000][3.868s][info ][gc,heap     ] GC(7) Archive regions: 2->2
[2025-05-04T23:18:13.204+0000][3.868s][info ][gc,heap     ] GC(7) Humongous regions: 0->0
[2025-05-04T23:18:13.204+0000][3.868s][info ][gc,metaspace] GC(7) Metaspace: 23387K(23744K)->23387K(23744K) NonClass: 20332K(20480K)->20332K(20480K) Class: 3054K(3264K)->3054K(3264K)
[2025-05-04T23:18:13.204+0000][3.868s][info ][gc          ] GC(7) Pause Young (Prepare Mixed) (G1 Preventive Collection) 81M->23M(120M) 12.150ms
[2025-05-04T23:18:13.204+0000][3.868s][info ][gc,cpu      ] GC(7) User=0.05s Sys=0.04s Real=0.02s
[2025-05-04T23:18:13.204+0000][3.868s][info ][safepoint   ] Safepoint "G1CollectForAllocation", Time since last: 236350066 ns, Reaching safepoint: 347420 ns, Cleanup: 77605 ns, At safepoint: 12408817 ns, Total: 12833842 ns
[2025-05-04T23:18:13.211+0000][3.875s][debug][safepoint   ] Safepoint synchronization initiated using futex wait barrier. (16 threads)
[2025-05-04T23:18:13.211+0000][3.875s][info ][gc,start    ] GC(8) Pause Young (Mixed) (G1 Evacuation Pause)
[2025-05-04T23:18:13.211+0000][3.875s][info ][gc,task     ] GC(8) Using 4 workers of 8 for evacuation
[2025-05-04T23:18:13.217+0000][3.881s][info ][gc,phases   ] GC(8)   Pre Evacuate Collection Set: 0.3ms
[2025-05-04T23:18:13.217+0000][3.881s][info ][gc,phases   ] GC(8)   Merge Heap Roots: 0.1ms
[2025-05-04T23:18:13.218+0000][3.882s][info ][gc,phases   ] GC(8)   Evacuate Collection Set: 4.3ms
[2025-05-04T23:18:13.218+0000][3.882s][info ][gc,phases   ] GC(8)   Post Evacuate Collection Set: 0.9ms
[2025-05-04T23:18:13.218+0000][3.882s][info ][gc,phases   ] GC(8)   Other: 0.4ms
[2025-05-04T23:18:13.218+0000][3.882s][info ][gc,heap     ] GC(8) Eden regions: 1->0(34)
[2025-05-04T23:18:13.218+0000][3.882s][info ][gc,heap     ] GC(8) Survivor regions: 4->1(1)
[2025-05-04T23:18:13.218+0000][3.882s][info ][gc,heap     ] GC(8) Old regions: 8->11
[2025-05-04T23:18:13.218+0000][3.882s][info ][gc,heap     ] GC(8) Archive regions: 2->2
[2025-05-04T23:18:13.218+0000][3.882s][info ][gc,heap     ] GC(8) Humongous regions: 0->0
[2025-05-04T23:18:13.218+0000][3.883s][info ][gc,metaspace] GC(8) Metaspace: 23405K(23744K)->23405K(23744K) NonClass: 20346K(20480K)->20346K(20480K) Class: 3058K(3264K)->3058K(3264K)
[2025-05-04T23:18:13.219+0000][3.883s][info ][gc          ] GC(8) Pause Young (Mixed) (G1 Evacuation Pause) 25M->24M(120M) 7.310ms
[2025-05-04T23:18:13.219+0000][3.883s][info ][gc,cpu      ] GC(8) User=0.06s Sys=0.00s Real=0.01s
[2025-05-04T23:18:13.219+0000][3.883s][info ][safepoint   ] Safepoint "G1CollectForAllocation", Time since last: 6839796 ns, Reaching safepoint: 213912 ns, Cleanup: 3600 ns, At safepoint: 7595540 ns, Total: 7813052 ns
[2025-05-04T23:18:13.494+0000][4.158s][debug][safepoint   ] Safepoint synchronization initiated using futex wait barrier. (15 threads)
[2025-05-04T23:18:13.495+0000][4.159s][info ][gc,start    ] GC(9) Pause Young (Normal) (G1 Evacuation Pause)
[2025-05-04T23:18:13.495+0000][4.159s][info ][gc,task     ] GC(9) Using 3 workers of 8 for evacuation
[2025-05-04T23:18:13.502+0000][4.166s][info ][gc,phases   ] GC(9)   Pre Evacuate Collection Set: 0.1ms
[2025-05-04T23:18:13.502+0000][4.166s][info ][gc,phases   ] GC(9)   Merge Heap Roots: 0.1ms
[2025-05-04T23:18:13.502+0000][4.166s][info ][gc,phases   ] GC(9)   Evacuate Collection Set: 5.7ms
[2025-05-04T23:18:13.502+0000][4.166s][info ][gc,phases   ] GC(9)   Post Evacuate Collection Set: 0.7ms
[2025-05-04T23:18:13.502+0000][4.166s][info ][gc,phases   ] GC(9)   Other: 0.4ms
[2025-05-04T23:18:13.502+0000][4.166s][info ][gc,heap     ] GC(9) Eden regions: 34->0(31)
[2025-05-04T23:18:13.502+0000][4.166s][info ][gc,heap     ] GC(9) Survivor regions: 1->4(5)
[2025-05-04T23:18:13.503+0000][4.167s][info ][gc,heap     ] GC(9) Old regions: 11->11
[2025-05-04T23:18:13.503+0000][4.167s][info ][gc,heap     ] GC(9) Archive regions: 2->2
[2025-05-04T23:18:13.503+0000][4.167s][info ][gc,heap     ] GC(9) Humongous regions: 0->0
[2025-05-04T23:18:13.503+0000][4.167s][info ][gc,metaspace] GC(9) Metaspace: 24532K(24896K)->24532K(24896K) NonClass: 21339K(21504K)->21339K(21504K) Class: 3193K(3392K)->3193K(3392K)
[2025-05-04T23:18:13.503+0000][4.167s][info ][gc          ] GC(9) Pause Young (Normal) (G1 Evacuation Pause) 92M->29M(120M) 8.328ms
[2025-05-04T23:18:13.503+0000][4.167s][info ][gc,cpu      ] GC(9) User=0.03s Sys=0.00s Real=0.01s
[2025-05-04T23:18:13.503+0000][4.167s][info ][safepoint   ] Safepoint "G1CollectForAllocation", Time since last: 275488630 ns, Reaching safepoint: 268015 ns, Cleanup: 77105 ns, At safepoint: 8684302 ns, Total: 9029422 ns
[2025-05-04T23:18:13.610+0000][4.274s][debug][safepoint   ] Safepoint synchronization initiated using futex wait barrier. (15 threads)
[2025-05-04T23:18:13.611+0000][4.275s][info ][gc,start    ] GC(10) Pause Young (Normal) (G1 Evacuation Pause)
[2025-05-04T23:18:13.611+0000][4.275s][info ][gc,task     ] GC(10) Using 2 workers of 8 for evacuation
[2025-05-04T23:18:13.629+0000][4.293s][info ][gc,phases   ] GC(10)   Pre Evacuate Collection Set: 0.1ms
[2025-05-04T23:18:13.630+0000][4.294s][info ][gc,phases   ] GC(10)   Merge Heap Roots: 0.1ms
[2025-05-04T23:18:13.630+0000][4.294s][info ][gc,phases   ] GC(10)   Evacuate Collection Set: 16.9ms
[2025-05-04T23:18:13.630+0000][4.294s][info ][gc,phases   ] GC(10)   Post Evacuate Collection Set: 1.2ms
[2025-05-04T23:18:13.630+0000][4.294s][info ][gc,phases   ] GC(10)   Other: 0.4ms
[2025-05-04T23:18:13.630+0000][4.294s][info ][gc,heap     ] GC(10) Eden regions: 31->0(26)
[2025-05-04T23:18:13.630+0000][4.294s][info ][gc,heap     ] GC(10) Survivor regions: 4->5(5)
[2025-05-04T23:18:13.630+0000][4.294s][info ][gc,heap     ] GC(10) Old regions: 11->14
[2025-05-04T23:18:13.630+0000][4.295s][info ][gc,heap     ] GC(10) Archive regions: 2->2
[2025-05-04T23:18:13.631+0000][4.295s][info ][gc,heap     ] GC(10) Humongous regions: 0->0
[2025-05-04T23:18:13.631+0000][4.295s][info ][gc,metaspace] GC(10) Metaspace: 24558K(24960K)->24558K(24960K) NonClass: 21362K(21568K)->21362K(21568K) Class: 3195K(3392K)->3195K(3392K)
[2025-05-04T23:18:13.631+0000][4.295s][info ][gc          ] GC(10) Pause Young (Normal) (G1 Evacuation Pause) 91M->38M(120M) 20.412ms
[2025-05-04T23:18:13.631+0000][4.295s][info ][gc,cpu      ] GC(10) User=0.11s Sys=0.00s Real=0.02s
[2025-05-04T23:18:13.631+0000][4.295s][info ][safepoint   ] Safepoint "G1CollectForAllocation", Time since last: 106827577 ns, Reaching safepoint: 326919 ns, Cleanup: 19801 ns, At safepoint: 20819604 ns, Total: 21166324 ns
[2025-05-04T23:18:13.843+0000][4.507s][debug][safepoint   ] Safepoint synchronization initiated using futex wait barrier. (15 threads)
[2025-05-04T23:18:13.843+0000][4.507s][info ][gc,start    ] GC(11) Pause Young (Normal) (G1 Evacuation Pause)
[2025-05-04T23:18:13.844+0000][4.508s][info ][gc,task     ] GC(11) Using 2 workers of 8 for evacuation
[2025-05-04T23:18:13.855+0000][4.519s][info ][gc,phases   ] GC(11)   Pre Evacuate Collection Set: 0.1ms
[2025-05-04T23:18:13.855+0000][4.519s][info ][gc,phases   ] GC(11)   Merge Heap Roots: 0.1ms
[2025-05-04T23:18:13.855+0000][4.519s][info ][gc,phases   ] GC(11)   Evacuate Collection Set: 9.6ms
[2025-05-04T23:18:13.855+0000][4.519s][info ][gc,phases   ] GC(11)   Post Evacuate Collection Set: 1.3ms
[2025-05-04T23:18:13.855+0000][4.520s][info ][gc,phases   ] GC(11)   Other: 0.4ms
[2025-05-04T23:18:13.856+0000][4.520s][info ][gc,heap     ] GC(11) Eden regions: 26->0(74)
[2025-05-04T23:18:13.856+0000][4.520s][info ][gc,heap     ] GC(11) Survivor regions: 5->3(4)
[2025-05-04T23:18:13.856+0000][4.520s][info ][gc,heap     ] GC(11) Old regions: 14->18
[2025-05-04T23:18:13.856+0000][4.520s][info ][gc,heap     ] GC(11) Archive regions: 2->2
[2025-05-04T23:18:13.856+0000][4.520s][info ][gc,heap     ] GC(11) Humongous regions: 0->0
[2025-05-04T23:18:13.856+0000][4.520s][info ][gc,metaspace] GC(11) Metaspace: 24759K(25088K)->24759K(25088K) NonClass: 21534K(21696K)->21534K(21696K) Class: 3225K(3392K)->3225K(3392K)
[2025-05-04T23:18:13.856+0000][4.520s][info ][gc          ] GC(11) Pause Young (Normal) (G1 Evacuation Pause) 90M->43M(258M) 12.787ms
[2025-05-04T23:18:13.856+0000][4.520s][info ][gc,cpu      ] GC(11) User=0.04s Sys=0.00s Real=0.01s
[2025-05-04T23:18:13.856+0000][4.521s][info ][safepoint   ] Safepoint "G1CollectForAllocation", Time since last: 211630637 ns, Reaching safepoint: 306018 ns, Cleanup: 68904 ns, At safepoint: 13073056 ns, Total: 13447978 ns
[2025-05-04T23:18:14.416+0000][5.081s][debug][safepoint   ] Safepoint synchronization initiated using futex wait barrier. (15 threads)
[2025-05-04T23:18:14.417+0000][5.081s][info ][safepoint   ] Safepoint "ICBufferFull", Time since last: 560046784 ns, Reaching safepoint: 320019 ns, Cleanup: 154809 ns, At safepoint: 21601 ns, Total: 496429 ns
[2025-05-04T23:18:14.747+0000][5.411s][debug][safepoint   ] Safepoint synchronization initiated using futex wait barrier. (15 threads)
[2025-05-04T23:18:14.747+0000][5.411s][info ][gc,start    ] GC(12) Pause Young (Normal) (G1 Evacuation Pause)
[2025-05-04T23:18:14.747+0000][5.411s][info ][gc,task     ] GC(12) Using 6 workers of 8 for evacuation
[2025-05-04T23:18:14.758+0000][5.422s][info ][gc,phases   ] GC(12)   Pre Evacuate Collection Set: 0.1ms
[2025-05-04T23:18:14.758+0000][5.422s][info ][gc,phases   ] GC(12)   Merge Heap Roots: 0.1ms
[2025-05-04T23:18:14.758+0000][5.422s][info ][gc,phases   ] GC(12)   Evacuate Collection Set: 9.2ms
[2025-05-04T23:18:14.758+0000][5.422s][info ][gc,phases   ] GC(12)   Post Evacuate Collection Set: 0.8ms
[2025-05-04T23:18:14.758+0000][5.422s][info ][gc,phases   ] GC(12)   Other: 0.3ms
[2025-05-04T23:18:14.758+0000][5.422s][info ][gc,heap     ] GC(12) Eden regions: 74->0(68)
[2025-05-04T23:18:14.758+0000][5.422s][info ][gc,heap     ] GC(12) Survivor regions: 3->8(10)
[2025-05-04T23:18:14.758+0000][5.422s][info ][gc,heap     ] GC(12) Old regions: 18->18
[2025-05-04T23:18:14.758+0000][5.423s][info ][gc,heap     ] GC(12) Archive regions: 2->2
[2025-05-04T23:18:14.759+0000][5.423s][info ][gc,heap     ] GC(12) Humongous regions: 0->0
[2025-05-04T23:18:14.759+0000][5.423s][info ][gc,metaspace] GC(12) Metaspace: 25180K(25536K)->25180K(25536K) NonClass: 21914K(22080K)->21914K(22080K) Class: 3265K(3456K)->3265K(3456K)
[2025-05-04T23:18:14.759+0000][5.423s][info ][gc          ] GC(12) Pause Young (Normal) (G1 Evacuation Pause) 191M->52M(258M) 11.576ms
[2025-05-04T23:18:14.759+0000][5.423s][info ][gc,cpu      ] GC(12) User=0.07s Sys=0.00s Real=0.01s
[2025-05-04T23:18:14.759+0000][5.423s][info ][safepoint   ] Safepoint "G1CollectForAllocation", Time since last: 329887275 ns, Reaching safepoint: 230014 ns, Cleanup: 54803 ns, At safepoint: 11814383 ns, Total: 12099200 ns
[2025-05-04T23:18:15.310+0000][5.974s][debug][safepoint   ] Safepoint synchronization initiated using futex wait barrier. (16 threads)
[2025-05-04T23:18:15.310+0000][5.974s][debug][safepoint   ] ... found polling page loop exception at pc = 0x00007f5f450f1ace, stub =0x00007f5f44af5400
[2025-05-04T23:18:15.311+0000][5.975s][info ][gc,start    ] GC(13) Pause Young (Normal) (G1 Evacuation Pause)
[2025-05-04T23:18:15.311+0000][5.975s][info ][gc,task     ] GC(13) Using 6 workers of 8 for evacuation
[2025-05-04T23:18:15.324+0000][5.988s][info ][gc,phases   ] GC(13)   Pre Evacuate Collection Set: 0.1ms
[2025-05-04T23:18:15.324+0000][5.988s][info ][gc,phases   ] GC(13)   Merge Heap Roots: 0.1ms
[2025-05-04T23:18:15.324+0000][5.988s][info ][gc,phases   ] GC(13)   Evacuate Collection Set: 10.9ms
[2025-05-04T23:18:15.324+0000][5.988s][info ][gc,phases   ] GC(13)   Post Evacuate Collection Set: 1.3ms
[2025-05-04T23:18:15.324+0000][5.988s][info ][gc,phases   ] GC(13)   Other: 0.6ms
[2025-05-04T23:18:15.324+0000][5.988s][info ][gc,heap     ] GC(13) Eden regions: 68->0(70)
[2025-05-04T23:18:15.324+0000][5.989s][info ][gc,heap     ] GC(13) Survivor regions: 8->7(10)
[2025-05-04T23:18:15.325+0000][5.989s][info ][gc,heap     ] GC(13) Old regions: 18->21
[2025-05-04T23:18:15.325+0000][5.989s][info ][gc,heap     ] GC(13) Archive regions: 2->2
[2025-05-04T23:18:15.325+0000][5.989s][info ][gc,heap     ] GC(13) Humongous regions: 0->0
[2025-05-04T23:18:15.325+0000][5.989s][info ][gc,metaspace] GC(13) Metaspace: 26246K(26624K)->26246K(26624K) NonClass: 22900K(23104K)->22900K(23104K) Class: 3345K(3520K)->3345K(3520K)
[2025-05-04T23:18:15.325+0000][5.989s][info ][gc          ] GC(13) Pause Young (Normal) (G1 Evacuation Pause) 188M->56M(258M) 14.504ms
[2025-05-04T23:18:15.325+0000][5.989s][info ][gc,cpu      ] GC(13) User=0.08s Sys=0.01s Real=0.02s
[2025-05-04T23:18:15.325+0000][5.989s][info ][safepoint   ] Safepoint "G1CollectForAllocation", Time since last: 550952058 ns, Reaching safepoint: 579134 ns, Cleanup: 83805 ns, At safepoint: 14819457 ns, Total: 15482396 ns
[2025-05-04T23:18:15.779+0000][6.444s][debug][safepoint   ] Safepoint synchronization initiated using futex wait barrier. (15 threads)
[2025-05-04T23:18:15.780+0000][6.444s][info ][gc,start    ] GC(14) Pause Young (Normal) (G1 Evacuation Pause)
[2025-05-04T23:18:15.780+0000][6.444s][info ][gc,task     ] GC(14) Using 6 workers of 8 for evacuation
[2025-05-04T23:18:15.788+0000][6.452s][info ][gc,phases   ] GC(14)   Pre Evacuate Collection Set: 0.1ms
[2025-05-04T23:18:15.788+0000][6.452s][info ][gc,phases   ] GC(14)   Merge Heap Roots: 0.1ms
[2025-05-04T23:18:15.788+0000][6.452s][info ][gc,phases   ] GC(14)   Evacuate Collection Set: 5.8ms
[2025-05-04T23:18:15.788+0000][6.452s][info ][gc,phases   ] GC(14)   Post Evacuate Collection Set: 1.0ms
[2025-05-04T23:18:15.788+0000][6.452s][info ][gc,phases   ] GC(14)   Other: 0.7ms
[2025-05-04T23:18:15.788+0000][6.452s][info ][gc,heap     ] GC(14) Eden regions: 70->0(72)
[2025-05-04T23:18:15.788+0000][6.452s][info ][gc,heap     ] GC(14) Survivor regions: 7->4(10)
[2025-05-04T23:18:15.788+0000][6.453s][info ][gc,heap     ] GC(14) Old regions: 21->25
[2025-05-04T23:18:15.789+0000][6.453s][info ][gc,heap     ] GC(14) Archive regions: 2->2
[2025-05-04T23:18:15.789+0000][6.453s][info ][gc,heap     ] GC(14) Humongous regions: 0->0
[2025-05-04T23:18:15.789+0000][6.453s][info ][gc,metaspace] GC(14) Metaspace: 28263K(28608K)->28263K(28608K) NonClass: 24721K(24896K)->24721K(24896K) Class: 3541K(3712K)->3541K(3712K)
[2025-05-04T23:18:15.789+0000][6.453s][info ][gc          ] GC(14) Pause Young (Normal) (G1 Evacuation Pause) 196M->58M(258M) 9.021ms
[2025-05-04T23:18:15.789+0000][6.453s][info ][gc,cpu      ] GC(14) User=0.05s Sys=0.00s Real=0.01s
[2025-05-04T23:18:15.789+0000][6.453s][info ][safepoint   ] Safepoint "G1CollectForAllocation", Time since last: 454074956 ns, Reaching safepoint: 327719 ns, Cleanup: 65404 ns, At safepoint: 9274836 ns, Total: 9667959 ns
[2025-05-04T23:18:16.608+0000][7.272s][debug][safepoint   ] Safepoint synchronization initiated using futex wait barrier. (15 threads)
[2025-05-04T23:18:16.608+0000][7.272s][info ][gc,start    ] GC(15) Pause Young (Normal) (G1 Evacuation Pause)
[2025-05-04T23:18:16.608+0000][7.272s][info ][gc,task     ] GC(15) Using 6 workers of 8 for evacuation
[2025-05-04T23:18:16.616+0000][7.280s][info ][gc,phases   ] GC(15)   Pre Evacuate Collection Set: 0.1ms
[2025-05-04T23:18:16.617+0000][7.281s][info ][gc,phases   ] GC(15)   Merge Heap Roots: 0.1ms
[2025-05-04T23:18:16.617+0000][7.281s][info ][gc,phases   ] GC(15)   Evacuate Collection Set: 5.1ms
[2025-05-04T23:18:16.617+0000][7.281s][info ][gc,phases   ] GC(15)   Post Evacuate Collection Set: 2.1ms
[2025-05-04T23:18:16.617+0000][7.281s][info ][gc,phases   ] GC(15)   Other: 0.4ms
[2025-05-04T23:18:16.618+0000][7.282s][info ][gc,heap     ] GC(15) Eden regions: 72->0(73)
[2025-05-04T23:18:16.618+0000][7.282s][info ][gc,heap     ] GC(15) Survivor regions: 4->4(10)
[2025-05-04T23:18:16.618+0000][7.282s][info ][gc,heap     ] GC(15) Old regions: 25->25
[2025-05-04T23:18:16.618+0000][7.282s][info ][gc,heap     ] GC(15) Archive regions: 2->2
[2025-05-04T23:18:16.618+0000][7.282s][info ][gc,heap     ] GC(15) Humongous regions: 0->0
[2025-05-04T23:18:16.618+0000][7.283s][info ][gc,metaspace] GC(15) Metaspace: 34266K(34624K)->34266K(34624K) NonClass: 30023K(30208K)->30023K(30208K) Class: 4243K(4416K)->4243K(4416K)
[2025-05-04T23:18:16.619+0000][7.283s][info ][gc          ] GC(15) Pause Young (Normal) (G1 Evacuation Pause) 202M->59M(258M) 10.450ms
[2025-05-04T23:18:16.619+0000][7.283s][info ][gc,cpu      ] GC(15) User=0.06s Sys=0.00s Real=0.01s
[2025-05-04T23:18:16.619+0000][7.283s][info ][safepoint   ] Safepoint "G1CollectForAllocation", Time since last: 818700741 ns, Reaching safepoint: 261615 ns, Cleanup: 110006 ns, At safepoint: 10820226 ns, Total: 11191847 ns
[2025-05-04T23:18:17.702+0000][8.366s][debug][safepoint   ] Safepoint synchronization initiated using futex wait barrier. (15 threads)
[2025-05-04T23:18:17.702+0000][8.366s][info ][safepoint   ] Safepoint "Cleanup", Time since last: 1082714864 ns, Reaching safepoint: 434125 ns, Cleanup: 109107 ns, At safepoint: 17401 ns, Total: 560633 ns
[2025-05-04T23:18:17.718+0000][8.382s][debug][safepoint   ] Safepoint synchronization initiated using futex wait barrier. (15 threads)
[2025-05-04T23:18:17.718+0000][8.382s][info ][gc,start    ] GC(16) Pause Young (Concurrent Start) (Metadata GC Threshold)
[2025-05-04T23:18:17.718+0000][8.382s][info ][gc,task     ] GC(16) Using 6 workers of 8 for evacuation
[2025-05-04T23:18:17.724+0000][8.388s][info ][gc,phases   ] GC(16)   Pre Evacuate Collection Set: 0.2ms
[2025-05-04T23:18:17.724+0000][8.388s][info ][gc,phases   ] GC(16)   Merge Heap Roots: 0.1ms
[2025-05-04T23:18:17.724+0000][8.388s][info ][gc,phases   ] GC(16)   Evacuate Collection Set: 4.5ms
[2025-05-04T23:18:17.724+0000][8.389s][info ][gc,phases   ] GC(16)   Post Evacuate Collection Set: 0.8ms
[2025-05-04T23:18:17.725+0000][8.389s][info ][gc,phases   ] GC(16)   Other: 0.4ms
[2025-05-04T23:18:17.725+0000][8.389s][info ][gc,heap     ] GC(16) Eden regions: 68->0(73)
[2025-05-04T23:18:17.725+0000][8.389s][info ][gc,heap     ] GC(16) Survivor regions: 4->4(10)
[2025-05-04T23:18:17.725+0000][8.389s][info ][gc,heap     ] GC(16) Old regions: 25->25
[2025-05-04T23:18:17.725+0000][8.389s][info ][gc,heap     ] GC(16) Archive regions: 2->2
[2025-05-04T23:18:17.725+0000][8.389s][info ][gc,heap     ] GC(16) Humongous regions: 0->0
[2025-05-04T23:18:17.725+0000][8.389s][info ][gc,metaspace] GC(16) Metaspace: 36065K(36416K)->36065K(36416K) NonClass: 31590K(31744K)->31590K(31744K) Class: 4474K(4672K)->4474K(4672K)
[2025-05-04T23:18:17.725+0000][8.389s][info ][gc          ] GC(16) Pause Young (Concurrent Start) (Metadata GC Threshold) 194M->59M(258M) 7.373ms
[2025-05-04T23:18:17.726+0000][8.390s][info ][gc,cpu      ] GC(16) User=0.04s Sys=0.00s Real=0.01s
[2025-05-04T23:18:17.726+0000][8.390s][info ][gc          ] GC(17) Concurrent Mark Cycle
[2025-05-04T23:18:17.726+0000][8.390s][info ][safepoint   ] Safepoint "CollectForMetadataAllocation", Time since last: 15306589 ns, Reaching safepoint: 365621 ns, Cleanup: 12101 ns, At safepoint: 7798253 ns, Total: 8175975 ns
[2025-05-04T23:18:17.726+0000][8.390s][info ][gc,marking  ] GC(17) Concurrent Clear Claimed Marks
[2025-05-04T23:18:17.726+0000][8.390s][info ][gc,marking  ] GC(17) Concurrent Clear Claimed Marks 0.340ms
[2025-05-04T23:18:17.726+0000][8.390s][info ][gc,marking  ] GC(17) Concurrent Scan Root Regions
[2025-05-04T23:18:17.730+0000][8.395s][info ][gc,marking  ] GC(17) Concurrent Scan Root Regions 4.011ms
[2025-05-04T23:18:17.731+0000][8.395s][info ][gc,marking  ] GC(17) Concurrent Mark
[2025-05-04T23:18:17.731+0000][8.395s][info ][gc,marking  ] GC(17) Concurrent Mark From Roots
[2025-05-04T23:18:17.731+0000][8.395s][info ][gc,task     ] GC(17) Using 2 workers of 2 for marking
[2025-05-04T23:18:17.782+0000][8.446s][info ][gc,marking  ] GC(17) Concurrent Mark From Roots 51.172ms
[2025-05-04T23:18:17.786+0000][8.450s][info ][gc,marking  ] GC(17) Concurrent Preclean
[2025-05-04T23:18:17.786+0000][8.451s][info ][gc,marking  ] GC(17) Concurrent Preclean 0.589ms
[2025-05-04T23:18:17.787+0000][8.451s][debug][safepoint   ] Safepoint synchronization initiated using futex wait barrier. (15 threads)
[2025-05-04T23:18:17.788+0000][8.452s][info ][gc,start    ] GC(17) Pause Remark
[2025-05-04T23:18:17.794+0000][8.458s][info ][gc          ] GC(17) Pause Remark 64M->64M(228M) 5.882ms
[2025-05-04T23:18:17.794+0000][8.458s][info ][gc,cpu      ] GC(17) User=0.05s Sys=0.00s Real=0.01s
[2025-05-04T23:18:17.795+0000][8.459s][info ][safepoint   ] Safepoint "G1PauseRemark", Time since last: 61080848 ns, Reaching safepoint: 749743 ns, Cleanup: 105506 ns, At safepoint: 7217120 ns, Total: 8072369 ns
[2025-05-04T23:18:17.796+0000][8.460s][info ][gc,marking  ] GC(17) Concurrent Mark 64.867ms
[2025-05-04T23:18:17.796+0000][8.460s][info ][gc,marking  ] GC(17) Concurrent Rebuild Remembered Sets
[2025-05-04T23:18:17.822+0000][8.486s][info ][gc,marking  ] GC(17) Concurrent Rebuild Remembered Sets 26.359ms
[2025-05-04T23:18:17.823+0000][8.487s][debug][safepoint   ] Safepoint synchronization initiated using futex wait barrier. (15 threads)
[2025-05-04T23:18:17.823+0000][8.488s][info ][gc,start    ] GC(17) Pause Cleanup
[2025-05-04T23:18:17.824+0000][8.488s][info ][gc          ] GC(17) Pause Cleanup 65M->65M(228M) 0.623ms
[2025-05-04T23:18:17.825+0000][8.489s][info ][gc,cpu      ] GC(17) User=0.00s Sys=0.00s Real=0.00s
[2025-05-04T23:18:17.825+0000][8.489s][info ][safepoint   ] Safepoint "G1PauseCleanup", Time since last: 27937822 ns, Reaching safepoint: 556733 ns, Cleanup: 7800 ns, At safepoint: 1831107 ns, Total: 2395640 ns
[2025-05-04T23:18:17.826+0000][8.490s][info ][gc,marking  ] GC(17) Concurrent Cleanup for Next Mark
[2025-05-04T23:18:17.830+0000][8.494s][info ][gc,marking  ] GC(17) Concurrent Cleanup for Next Mark 4.769ms
[2025-05-04T23:18:17.831+0000][8.495s][info ][gc          ] GC(17) Concurrent Mark Cycle 104.984ms
[2025-05-04T23:18:18.632+0000][9.296s][debug][safepoint   ] Safepoint synchronization initiated using futex wait barrier. (15 threads)
[2025-05-04T23:18:18.632+0000][9.296s][info ][gc,start    ] GC(18) Pause Young (Prepare Mixed) (G1 Evacuation Pause)
[2025-05-04T23:18:18.632+0000][9.296s][info ][gc,task     ] GC(18) Using 5 workers of 8 for evacuation
[2025-05-04T23:18:18.637+0000][9.302s][info ][gc,phases   ] GC(18)   Pre Evacuate Collection Set: 0.1ms
[2025-05-04T23:18:18.638+0000][9.302s][info ][gc,phases   ] GC(18)   Merge Heap Roots: 0.1ms
[2025-05-04T23:18:18.638+0000][9.302s][info ][gc,phases   ] GC(18)   Evacuate Collection Set: 4.3ms
[2025-05-04T23:18:18.638+0000][9.302s][info ][gc,phases   ] GC(18)   Post Evacuate Collection Set: 0.8ms
[2025-05-04T23:18:18.638+0000][9.302s][info ][gc,phases   ] GC(18)   Other: 0.3ms
[2025-05-04T23:18:18.638+0000][9.302s][info ][gc,heap     ] GC(18) Eden regions: 64->0(1)
[2025-05-04T23:18:18.638+0000][9.302s][info ][gc,heap     ] GC(18) Survivor regions: 4->5(9)
[2025-05-04T23:18:18.638+0000][9.303s][info ][gc,heap     ] GC(18) Old regions: 25->25
[2025-05-04T23:18:18.639+0000][9.303s][info ][gc,heap     ] GC(18) Archive regions: 2->2
[2025-05-04T23:18:18.639+0000][9.303s][info ][gc,heap     ] GC(18) Humongous regions: 0->0
[2025-05-04T23:18:18.639+0000][9.303s][info ][gc,metaspace] GC(18) Metaspace: 38981K(39360K)->38981K(39360K) NonClass: 34071K(34240K)->34071K(34240K) Class: 4909K(5120K)->4909K(5120K)
[2025-05-04T23:18:18.639+0000][9.303s][info ][gc          ] GC(18) Pause Young (Prepare Mixed) (G1 Evacuation Pause) 187M->60M(228M) 7.107ms
[2025-05-04T23:18:18.639+0000][9.303s][info ][gc,cpu      ] GC(18) User=0.04s Sys=0.00s Real=0.01s
[2025-05-04T23:18:18.639+0000][9.303s][info ][safepoint   ] Safepoint "G1CollectForAllocation", Time since last: 806372538 ns, Reaching safepoint: 221213 ns, Cleanup: 60903 ns, At safepoint: 7429432 ns, Total: 7711548 ns
[2025-05-04T23:18:18.654+0000][9.318s][debug][safepoint   ] Safepoint synchronization initiated using futex wait barrier. (15 threads)
[2025-05-04T23:18:18.654+0000][9.318s][info ][gc,start    ] GC(19) Pause Young (Mixed) (G1 Evacuation Pause)
[2025-05-04T23:18:18.654+0000][9.319s][info ][gc,task     ] GC(19) Using 5 workers of 8 for evacuation
[2025-05-04T23:18:18.660+0000][9.324s][info ][gc,phases   ] GC(19)   Pre Evacuate Collection Set: 0.1ms
[2025-05-04T23:18:18.661+0000][9.325s][info ][gc,phases   ] GC(19)   Merge Heap Roots: 0.1ms
[2025-05-04T23:18:18.661+0000][9.325s][info ][gc,phases   ] GC(19)   Evacuate Collection Set: 4.7ms
[2025-05-04T23:18:18.661+0000][9.325s][info ][gc,phases   ] GC(19)   Post Evacuate Collection Set: 0.9ms
[2025-05-04T23:18:18.661+0000][9.325s][info ][gc,phases   ] GC(19)   Other: 0.4ms
[2025-05-04T23:18:18.661+0000][9.325s][info ][gc,heap     ] GC(19) Eden regions: 1->0(63)
[2025-05-04T23:18:18.661+0000][9.325s][info ][gc,heap     ] GC(19) Survivor regions: 5->1(1)
[2025-05-04T23:18:18.661+0000][9.325s][info ][gc,heap     ] GC(19) Old regions: 25->29
[2025-05-04T23:18:18.661+0000][9.325s][info ][gc,heap     ] GC(19) Archive regions: 2->2
[2025-05-04T23:18:18.661+0000][9.326s][info ][gc,heap     ] GC(19) Humongous regions: 0->0
[2025-05-04T23:18:18.662+0000][9.326s][info ][gc,metaspace] GC(19) Metaspace: 39016K(39424K)->39016K(39424K) NonClass: 34100K(34304K)->34100K(34304K) Class: 4916K(5120K)->4916K(5120K)
[2025-05-04T23:18:18.662+0000][9.326s][info ][gc          ] GC(19) Pause Young (Mixed) (G1 Evacuation Pause) 62M->60M(228M) 7.511ms
[2025-05-04T23:18:18.662+0000][9.326s][info ][gc,cpu      ] GC(19) User=0.03s Sys=0.00s Real=0.00s
[2025-05-04T23:18:18.662+0000][9.326s][info ][safepoint   ] Safepoint "G1CollectForAllocation", Time since last: 14549445 ns, Reaching safepoint: 260815 ns, Cleanup: 28802 ns, At safepoint: 7830355 ns, Total: 8119972 ns
[2025-05-04T23:18:19.562+0000][10.226s][debug][safepoint   ] Safepoint synchronization initiated using futex wait barrier. (15 threads)
[2025-05-04T23:18:19.562+0000][10.226s][info ][gc,start    ] GC(20) Pause Young (Normal) (G1 Evacuation Pause)
[2025-05-04T23:18:19.563+0000][10.227s][info ][gc,task     ] GC(20) Using 5 workers of 8 for evacuation
[2025-05-04T23:18:19.566+0000][10.230s][info ][gc,phases   ] GC(20)   Pre Evacuate Collection Set: 0.1ms
[2025-05-04T23:18:19.566+0000][10.230s][info ][gc,phases   ] GC(20)   Merge Heap Roots: 0.1ms
[2025-05-04T23:18:19.566+0000][10.230s][info ][gc,phases   ] GC(20)   Evacuate Collection Set: 1.6ms
[2025-05-04T23:18:19.566+0000][10.230s][info ][gc,phases   ] GC(20)   Post Evacuate Collection Set: 1.2ms
[2025-05-04T23:18:19.566+0000][10.230s][info ][gc,phases   ] GC(20)   Other: 0.4ms
[2025-05-04T23:18:19.566+0000][10.230s][info ][gc,heap     ] GC(20) Eden regions: 63->0(132)
[2025-05-04T23:18:19.566+0000][10.231s][info ][gc,heap     ] GC(20) Survivor regions: 1->1(8)
[2025-05-04T23:18:19.567+0000][10.231s][info ][gc,heap     ] GC(20) Old regions: 29->29
[2025-05-04T23:18:19.567+0000][10.231s][info ][gc,heap     ] GC(20) Archive regions: 2->2
[2025-05-04T23:18:19.567+0000][10.231s][info ][gc,heap     ] GC(20) Humongous regions: 0->0
[2025-05-04T23:18:19.567+0000][10.231s][info ][gc,metaspace] GC(20) Metaspace: 41438K(41856K)->41438K(41856K) NonClass: 36187K(36416K)->36187K(36416K) Class: 5250K(5440K)->5250K(5440K)
[2025-05-04T23:18:19.567+0000][10.231s][info ][gc          ] GC(20) Pause Young (Normal) (G1 Evacuation Pause) 186M->60M(444M) 4.667ms
[2025-05-04T23:18:19.567+0000][10.231s][info ][gc,cpu      ] GC(20) User=0.02s Sys=0.00s Real=0.01s
[2025-05-04T23:18:19.567+0000][10.231s][info ][safepoint   ] Safepoint "G1CollectForAllocation", Time since last: 899841267 ns, Reaching safepoint: 350321 ns, Cleanup: 165009 ns, At safepoint: 4979590 ns, Total: 5494920 ns
[2025-05-04T23:18:20.546+0000][11.210s][debug][safepoint   ] Safepoint synchronization initiated using futex wait barrier. (15 threads)
[2025-05-04T23:18:20.547+0000][11.211s][info ][safepoint   ] Safepoint "ICBufferFull", Time since last: 978796753 ns, Reaching safepoint: 292017 ns, Cleanup: 157610 ns, At safepoint: 35602 ns, Total: 485229 ns
[2025-05-04T23:18:21.546+0000][12.210s][debug][safepoint   ] Safepoint synchronization initiated using futex wait barrier. (15 threads)
[2025-05-04T23:18:21.546+0000][12.210s][info ][safepoint   ] Safepoint "ICBufferFull", Time since last: 998989326 ns, Reaching safepoint: 253615 ns, Cleanup: 115607 ns, At safepoint: 16601 ns, Total: 385823 ns
[2025-05-04T23:18:21.720+0000][12.384s][debug][safepoint   ] Safepoint synchronization initiated using futex wait barrier. (15 threads)
[2025-05-04T23:18:21.720+0000][12.384s][info ][gc,start    ] GC(21) Pause Young (Normal) (G1 Evacuation Pause)
[2025-05-04T23:18:21.720+0000][12.384s][info ][gc,task     ] GC(21) Using 8 workers of 8 for evacuation
[2025-05-04T23:18:21.726+0000][12.391s][info ][gc,phases   ] GC(21)   Pre Evacuate Collection Set: 0.1ms
[2025-05-04T23:18:21.727+0000][12.391s][info ][gc,phases   ] GC(21)   Merge Heap Roots: 0.2ms
[2025-05-04T23:18:21.727+0000][12.391s][info ][gc,phases   ] GC(21)   Evacuate Collection Set: 4.8ms
[2025-05-04T23:18:21.727+0000][12.391s][info ][gc,phases   ] GC(21)   Post Evacuate Collection Set: 0.9ms
[2025-05-04T23:18:21.727+0000][12.391s][info ][gc,phases   ] GC(21)   Other: 0.4ms
[2025-05-04T23:18:21.727+0000][12.391s][info ][gc,heap     ] GC(21) Eden regions: 132->0(129)
[2025-05-04T23:18:21.727+0000][12.391s][info ][gc,heap     ] GC(21) Survivor regions: 1->4(17)
[2025-05-04T23:18:21.728+0000][12.392s][info ][gc,heap     ] GC(21) Old regions: 29->29
[2025-05-04T23:18:21.728+0000][12.392s][info ][gc,heap     ] GC(21) Archive regions: 2->2
[2025-05-04T23:18:21.728+0000][12.392s][info ][gc,heap     ] GC(21) Humongous regions: 0->0
[2025-05-04T23:18:21.728+0000][12.392s][info ][gc,metaspace] GC(21) Metaspace: 49192K(49664K)->49192K(49664K) NonClass: 42872K(43136K)->42872K(43136K) Class: 6320K(6528K)->6320K(6528K)
[2025-05-04T23:18:21.728+0000][12.392s][info ][gc          ] GC(21) Pause Young (Normal) (G1 Evacuation Pause) 324M->65M(444M) 8.079ms
[2025-05-04T23:18:21.728+0000][12.392s][info ][gc,cpu      ] GC(21) User=0.06s Sys=0.00s Real=0.01s
[2025-05-04T23:18:21.728+0000][12.393s][info ][safepoint   ] Safepoint "G1CollectForAllocation", Time since last: 173696389 ns, Reaching safepoint: 292117 ns, Cleanup: 44103 ns, At safepoint: 8455991 ns, Total: 8792211 ns
[2025-05-04T23:18:23.280+0000][13.944s][debug][safepoint   ] Safepoint synchronization initiated using futex wait barrier. (18 threads)
[2025-05-04T23:18:23.281+0000][13.945s][info ][safepoint   ] Safepoint "Cleanup", Time since last: 1551867041 ns, Reaching safepoint: 244414 ns, Cleanup: 153709 ns, At safepoint: 17001 ns, Total: 415124 ns
[2025-05-04T23:18:23.901+0000][14.565s][debug][safepoint   ] Safepoint synchronization initiated using futex wait barrier. (18 threads)
[2025-05-04T23:18:23.902+0000][14.566s][info ][safepoint   ] Safepoint "ICBufferFull", Time since last: 620554345 ns, Reaching safepoint: 351020 ns, Cleanup: 166610 ns, At safepoint: 25901 ns, Total: 543531 ns
[2025-05-04T23:18:24.758+0000][15.423s][debug][safepoint   ] Safepoint synchronization initiated using futex wait barrier. (18 threads)
[2025-05-04T23:18:24.759+0000][15.423s][info ][gc,start    ] GC(22) Pause Young (Normal) (G1 Evacuation Pause)
[2025-05-04T23:18:24.759+0000][15.423s][info ][gc,task     ] GC(22) Using 8 workers of 8 for evacuation
[2025-05-04T23:18:24.766+0000][15.431s][info ][gc,phases   ] GC(22)   Pre Evacuate Collection Set: 0.2ms
[2025-05-04T23:18:24.767+0000][15.431s][info ][gc,phases   ] GC(22)   Merge Heap Roots: 0.1ms
[2025-05-04T23:18:24.767+0000][15.431s][info ][gc,phases   ] GC(22)   Evacuate Collection Set: 5.9ms
[2025-05-04T23:18:24.767+0000][15.431s][info ][gc,phases   ] GC(22)   Post Evacuate Collection Set: 1.3ms
[2025-05-04T23:18:24.767+0000][15.431s][info ][gc,phases   ] GC(22)   Other: 0.3ms
[2025-05-04T23:18:24.767+0000][15.431s][info ][gc,heap     ] GC(22) Eden regions: 129->0(127)
[2025-05-04T23:18:24.767+0000][15.431s][info ][gc,heap     ] GC(22) Survivor regions: 4->6(17)
[2025-05-04T23:18:24.767+0000][15.431s][info ][gc,heap     ] GC(22) Old regions: 29->29
[2025-05-04T23:18:24.767+0000][15.432s][info ][gc,heap     ] GC(22) Archive regions: 2->2
[2025-05-04T23:18:24.768+0000][15.432s][info ][gc,heap     ] GC(22) Humongous regions: 0->0
[2025-05-04T23:18:24.768+0000][15.432s][info ][gc,metaspace] GC(22) Metaspace: 58985K(59392K)->58985K(59392K) NonClass: 51444K(51648K)->51444K(51648K) Class: 7541K(7744K)->7541K(7744K)
[2025-05-04T23:18:24.768+0000][15.432s][info ][gc          ] GC(22) Pause Young (Normal) (G1 Evacuation Pause) 323M->69M(444M) 9.050ms
[2025-05-04T23:18:24.768+0000][15.432s][info ][gc,cpu      ] GC(22) User=0.05s Sys=0.00s Real=0.01s
[2025-05-04T23:18:24.768+0000][15.432s][info ][safepoint   ] Safepoint "G1CollectForAllocation", Time since last: 856578855 ns, Reaching safepoint: 230614 ns, Cleanup: 44402 ns, At safepoint: 9330242 ns, Total: 9605258 ns
[2025-05-04T23:18:24.918+0000][15.582s][debug][safepoint   ] Safepoint synchronization initiated using futex wait barrier. (20 threads)
[2025-05-04T23:18:24.919+0000][15.583s][info ][gc,start    ] GC(23) Pause Young (Concurrent Start) (Metadata GC Threshold)
[2025-05-04T23:18:24.919+0000][15.583s][info ][gc,task     ] GC(23) Using 8 workers of 8 for evacuation
[2025-05-04T23:18:24.925+0000][15.589s][info ][gc,phases   ] GC(23)   Pre Evacuate Collection Set: 0.1ms
[2025-05-04T23:18:24.925+0000][15.589s][info ][gc,phases   ] GC(23)   Merge Heap Roots: 0.1ms
[2025-05-04T23:18:24.925+0000][15.589s][info ][gc,phases   ] GC(23)   Evacuate Collection Set: 4.7ms
[2025-05-04T23:18:24.925+0000][15.589s][info ][gc,phases   ] GC(23)   Post Evacuate Collection Set: 1.0ms
[2025-05-04T23:18:24.926+0000][15.590s][info ][gc,phases   ] GC(23)   Other: 0.4ms
[2025-05-04T23:18:24.926+0000][15.590s][info ][gc,heap     ] GC(23) Eden regions: 11->0(127)
[2025-05-04T23:18:24.926+0000][15.590s][info ][gc,heap     ] GC(23) Survivor regions: 6->6(17)
[2025-05-04T23:18:24.926+0000][15.590s][info ][gc,heap     ] GC(23) Old regions: 29->29
[2025-05-04T23:18:24.926+0000][15.590s][info ][gc,heap     ] GC(23) Archive regions: 2->2
[2025-05-04T23:18:24.926+0000][15.591s][info ][gc,heap     ] GC(23) Humongous regions: 0->0
[2025-05-04T23:18:24.927+0000][15.591s][info ][gc,metaspace] GC(23) Metaspace: 60778K(61248K)->60778K(61248K) NonClass: 53045K(53248K)->53045K(53248K) Class: 7732K(8000K)->7732K(8000K)
[2025-05-04T23:18:24.927+0000][15.591s][info ][gc          ] GC(23) Pause Young (Concurrent Start) (Metadata GC Threshold) 90M->69M(444M) 8.081ms
[2025-05-04T23:18:24.927+0000][15.591s][info ][gc,cpu      ] GC(23) User=0.03s Sys=0.00s Real=0.01s
[2025-05-04T23:18:24.927+0000][15.591s][info ][gc          ] GC(24) Concurrent Mark Cycle
[2025-05-04T23:18:24.927+0000][15.591s][info ][gc,marking  ] GC(24) Concurrent Clear Claimed Marks
[2025-05-04T23:18:24.927+0000][15.591s][info ][safepoint   ] Safepoint "CollectForMetadataAllocation", Time since last: 150274829 ns, Reaching safepoint: 216512 ns, Cleanup: 19002 ns, At safepoint: 8370686 ns, Total: 8606200 ns
[2025-05-04T23:18:24.927+0000][15.591s][info ][gc,marking  ] GC(24) Concurrent Clear Claimed Marks 0.171ms
[2025-05-04T23:18:24.927+0000][15.592s][info ][gc,marking  ] GC(24) Concurrent Scan Root Regions
[2025-05-04T23:18:24.932+0000][15.596s][info ][gc,marking  ] GC(24) Concurrent Scan Root Regions 4.837ms
[2025-05-04T23:18:24.933+0000][15.597s][info ][gc,marking  ] GC(24) Concurrent Mark
[2025-05-04T23:18:24.933+0000][15.597s][info ][gc,marking  ] GC(24) Concurrent Mark From Roots
[2025-05-04T23:18:24.933+0000][15.597s][info ][gc,task     ] GC(24) Using 2 workers of 2 for marking
[2025-05-04T23:18:24.970+0000][15.634s][info ][gc,marking  ] GC(24) Concurrent Mark From Roots 37.135ms
[2025-05-04T23:18:24.970+0000][15.634s][info ][gc,marking  ] GC(24) Concurrent Preclean
[2025-05-04T23:18:24.971+0000][15.635s][info ][gc,marking  ] GC(24) Concurrent Preclean 0.361ms
[2025-05-04T23:18:24.971+0000][15.635s][debug][safepoint   ] Safepoint synchronization initiated using futex wait barrier. (20 threads)
[2025-05-04T23:18:24.971+0000][15.635s][info ][gc,start    ] GC(24) Pause Remark
[2025-05-04T23:18:24.975+0000][15.639s][info ][gc          ] GC(24) Pause Remark 80M->80M(288M) 3.856ms
[2025-05-04T23:18:24.975+0000][15.639s][info ][gc,cpu      ] GC(24) User=0.02s Sys=0.00s Real=0.01s
[2025-05-04T23:18:24.976+0000][15.640s][info ][safepoint   ] Safepoint "G1PauseRemark", Time since last: 43899350 ns, Reaching safepoint: 244314 ns, Cleanup: 11901 ns, At safepoint: 4440658 ns, Total: 4696873 ns
[2025-05-04T23:18:24.976+0000][15.640s][info ][gc,marking  ] GC(24) Concurrent Mark 43.213ms
[2025-05-04T23:18:24.976+0000][15.640s][info ][gc,marking  ] GC(24) Concurrent Rebuild Remembered Sets
[2025-05-04T23:18:24.995+0000][15.660s][info ][gc,marking  ] GC(24) Concurrent Rebuild Remembered Sets 19.493ms
[2025-05-04T23:18:24.996+0000][15.660s][debug][safepoint   ] Safepoint synchronization initiated using futex wait barrier. (20 threads)
[2025-05-04T23:18:24.996+0000][15.660s][info ][gc,start    ] GC(24) Pause Cleanup
[2025-05-04T23:18:24.996+0000][15.660s][info ][gc          ] GC(24) Pause Cleanup 84M->84M(288M) 0.310ms
[2025-05-04T23:18:24.996+0000][15.661s][info ][gc,cpu      ] GC(24) User=0.00s Sys=0.00s Real=0.00s
[2025-05-04T23:18:24.997+0000][15.661s][info ][safepoint   ] Safepoint "G1PauseCleanup", Time since last: 20189172 ns, Reaching safepoint: 236614 ns, Cleanup: 10401 ns, At safepoint: 641837 ns, Total: 888852 ns
[2025-05-04T23:18:24.997+0000][15.661s][info ][gc,marking  ] GC(24) Concurrent Cleanup for Next Mark
[2025-05-04T23:18:24.998+0000][15.662s][info ][gc,marking  ] GC(24) Concurrent Cleanup for Next Mark 1.190ms
[2025-05-04T23:18:24.998+0000][15.663s][info ][gc          ] GC(24) Concurrent Mark Cycle 71.524ms
[2025-05-04T23:18:25.611+0000][16.276s][debug][safepoint   ] Safepoint synchronization initiated using futex wait barrier. (21 threads)
[2025-05-04T23:18:25.612+0000][16.276s][info ][safepoint   ] Safepoint "ICBufferFull", Time since last: 614814912 ns, Reaching safepoint: 337919 ns, Cleanup: 160409 ns, At safepoint: 22402 ns, Total: 520730 ns
[2025-05-04T23:18:25.930+0000][16.594s][debug][safepoint   ] Safepoint synchronization initiated using futex wait barrier. (21 threads)
[2025-05-04T23:18:25.931+0000][16.596s][info ][gc,start    ] GC(25) Pause Young (Prepare Mixed) (G1 Evacuation Pause)
[2025-05-04T23:18:25.932+0000][16.596s][info ][gc,task     ] GC(25) Using 7 workers of 8 for evacuation
[2025-05-04T23:18:25.939+0000][16.603s][info ][gc,phases   ] GC(25)   Pre Evacuate Collection Set: 0.1ms
[2025-05-04T23:18:25.939+0000][16.604s][info ][gc,phases   ] GC(25)   Merge Heap Roots: 0.1ms
[2025-05-04T23:18:25.940+0000][16.604s][info ][gc,phases   ] GC(25)   Evacuate Collection Set: 5.5ms
[2025-05-04T23:18:25.940+0000][16.604s][info ][gc,phases   ] GC(25)   Post Evacuate Collection Set: 1.3ms
[2025-05-04T23:18:25.940+0000][16.604s][info ][gc,phases   ] GC(25)   Other: 0.6ms
[2025-05-04T23:18:25.940+0000][16.604s][info ][gc,heap     ] GC(25) Eden regions: 80->0(1)
[2025-05-04T23:18:25.941+0000][16.605s][info ][gc,heap     ] GC(25) Survivor regions: 6->7(11)
[2025-05-04T23:18:25.941+0000][16.605s][info ][gc,heap     ] GC(25) Old regions: 29->29
[2025-05-04T23:18:25.941+0000][16.605s][info ][gc,heap     ] GC(25) Archive regions: 2->2
[2025-05-04T23:18:25.941+0000][16.605s][info ][gc,heap     ] GC(25) Humongous regions: 0->0
[2025-05-04T23:18:25.941+0000][16.605s][info ][gc,metaspace] GC(25) Metaspace: 63890K(64320K)->63890K(64320K) NonClass: 55714K(55936K)->55714K(55936K) Class: 8176K(8384K)->8176K(8384K)
[2025-05-04T23:18:25.941+0000][16.605s][info ][gc          ] GC(25) Pause Young (Prepare Mixed) (G1 Evacuation Pause) 229M->71M(288M) 9.908ms
[2025-05-04T23:18:25.941+0000][16.606s][info ][gc,cpu      ] GC(25) User=0.04s Sys=0.00s Real=0.01s
[2025-05-04T23:18:25.942+0000][16.606s][info ][safepoint   ] Safepoint "G1CollectForAllocation", Time since last: 317945397 ns, Reaching safepoint: 376722 ns, Cleanup: 1179567 ns, At safepoint: 10171283 ns, Total: 11727572 ns
[2025-05-04T23:18:25.949+0000][16.613s][debug][safepoint   ] Safepoint synchronization initiated using futex wait barrier. (21 threads)
[2025-05-04T23:18:25.949+0000][16.613s][info ][gc,start    ] GC(26) Pause Young (Mixed) (G1 Evacuation Pause)
[2025-05-04T23:18:25.950+0000][16.614s][info ][gc,task     ] GC(26) Using 6 workers of 8 for evacuation
[2025-05-04T23:18:25.957+0000][16.621s][info ][gc,phases   ] GC(26)   Pre Evacuate Collection Set: 0.1ms
[2025-05-04T23:18:25.958+0000][16.622s][info ][gc,phases   ] GC(26)   Merge Heap Roots: 0.1ms
[2025-05-04T23:18:25.958+0000][16.622s][info ][gc,phases   ] GC(26)   Evacuate Collection Set: 6.3ms
[2025-05-04T23:18:25.958+0000][16.622s][info ][gc,phases   ] GC(26)   Post Evacuate Collection Set: 1.0ms
[2025-05-04T23:18:25.958+0000][16.622s][info ][gc,phases   ] GC(26)   Other: 0.4ms
[2025-05-04T23:18:25.958+0000][16.623s][info ][gc,heap     ] GC(26) Eden regions: 1->0(85)
[2025-05-04T23:18:25.959+0000][16.623s][info ][gc,heap     ] GC(26) Survivor regions: 7->1(1)
[2025-05-04T23:18:25.959+0000][16.623s][info ][gc,heap     ] GC(26) Old regions: 29->35
[2025-05-04T23:18:25.959+0000][16.623s][info ][gc,heap     ] GC(26) Archive regions: 2->2
[2025-05-04T23:18:25.959+0000][16.623s][info ][gc,heap     ] GC(26) Humongous regions: 0->0
[2025-05-04T23:18:25.959+0000][16.623s][info ][gc,metaspace] GC(26) Metaspace: 63909K(64384K)->63909K(64384K) NonClass: 55729K(56000K)->55729K(56000K) Class: 8180K(8384K)->8180K(8384K)
[2025-05-04T23:18:25.959+0000][16.623s][info ][gc          ] GC(26) Pause Young (Mixed) (G1 Evacuation Pause) 73M->72M(288M) 9.898ms
[2025-05-04T23:18:25.959+0000][16.624s][info ][gc,cpu      ] GC(26) User=0.04s Sys=0.00s Real=0.01s
[2025-05-04T23:18:25.960+0000][16.624s][info ][safepoint   ] Safepoint "G1CollectForAllocation", Time since last: 7502229 ns, Reaching safepoint: 255015 ns, Cleanup: 3800 ns, At safepoint: 10149181 ns, Total: 10407996 ns
[2025-05-04T23:18:26.512+0000][17.176s][debug][safepoint   ] Safepoint synchronization initiated using futex wait barrier. (21 threads)
[2025-05-04T23:18:26.512+0000][17.176s][info ][safepoint   ] Safepoint "ICBufferFull", Time since last: 552180204 ns, Reaching safepoint: 283216 ns, Cleanup: 106406 ns, At safepoint: 4000 ns, Total: 393622 ns
[2025-05-04T23:18:26.780+0000][17.444s][debug][safepoint   ] Safepoint synchronization initiated using futex wait barrier. (21 threads)
[2025-05-04T23:18:26.780+0000][17.444s][info ][gc,start    ] GC(27) Pause Young (Normal) (G1 Evacuation Pause)
[2025-05-04T23:18:26.780+0000][17.445s][info ][gc,task     ] GC(27) Using 6 workers of 8 for evacuation
[2025-05-04T23:18:26.785+0000][17.450s][info ][gc,phases   ] GC(27)   Pre Evacuate Collection Set: 0.1ms
[2025-05-04T23:18:26.786+0000][17.450s][info ][gc,phases   ] GC(27)   Merge Heap Roots: 0.1ms
[2025-05-04T23:18:26.786+0000][17.450s][info ][gc,phases   ] GC(27)   Evacuate Collection Set: 3.3ms
[2025-05-04T23:18:26.786+0000][17.450s][info ][gc,phases   ] GC(27)   Post Evacuate Collection Set: 1.2ms
[2025-05-04T23:18:26.786+0000][17.450s][info ][gc,phases   ] GC(27)   Other: 0.5ms
[2025-05-04T23:18:26.787+0000][17.451s][info ][gc,heap     ] GC(27) Eden regions: 85->0(84)
[2025-05-04T23:18:26.787+0000][17.451s][info ][gc,heap     ] GC(27) Survivor regions: 1->2(11)
[2025-05-04T23:18:26.787+0000][17.451s][info ][gc,heap     ] GC(27) Old regions: 35->35
[2025-05-04T23:18:26.787+0000][17.451s][info ][gc,heap     ] GC(27) Archive regions: 2->2
[2025-05-04T23:18:26.787+0000][17.451s][info ][gc,heap     ] GC(27) Humongous regions: 0->0
[2025-05-04T23:18:26.787+0000][17.451s][info ][gc,metaspace] GC(27) Metaspace: 68182K(68608K)->68182K(68608K) NonClass: 59418K(59584K)->59418K(59584K) Class: 8764K(9024K)->8764K(9024K)
[2025-05-04T23:18:26.787+0000][17.451s][info ][gc          ] GC(27) Pause Young (Normal) (G1 Evacuation Pause) 242M->73M(288M) 7.132ms
[2025-05-04T23:18:26.788+0000][17.452s][info ][gc,cpu      ] GC(27) User=0.05s Sys=0.00s Real=0.01s
[2025-05-04T23:18:26.788+0000][17.452s][info ][safepoint   ] Safepoint "G1CollectForAllocation", Time since last: 267779827 ns, Reaching safepoint: 288616 ns, Cleanup: 56603 ns, At safepoint: 7487429 ns, Total: 7832648 ns
[2025-05-04T23:18:27.552+0000][18.216s][debug][safepoint   ] Safepoint synchronization initiated using futex wait barrier. (19 threads)
[2025-05-04T23:18:27.552+0000][18.217s][info ][safepoint   ] Safepoint "ICBufferFull", Time since last: 764379949 ns, Reaching safepoint: 254115 ns, Cleanup: 117607 ns, At safepoint: 7300 ns, Total: 379022 ns
[2025-05-04T23:18:27.744+0000][18.408s][debug][safepoint   ] Safepoint synchronization initiated using futex wait barrier. (21 threads)
[2025-05-04T23:18:27.745+0000][18.409s][info ][safepoint   ] Safepoint "ICBufferFull", Time since last: 191858081 ns, Reaching safepoint: 281616 ns, Cleanup: 89605 ns, At safepoint: 32702 ns, Total: 403923 ns
[2025-05-04T23:18:28.143+0000][18.807s][debug][safepoint   ] Safepoint synchronization initiated using futex wait barrier. (21 threads)
[2025-05-04T23:18:28.144+0000][18.808s][info ][gc,start    ] GC(28) Pause Young (Normal) (G1 Evacuation Pause)
[2025-05-04T23:18:28.144+0000][18.808s][info ][gc,task     ] GC(28) Using 6 workers of 8 for evacuation
[2025-05-04T23:18:28.150+0000][18.814s][info ][gc,phases   ] GC(28)   Pre Evacuate Collection Set: 0.2ms
[2025-05-04T23:18:28.150+0000][18.814s][info ][gc,phases   ] GC(28)   Merge Heap Roots: 0.1ms
[2025-05-04T23:18:28.150+0000][18.814s][info ][gc,phases   ] GC(28)   Evacuate Collection Set: 4.0ms
[2025-05-04T23:18:28.150+0000][18.815s][info ][gc,phases   ] GC(28)   Post Evacuate Collection Set: 1.1ms
[2025-05-04T23:18:28.151+0000][18.815s][info ][gc,phases   ] GC(28)   Other: 0.6ms
[2025-05-04T23:18:28.151+0000][18.815s][info ][gc,heap     ] GC(28) Eden regions: 84->0(82)
[2025-05-04T23:18:28.151+0000][18.815s][info ][gc,heap     ] GC(28) Survivor regions: 2->4(11)
[2025-05-04T23:18:28.151+0000][18.815s][info ][gc,heap     ] GC(28) Old regions: 35->35
[2025-05-04T23:18:28.151+0000][18.816s][info ][gc,heap     ] GC(28) Archive regions: 2->2
[2025-05-04T23:18:28.152+0000][18.816s][info ][gc,heap     ] GC(28) Humongous regions: 0->0
[2025-05-04T23:18:28.152+0000][18.816s][info ][gc,metaspace] GC(28) Metaspace: 73003K(73536K)->73003K(73536K) NonClass: 63662K(63936K)->63662K(63936K) Class: 9340K(9600K)->9340K(9600K)
[2025-05-04T23:18:28.152+0000][18.816s][info ][gc          ] GC(28) Pause Young (Normal) (G1 Evacuation Pause) 241M->76M(288M) 8.271ms
[2025-05-04T23:18:28.152+0000][18.816s][info ][gc,cpu      ] GC(28) User=0.03s Sys=0.00s Real=0.00s
[2025-05-04T23:18:28.153+0000][18.817s][info ][safepoint   ] Safepoint "G1CollectForAllocation", Time since last: 398629716 ns, Reaching safepoint: 383122 ns, Cleanup: 48502 ns, At safepoint: 8727000 ns, Total: 9158624 ns
[2025-05-04T23:18:28.943+0000][19.607s][debug][safepoint   ] Safepoint synchronization initiated using futex wait barrier. (20 threads)
[2025-05-04T23:18:28.943+0000][19.608s][info ][gc,start    ] GC(29) Pause Young (Normal) (G1 Evacuation Pause)
[2025-05-04T23:18:28.944+0000][19.608s][info ][gc,task     ] GC(29) Using 6 workers of 8 for evacuation
[2025-05-04T23:18:28.949+0000][19.613s][info ][gc,phases   ] GC(29)   Pre Evacuate Collection Set: 0.2ms
[2025-05-04T23:18:28.949+0000][19.613s][info ][gc,phases   ] GC(29)   Merge Heap Roots: 0.1ms
[2025-05-04T23:18:28.950+0000][19.614s][info ][gc,phases   ] GC(29)   Evacuate Collection Set: 3.8ms
[2025-05-04T23:18:28.950+0000][19.614s][info ][gc,phases   ] GC(29)   Post Evacuate Collection Set: 0.9ms
[2025-05-04T23:18:28.950+0000][19.614s][info ][gc,phases   ] GC(29)   Other: 0.6ms
[2025-05-04T23:18:28.950+0000][19.615s][info ][gc,heap     ] GC(29) Eden regions: 82->0(82)
[2025-05-04T23:18:28.951+0000][19.615s][info ][gc,heap     ] GC(29) Survivor regions: 4->4(11)
[2025-05-04T23:18:28.951+0000][19.615s][info ][gc,heap     ] GC(29) Old regions: 35->35
[2025-05-04T23:18:28.951+0000][19.615s][info ][gc,heap     ] GC(29) Archive regions: 2->2
[2025-05-04T23:18:28.952+0000][19.616s][info ][gc,heap     ] GC(29) Humongous regions: 0->0
[2025-05-04T23:18:28.952+0000][19.616s][info ][gc,metaspace] GC(29) Metaspace: 77923K(78400K)->77923K(78400K) NonClass: 67718K(67968K)->67718K(67968K) Class: 10205K(10432K)->10205K(10432K)
[2025-05-04T23:18:28.952+0000][19.616s][info ][gc          ] GC(29) Pause Young (Normal) (G1 Evacuation Pause) 240M->77M(288M) 8.591ms
[2025-05-04T23:18:28.952+0000][19.616s][info ][gc,cpu      ] GC(29) User=0.03s Sys=0.00s Real=0.00s
[2025-05-04T23:18:28.953+0000][19.617s][info ][safepoint   ] Safepoint "G1CollectForAllocation", Time since last: 790521945 ns, Reaching safepoint: 297417 ns, Cleanup: 71004 ns, At safepoint: 9120422 ns, Total: 9488843 ns
[2025-05-04T23:18:29.165+0000][19.829s][debug][safepoint   ] Safepoint synchronization initiated using futex wait barrier. (21 threads)
[2025-05-04T23:18:29.165+0000][19.829s][info ][safepoint   ] Safepoint "ICBufferFull", Time since last: 212404757 ns, Reaching safepoint: 293317 ns, Cleanup: 76405 ns, At safepoint: 3500 ns, Total: 373222 ns
[2025-05-04T23:18:29.228+0000][19.892s][debug][safepoint   ] Safepoint synchronization initiated using futex wait barrier. (21 threads)
[2025-05-04T23:18:29.228+0000][19.893s][info ][safepoint   ] Safepoint "ICBufferFull", Time since last: 62814395 ns, Reaching safepoint: 262915 ns, Cleanup: 66404 ns, At safepoint: 17501 ns, Total: 346820 ns
[2025-05-04T23:18:29.284+0000][19.948s][debug][safepoint   ] Safepoint synchronization initiated using futex wait barrier. (21 threads)
[2025-05-04T23:18:29.284+0000][19.948s][info ][safepoint   ] Safepoint "ICBufferFull", Time since last: 55323266 ns, Reaching safepoint: 227613 ns, Cleanup: 69204 ns, At safepoint: 28902 ns, Total: 325719 ns
[2025-05-04T23:18:29.372+0000][20.036s][debug][safepoint   ] Safepoint synchronization initiated using futex wait barrier. (21 threads)
[2025-05-04T23:18:29.372+0000][20.037s][info ][safepoint   ] Safepoint "ICBufferFull", Time since last: 87971035 ns, Reaching safepoint: 245714 ns, Cleanup: 85405 ns, At safepoint: 4200 ns, Total: 335319 ns
[2025-05-04T23:18:29.528+0000][20.192s][debug][safepoint   ] Safepoint synchronization initiated using futex wait barrier. (21 threads)
[2025-05-04T23:18:29.529+0000][20.193s][info ][safepoint   ] Safepoint "ICBufferFull", Time since last: 155883422 ns, Reaching safepoint: 271616 ns, Cleanup: 69604 ns, At safepoint: 2700 ns, Total: 343920 ns
[2025-05-04T23:18:29.778+0000][20.442s][debug][safepoint   ] Safepoint synchronization initiated using futex wait barrier. (21 threads)
[2025-05-04T23:18:29.778+0000][20.442s][info ][safepoint   ] Safepoint "ICBufferFull", Time since last: 249199063 ns, Reaching safepoint: 247314 ns, Cleanup: 94205 ns, At safepoint: 21501 ns, Total: 363020 ns
[2025-05-04T23:18:29.869+0000][20.533s][debug][safepoint   ] Safepoint synchronization initiated using futex wait barrier. (21 threads)
[2025-05-04T23:18:29.869+0000][20.533s][info ][gc,start    ] GC(30) Pause Young (Normal) (G1 Evacuation Pause)
[2025-05-04T23:18:29.870+0000][20.534s][info ][gc,task     ] GC(30) Using 6 workers of 8 for evacuation
[2025-05-04T23:18:29.880+0000][20.545s][info ][gc,phases   ] GC(30)   Pre Evacuate Collection Set: 0.1ms
[2025-05-04T23:18:29.881+0000][20.545s][info ][gc,phases   ] GC(30)   Merge Heap Roots: 0.1ms
[2025-05-04T23:18:29.882+0000][20.546s][info ][gc,phases   ] GC(30)   Evacuate Collection Set: 8.9ms
[2025-05-04T23:18:29.882+0000][20.546s][info ][gc,phases   ] GC(30)   Post Evacuate Collection Set: 1.4ms
[2025-05-04T23:18:29.882+0000][20.546s][info ][gc,phases   ] GC(30)   Other: 0.6ms
[2025-05-04T23:18:29.883+0000][20.547s][info ][gc,heap     ] GC(30) Eden regions: 82->0(81)
[2025-05-04T23:18:29.883+0000][20.547s][info ][gc,heap     ] GC(30) Survivor regions: 4->5(11)
[2025-05-04T23:18:29.883+0000][20.547s][info ][gc,heap     ] GC(30) Old regions: 35->35
[2025-05-04T23:18:29.883+0000][20.547s][info ][gc,heap     ] GC(30) Archive regions: 2->2
[2025-05-04T23:18:29.883+0000][20.547s][info ][gc,heap     ] GC(30) Humongous regions: 0->0
[2025-05-04T23:18:29.883+0000][20.547s][info ][gc,metaspace] GC(30) Metaspace: 81445K(81920K)->81445K(81920K) NonClass: 70783K(71040K)->70783K(71040K) Class: 10662K(10880K)->10662K(10880K)
[2025-05-04T23:18:29.884+0000][20.548s][info ][gc          ] GC(30) Pause Young (Normal) (G1 Evacuation Pause) 241M->79M(288M) 14.244ms
[2025-05-04T23:18:29.884+0000][20.548s][info ][gc,cpu      ] GC(30) User=0.06s Sys=0.00s Real=0.02s
[2025-05-04T23:18:29.885+0000][20.549s][info ][safepoint   ] Safepoint "G1CollectForAllocation", Time since last: 90628088 ns, Reaching safepoint: 340819 ns, Cleanup: 133508 ns, At safepoint: 15235772 ns, Total: 15710099 ns
[2025-05-04T23:18:30.505+0000][21.169s][debug][safepoint   ] Safepoint synchronization initiated using futex wait barrier. (21 threads)
[2025-05-04T23:18:30.505+0000][21.169s][info ][safepoint   ] Safepoint "ICBufferFull", Time since last: 620177496 ns, Reaching safepoint: 271315 ns, Cleanup: 91105 ns, At safepoint: 3601 ns, Total: 366021 ns
[2025-05-04T23:18:30.727+0000][21.392s][debug][safepoint   ] Safepoint synchronization initiated using futex wait barrier. (20 threads)
[2025-05-04T23:18:30.728+0000][21.392s][info ][gc,start    ] GC(31) Pause Young (Normal) (G1 Evacuation Pause)
[2025-05-04T23:18:30.728+0000][21.392s][info ][gc,task     ] GC(31) Using 6 workers of 8 for evacuation
[2025-05-04T23:18:30.737+0000][21.401s][info ][gc,phases   ] GC(31)   Pre Evacuate Collection Set: 0.2ms
[2025-05-04T23:18:30.737+0000][21.401s][info ][gc,phases   ] GC(31)   Merge Heap Roots: 0.1ms
[2025-05-04T23:18:30.737+0000][21.401s][info ][gc,phases   ] GC(31)   Evacuate Collection Set: 6.5ms
[2025-05-04T23:18:30.737+0000][21.401s][info ][gc,phases   ] GC(31)   Post Evacuate Collection Set: 1.6ms
[2025-05-04T23:18:30.737+0000][21.401s][info ][gc,phases   ] GC(31)   Other: 0.5ms
[2025-05-04T23:18:30.737+0000][21.402s][info ][gc,heap     ] GC(31) Eden regions: 81->0(80)
[2025-05-04T23:18:30.738+0000][21.402s][info ][gc,heap     ] GC(31) Survivor regions: 5->6(11)
[2025-05-04T23:18:30.738+0000][21.402s][info ][gc,heap     ] GC(31) Old regions: 35->35
[2025-05-04T23:18:30.738+0000][21.402s][info ][gc,heap     ] GC(31) Archive regions: 2->2
[2025-05-04T23:18:30.738+0000][21.402s][info ][gc,heap     ] GC(31) Humongous regions: 0->0
[2025-05-04T23:18:30.738+0000][21.402s][info ][gc,metaspace] GC(31) Metaspace: 84575K(85120K)->84575K(85120K) NonClass: 73527K(73792K)->73527K(73792K) Class: 11047K(11328K)->11047K(11328K)
[2025-05-04T23:18:30.738+0000][21.402s][info ][gc          ] GC(31) Pause Young (Normal) (G1 Evacuation Pause) 241M->81M(288M) 10.239ms
[2025-05-04T23:18:30.738+0000][21.402s][info ][gc,cpu      ] GC(31) User=0.07s Sys=0.00s Real=0.01s
[2025-05-04T23:18:30.738+0000][21.402s][info ][safepoint   ] Safepoint "G1CollectForAllocation", Time since last: 222309923 ns, Reaching safepoint: 366021 ns, Cleanup: 56104 ns, At safepoint: 10517102 ns, Total: 10939227 ns
[2025-05-04T23:18:31.739+0000][22.403s][debug][safepoint   ] Safepoint synchronization initiated using futex wait barrier. (20 threads)
[2025-05-04T23:18:31.739+0000][22.403s][info ][safepoint   ] Safepoint "Cleanup", Time since last: 1000235848 ns, Reaching safepoint: 324019 ns, Cleanup: 90405 ns, At safepoint: 43702 ns, Total: 458126 ns
[2025-05-04T23:18:31.910+0000][22.574s][debug][safepoint   ] Safepoint synchronization initiated using futex wait barrier. (20 threads)
[2025-05-04T23:18:31.910+0000][22.574s][info ][gc,start    ] GC(32) Pause Young (Normal) (G1 Evacuation Pause)
[2025-05-04T23:18:31.910+0000][22.575s][info ][gc,task     ] GC(32) Using 6 workers of 8 for evacuation
[2025-05-04T23:18:31.920+0000][22.584s][info ][gc,phases   ] GC(32)   Pre Evacuate Collection Set: 0.1ms
[2025-05-04T23:18:31.920+0000][22.584s][info ][gc,phases   ] GC(32)   Merge Heap Roots: 0.1ms
[2025-05-04T23:18:31.920+0000][22.584s][info ][gc,phases   ] GC(32)   Evacuate Collection Set: 7.6ms
[2025-05-04T23:18:31.920+0000][22.584s][info ][gc,phases   ] GC(32)   Post Evacuate Collection Set: 1.2ms
[2025-05-04T23:18:31.920+0000][22.584s][info ][gc,phases   ] GC(32)   Other: 0.5ms
[2025-05-04T23:18:31.920+0000][22.584s][info ][gc,heap     ] GC(32) Eden regions: 80->0(76)
[2025-05-04T23:18:31.920+0000][22.584s][info ][gc,heap     ] GC(32) Survivor regions: 6->8(11)
[2025-05-04T23:18:31.920+0000][22.585s][info ][gc,heap     ] GC(32) Old regions: 35->35
[2025-05-04T23:18:31.921+0000][22.585s][info ][gc,heap     ] GC(32) Archive regions: 2->2
[2025-05-04T23:18:31.921+0000][22.585s][info ][gc,heap     ] GC(32) Humongous regions: 0->0
[2025-05-04T23:18:31.921+0000][22.585s][info ][gc,metaspace] GC(32) Metaspace: 87742K(88256K)->87742K(88256K) NonClass: 76479K(76736K)->76479K(76736K) Class: 11262K(11520K)->11262K(11520K)
[2025-05-04T23:18:31.921+0000][22.585s][info ][gc          ] GC(32) Pause Young (Normal) (G1 Evacuation Pause) 241M->85M(288M) 10.557ms
[2025-05-04T23:18:31.921+0000][22.585s][info ][gc,cpu      ] GC(32) User=0.07s Sys=0.00s Real=0.01s
[2025-05-04T23:18:31.921+0000][22.585s][info ][safepoint   ] Safepoint "G1CollectForAllocation", Time since last: 170843779 ns, Reaching safepoint: 295116 ns, Cleanup: 40703 ns, At safepoint: 10810218 ns, Total: 11146037 ns
[2025-05-04T23:18:32.518+0000][23.182s][debug][safepoint   ] Safepoint synchronization initiated using futex wait barrier. (25 threads)
[2025-05-04T23:18:32.519+0000][23.183s][info ][safepoint   ] Safepoint "ICBufferFull", Time since last: 597154279 ns, Reaching safepoint: 300117 ns, Cleanup: 181110 ns, At safepoint: 10001 ns, Total: 491228 ns
[2025-05-04T23:18:32.996+0000][23.661s][debug][safepoint   ] Safepoint synchronization initiated using futex wait barrier. (25 threads)
[2025-05-04T23:18:32.997+0000][23.661s][info ][gc,start    ] GC(33) Pause Young (Normal) (G1 Evacuation Pause)
[2025-05-04T23:18:32.997+0000][23.661s][info ][gc,task     ] GC(33) Using 8 workers of 8 for evacuation
[2025-05-04T23:18:33.016+0000][23.680s][info ][gc,phases   ] GC(33)   Pre Evacuate Collection Set: 0.1ms
[2025-05-04T23:18:33.016+0000][23.681s][info ][gc,phases   ] GC(33)   Merge Heap Roots: 0.1ms
[2025-05-04T23:18:33.017+0000][23.681s][info ][gc,phases   ] GC(33)   Evacuate Collection Set: 15.6ms
[2025-05-04T23:18:33.017+0000][23.681s][info ][gc,phases   ] GC(33)   Post Evacuate Collection Set: 2.9ms
[2025-05-04T23:18:33.017+0000][23.681s][info ][gc,phases   ] GC(33)   Other: 0.7ms
[2025-05-04T23:18:33.017+0000][23.681s][info ][gc,heap     ] GC(33) Eden regions: 76->0(74)
[2025-05-04T23:18:33.017+0000][23.681s][info ][gc,heap     ] GC(33) Survivor regions: 8->8(11)
[2025-05-04T23:18:33.017+0000][23.681s][info ][gc,heap     ] GC(33) Old regions: 35->37
[2025-05-04T23:18:33.017+0000][23.681s][info ][gc,heap     ] GC(33) Archive regions: 2->2
[2025-05-04T23:18:33.017+0000][23.681s][info ][gc,heap     ] GC(33) Humongous regions: 0->0
[2025-05-04T23:18:33.017+0000][23.681s][info ][gc,metaspace] GC(33) Metaspace: 90710K(91264K)->90710K(91264K) NonClass: 79150K(79424K)->79150K(79424K) Class: 11559K(11840K)->11559K(11840K)
[2025-05-04T23:18:33.017+0000][23.682s][info ][gc          ] GC(33) Pause Young (Normal) (G1 Evacuation Pause) 237M->89M(288M) 20.658ms
[2025-05-04T23:18:33.018+0000][23.682s][info ][gc,cpu      ] GC(33) User=0.14s Sys=0.00s Real=0.02s
[2025-05-04T23:18:33.018+0000][23.682s][info ][safepoint   ] Safepoint "G1CollectForAllocation", Time since last: 477767445 ns, Reaching safepoint: 273415 ns, Cleanup: 62104 ns, At safepoint: 20908797 ns, Total: 21244316 ns
[2025-05-04T23:18:33.611+0000][24.275s][debug][safepoint   ] Safepoint synchronization initiated using futex wait barrier. (24 threads)
[2025-05-04T23:18:33.612+0000][24.276s][info ][safepoint   ] Safepoint "ICBufferFull", Time since last: 593490300 ns, Reaching safepoint: 344020 ns, Cleanup: 96205 ns, At safepoint: 30502 ns, Total: 470727 ns
[2025-05-04T23:18:33.831+0000][24.495s][debug][safepoint   ] Safepoint synchronization initiated using futex wait barrier. (25 threads)
[2025-05-04T23:18:33.831+0000][24.496s][info ][gc,start    ] GC(34) Pause Young (Normal) (G1 Evacuation Pause)
[2025-05-04T23:18:33.832+0000][24.496s][info ][gc,task     ] GC(34) Using 8 workers of 8 for evacuation
[2025-05-04T23:18:33.845+0000][24.509s][info ][gc,phases   ] GC(34)   Pre Evacuate Collection Set: 0.1ms
[2025-05-04T23:18:33.845+0000][24.509s][info ][gc,phases   ] GC(34)   Merge Heap Roots: 0.1ms
[2025-05-04T23:18:33.845+0000][24.509s][info ][gc,phases   ] GC(34)   Evacuate Collection Set: 11.1ms
[2025-05-04T23:18:33.845+0000][24.509s][info ][gc,phases   ] GC(34)   Post Evacuate Collection Set: 1.6ms
[2025-05-04T23:18:33.845+0000][24.510s][info ][gc,phases   ] GC(34)   Other: 0.5ms
[2025-05-04T23:18:33.846+0000][24.510s][info ][gc,heap     ] GC(34) Eden regions: 74->0(74)
[2025-05-04T23:18:33.846+0000][24.510s][info ][gc,heap     ] GC(34) Survivor regions: 8->7(11)
[2025-05-04T23:18:33.846+0000][24.510s][info ][gc,heap     ] GC(34) Old regions: 37->39
[2025-05-04T23:18:33.846+0000][24.510s][info ][gc,heap     ] GC(34) Archive regions: 2->2
[2025-05-04T23:18:33.846+0000][24.510s][info ][gc,heap     ] GC(34) Humongous regions: 0->0
[2025-05-04T23:18:33.846+0000][24.510s][info ][gc,metaspace] GC(34) Metaspace: 95416K(96000K)->95416K(96000K) NonClass: 83028K(83328K)->83028K(83328K) Class: 12388K(12672K)->12388K(12672K)
[2025-05-04T23:18:33.846+0000][24.510s][info ][gc          ] GC(34) Pause Young (Normal) (G1 Evacuation Pause) 237M->92M(288M) 14.915ms
[2025-05-04T23:18:33.847+0000][24.511s][info ][gc,cpu      ] GC(34) User=0.10s Sys=0.01s Real=0.02s
[2025-05-04T23:18:33.847+0000][24.511s][info ][safepoint   ] Safepoint "G1CollectForAllocation", Time since last: 219442825 ns, Reaching safepoint: 263216 ns, Cleanup: 74104 ns, At safepoint: 15256778 ns, Total: 15594098 ns
[2025-05-04T23:18:34.410+0000][25.074s][debug][safepoint   ] Safepoint synchronization initiated using futex wait barrier. (25 threads)
[2025-05-04T23:18:34.411+0000][25.075s][info ][gc,start    ] GC(35) Pause Young (Normal) (G1 Evacuation Pause)
[2025-05-04T23:18:34.411+0000][25.075s][info ][gc,task     ] GC(35) Using 8 workers of 8 for evacuation
[2025-05-04T23:18:34.422+0000][25.086s][info ][gc,phases   ] GC(35)   Pre Evacuate Collection Set: 0.2ms
[2025-05-04T23:18:34.422+0000][25.086s][info ][gc,phases   ] GC(35)   Merge Heap Roots: 0.2ms
[2025-05-04T23:18:34.422+0000][25.086s][info ][gc,phases   ] GC(35)   Evacuate Collection Set: 8.2ms
[2025-05-04T23:18:34.422+0000][25.086s][info ][gc,phases   ] GC(35)   Post Evacuate Collection Set: 1.4ms
[2025-05-04T23:18:34.422+0000][25.086s][info ][gc,phases   ] GC(35)   Other: 0.9ms
[2025-05-04T23:18:34.423+0000][25.087s][info ][gc,heap     ] GC(35) Eden regions: 74->0(71)
[2025-05-04T23:18:34.423+0000][25.087s][info ][gc,heap     ] GC(35) Survivor regions: 7->8(11)
[2025-05-04T23:18:34.423+0000][25.087s][info ][gc,heap     ] GC(35) Old regions: 39->40
[2025-05-04T23:18:34.423+0000][25.088s][info ][gc,heap     ] GC(35) Archive regions: 2->2
[2025-05-04T23:18:34.424+0000][25.088s][info ][gc,heap     ] GC(35) Humongous regions: 0->0
[2025-05-04T23:18:34.424+0000][25.088s][info ][gc,metaspace] GC(35) Metaspace: 98614K(99136K)->98614K(99136K) NonClass: 85697K(85952K)->85697K(85952K) Class: 12916K(13184K)->12916K(13184K)
[2025-05-04T23:18:34.424+0000][25.088s][info ][gc          ] GC(35) Pause Young (Normal) (G1 Evacuation Pause) 240M->94M(288M) 13.160ms
[2025-05-04T23:18:34.424+0000][25.088s][info ][gc,cpu      ] GC(35) User=0.08s Sys=0.00s Real=0.02s
[2025-05-04T23:18:34.424+0000][25.088s][info ][safepoint   ] Safepoint "G1CollectForAllocation", Time since last: 563605826 ns, Reaching safepoint: 273716 ns, Cleanup: 97705 ns, At safepoint: 13496577 ns, Total: 13867998 ns
[2025-05-04T23:18:34.560+0000][25.224s][debug][safepoint   ] ... found polling page loop exception at pc = 0x00007f5f458a339d, stub =0x00007f5f44af5400
[2025-05-04T23:18:34.653+0000][25.317s][info ][gc,heap,exit] Heap
[2025-05-04T23:18:34.653+0000][25.317s][info ][gc,heap,exit]  garbage-first heap   total 294912K, used 130223K [0x0000000745800000, 0x0000000800000000)
[2025-05-04T23:18:34.653+0000][25.318s][info ][gc,heap,exit]   region size 2048K, 25 young (51200K), 8 survivors (16384K)
[2025-05-04T23:18:34.654+0000][25.318s][info ][gc,heap,exit]  Metaspace       used 99633K, committed 100160K, reserved 1179648K
[2025-05-04T23:18:34.654+0000][25.318s][info ][gc,heap,exit]   class space    used 13071K, committed 13312K, reserved 1048576K
[2025-05-04T23:18:34.654+0000][25.318s][debug][safepoint   ] Safepoint synchronization initiated using futex wait barrier. (16 threads)
